----------------------------------------------- 
  Element       SASA      Sigma Z        Total  
     Z         Ang**2 cal/Ang**2/mol   kcal/mol 
----------------------------------------------- 
      H        117.159      48.690       5.704
      C         21.293     129.740       2.763
      O         15.041       0.000       0.000

 Subtotal:     153.494                   8.467
 -----------------------------------------------

  Elements    COT*SASA   Sigma Z,Z'     Total   
    Z,Z'       Ang**2  cal/Ang**2/mol kcal/mol  
 ---------------------------------------------- 
  H   C         70.290     -60.770      -4.272
  H   O          9.086       0.000       0.000
  C   C         17.862     -72.950      -1.303
  O   C          0.048      68.690       0.003

 Subtotal:                              -5.571
 ---------------------------------------------- 

 NONAQUEOUS SOLVENT CONTRIBUTION (kcal/mol):
 (proportional to SASA, atomic number independent)
 ---------------------------------------------- 
 Subtotal:                               0.000
 ---------------------------------------------- 

 CDS TOTAL (kcal/mol):                   2.896
...............................................................................
