----------------------------------------------- 
  Element       SASA      Sigma Z        Total  
     Z         Ang**2 cal/Ang**2/mol   kcal/mol 
----------------------------------------------- 
      H        115.314      48.690       5.615
      C         25.906     129.740       3.361
      O         13.530       0.000       0.000

 Subtotal:     154.750                   8.976
 -----------------------------------------------

  Elements    COT*SASA   Sigma Z,Z'     Total   
    Z,Z'       Ang**2  cal/Ang**2/mol kcal/mol  
 ---------------------------------------------- 
  H   C         77.487     -60.770      -4.709
  H   O          0.000       0.000       0.000
  C   C         15.988     -72.950      -1.166
  O   C          0.000      68.690       0.000

 Subtotal:                              -5.875
 ---------------------------------------------- 

 NONAQUEOUS SOLVENT CONTRIBUTION (kcal/mol):
 (proportional to SASA, atomic number independent)
 ---------------------------------------------- 
 Subtotal:                               0.000
 ---------------------------------------------- 

 CDS TOTAL (kcal/mol):                   3.101
...............................................................................
