15
 energy: -233.588413304761 gnorm: 0.001725463421 xtb: 6.7.1 (edcfbbe)
C            1.83270891686539        0.64867377476394        0.28444277321045
C            1.02304164294128       -0.22767780068313       -0.65449110829345
O            0.00002575533214       -0.99853510372591       -0.00021952382338
C           -1.02294783421182       -0.22792064054256        0.65439487428310
C           -1.83256681563952        0.64894331233299       -0.28409972500516
H            1.23757860500222        1.45674290323380        0.71890640245754
H            2.26765714870227        0.05683363233405        1.09737791762865
H            2.64986949305952        1.10817773934633       -0.28029374808312
H            1.67290070797977       -0.97536419059403       -1.12023604543240
H            0.58648205362543        0.37515100726590       -1.46362402737741
H           -1.67288712326219       -0.97579193183214        1.11977049923598
H           -0.58637301797996        0.37449174489611        1.46385005543470
H           -2.26732764623996        0.05754779550218       -1.09745083121299
H           -2.64988240889528        1.10804187532798        0.28077317007555
H           -1.23745709552661        1.45733456430146       -0.71799480646269
15
 energy: -233.588434638918 gnorm: 0.001099459581 xtb: 6.7.1 (edcfbbe)
C            1.83131073256519        0.65004140019113        0.28243087152372
C            1.02200653811616       -0.22857000041855       -0.65465825588673
O            0.00001002502060       -1.00173160324617       -0.00021269158368
C           -1.02194832620573       -0.22883376319850        0.65458900381549
C           -1.83115066988818        0.65029276137379       -0.28210890746774
H            1.23479860176791        1.46092858648819        0.71051028700269
H            2.25961553452100        0.05878271999282        1.09848110122217
H            2.65405926464163        1.10517496763494       -0.27915394039407
H            1.67255099144933       -0.97615916275328       -1.11970191489556
H            0.58355922541636        0.37400795140132       -1.46236539199317
H           -1.67254941558397       -0.97661020153638        1.11924516952991
H           -0.58348295501418        0.37331368625378        1.46260494251877
H           -2.25931913332107        0.05949923461064       -1.09856946398278
H           -2.65399871699223        1.10503368781375        0.27964195127688
H           -1.23463938669563        1.46147901924246       -0.70962690325096
15
 energy: -233.588459098103 gnorm: 0.001430314230 xtb: 6.7.1 (edcfbbe)
C            1.82641667797022        0.65168266687329        0.27962456385631
C            1.02027294233007       -0.22984039917186       -0.65783166993258
O            0.00002709616560       -1.00434397480112       -0.00020227759935
C           -1.02022055327729       -0.23012227238682        0.65775897625418
C           -1.82626215206708        0.65192205401361       -0.27929832962762
H            1.23042268085319        1.47032344736553        0.69428966620178
H            2.24252843155789        0.06420017406010        1.10434558867333
H            2.65867844894097        1.09617609524649       -0.27749294014856
H            1.67201764523320       -0.97725677442299       -1.12132434778409
H            0.57808369007207        0.37028143624354       -1.46464964693806
H           -1.67201073540342       -0.97773206459493        1.12083471809662
H           -0.57804879885388        0.36956960890458        1.46488636685952
H           -2.24229242949054        0.06491233817693       -1.10440201510104
H           -2.65856227325682        1.09607731895875        0.27799817482228
H           -1.23022851241718        1.47080098296320       -0.69343102662978
15
 energy: -233.588476087517 gnorm: 0.001235338603 xtb: 6.7.1 (edcfbbe)
C            1.82114101750675        0.65432892729013        0.27543781386354
C            1.01855490458852       -0.23255044453595       -0.65997689372810
O            0.00003811818639       -1.00823517660668       -0.00020882957164
C           -1.01849623993858       -0.23284626576447        0.65989657308027
C           -1.82098693876668        0.65455923450755       -0.27510506437576
H            1.22737657138509        1.48216803576582        0.67455107069087
H            2.22358365079584        0.07313261273691        1.11198559160187
H            2.66243215995813        1.08609186242797       -0.27746024524134
H            1.67245555410805       -0.97904500442758       -1.12156510872884
H            0.57475115936755        0.36342995486532       -1.46919797484278
H           -1.67244931526018       -0.97955701995912        1.12104774623088
H           -0.57472036987669        0.36270287277147        1.46944605641506
H           -2.22340299760091        0.07383397714262       -1.11199029456743
H           -2.66228470453790        1.08604947350107        0.27798137306394
H           -1.22717069067730        1.48258936159114       -0.67373610451112
15
 energy: -233.588482463604 gnorm: 0.000639774307 xtb: 6.7.1 (edcfbbe)
C            1.81725262591418        0.65658644219003        0.27240647063318
C            1.01770071743621       -0.23510513583024       -0.66085884232597
O            0.00003506387125       -1.01001147069552       -0.00022232786369
C           -1.01763387890087       -0.23540279162090        0.66076838677214
C           -1.81710312056217        0.65681224652976       -0.27206736421227
H            1.22458033257845        1.48985163096542        0.66130638150550
H            2.21270597763776        0.08147449642039        1.11639853535466
H            2.66321108882161        1.08011100259555       -0.27896543472259
H            1.67397866664665       -0.98169610840171       -1.11917778532349
H            0.57401811035241        0.35723589698756       -1.47332759493408
H           -1.67396362733771       -0.98221065010961        1.11865951015223
H           -0.57396442983847        0.35649378015626        1.47357049893179
H           -2.21255893797907        0.08216533813913       -1.11637430077987
H           -2.66305574066705        1.08009348608116        0.27950052208186
H           -1.22438120032009        1.49025560749916       -0.66051104347087
15
 energy: -233.588485094366 gnorm: 0.000269724874 xtb: 6.7.1 (edcfbbe)
C            1.81510154399226        0.65819477770353        0.27088784002955
C            1.01750372282109       -0.23709122760701       -0.66072160469716
O            0.00003408303701       -1.01122481500486       -0.00023507137154
C           -1.01742406479692       -0.23738477663446        0.66061683863333
C           -1.81496175975862        0.65842438019962       -0.27053667469602
H            1.22180981008975        1.49254221195786        0.65597172751386
H            2.20967246488938        0.08646635736567        1.11746387640256
H            2.66147916079457        1.07991140949155       -0.28079898683230
H            1.67545711369369       -0.98385400227747       -1.11635205264021
H            0.57504244196443        0.35287814361790       -1.47576253528351
H           -1.67542793081383       -0.98435392264528        1.11583840933941
H           -0.57496524951735        0.35214405821318        1.47597958327593
H           -2.20953551881041        0.08715548891462       -1.11742065810523
H           -2.66133655835383        1.07989709383983        0.28134793829255
H           -1.22162771497514        1.49294936186194       -0.65517310473319
15
 energy: -233.588485094366 gnorm: 0.000269724874 xtb: 6.7.1 (edcfbbe)
C            1.81510154399226        0.65819477770353        0.27088784002955
C            1.01750372282109       -0.23709122760701       -0.66072160469716
O            0.00003408303701       -1.01122481500486       -0.00023507137154
C           -1.01742406479692       -0.23738477663446        0.66061683863333
C           -1.81496175975862        0.65842438019962       -0.27053667469602
H            1.22180981008975        1.49254221195786        0.65597172751386
H            2.20967246488938        0.08646635736567        1.11746387640256
H            2.66147916079457        1.07991140949155       -0.28079898683230
H            1.67545711369369       -0.98385400227747       -1.11635205264021
H            0.57504244196443        0.35287814361790       -1.47576253528351
H           -1.67542793081383       -0.98435392264528        1.11583840933941
H           -0.57496524951735        0.35214405821318        1.47597958327593
H           -2.20953551881041        0.08715548891462       -1.11742065810523
H           -2.66133655835383        1.07989709383983        0.28134793829255
H           -1.22162771497514        1.49294936186194       -0.65517310473319
