15
 energy: -233.604617571145 gnorm: 0.031479741166 xtb: 6.7.1 (edcfbbe)
C            2.45722038298886       -0.25330968461225       -0.11040792974892
C            1.05316186396668        0.28262006812524       -0.36537288876191
C            0.06300038342792       -0.22048548209770        0.68464792660339
C           -1.34232668429482        0.36088832265992        0.51287392432727
O           -2.04288330130526       -0.16158627167160       -0.59759822846481
H            3.14819045949505        0.11266839434993       -0.86565214548359
H            2.81435301884711        0.06446177902856        0.86636129938391
H            2.46028689909022       -1.34043934699398       -0.13855289526140
H            1.07348196287569        1.37499058940929       -0.34632978085347
H            0.73157256312418       -0.03176532881408       -1.36043424770284
H           -0.00233119730103       -1.30935328428021        0.63820469798281
H            0.42166318468685        0.05531602562451        1.67759867674339
H           -1.95758703406746        0.10289860934560        1.37830472511076
H           -1.28755608537055        1.45606093134522        0.44191103019582
H           -1.56016947869135        0.05775649762559       -1.40586813022298
15
 energy: -233.605483370282 gnorm: 0.012385312288 xtb: 6.7.1 (edcfbbe)
C            2.46184249812754       -0.25438390220952       -0.11604898746434
C            1.05225569359247        0.27847879675780       -0.36377000909164
C            0.05522045688896       -0.21384116559680        0.68557106878687
C           -1.35006968756214        0.35736050558982        0.51766179081663
O           -2.04221779034993       -0.16784676579793       -0.61759596525611
H            3.16366773546276        0.10779188397857       -0.87164287473529
H            2.82655344478064        0.06288409761443        0.86516501869353
H            2.47187016367733       -1.34776329595717       -0.14054152270591
H            1.06634191571227        1.37473359020817       -0.35311143086347
H            0.72417583265571       -0.02883816579178       -1.36368632282039
H           -0.00442855911958       -1.30851110440396        0.65550009671970
H            0.41635830738929        0.06538791491648        1.68227729087262
H           -1.96443758548908        0.09943526585399        1.38562225964010
H           -1.29438038422623        1.45524754087190        0.45920305524136
H           -1.55267487611578        0.07058659572098       -1.41491747158489
15
 energy: -233.605692872032 gnorm: 0.004079644405 xtb: 6.7.1 (edcfbbe)
C            2.45922757758405       -0.25630468207608       -0.11869616320103
C            1.04874051828482        0.27593732001423       -0.36431770287872
C            0.05488925183151       -0.21215949175285        0.69034580531168
C           -1.34780747869083        0.35452872730636        0.52023907612179
O           -2.03468093706246       -0.16938589240195       -0.63183500689940
H            3.16323495297583        0.10378654216754       -0.87693034330938
H            2.83205770562044        0.06177172088646        0.86258873938138
H            2.47540379081769       -1.35263287264861       -0.14065080998034
H            1.06100751446996        1.37446178653911       -0.36144995295144
H            0.71666218531360       -0.03038151322184       -1.36574679894217
H            0.00094702703248       -1.31025513195667        0.67807253269883
H            0.41541520257851        0.07677593646332        1.68760572310864
H           -1.96877836695137        0.08673586995247        1.38123009747877
H           -1.30497444064980        1.45403069136266        0.46862547750145
H           -1.54126684545524        0.09381268870871       -1.41939466393644
15
 energy: -233.605764023800 gnorm: 0.003359939010 xtb: 6.7.1 (edcfbbe)
C            2.45829786012749       -0.25814976126122       -0.12140958874612
C            1.04777082753593        0.27261873786515       -0.36375347139617
C            0.05529353298241       -0.20876614631510        0.69475219733299
C           -1.34752031134867        0.35058402943206        0.52305337873419
O           -2.02666182242978       -0.16926963967471       -0.64229762358539
H            3.16038993200884        0.10011925680466       -0.88256236503376
H            2.83463714524463        0.06205993187063        0.85809382017338
H            2.47529958731335       -1.35472674169298       -0.14083268243960
H            1.05992361758300        1.37147449117368       -0.36651658936518
H            0.71253506502987       -0.03737073026878       -1.36331414955181
H            0.00630042999202       -1.30739886839041        0.69470971364320
H            0.41550800652700        0.09033038646014        1.68979831342960
H           -1.97568932317928        0.07114184410694        1.37525207666880
H           -1.31424444870188        1.45012091162054        0.47606877600628
H           -1.53176191637139        0.11795395475032       -1.42135570698041
15
 energy: -233.605809274202 gnorm: 0.004175408647 xtb: 6.7.1 (edcfbbe)
C            2.45627132783983       -0.26020331994488       -0.12324438409155
C            1.04611223864695        0.26996134377228       -0.36370286264038
C            0.05715251655702       -0.20584394943030        0.70020013357750
C           -1.34664515034026        0.34630097123126        0.52436190881128
O           -2.01589319423558       -0.16807753436988       -0.65270900583678
H            3.15453898941642        0.09598728923405       -0.88799216224641
H            2.83545104074020        0.06302673910903        0.85337115811332
H            2.47256707412657       -1.35614646119686       -0.13981276937454
H            1.05903071381781        1.36842290990030       -0.37224594902314
H            0.70768177010563       -0.04657474775546       -1.35963671066121
H            0.01338670904263       -1.30393910191199        0.71081859189496
H            0.41637408491066        0.10522311053142        1.69169864769298
H           -1.98047373639500        0.05293826294595        1.36745990329129
H           -1.32255886391377        1.44556739688459        0.48472441524578
H           -1.52291672189778        0.14407870777773       -1.42360466382627
15
 energy: -233.605838314260 gnorm: 0.003714721084 xtb: 6.7.1 (edcfbbe)
C            2.45519460445049       -0.26188373158243       -0.12467180753853
C            1.04484864734140        0.26783474944728       -0.36390744288566
C            0.05881016845418       -0.20331507338228        0.70459560103891
C           -1.34716556753919        0.34229361378826        0.52477586040020
O           -2.00562583945317       -0.16598535002922       -0.66078637019892
H            3.15042012137694        0.09160663005627       -0.89257079105477
H            2.83611656517449        0.06465959631856        0.84931004168622
H            2.46981502849392       -1.35719193611214       -0.13787042105897
H            1.05832191084471        1.36573099502602       -0.37771086035453
H            0.70368442157948       -0.05533906464049       -1.35613647328813
H            0.01996781477711       -1.30065675666170        0.72304082222341
H            0.41665537141005        0.11825302240517        1.69262835265331
H           -1.98449505958106        0.03690227073280        1.36056425978934
H           -1.32959227567505        1.44136360619863        0.49373157155414
H           -1.51687656172823        0.16644902590108       -1.42530589442502
15
 energy: -233.605857767462 gnorm: 0.002034783799 xtb: 6.7.1 (edcfbbe)
C            2.45459471753560       -0.26325349289390       -0.12575490785710
C            1.04356912668736        0.26596949842351       -0.36447814551112
C            0.06028412901626       -0.20116293658182        0.70840216407726
C           -1.34856095164077        0.33811316007505        0.52420408568658
O           -1.99596598782958       -0.16312291606197       -0.66781360536846
H            3.14783477160153        0.08657564459048       -0.89682380819662
H            2.83740491966589        0.06727684413691        0.84582215342666
H            2.46778420910417       -1.35839843876766       -0.13448164537471
H            1.05710432153637        1.36353607262363       -0.38387394964784
H            0.70013104409116       -0.06329851818161       -1.35356232170032
H            0.02607832907698       -1.29811857464806        0.73360581425000
H            0.41651387877382        0.12960642198854        1.69354403647575
H           -1.98765122927958        0.02227009835524        1.35440095265997
H           -1.33600229295742        1.43742355954522        0.50361153489539
H           -1.51303911045976        0.18730515533190       -1.42711565541911
15
 energy: -233.605863318670 gnorm: 0.000754064483 xtb: 6.7.1 (edcfbbe)
C            2.45484664350459       -0.26342609320264       -0.12585769454068
C            1.04325088530412        0.26513448014423       -0.36499493043725
C            0.06048368099229       -0.20077214643545        0.70894208001134
C           -1.34955733313406        0.33666889858647        0.52374428867101
O           -1.99301354181409       -0.16162989668678       -0.66946920910017
H            3.14814592272031        0.08409647185964       -0.89824011571021
H            2.83851134777756        0.06949957163156        0.84486291849571
H            2.46801346496940       -1.35887691514880       -0.13161529784842
H            1.05632234015448        1.36279714978331       -0.38678972284096
H            0.69954257229517       -0.06587895398967       -1.35350697726366
H            0.02778889443644       -1.29792091445713        0.73615808970181
H            0.41605126989135        0.13221928443868        1.69355023767307
H           -1.98842158628130        0.01779309119776        1.35289451321722
H           -1.33833029252214        1.43627950981342        0.50772503156230
H           -1.51355421235786        0.19473802062789       -1.42771634605182
15
 energy: -233.605864668467 gnorm: 0.000489884682 xtb: 6.7.1 (edcfbbe)
C            2.45518318436659       -0.26313232466344       -0.12550109147815
C            1.04314731565807        0.26425845297403       -0.36559985449509
C            0.06047631039266       -0.20099801956516        0.70869049883645
C           -1.35010571038230        0.33570275573536        0.52331838530841
O           -1.99208430810157       -0.16046518383767       -0.67020615748550
H            3.14876128269237        0.08190501070836       -0.89917192301319
H            2.83961383711273        0.07275223684214        0.84431291206916
H            2.46907811676512       -1.35895661184092       -0.12768498212588
H            1.05545413046326        1.36214961578238       -0.38923730172622
H            0.69981133831829       -0.06764703809338       -1.35423338457898
H            0.02808825606802       -1.29847328135672        0.73669415794414
H            0.41604439664860        0.13211201876672        1.69350151021238
H           -1.98842952849020        0.01549476722408        1.35260240699254
H           -1.33921224194033        1.43562407578208        0.51055232020021
H           -1.51574620393528        0.20039503537771       -1.42835044919001
15
 energy: -233.605864668467 gnorm: 0.000489884682 xtb: 6.7.1 (edcfbbe)
C            2.45518318436659       -0.26313232466344       -0.12550109147815
C            1.04314731565807        0.26425845297403       -0.36559985449509
C            0.06047631039266       -0.20099801956516        0.70869049883645
C           -1.35010571038230        0.33570275573536        0.52331838530841
O           -1.99208430810157       -0.16046518383767       -0.67020615748550
H            3.14876128269237        0.08190501070836       -0.89917192301319
H            2.83961383711273        0.07275223684214        0.84431291206916
H            2.46907811676512       -1.35895661184092       -0.12768498212588
H            1.05545413046326        1.36214961578238       -0.38923730172622
H            0.69981133831829       -0.06764703809338       -1.35423338457898
H            0.02808825606802       -1.29847328135672        0.73669415794414
H            0.41604439664860        0.13211201876672        1.69350151021238
H           -1.98842952849020        0.01549476722408        1.35260240699254
H           -1.33921224194033        1.43562407578208        0.51055232020021
H           -1.51574620393528        0.20039503537771       -1.42835044919001
