15
 energy: -17.727161946511 gnorm: 0.028088206423 xtb: 6.7.1 (edcfbbe)
C            2.45518318436660       -0.26313232466345       -0.12550109147815
C            1.04314731565807        0.26425845297403       -0.36559985449509
C            0.06047631039266       -0.20099801956516        0.70869049883645
C           -1.35010571038229        0.33570275573536        0.52331838530841
O           -1.99208430810157       -0.16046518383767       -0.67020615748550
H            3.14876128269237        0.08190501070836       -0.89917192301319
H            2.83961383711274        0.07275223684214        0.84431291206916
H            2.46907811676512       -1.35895661184093       -0.12768498212588
H            1.05545413046326        1.36214961578238       -0.38923730172622
H            0.69981133831829       -0.06764703809338       -1.35423338457898
H            0.02808825606802       -1.29847328135672        0.73669415794414
H            0.41604439664861        0.13211201876672        1.69350151021238
H           -1.98842952849020        0.01549476722408        1.35260240699254
H           -1.33921224194033        1.43562407578208        0.51055232020021
H           -1.51574620393528        0.20039503537771       -1.42835044919001
15
 energy: -17.727960976539 gnorm: 0.013117082394 xtb: 6.7.1 (edcfbbe)
C            2.45020440021333       -0.26211983757944       -0.12023498387652
C            1.04460008721592        0.26688520006980       -0.36719353977370
C            0.06874426168274       -0.20525203440878        0.70875138226938
C           -1.34368613616240        0.33823806245900        0.51968911922309
O           -1.99338153670572       -0.15310042497489       -0.65280033264856
H            3.13237668345084        0.08591314111762       -0.89444171462195
H            2.82595829492125        0.07673547732220        0.84497416982632
H            2.45639096224594       -1.35193193141811       -0.12423810594238
H            1.06445000201816        1.36147556540513       -0.38296536833468
H            0.70707034230639       -0.07611314909056       -1.34985475071293
H            0.03137114975484       -1.29863255588201        0.71850407127511
H            0.42437945859275        0.12446069137223        1.68959993163552
H           -1.98306158640717        0.01596392758759        1.34481351377924
H           -1.33344514222504        1.43574673615228        0.49698737069392
H           -1.52189106526579        0.19245264170348       -1.42190371532159
15
 energy: -17.728140572066 gnorm: 0.003578434129 xtb: 6.7.1 (edcfbbe)
C            2.45231919482150       -0.26032612899275       -0.11783549481258
C            1.04626974907905        0.26845714764021       -0.36839179006393
C            0.06918038814709       -0.20787298086162        0.70523882727520
C           -1.34529441125180        0.34148397224353        0.51750846870541
O           -1.99780874064778       -0.14856591105648       -0.64009974808281
H            3.13237424230870        0.08804424862243       -0.89008475091528
H            2.82135395167046        0.07954173791139        0.84608522432206
H            2.45487404940854       -1.34708754505399       -0.12133140555847
H            1.06649627361703        1.36066753544886       -0.37966542282036
H            0.71175873181257       -0.07727780082736       -1.34825855991702
H            0.02541923932464       -1.29853360491637        0.70020447419393
H            0.42457418461347        0.11410869510608        1.68526013457859
H           -1.97995036722920        0.02342920723074        1.34744434989674
H           -1.32394518638654        1.43813958585141        0.49375839699019
H           -1.52754112365171        0.17651335148949       -1.42014565632135
15
 energy: -17.728183122681 gnorm: 0.002119362298 xtb: 6.7.1 (edcfbbe)
C            2.45384341325527       -0.25861455601801       -0.11570870069080
C            1.04664379338254        0.26937827043804       -0.36953110737190
C            0.06835661347107       -0.21151182045862        0.70187548279845
C           -1.34576386931089        0.34455585851490        0.51568787310675
O           -2.00452260109720       -0.14612191740998       -0.63370883730231
H            3.13504689067414        0.09068247493051       -0.88657564552794
H            2.81990761223423        0.08195814398918        0.84916208351300
H            2.45691646428766       -1.34540716777500       -0.11924014191336
H            1.06550124883228        1.36134053066184       -0.37825361667232
H            0.71504660755876       -0.07460370236570       -1.35067236605352
H            0.01988151302062       -1.30173241858939        0.68899866100847
H            0.42415964764124        0.10317193867289        1.68365377758304
H           -1.97568282924192        0.03365810836345        1.35245473546628
H           -1.31565892999144        1.44176445854200        0.49230266528902
H           -1.53359539908032        0.16220330833943       -1.42075781576256
15
 energy: -17.728212975515 gnorm: 0.002834234153 xtb: 6.7.1 (edcfbbe)
C            2.45619004297799       -0.25602480278658       -0.11337111281721
C            1.04768568940535        0.26960282801928       -0.37027892697316
C            0.06629257003382       -0.21648075496245        0.69633538225441
C           -1.34615902777080        0.34877011130550        0.51479139920723
O           -2.01509054151664       -0.14331226395726       -0.62580185599530
H            3.13979645743385        0.09474360953777       -0.88226075579974
H            2.81911808748530        0.08512045810759        0.85317905598760
H            2.46148123469270       -1.34339099504869       -0.11701124040286
H            1.06396379043765        1.36184605152744       -0.37543693142340
H            0.72028543479870       -0.07039183346111       -1.35451300026049
H            0.01193795476824       -1.30658616859250        0.67446341234101
H            0.42334476338764        0.08755477805606        1.68128608170850
H           -1.97154562234971        0.04918494256022        1.35997486549617
H           -1.30574030198468        1.44668309844871        0.48807663698027
H           -1.54148035616338        0.14340245108157       -1.41974596283275
15
 energy: -17.728230933887 gnorm: 0.002503954384 xtb: 6.7.1 (edcfbbe)
C            2.45715150141000       -0.25393380315079       -0.11149855272278
C            1.04835780183407        0.26977933877145       -0.37044970118533
C            0.06472551704634       -0.22042365153758        0.69201571596677
C           -1.34520522845947        0.35224230092177        0.51480976694375
O           -2.02318204698149       -0.14149010567560       -0.61988660771370
H            3.14209266077278        0.09800792759069       -0.87915786523123
H            2.81860178589957        0.08747252761982        0.85595776199346
H            2.46481731545003       -1.34168638014954       -0.11532019145741
H            1.06259910435565        1.36239583631608       -0.37254928488950
H            0.72425657191365       -0.06661822125993       -1.35743091319923
H            0.00553309570560       -1.31042938860882        0.66312159822325
H            0.42313821258284        0.07450905311447        1.67968522007019
H           -1.96821173742214        0.06173791255355        1.36520029197146
H           -1.29824645972141        1.45027355337684        0.48254431264859
H           -1.54634791874998        0.12888460995316       -1.41735450394799
15
 energy: -17.728247908775 gnorm: 0.001543379533 xtb: 6.7.1 (edcfbbe)
C            2.45780222162011       -0.25144335691663       -0.10927672285541
C            1.04928392750948        0.27028230457657       -0.37036725582263
C            0.06284589646414       -0.22489586953504        0.68673381710351
C           -1.34327870193258        0.35669951034348        0.51554865455705
O           -2.03260414691379       -0.13986734789547       -0.61233337947833
H            3.14395256066853        0.10197944175293       -0.87534633739441
H            2.81740887388291        0.08975626940017        0.85908789000975
H            2.46773655141037       -1.33931915421078       -0.11370724884551
H            1.06156733385425        1.36318754329358       -0.36808114703609
H            0.72906846313863       -0.06160991306036       -1.36045936493992
H           -0.00237441327098       -1.31447380489596        0.64852405138454
H            0.42341883948355        0.05837702270325        1.67735965056682
H           -1.96410560171945        0.07701234289038        1.37097293314785
H           -1.28953164210698        1.45421123503356        0.47394148948201
H           -1.55110998645218        0.11082528635588       -1.41290998240894
15
 energy: -17.728254611499 gnorm: 0.000722489051 xtb: 6.7.1 (edcfbbe)
C            2.45796532446447       -0.24950236116654       -0.10698275401966
C            1.05033702314729        0.27179924837382       -0.37051305543910
C            0.06136521586097       -0.22856079947694        0.68163202334738
C           -1.34090528506460        0.36121887747840        0.51656148848606
O           -2.04141227903449       -0.13944994281792       -0.60421648139275
H            3.14545491264307        0.10593448935181       -0.87055717413082
H            2.81481480878080        0.09010315622508        0.86267245216101
H            2.46873146657567       -1.33709067063920       -0.11339425197713
H            1.06179793580325        1.36463820628282       -0.36287640874102
H            0.73365285784695       -0.05548024730588       -1.36318348935908
H           -0.00966262505291       -1.31721993632563        0.63324222003538
H            0.42442961406782        0.04314366155704        1.67440937997334
H           -1.95933620049013        0.09168760666815        1.37633463092455
H           -1.28148765608323        1.45746946459319        0.46405086580419
H           -1.55566493782891        0.09203075703736       -1.40749239820206
15
 energy: -17.728255587714 gnorm: 0.000238677497 xtb: 6.7.1 (edcfbbe)
C            2.45787580636329       -0.25026258039251       -0.10736921691865
C            1.05045257019304        0.27251375151542       -0.37050801445103
C            0.06171328308906       -0.22744107772567        0.68233649229355
C           -1.34125055516477        0.36074924284158        0.51644047005045
O           -2.04017364946616       -0.14074255747566       -0.60465487336652
H            3.14575004917068        0.10577601486753       -0.87017506517520
H            2.81425907510107        0.08779450599934        0.86286981191542
H            2.46743796196527       -1.33773252733622       -0.11531902082753
H            1.06293294890077        1.36514934142377       -0.36262884372854
H            0.73305626226864       -0.05472163519854       -1.36272470735632
H           -0.00830622912683       -1.31591228061459        0.63466863262933
H            0.42450553428845        0.04571739253785        1.67444475144954
H           -1.95952982090908        0.09010620490200        1.37580439818382
H           -1.28308404962799        1.45675970323345        0.46411756309960
H           -1.55555901140941        0.09296801125781       -1.40761533032763
15
 energy: -17.728256181352 gnorm: 0.000283132144 xtb: 6.7.1 (edcfbbe)
C            2.45782973115476       -0.25079886306665       -0.10757536451385
C            1.05066807299930        0.27341044548448       -0.37032573354298
C            0.06189101373005       -0.22687520245742        0.68257185638830
C           -1.34139624930824        0.36089308703688        0.51621393408590
O           -2.04041699615297       -0.14197556740087       -0.60413875324603
H            3.14628272059714        0.10658973338954       -0.86916558594784
H            2.81362726500406        0.08498971106631        0.86361936196378
H            2.46661101768604       -1.33820676840773       -0.11793904883654
H            1.06407957001648        1.36593899758579       -0.36146363153611
H            0.73287619191434       -0.05292322512544       -1.36262268345825
H           -0.00782280380498       -1.31530716089637        0.63461079979035
H            0.42453046770679        0.04652771369258        1.67459017971819
H           -1.95930982835073        0.09075077653654        1.37604614255589
H           -1.28333510930076        1.45680595221633        0.46300530544990
H           -1.55603488825526        0.09090188018160       -1.40773973140040
15
 energy: -17.728256734467 gnorm: 0.000258561725 xtb: 6.7.1 (edcfbbe)
C            2.45783026138441       -0.25133435415391       -0.10781010415512
C            1.05097240720881        0.27410596313853       -0.37003682266301
C            0.06199659892099       -0.22629635372568        0.68264743280402
C           -1.34152992984666        0.36096228214130        0.51600366101919
O           -2.04068076465427       -0.14337190672618       -0.60366212970516
H            3.14692754938198        0.10770776691646       -0.86806728423907
H            2.81315969455286        0.08191119690147        0.86446988999440
H            2.46624857825303       -1.33874022058361       -0.12086558414845
H            1.06513327057131        1.36660675013384       -0.36033729306987
H            0.73279834633906       -0.05118670526281       -1.36258057301423
H           -0.00732609633751       -1.31477689472939        0.63488557944162
H            0.42432072018104        0.04740291567094        1.67473832388052
H           -1.95915245763188        0.09163004195878        1.37633822442935
H           -1.28376888617307        1.45685552671963        0.46157018641888
H           -1.55684911651405        0.08924550143619       -1.40760645952277
15
 energy: -17.728257294898 gnorm: 0.000098140108 xtb: 6.7.1 (edcfbbe)
C            2.45774835183772       -0.25180734334671       -0.10805209461958
C            1.05130607751750        0.27483632396165       -0.36950186962016
C            0.06206249581515       -0.22582697669725        0.68265517170925
C           -1.34148866075840        0.36118079184189        0.51565913875319
O           -2.04119950637187       -0.14485605777719       -0.60286724251125
H            3.14744249488507        0.10931437822929       -0.86680491506459
H            2.81269113487005        0.07834284448086        0.86545123529216
H            2.46596610763325       -1.33919161851891       -0.12438506692524
H            1.06620120326259        1.36736039056402       -0.35871356991439
H            0.73284570034075       -0.04906423428644       -1.36246677844780
H           -0.00710564080683       -1.31438518352865        0.63497516790416
H            0.42400306879334        0.04781379230362        1.67497957679453
H           -1.95876561302244        0.09329285964723        1.37667998145161
H           -1.28380735605123        1.45704737123956        0.45950203306486
H           -1.55781968230861        0.08666417172256       -1.40742372039643
15
 energy: -17.728257637386 gnorm: 0.000055532622 xtb: 6.7.1 (edcfbbe)
C            2.45766854747458       -0.25221820230657       -0.10829364831246
C            1.05156010954675        0.27551678936143       -0.36899299119121
C            0.06208555549419       -0.22542881196242        0.68271432511317
C           -1.34146158477046        0.36138434934415        0.51540696046319
O           -2.04147425374256       -0.14614506634618       -0.60224800721613
H            3.14776344054572        0.11048984307564       -0.86593120227992
H            2.81244967129750        0.07543870776737        0.86612151737444
H            2.46560291425411       -1.33957674835772       -0.12723804986745
H            1.06704909256916        1.36805983399721       -0.35713465092512
H            0.73277065729147       -0.04709542335035       -1.36230208006986
H           -0.00695652882704       -1.31403007769039        0.63496760281260
H            0.42372184365072        0.04807144409599        1.67522358263576
H           -1.95856187540872        0.09472803318232        1.37693140140589
H           -1.28376894418887        1.45720067779475        0.45770701085146
H           -1.55836846955055        0.08432616123033       -1.40724472332407
15
 energy: -17.728257826429 gnorm: 0.000065779491 xtb: 6.7.1 (edcfbbe)
C            2.45759621560340       -0.25250312632825       -0.10851559909147
C            1.05170259663852        0.27603290345651       -0.36860326654490
C            0.06211413480531       -0.22515204801793        0.68286940955144
C           -1.34146256264611        0.36146754654897        0.51522467476263
O           -2.04154009629007       -0.14693259268422       -0.60200270466190
H            3.14785754638347        0.11092514144606       -0.86565652721319
H            2.81243986019646        0.07378381544737        0.86633340150180
H            2.46516853726524       -1.33983806435361       -0.12884043657194
H            1.06767199012949        1.36856776407899       -0.35603026090475
H            0.73266236627321       -0.04573022772243       -1.36211363176300
H           -0.00679792795377       -1.31376563788144        0.63507337095814
H            0.42353344028733        0.04830709094771        1.67547489983445
H           -1.95851972018050        0.09543518740373        1.37695606017250
H           -1.28387070644634        1.45723947894061        0.45671784308555
H           -1.55847549842962        0.08288427855348       -1.40720018564505
15
 energy: -17.728257963694 gnorm: 0.000055587732 xtb: 6.7.1 (edcfbbe)
C            2.45752723019688       -0.25272679826796       -0.10868382421659
C            1.05178375699115        0.27644651917851       -0.36832867084277
C            0.06212608464249       -0.22492330736743        0.68299075879257
C           -1.34151084487382        0.36149665522704        0.51513584347019
O           -2.04146117079684       -0.14743268023980       -0.60192273069249
H            3.14780716933173        0.11091213030912       -0.86569747873134
H            2.81261034779047        0.07285347878507        0.86630620817422
H            2.46471365391686       -1.34004564848453       -0.12966821810961
H            1.06810897841925        1.36896475344378       -0.35516045700588
H            0.73249984837467       -0.04467214306782       -1.36196571437218
H           -0.00663867836317       -1.31353814125811        0.63510565716058
H            0.42337354690565        0.04852680370347        1.67565159455426
H           -1.95858517970106        0.09572779802506        1.37693704841386
H           -1.28401755592910        1.45724504319137        0.45617274646540
H           -1.55825701126914        0.08188704665778       -1.40718571558993
15
 energy: -17.728258094980 gnorm: 0.000033402919 xtb: 6.7.1 (edcfbbe)
C            2.45743278654653       -0.25295960787651       -0.10888826213338
C            1.05185171718895        0.27691162385344       -0.36803541148209
C            0.06215240036805       -0.22467819380370        0.68316067021495
C           -1.34156996936205        0.36146950815673        0.51503443738447
O           -2.04133221540191       -0.14786467391427       -0.60197471374498
H            3.14769602123357        0.11058811266437       -0.86596383175773
H            2.81286592472981        0.07218806662609        0.86611497621381
H            2.46410275827171       -1.34027477415319       -0.13018423535092
H            1.06858876686310        1.36940746399562       -0.35430284518296
H            0.73233587841482       -0.04356986439733       -1.36179656652642
H           -0.00643013493611       -1.31329408269665        0.63521052851610
H            0.42322787860185        0.04879864063755        1.67586661337377
H           -1.95867969273522        0.09577806737530        1.37682884297815
H           -1.28427726391293        1.45720501399403        0.45582538277038
H           -1.55788468023416        0.08101620937407       -1.40720853780285
15
 energy: -17.728258219913 gnorm: 0.000027378070 xtb: 6.7.1 (edcfbbe)
C            2.45733093240647       -0.25320597323270       -0.10908874042011
C            1.05192895178303        0.27741792780321       -0.36774089916959
C            0.06216626944159       -0.22440962017709        0.68328854602653
C           -1.34166437169483        0.36144360565921        0.51495796439541
O           -2.04118243243459       -0.14828359943038       -0.60201699808485
H            3.14754852992103        0.11010985613007       -0.86631332790262
H            2.81323826913865        0.07156127412410        0.86586688338730
H            2.46339853106636       -1.34051788411295       -0.13060521008253
H            1.06910870480901        1.36988893097152       -0.35333116527312
H            0.73214383383901       -0.04231544374829       -1.36165353445116
H           -0.00618588995646       -1.31303018225256        0.63524103212958
H            0.42304507743962        0.04907690593575        1.67605258914263
H           -1.95881899676952        0.09579662366276        1.37673818278060
H           -1.28460206444100        1.45717747997009        0.45550488518310
H           -1.55737516891233        0.08001160853281       -1.40721316019086
15
 energy: -17.728258318566 gnorm: 0.000023570641 xtb: 6.7.1 (edcfbbe)
C            2.45721704663203       -0.25346076694494       -0.10928627329980
C            1.05201036975386        0.27793356944579       -0.36744145500601
C            0.06218931527980       -0.22414135267508        0.68341645463852
C           -1.34173444717408        0.36140871518751        0.51485953337565
O           -2.04107531391343       -0.14869760773618       -0.60206367153730
H            3.14740530232804        0.10966361584577       -0.86663141698823
H            2.81354961196499        0.07094063142282        0.86563255445241
H            2.46272980917845       -1.34077484545790       -0.13101762815690
H            1.06960764515646        1.37038513505806       -0.35239568870050
H            0.73199183146442       -0.04108596252815       -1.36150489545510
H           -0.00596855712787       -1.31277012960031        0.63527020908346
H            0.42287965851992        0.04933943966792        1.67624701492456
H           -1.95890099796403        0.09581324228635        1.37664987972454
H           -1.28487051584381        1.45714478274292        0.45517372322334
H           -1.55695058261872        0.07902304312096       -1.40722129280835
