15
 energy: -17.723930292882 gnorm: 0.026978969939 xtb: 6.7.1 (edcfbbe)
C            1.78253110326665       -0.83995377419026        0.30512488838176
C            1.21562035574433        0.57346563597361        0.15856876152757
C            0.03699066638932        0.68196419189448       -0.82371220843577
C           -1.33765022935595        0.49979996417700       -0.19649219120160
O           -1.54978408417124       -0.80076748164306        0.39026888619792
H            2.63716552323651       -0.85056187220281        0.98938543575445
H            1.04243297674969       -1.54935385257760        0.68765976953619
H            2.12692431885511       -1.21683954968627       -0.66436510105404
H            0.90425566801877        0.95548778864882        1.14100313718963
H            2.02347837457062        1.23198623258794       -0.18060344819681
H            0.03070569696323        1.67810316533763       -1.28488623788380
H            0.16505111103352       -0.04108132910410       -1.64066935161469
H           -1.50743407891750        1.27810546312932        0.56193610012719
H           -2.11206464457479        0.60568583569093       -0.96345906708441
H           -1.00370898476381       -0.85306530612604        1.18448076306427
15
 energy: -17.724729157432 gnorm: 0.012696049301 xtb: 6.7.1 (edcfbbe)
C            1.77288920591525       -0.83548271047673        0.29911976401950
C            1.21677055629399        0.57792268194405        0.16161852909370
C            0.04577124167681        0.67803876349210       -0.82424881541018
C           -1.33086321018655        0.49619473885741       -0.19037671553591
O           -1.55002339392404       -0.79007931752546        0.38713553227945
H            2.61670202899958       -0.84199557492555        0.98856827472233
H            1.02484103695448       -1.53544821689075        0.66727654104804
H            2.12194692205736       -1.20006577773860       -0.66694676152310
H            0.90274040040746        0.95365129191394        1.14089847802276
H            2.02409029913004        1.22787891169889       -0.18579455033337
H            0.04461077457743        1.67003478242791       -1.28470696415411
H            0.17540044741514       -0.05632340775252       -1.62420772230894
H           -1.50153255963609        1.26836725927709        0.57099282346185
H           -2.10446046035402        0.59319860324925       -0.95654530910209
H           -1.00436951628237       -0.85291691564145        1.18145703202790
15
 energy: -17.724908263396 gnorm: 0.003316655102 xtb: 6.7.1 (edcfbbe)
C            1.77028734434976       -0.83380392205802        0.29824169300941
C            1.21823529300603        0.58130181699765        0.16184540743616
C            0.04804995736363        0.67788998263407       -0.82493291260460
C           -1.32984923702500        0.49298844352357       -0.18541042732093
O           -1.54785745273498       -0.78377049691590        0.38627087461565
H            2.60245019197765       -0.84675880964389        0.99815112483202
H            1.01287096035766       -1.52968000216476        0.64707973748162
H            2.12914392436451       -1.18752394063368       -0.66524554451876
H            0.90330503107462        0.95468117284975        1.13867309700265
H            2.02512080932092        1.22831796029431       -0.18687347989735
H            0.04384337650925        1.66456574704341       -1.29050626553990
H            0.17553483682853       -0.06614863410572       -1.61221967589162
H           -1.49467248063036        1.26858011637218        0.57274045701530
H           -2.10172855714937        0.59052380194068       -0.95259372037671
H           -1.00022022456837       -0.85818812422406        1.17901977106489
15
 energy: -17.724953272929 gnorm: 0.001539845412 xtb: 6.7.1 (edcfbbe)
C            1.77030194874111       -0.83309662810337        0.29713259931551
C            1.21849860983188        0.58335386386218        0.16157943383762
C            0.04813570258775        0.67571240355126       -0.82610439440645
C           -1.33013073171145        0.49207731026420       -0.18181764863371
O           -1.54823179863952       -0.78117469880347        0.38839538083732
H            2.59185107395901       -0.85093346306574        1.00954324894979
H            1.00697114035330       -1.53073146440044        0.62973824920322
H            2.14342876078504       -1.17993004576710       -0.66380118518383
H            0.90256587141995        0.95669580236173        1.13792574435717
H            2.02485248465262        1.23113931183105       -0.18659846642195
H            0.04225212736695        1.65963774387179       -1.29609193835142
H            0.17420184646944       -0.07286580423587       -1.60892128700038
H           -1.49036949285773        1.27232290729024        0.57349130317002
H           -2.10166074611379        0.59382699229779       -0.94930454467854
H           -0.99815302380010       -0.86305911904467        1.17907364131345
15
 energy: -17.724990155161 gnorm: 0.004274851019 xtb: 6.7.1 (edcfbbe)
C            1.77374354213145       -0.83179741699018        0.29535860377489
C            1.21826598428251        0.58445359856063        0.15923651132122
C            0.04654942918026        0.67087122728405       -0.82818717567746
C           -1.33161703236909        0.49289957989264       -0.17643102054102
O           -1.55272419564169       -0.77614511185351        0.39436363613038
H            2.57116149034162       -0.85832374327466        1.03665560706615
H            1.00029782259475       -1.53715783730252        0.59138473684591
H            2.18179156235195       -1.16416217908649       -0.65851651411182
H            0.90002980373618        0.95714448689077        1.13574751427401
H            2.02313846759437        1.23601023042314       -0.18648771649501
H            0.03898174068900        1.65027992396467       -1.30774953702254
H            0.16945653486441       -0.08504754205160       -1.60497098808526
H           -1.48265826374374        1.27994367865249        0.57589194611612
H           -2.10504672476539        0.60286684529907       -0.94212884700225
H           -0.99685638820213       -0.86886062849890        1.18007337971450
15
 energy: -17.725007490505 gnorm: 0.003006232025 xtb: 6.7.1 (edcfbbe)
C            1.77498196799127       -0.83149975710580        0.29467895808083
C            1.21771443710269        0.58376395954604        0.15899427094794
C            0.04591816009854        0.66947325349477       -0.82810784251839
C           -1.33180383807178        0.49430808505585       -0.17633883420060
O           -1.55467862341876       -0.77520419247157        0.39565725325453
H            2.56725293165250       -0.85867672859313        1.04075493167559
H            1.00190700051030       -1.53947737181051        0.58370131004937
H            2.19030526607301       -1.16134035082624       -0.65650590939637
H            0.89940753722613        0.95596138901192        1.13594611522744
H            2.02177363626898        1.23664998922946       -0.18652032273937
H            0.03927865418095        1.64834433957409       -1.30931019980414
H            0.16808233843212       -0.08718688490059       -1.60458862349615
H           -1.48188560202519        1.28086973114023        0.57661882473646
H           -2.10603635921579        0.60449618124100       -0.94112537708914
H           -0.99770373376051       -0.86750653067593        1.18038558157985
15
 energy: -17.725035362596 gnorm: 0.001074756548 xtb: 6.7.1 (edcfbbe)
C            1.77826704822855       -0.83079033364644        0.29247067287484
C            1.21623076972121        0.58173706542488        0.15818964315673
C            0.04424218861353        0.66560129079527       -0.82818137253113
C           -1.33195018201834        0.49831058825424       -0.17571687786007
O           -1.55913774969909       -0.77178092268035        0.40014441246448
H            2.55328009312833       -0.86040583268506        1.05558605095137
H            1.00314004726291       -1.54556229364011        0.55690705909228
H            2.21694092017745       -1.14958254275421       -0.65136167979089
H            0.89678691937637        0.95119151326012        1.13602324528221
H            2.01801844742363        1.23825310951586       -0.18597315338283
H            0.04057946180241        1.64220057712278       -1.31488046192088
H            0.16398276166086       -0.09487247069247       -1.60167549795088
H           -1.47926450081225        1.28331755885446        0.57869496627250
H           -2.10847439602862        0.60758788802479       -0.93777358223480
H           -0.99812805579250       -0.86223008324416        1.18178671188489
15
 energy: -17.725043467792 gnorm: 0.001185215724 xtb: 6.7.1 (edcfbbe)
C            1.77986002631067       -0.83039440446582        0.29011919709489
C            1.21471295461658        0.58121149243353        0.15830409708368
C            0.04326948839418        0.66275222795130       -0.82909817828992
C           -1.33190644474052        0.50071416898728       -0.17459602036982
O           -1.56000545511530       -0.76850154333298        0.40485637720731
H            2.53941741614973       -0.86433927414426        1.06839183562386
H            1.00182894333301       -1.55004632398479        0.53202926233369
H            2.23849417829792       -1.13850581185265       -0.64760024089379
H            0.89271708114320        0.94749802669451        1.13630777715033
H            2.01486125081661        1.24072551052057       -0.18337310919729
H            0.04151605184245        1.63670426925300       -1.32081143316466
H            0.16116630681497       -0.10220462206033       -1.59827468520548
H           -1.47657012704412        1.28637353219640        0.57913126548344
H           -2.10987248237358        0.60865878096493       -0.93500616670556
H           -0.99497541540136       -0.85767091725109        1.18386015815712
15
 energy: -17.725046819451 gnorm: 0.000336390423 xtb: 6.7.1 (edcfbbe)
C            1.77993080731847       -0.83056361134123        0.28913734797765
C            1.21379770990719        0.58123153308682        0.15880697334343
C            0.04312758444894        0.66231072213180       -0.83007690433118
C           -1.33201652054967        0.50089196359636       -0.17428855980020
O           -1.55798915470894       -0.76694610071534        0.40770407416167
H            2.53389985537338       -0.86767623432695        1.07202251209096
H            1.00094899248775       -1.55116318207326        0.52258490916477
H            2.24467916676106       -1.13405430912030       -0.64633211481008
H            0.88941003372169        0.94508636978790        1.13672790899911
H            2.01366220634812        1.24226998100944       -0.18008008287362
H            0.04171569252293        1.63509451447780       -1.32348333983254
H            0.16075967767042       -0.10443607321505       -1.59713119545179
H           -1.47601538582001        1.28852099272357        0.57749504172995
H           -2.11044041332128        0.60729768391704       -0.93445984070678
H           -0.99095647911560       -0.85488913802900        1.18561340664647
15
 energy: -17.725048399877 gnorm: 0.000314472679 xtb: 6.7.1 (edcfbbe)
C            1.78004357245431       -0.83096777564798        0.28758888283700
C            1.21278947196063        0.58084015710790        0.15973761353853
C            0.04323441241051        0.66169161055661       -0.83066931961851
C           -1.33212405731873        0.50080752712980       -0.17441095443071
O           -1.55614741186303       -0.76508447594742        0.41169173866811
H            2.52901750665894       -0.87020808882625        1.07534035972527
H            0.99992976057537       -1.55322625641327        0.51289534398855
H            2.25129586304868       -1.12961658028796       -0.64650394803759
H            0.88608853297794        0.94213078344790        1.13787691959605
H            2.01236808405036        1.24374860548388       -0.17612499974127
H            0.04219664642773        1.63389165255730       -1.32501826050372
H            0.16092884907417       -0.10594553971576       -1.59674758406188
H           -1.47668228172536        1.29116874079057        0.57458697396349
H           -2.11076372209281        0.60430179723996       -0.93484155234684
H           -0.98766145359425       -0.85055704556569        1.18883892273133
15
 energy: -17.725049755329 gnorm: 0.000338762468 xtb: 6.7.1 (edcfbbe)
C            1.77989749516271       -0.83145425796655        0.28692546840584
C            1.21217390001966        0.58030462512709        0.16055795165618
C            0.04343795648492        0.66216737910766       -0.83066486862518
C           -1.33225164808726        0.50036190834822       -0.17522146214487
O           -1.55435691085908       -0.76431783914470        0.41396230602374
H            2.52930568431407       -0.87135180322266        1.07400516956693
H            1.00017273634723       -1.55387977766797        0.51203118569561
H            2.25044220340253       -1.12925278342565       -0.64755428905746
H            0.88447706334524        0.94004594447748        1.13896111263014
H            2.01177240725206        1.24411236543845       -0.17351288998654
H            0.04249047172941        1.63488495729430       -1.32403161250791
H            0.16181940844737       -0.10463116057863       -1.59750169103597
H           -1.47878733480226        1.29251457704293        0.57160459403079
H           -2.11050222325156        0.60058277898326       -0.93651703229436
H           -0.98557743646060       -0.84711180190363        1.19119619395089
15
 energy: -17.725051427447 gnorm: 0.000192607513 xtb: 6.7.1 (edcfbbe)
C            1.77962789498856       -0.83223866980893        0.28570102811165
C            1.21143620814153        0.57945092020621        0.16204067223849
C            0.04375080444147        0.66305678032442       -0.83015252305975
C           -1.33264939785025        0.49954378547519       -0.17684947064064
O           -1.55171921837849       -0.76302866975130        0.41802732944021
H            2.53032683970369       -0.87323796346313        1.07154673395751
H            1.00046963422895       -1.55531533688757        0.51086877311738
H            2.24885658229552       -1.12862661463314       -0.64989262527373
H            0.88270420987712        0.93665878155122        1.14104093900712
H            2.01109430378451        1.24446828582504       -0.16956605468411
H            0.04295601809040        1.63687941657060       -1.32152129670833
H            0.16355211130618       -0.10194450162282       -1.59866866829283
H           -1.48339425089825        1.29463256308613        0.56608412250922
H           -2.10980431535964        0.59344342420853       -0.94007894382943
H           -0.98269365132686       -0.84076708917084        1.19566012041506
15
 energy: -17.725051892408 gnorm: 0.000075051995 xtb: 6.7.1 (edcfbbe)
C            1.77959052958688       -0.83262444286425        0.28480735935852
C            1.21097027865819        0.57901599169498        0.16298402773387
C            0.04391817493375        0.66339879761173       -0.82987439607599
C           -1.33279011357305        0.49919863171201       -0.17756419081378
O           -1.55054188670563       -0.76226316747311        0.42036807668427
H            2.53023374610818       -0.87438763417476        1.07076215237382
H            1.00055126563834       -1.55621374977926        0.50900793387465
H            2.24911438628896       -1.12781754054298       -0.65110947449775
H            0.88178718351522        0.93503124731036        1.14227678130333
H            2.01050698876131        1.24465281195743       -0.16761314114776
H            0.04326156627348        1.63766039682190       -1.32042200769929
H            0.16449666872635       -0.10091912353783       -1.59897483186953
H           -1.48586963125808        1.29579255841147        0.56323371793171
H           -2.10919265844799        0.58970804174632       -0.94190853827336
H           -0.98152272546148       -0.83725770698441        1.19826666742511
15
 energy: -17.725052032285 gnorm: 0.000075554036 xtb: 6.7.1 (edcfbbe)
C            1.77965049027305       -0.83272510680126        0.28445423256381
C            1.21095648006033        0.57890754987725        0.16322434106298
C            0.04393706370491        0.66337769517125       -0.82971192937152
C           -1.33295344971955        0.49910202430650       -0.17784310540691
O           -1.55016987071134       -0.76188940044383        0.42134409442514
H            2.52965899067676       -0.87506872792743        1.07101821317921
H            1.00046367003398       -1.55668220084145        0.50727314600836
H            2.25004495712027       -1.12691950660390       -0.65137113209813
H            0.88151625849590        0.93425188404066        1.14265602971871
H            2.01042314417075        1.24490716845156       -0.16684386210573
H            0.04333425329382        1.63767645152834       -1.32015676721022
H            0.16472904879305       -0.10084338288365       -1.59884860722898
H           -1.48671249800426        1.29624068958074        0.56217505974544
H           -2.10916409496790        0.58838159143210       -0.94251055299671
H           -0.98120067017533       -0.83574161697729        1.19938097602237
15
 energy: -17.725052110264 gnorm: 0.000052401941 xtb: 6.7.1 (edcfbbe)
C            1.77975349445069       -0.83275048281614        0.28419565576751
C            1.21082770451829        0.57883929028119        0.16337195758088
C            0.04394502819819        0.66330629819701       -0.82974791695397
C           -1.33295595418820        0.49909065321176       -0.17786414661800
O           -1.55002252982543       -0.76167645285889        0.42186384064342
H            2.52902242982994       -0.87548914032563        1.07144702034606
H            1.00045036905814       -1.55694448801931        0.50580010847982
H            2.25110070070715       -1.12625036610153       -0.65138264722294
H            0.88121382244644        0.93386092884655        1.14285988394030
H            2.01019812114087        1.24507082971135       -0.16642159581090
H            0.04339074020112        1.63754068457954       -1.32031039001531
H            0.16477925087889       -0.10103821729056       -1.59874800632226
H           -1.48691100319364        1.29653148606775        0.56177444048097
H           -2.10908279810126        0.58790480806424       -0.94265557123247
H           -0.98119560307675       -0.83502071963774        1.20005750324470
