----------------------------------------------- 
  Element       SASA      Sigma Z        Total  
     Z         Ang**2 cal/Ang**2/mol   kcal/mol 
----------------------------------------------- 
      H         78.528      48.690       3.824
      C         71.150     129.740       9.231
      N          4.232       0.000       0.000
      O         79.470       0.000       0.000

 Subtotal:     233.379                  13.054
 -----------------------------------------------

  Elements    COT*SASA   Sigma Z,Z'     Total   
    Z,Z'       Ang**2  cal/Ang**2/mol kcal/mol  
 ---------------------------------------------- 
  H   C         53.007     -60.770      -3.221
  H   O          0.000       0.000       0.000
  C   C         79.434     -72.950      -5.795
  O   C         15.985      68.690       1.098
  O   O          0.000       0.000       0.000
  C   N          2.736       0.000       0.000
  N   C          5.064     -48.220      -0.244
  N  C(3)        0.000      84.100       0.000
  O   N         29.073     121.980       3.546

 Subtotal:                              -4.616
 ---------------------------------------------- 

 NONAQUEOUS SOLVENT CONTRIBUTION (kcal/mol):
 (proportional to SASA, atomic number independent)
 ---------------------------------------------- 
 Subtotal:                               0.000
 ---------------------------------------------- 

 CDS TOTAL (kcal/mol):                   8.439
...............................................................................
