----------------------------------------------- 
  Element       SASA      Sigma Z        Total  
     Z         Ang**2 cal/Ang**2/mol   kcal/mol 
----------------------------------------------- 
      H        119.389      48.690       5.813
      C         20.892     129.740       2.711
      O         17.333       0.000       0.000

 Subtotal:     157.614                   8.524
 -----------------------------------------------

  Elements    COT*SASA   Sigma Z,Z'     Total   
    Z,Z'       Ang**2  cal/Ang**2/mol kcal/mol  
 ---------------------------------------------- 
  H   C         71.759     -60.770      -4.361
  H   O          9.139       0.000       0.000
  C   C         17.428     -72.950      -1.271
  O   C          0.061      68.690       0.004

 Subtotal:                              -5.628
 ---------------------------------------------- 

 NONAQUEOUS SOLVENT CONTRIBUTION (kcal/mol):
 (proportional to SASA, atomic number independent)
 ---------------------------------------------- 
 Subtotal:                               0.000
 ---------------------------------------------- 

 CDS TOTAL (kcal/mol):                   2.896
...............................................................................
