----------------------------------------------- 
  Element       SASA      Sigma Z        Total  
     Z         Ang**2 cal/Ang**2/mol   kcal/mol 
----------------------------------------------- 
      H        117.646      48.690       5.728
      C         20.061     129.740       2.603
      O         17.605       0.000       0.000

 Subtotal:     155.312                   8.331
 -----------------------------------------------

  Elements    COT*SASA   Sigma Z,Z'     Total   
    Z,Z'       Ang**2  cal/Ang**2/mol kcal/mol  
 ---------------------------------------------- 
  H   C         70.630     -60.770      -4.292
  H   O          8.875       0.000       0.000
  C   C         16.666     -72.950      -1.216
  O   C          0.000      68.690       0.000

 Subtotal:                              -5.508
 ---------------------------------------------- 

 NONAQUEOUS SOLVENT CONTRIBUTION (kcal/mol):
 (proportional to SASA, atomic number independent)
 ---------------------------------------------- 
 Subtotal:                               0.000
 ---------------------------------------------- 

 CDS TOTAL (kcal/mol):                   2.823
...............................................................................
