----------------------------------------------- 
  Element       SASA      Sigma Z        Total  
     Z         Ang**2 cal/Ang**2/mol   kcal/mol 
----------------------------------------------- 
      H        119.251      48.690       5.806
      C         20.827     129.740       2.702
      O         17.186       0.000       0.000

 Subtotal:     157.264                   8.508
 -----------------------------------------------

  Elements    COT*SASA   Sigma Z,Z'     Total   
    Z,Z'       Ang**2  cal/Ang**2/mol kcal/mol  
 ---------------------------------------------- 
  H   C         71.690     -60.770      -4.357
  H   O          9.103       0.000       0.000
  C   C         16.996     -72.950      -1.240
  O   C          0.057      68.690       0.004

 Subtotal:                              -5.593
 ---------------------------------------------- 

 NONAQUEOUS SOLVENT CONTRIBUTION (kcal/mol):
 (proportional to SASA, atomic number independent)
 ---------------------------------------------- 
 Subtotal:                               0.000
 ---------------------------------------------- 

 CDS TOTAL (kcal/mol):                   2.916
...............................................................................
