----------------------------------------------- 
  Element       SASA      Sigma Z        Total  
     Z         Ang**2 cal/Ang**2/mol   kcal/mol 
----------------------------------------------- 
      H        115.654      48.690       5.631
      C         26.999     129.740       3.503
      O         13.339       0.000       0.000

 Subtotal:     155.992                   9.134
 -----------------------------------------------

  Elements    COT*SASA   Sigma Z,Z'     Total   
    Z,Z'       Ang**2  cal/Ang**2/mol kcal/mol  
 ---------------------------------------------- 
  H   C         77.719     -60.770      -4.723
  H   O          0.000       0.000       0.000
  C   C         16.656     -72.950      -1.215
  O   C          0.000      68.690       0.000

 Subtotal:                              -5.938
 ---------------------------------------------- 

 NONAQUEOUS SOLVENT CONTRIBUTION (kcal/mol):
 (proportional to SASA, atomic number independent)
 ---------------------------------------------- 
 Subtotal:                               0.000
 ---------------------------------------------- 

 CDS TOTAL (kcal/mol):                   3.196
...............................................................................
