15
 energy: -233.588186256085 gnorm: 0.000626347020 xtb: 6.7.1 (edcfbbe)
C            1.92697509267290        0.58362676954930        0.31413529364203
C            1.02316324209979       -0.16447208491143       -0.65098943132552
O           -0.00006397399667       -0.93903702992809        0.00054368760391
C           -1.02312758010293       -0.16359573005959        0.65129033496270
C           -1.92693206792753        0.58350218688787       -0.31461457932855
H            2.74668157061616        1.04391518316454       -0.24711479813554
H            1.39955842700686        1.38225025349221        0.84314241788976
H            2.35882166922159       -0.10145699757975        1.05103160880690
H            1.60716890409642       -0.89833491239214       -1.21553875076617
H            0.57467431452565        0.52820092284295       -1.37601772205241
H           -1.60716733771904       -0.89673465363539        1.21674569758710
H           -0.57447254046500        0.52985451149859        1.37546614161550
H           -2.74651017395868        1.04457227679463        0.24618312029098
H           -1.39944862035439        1.38142157395397       -0.84462329626019
H           -2.35896512806665       -0.10238079339944       -1.05065801368602
15
 energy: -233.588190416099 gnorm: 0.000280185182 xtb: 6.7.1 (edcfbbe)
C            1.92558684250499        0.58470482002435        0.31331307813352
C            1.02312516992262       -0.16562553432741       -0.65094835098394
O           -0.00006029310562       -0.94041629101552        0.00055139557740
C           -1.02309138693791       -0.16475067723162        0.65125260720801
C           -1.92554101092756        0.58458023691400       -0.31379490009626
H            2.74644923019933        1.04305990832744       -0.24827797999106
H            1.39807589846898        1.38514510736596        0.83971212557851
H            2.35653298064491       -0.09861310522102        1.05249556586384
H            1.60815196351383       -0.89965024388963       -1.21419883501385
H            0.57427458397293        0.52540076181337       -1.37734376780523
H           -1.60815794089015       -0.89805449865019        1.21540038690778
H           -0.57408246572283        0.52705303349756        1.37680333713262
H           -2.74627636151274        1.04372142879504        0.24733928995492
H           -1.39796210388125        1.38431761224298       -0.84119464019533
H           -2.35666948982076       -0.09954040635821       -1.05212761361614
15
 energy: -233.588190416099 gnorm: 0.000280185182 xtb: 6.7.1 (edcfbbe)
C            1.92558684250499        0.58470482002435        0.31331307813352
C            1.02312516992262       -0.16562553432741       -0.65094835098394
O           -0.00006029310562       -0.94041629101552        0.00055139557740
C           -1.02309138693791       -0.16475067723162        0.65125260720801
C           -1.92554101092756        0.58458023691400       -0.31379490009626
H            2.74644923019933        1.04305990832744       -0.24827797999106
H            1.39807589846898        1.38514510736596        0.83971212557851
H            2.35653298064491       -0.09861310522102        1.05249556586384
H            1.60815196351383       -0.89965024388963       -1.21419883501385
H            0.57427458397293        0.52540076181337       -1.37734376780523
H           -1.60815794089015       -0.89805449865019        1.21540038690778
H           -0.57408246572283        0.52705303349756        1.37680333713262
H           -2.74627636151274        1.04372142879504        0.24733928995492
H           -1.39796210388125        1.38431761224298       -0.84119464019533
H           -2.35666948982076       -0.09954040635821       -1.05212761361614
