15
 energy: -17.721551418710 gnorm: 0.025276966326 xtb: 6.7.1 (edcfbbe)
C            1.83451438003384        0.64892283413389        0.29037691837254
C            1.02359934997293       -0.22269171314300       -0.65273767409344
O           -0.00002155066057       -0.99483819309762        0.00004983832281
C           -1.02358487879968       -0.22250984631670        0.65270638416028
C           -1.83455010410987        0.64887026972120       -0.29058560988429
H            1.24054284118814        1.46081284202221        0.71907236248027
H            2.25682893487583        0.05324124861148        1.10639768409003
H            2.66014993549486        1.10212626460712       -0.26706912393402
H            1.67184957429302       -0.96988477085391       -1.12129377791402
H            0.58690678758774        0.38459541421067       -1.45772982353491
H           -1.67181964886433       -0.96956944560298        1.12150290013651
H           -0.58682818567565        0.38497762235636        1.45751256666864
H           -2.66015454419159        1.10222083241557        0.26678832049235
H           -1.24059348421332        1.46064452389357       -0.71952521582953
H           -2.25691490997989        0.05297770990305       -1.10642376219813
15
 energy: -17.722389144187 gnorm: 0.011256187762 xtb: 6.7.1 (edcfbbe)
C            1.84737984566246        0.65337592074408        0.28861193751458
C            1.02358356472036       -0.21914310435782       -0.64645244200439
O           -0.00001868032223       -0.97720837850201        0.00005652889237
C           -1.02357670799894       -0.21896831973110        0.64642596649423
C           -1.84740872022770        0.65331962548239       -0.28882413066123
H            1.25237927894459        1.46255567615760        0.70815885319596
H            2.25143239637270        0.05591801598675        1.10471273845556
H            2.67356964903864        1.09250326394794       -0.26796049163703
H            1.65869629940198       -0.98304540992409       -1.10319998148852
H            0.58539458296517        0.38615994807007       -1.44987866903700
H           -1.65867705261536       -0.98274363872528        1.10340512478832
H           -0.58533880156889        0.38653547586840        1.44967285563392
H           -2.67356654503653        1.09260173185221        0.26767408762354
H           -1.25241644520439        1.46238106428061       -0.70861183269544
H           -2.25150816718039        0.05565372171115       -1.10474855773976
15
 energy: -17.722556824148 gnorm: 0.002790560239 xtb: 6.7.1 (edcfbbe)
C            1.85657193857152        0.65441466211144        0.28800269929697
C            1.02324437138144       -0.21721704494872       -0.64516094639533
O           -0.00001457782342       -0.96376759958480        0.00006514868641
C           -1.02324387969998       -0.21704678033291        0.64513930040790
C           -1.85659442566840        0.65435541094413       -0.28821826955371
H            1.26521731685071        1.46845757372357        0.69849744263160
H            2.24788700123864        0.05591941920683        1.10646495348524
H            2.68557402634841        1.07854835101877       -0.26974939223605
H            1.65127952160357       -0.98999455119154       -1.09532820427094
H            0.59150308917695        0.39148860186048       -1.44903450097102
H           -1.65127126498049       -0.98970315037748        1.09552545195147
H           -0.59146942627139        0.39185902720926        1.44884221347445
H           -2.68556627863341        1.07865026725986        0.26945582385100
H           -1.26524051942984        1.46827852802579       -0.69895111739611
H           -2.24795239571286        0.05565287793622       -1.10650861562678
15
 energy: -17.722585356863 gnorm: 0.000944203864 xtb: 6.7.1 (edcfbbe)
C            1.86114902431896        0.65370763297576        0.28745590379328
C            1.02311013048334       -0.21657780702681       -0.64532903507351
O           -0.00001209730537       -0.95989255406581        0.00007138831198
C           -1.02311349630235       -0.21640981715251        0.64531058006387
C           -1.86116740996666        0.65364707944694       -0.28767384519640
H            1.27384021663318        1.47335357745380        0.69286427639321
H            2.24575238659129        0.05508575560453        1.10902648411532
H            2.69430576115955        1.06909328151453       -0.27046646247503
H            1.64962331097631       -0.99032879366411       -1.09536381323920
H            0.59576574964535        0.39535245908306       -1.44958669831542
H           -1.64962182751696       -0.99004233761550        1.09555556832040
H           -0.59574523265677        0.39571977560539        1.44940312204441
H           -2.69429657928503        1.06919622306319        0.27016759981281
H           -1.27385505090901        1.47317359330446       -0.69331822890445
H           -2.24581038891436        0.05481752433398       -1.10907485231617
15
 energy: -17.722607727380 gnorm: 0.002495796484 xtb: 6.7.1 (edcfbbe)
C            1.86819749491661        0.65106500526552        0.28684373078705
C            1.02254475968606       -0.21459048368965       -0.64620592624921
O           -0.00000771071653       -0.95511895925219        0.00008357931996
C           -1.02255506253204       -0.21442589547566        0.64619336368154
C           -1.86820814792876        0.65100229730985       -0.28706617447928
H            1.29085339081936        1.48307135373347        0.68292593530983
H            2.23993367077182        0.05260630331509        1.11516831092490
H            2.71117217474454        1.04954668027719       -0.26990437433229
H            1.64678869954041       -0.98782144736901       -1.10013876654028
H            0.59945109745056        0.40343271234271       -1.44901313529819
H           -1.64680002217342       -0.98754182734370        1.10032001293781
H           -0.59945489866106        0.40379427500305        1.44884547887068
H           -2.71116228677058        1.04964906207970        0.26959513964683
H           -1.29085352299533        1.48289174103701       -0.68337877214820
H           -2.23997513920016        0.05233477562751       -1.11522641509607
15
 energy: -17.722618191332 gnorm: 0.001947999409 xtb: 6.7.1 (edcfbbe)
C            1.86941432050077        0.64980507089480        0.28691977494648
C            1.02208777318388       -0.21320346384406       -0.64652813427520
O           -0.00000709764567       -0.95466569958361        0.00008601831454
C           -1.02209939442251       -0.21303924908157        0.64651664651325
C           -1.86942336473544        0.64974206140712       -0.28714305792386
H            1.29542716200548        1.48493435848159        0.68107253213012
H            2.23722890868228        0.05093464333380        1.11670886771607
H            2.71536095536483        1.04402461091953       -0.26837365798359
H            1.64524932239585       -0.98576203743016       -1.10338889827078
H            0.59735286893355        0.40635175183724       -1.44723547845044
H           -1.64526336750128       -0.98548252983079        1.10356839503290
H           -0.59736122875732        0.40671213158482        1.44707036415907
H           -2.71535199378883        1.04412517926174        0.26806212420759
H           -1.29542506002520        1.48475605069792       -0.68152407180653
H           -2.23726530723893        0.05066271421252       -1.11676943697454
15
 energy: -17.722637680761 gnorm: 0.001483921982 xtb: 6.7.1 (edcfbbe)
C            1.87623849949295        0.64290417900170        0.28747733030759
C            1.01932028071434       -0.20456788873706       -0.64884347025478
O           -0.00000512553682       -0.95070334098553        0.00009600551749
C           -1.01933744163521       -0.20440389923915        0.64883630450728
C           -1.87624098427069        0.64284014597409       -0.28770390387381
H            1.31962324378280        1.49425135486984        0.67145130286388
H            2.22066908991758        0.03953519018026        1.12427367910565
H            2.73839016879941        1.01356130066037       -0.25946032517565
H            1.63498153339404       -0.97440019052285       -1.12153683002654
H            0.58496925000760        0.42382299432893       -1.43696534552528
H           -1.63500771296897       -0.97411804457895        1.12170988679800
H           -0.58499603795129        0.42417981488559        1.43680951446696
H           -2.73838884677910        1.01364962925189        0.25913827836951
H           -1.31961298474098        1.49408221068008       -0.67189324222095
H           -2.22067843527417        0.03926213709169       -1.12434719752426
15
 energy: -17.722641033281 gnorm: 0.000343710825 xtb: 6.7.1 (edcfbbe)
C            1.87625619879298        0.64346329153309        0.28755028160726
C            1.01965144983152       -0.20509555026310       -0.64890445856705
O           -0.00000657956034       -0.95001200373013        0.00009156550122
C           -1.01966648818256       -0.20493035718700        0.64889523862874
C           -1.87626140103791        0.64340006535011       -0.28777519887208
H            1.31732231523242        1.49142321536062        0.67454964577073
H            2.22403068537413        0.03962590177846        1.12192829771018
H            2.73514756527494        1.01809070975851       -0.26036034995419
H            1.63531552376748       -0.97556174768916       -1.11949151281738
H            0.58720295255446        0.42281140127413       -1.43821643580511
H           -1.63533703584838       -0.97527769681611        1.11966853675638
H           -0.58722103392029        0.42317060596758        1.43805490782589
H           -2.73514630081744        1.01817932308575        0.26004163871109
H           -1.31731745600180        1.49125388895854       -0.67499214008077
H           -2.22404589850772        0.03935454547962       -1.12199802907983
15
 energy: -17.722642081875 gnorm: 0.000223047043 xtb: 6.7.1 (edcfbbe)
C            1.87742177822225        0.64309369739902        0.28771526151675
C            1.01976233635637       -0.20446491557476       -0.64904984794244
O           -0.00000759917964       -0.94895814781548        0.00008904481791
C           -1.01977592074313       -0.20429804446201        0.64903922181180
C           -1.87742879173619        0.64303133118208       -0.28793907643063
H            1.31849752885982        1.49064145041906        0.67605191391897
H            2.22532084337497        0.03777435111650        1.12106398951026
H            2.73602048955989        1.01804047794593       -0.26062608068024
H            1.63464445724771       -0.97519813789739       -1.12001896854238
H            0.58781914791013        0.42433902438470       -1.43789687686720
H           -1.63466319767468       -0.97491095507391        1.12019847326117
H           -0.58783195278399        0.42470037821631        1.43773107383366
H           -2.73602186712080        1.01812707890778        0.26030937339070
H           -1.31849620021842        1.49047422684475       -0.67649259690166
H           -2.22533655512281        0.03750377726835       -1.12113291736158
15
 energy: -17.722643125554 gnorm: 0.000277194723 xtb: 6.7.1 (edcfbbe)
C            1.87830482748356        0.64254092103034        0.28809920786088
C            1.01988731822413       -0.20386845212813       -0.64909784801556
O           -0.00000918076332       -0.94829730405418        0.00008535029298
C           -1.01989878586146       -0.20369944205932        0.64908537881719
C           -1.87831427754074        0.64247961834777       -0.28832147427109
H            1.31901350118887        1.48870841535051        0.67915618612897
H            2.22809307230876        0.03575103308173        1.11961664675778
H            2.73558901964737        1.01959565611475       -0.26092289061245
H            1.63415402443358       -0.97460821950841       -1.12080885071941
H            0.58805230663610        0.42577022111816       -1.43732281181166
H           -1.63416856803441       -0.97431681583699        1.12099231246257
H           -0.58805704865807        0.42613449680027        1.43715061953640
H           -2.73559333248931        1.01967946446964        0.26060899330993
H           -1.31901793502385        1.48854391536079       -0.67959473015335
H           -2.22811044459973        0.03548208477399       -1.11968410224809
15
 energy: -17.722644217674 gnorm: 0.000182518265 xtb: 6.7.1 (edcfbbe)
C            1.87930170347188        0.64183640907104        0.28855551423426
C            1.01995191311871       -0.20320756543271       -0.64889233331645
O           -0.00001020751875       -0.94776268856386        0.00008272189500
C           -1.01996163096949       -0.20303677967802        0.64887838259654
C           -1.87931301355617        0.64177592358288       -0.28877653047148
H            1.31994117609630        1.48661705291099        0.68257917235616
H            2.23128900568444        0.03360239599205        1.11811650068472
H            2.73520217523921        1.02109094007042       -0.26123071891346
H            1.63358224725547       -0.97375171433682       -1.12181781491309
H            0.58794742546079        0.42742979311878       -1.43621113848296
H           -1.63359354946469       -0.97345668103044        1.12200410679509
H           -0.58794619648168        0.42779654292491        1.43603383037158
H           -2.73520907573189        1.02117213195251        0.26091872911014
H           -1.31995037892670        1.48645477380334       -0.68301540342514
H           -2.23130709672595        0.03333505847585       -1.11818303118584
15
 energy: -17.722645189157 gnorm: 0.000114085481 xtb: 6.7.1 (edcfbbe)
C            1.88032974727640        0.64103782042301        0.28898213897125
C            1.01993058188514       -0.20245580494820       -0.64876864628745
O           -0.00001046542827       -0.94711969463902        0.00008253376071
C           -1.01994024266221       -0.20228455801682        0.64875458646213
C           -1.88034109213524        0.64097746795226       -0.28920303076360
H            1.32151034018969        1.48514702391509        0.68516642831738
H            2.23368206688546        0.03164693637680        1.11712784787719
H            2.73541453597205        1.02141189206859       -0.26132838062424
H            1.63290348967834       -0.97274786023037       -1.12306632435234
H            0.58764061301406        0.42925465387390       -1.43508240014115
H           -1.63291452526879       -0.97245169492961        1.12325321654974
H           -0.58763866900313        0.42962195362951        1.43490394901442
H           -2.73542245093710        1.02149140651111        0.26101598383525
H           -1.32152068715917        1.48498561788902       -0.68560112382820
H           -2.23369874535575        0.03138043298564       -1.11719479145601
15
 energy: -17.722646023546 gnorm: 0.000120895449 xtb: 6.7.1 (edcfbbe)
C            1.88136169794746        0.64036004874385        0.28924592555991
C            1.01988067981342       -0.20175595036520       -0.64866540509077
O           -0.00000984013682       -0.94654933572504        0.00008419289687
C           -1.01989117006707       -0.20158516417865        0.64865203932117
C           -1.88137203531264        0.64029933353798       -0.28946732569513
H            1.32337418282844        1.48435312423525        0.68672658895783
H            2.23508610129724        0.03003515258552        1.11653169506387
H            2.73624017267224        1.02089092579970       -0.26126059391808
H            1.63220188340314       -0.97182303052368       -1.12422468337396
H            0.58736443656157        0.43095073295101       -1.43405404051948
H           -1.63221470658767       -0.97152749922588        1.12441012236988
H           -0.58736571214338        0.43131716432534        1.43387755602171
H           -2.73624819029565        1.02097004524079        0.26094598999149
H           -1.32338288519255        1.48419122594701       -0.68716028018418
H           -2.23510011783623        0.02976881951293       -1.11659979406606
15
 energy: -17.722646778672 gnorm: 0.000134817100 xtb: 6.7.1 (edcfbbe)
C            1.88233818558522        0.63973170625815        0.28945604937176
C            1.01982436325027       -0.20104869006011       -0.64868908387926
O           -0.00000903193235       -0.94584883830785        0.00008667823786
C           -1.01983644732976       -0.20087899088926        0.64867699305653
C           -1.88234676116363        0.63967030966870       -0.28967844796276
H            1.32531099152062        1.48399419200324        0.68763318270995
H            2.23583013228393        0.02862313097486        1.11625284180479
H            2.73736486890631        1.01979259625494       -0.26110695966818
H            1.63148015368319       -0.97099177369930       -1.12533010348010
H            0.58710203807531        0.43256290359116       -1.43322933505464
H           -1.63149600689603       -0.97069807527934        1.12551334840131
H           -0.58710854917637        0.43292759046638        1.43305645832104
H           -2.73737209571804        1.01987188037233        0.26078941831022
H           -1.32531641440157        1.48383113002814       -0.68806652612892
H           -2.23584092973563        0.02835652147887       -1.11632252670452
15
 energy: -17.722647491958 gnorm: 0.000115197366 xtb: 6.7.1 (edcfbbe)
C            1.88333682861559        0.63916097317249        0.28960281243801
C            1.01977809562893       -0.20036252435096       -0.64874403866835
O           -0.00000817404667       -0.94517618700619        0.00008896803278
C           -1.01979151843285       -0.20019381117146        0.64873299540140
C           -1.88334391171701        0.63909899162186       -0.28982602305688
H            1.32723720767729        1.48374935205175        0.68834913361590
H            2.23635758368824        0.02723483204141        1.11598651252091
H            2.73863241505720        1.01862932438112       -0.26092219978542
H            1.63074558674252       -0.97022525725832       -1.12637036491579
H            0.58695036157164        0.43414413006338       -1.43249107109840
H           -1.63076419917791       -0.96993324223512        1.12655134607390
H           -0.58696173219613        0.43450711476964        1.43232160107279
H           -2.73863902743446        1.01870910709623        0.26060196236867
H           -1.32723944776955        1.48358498964579       -0.68878224525048
H           -2.23636557125536        0.02696780003930       -1.11605740141396
15
 energy: -17.722648159488 gnorm: 0.000077684705 xtb: 6.7.1 (edcfbbe)
C            1.88431394745522        0.63860086373585        0.28976718506766
C            1.01975590258159       -0.19967588968063       -0.64883718877897
O           -0.00000774466032       -0.94443179919790        0.00009030439558
C           -1.01977025884942       -0.19950786990902        0.64882682098999
C           -1.88432003109944        0.63853842385662       -0.28999091955009
H            1.32902316648642        1.48342633318442        0.68914893664116
H            2.23694897245229        0.02582175732414        1.11567829066547
H            2.73980171782040        1.01759687540207       -0.26076635162478
H            1.63002356408921       -0.96950304339004       -1.12738067654432
H            0.58683541255536        0.43569392089848       -1.43181540340558
H           -1.63004399019312       -0.96921209631533        1.12756032193760
H           -0.58684976935376        0.43605570334626        1.43164795686379
H           -2.73980776187219        1.01767695247145        0.26044451124059
H           -1.32902331875906        1.48326099811704       -0.68958198420893
H           -2.23695531170169        0.02555446301751       -1.11574981635408
15
 energy: -17.722648771452 gnorm: 0.000065695335 xtb: 6.7.1 (edcfbbe)
C            1.88523701853683        0.63806669443889        0.28993587286790
C            1.01973414839061       -0.19903021734309       -0.64891231258449
O           -0.00000760402630       -0.94376336636765        0.00009059405310
C           -1.01974869079530       -0.19886233036834        0.64890193768152
C           -1.88524294540775        0.63800415303697       -0.29015958936404
H            1.33062295770392        1.48297734376317        0.69010650220394
H            2.23769339273045        0.02441721420900        1.11527420125650
H            2.74078391101735        1.01684465436796       -0.26064653210389
H            1.62934376887530       -0.96881841216140       -1.12831693893783
H            0.58675840523812        0.43716987091430       -1.43117211812042
H           -1.62936457851936       -0.96852751941475        1.12849612808951
H           -0.58677352271435        0.43753124666719        1.43100490431352
H           -2.74079001830556        1.01692485555373        0.26032438161020
H           -1.33062254952194        1.48281154592891       -0.69053941108707
H           -2.23769919625055        0.02414985963603       -1.11534563254337
15
 energy: -17.722649337217 gnorm: 0.000078502534 xtb: 6.7.1 (edcfbbe)
C            1.88609312717724        0.63755995449409        0.29011660343379
C            1.01973303144650       -0.19843737777489       -0.64896135280850
O           -0.00000785191505       -0.94313764424244        0.00008995377011
C           -1.01974731521218       -0.19826931030841        0.64895061155028
C           -1.88609933458456        0.63749742076631       -0.29034002528896
H            1.33203913359593        1.48241669298427        0.69120287942188
H            2.23858340744297        0.02305926332541        1.11480511337919
H            2.74157070516450        1.01634115276116       -0.26057298809741
H            1.62873591757231       -0.96817066239944       -1.12920304633314
H            0.58668744944743        0.43854491941346       -1.43053030443091
H           -1.62875622045908       -0.96787918138603        1.12938252037975
H           -0.58670148420442        0.43890636871146        1.43036201764225
H           -2.74157678421701        1.01642128563597        0.26025156729912
H           -1.33203933111905        1.48225074988997       -0.69163584124764
H           -2.23858995318405        0.02279196099005       -1.11487572133474
15
 energy: -17.722649876676 gnorm: 0.000086262086 xtb: 6.7.1 (edcfbbe)
C            1.88689752781122        0.63705867799219        0.29031315432254
C            1.01971622309006       -0.19786811773947       -0.64898269165519
O           -0.00000808698931       -0.94257780045966        0.00008887625217
C           -1.01972979973696       -0.19769960063997        0.64897114007457
C           -1.88690454415859        0.63699636197147       -0.29053593189569
H            1.33333376558896        1.48177114208574        0.69240049513530
H            2.23959922979490        0.02173578273114        1.11429998809394
H            2.74220668242425        1.01600927638516       -0.26052688812132
H            1.62816016354548       -0.96753062730322       -1.13003265517921
H            0.58659792415457        0.43985666629398       -1.42989806459432
H           -1.62817909490083       -0.96723807550400        1.13021277145808
H           -0.58660985912785        0.44021861870025        1.42972774358182
H           -2.74221315141305        1.01608947186922        0.26020696294613
H           -1.33333529040980        1.48160513939097       -0.69283350935971
H           -2.23960719272157        0.02146867708713       -1.11436940372404
15
 energy: -17.722650407276 gnorm: 0.000081388043 xtb: 6.7.1 (edcfbbe)
C            1.88767654524103        0.63656387069890        0.29051594154228
C            1.01972000587323       -0.19732958753965       -0.64897887436002
O           -0.00000855833134       -0.94204044923870        0.00008759680883
C           -1.01973298636716       -0.19716071134166        0.64896666235351
C           -1.88768420938057        0.63650159610927       -0.29073820175269
H            1.33458793039692        1.48107159034669        0.69369356302617
H            2.24070250756567        0.02042096219679        1.11374946948843
H            2.74275627324181        1.01578368139712       -0.26050238845996
H            1.62762511751239       -0.96689293322603       -1.13087879443587
H            0.58650368174263        0.44114563143943       -1.42921727671309
H           -1.62764271112649       -0.96659946056037        1.13105972308691
H           -0.58651324795862        0.44150801346992        1.42904485414903
H           -2.74276248519704        1.01586389761529        0.26018419142415
H           -1.33459084899511        1.48090541395595       -0.69412696777904
H           -2.24071251726586        0.02015407753798       -1.11381751104359
15
 energy: -17.722650930529 gnorm: 0.000068108000 xtb: 6.7.1 (edcfbbe)
C            1.88846063216462        0.63604852736665        0.29073265009195
C            1.01969527089272       -0.19677013124146       -0.64895977204463
O           -0.00000862604833       -0.94152448430024        0.00008658869383
C           -1.01970746891351       -0.19660087812167        0.64894665685182
C           -1.88846911516603        0.63598646479829       -0.29095417258686
H            1.33583912433591        1.48033132405554        0.69501219582746
H            2.24186786249980        0.01910711488781        1.11320877815192
H            2.74328210252757        1.01557793122190       -0.26048211857263
H            1.62707649015032       -0.96622378036326       -1.13170143868562
H            0.58637320169961        0.44243320696520       -1.42853991453421
H           -1.62709272571581       -0.96592937323194        1.13188264222430
H           -0.58638089672993        0.44279602652266        1.42836549507420
H           -2.74328852306638        1.01565864346937        0.26016553773473
H           -1.33584321915258        1.48016476196046       -0.69544586709678
H           -2.24187961252648        0.01884023887163       -1.11327527379440
15
 energy: -17.722651382775 gnorm: 0.000055705675 xtb: 6.7.1 (edcfbbe)
C            1.88922887943410        0.63560922080227        0.29088572156643
C            1.01972254009917       -0.19626658864353       -0.64893115096803
O           -0.00000870233096       -0.94100400842500        0.00008669150091
C           -1.01973500919647       -0.19609753656016        0.64891818806258
C           -1.88923706807199        0.63554695531647       -0.29110737987890
H            1.33721429028529        1.47988363851503        0.69596741345551
H            2.24278304393664        0.01802396319868        1.11281292100629
H            2.74398645859646        1.01511147626515       -0.26044250075760
H            1.62664063075101       -0.96566568782030       -1.13236991896534
H            0.58632556939376        0.44354856812413       -1.42797160067882
H           -1.62665717652525       -0.96537146171557        1.13255100218612
H           -0.58633361737101        0.44391094829740        1.42779733644715
H           -2.74399238097919        1.01519219729671        0.26012586280357
H           -1.33721808529114        1.47971666929367       -0.69640125451056
H           -2.24279487577894        0.01775723891598       -1.11287934393424
15
 energy: -17.722651821375 gnorm: 0.000058504759 xtb: 6.7.1 (edcfbbe)
C            1.88991825820132        0.63515682783772        0.29106981819149
C            1.01971122805181       -0.19578237634198       -0.64891247154202
O           -0.00000850568552       -0.94054300341858        0.00008684854057
C           -1.01972371504824       -0.19561343011544        0.64889937413809
C           -1.88992640087461        0.63509445811899       -0.29129134082840
H            1.33841329053176        1.47936562504014        0.69698355851252
H            2.24363045140335        0.01689175375183        1.11242192099937
H            2.74456115709731        1.01473445052233       -0.26039733760158
H            1.62613107346844       -0.96508176485178       -1.13315667369830
H            0.58620958414024        0.44472996899601       -1.42731370550354
H           -1.62614780097555       -0.96478755498490        1.13333717930169
H           -0.58621813780942        0.44509206880784        1.42713942186618
H           -2.74456695968057        1.01481554861417        0.26008068937829
H           -1.33841670562422        1.47919804077729       -0.69741739310184
H           -2.24364232024460        0.01662498010729       -1.11248790131746
15
 energy: -17.722652254254 gnorm: 0.000054875571 xtb: 6.7.1 (edcfbbe)
C            1.89060270550844        0.63468448319579        0.29126134229898
C            1.01966625059472       -0.19527309410086       -0.64892540202619
O           -0.00000851550175       -0.94007965780904        0.00008695882806
C           -1.01967897684424       -0.19510437225060        0.64891237964888
C           -1.89061061631686        0.63462194658190       -0.29148292170429
H            1.33954027055523        1.47877015864271        0.69803680639321
H            2.24447207413546        0.01571503696384        1.11201198829601
H            2.74510855056526        1.01440752227094       -0.26031569765916
H            1.62559586129804       -0.96444954033888       -1.13396674037376
H            0.58605175419863        0.44592895165488       -1.42668881851509
H           -1.62561284310113       -0.96415555470250        1.13414699077267
H           -0.58606071402167        0.44629056364645        1.42651463604599
H           -2.74511384354312        1.01448886379505        0.25999905759798
H           -1.33954328354676        1.47860199785193       -0.69847088769477
H           -2.24448417702878        0.01544828745932       -1.11207770457345
15
 energy: -17.722652676241 gnorm: 0.000052019759 xtb: 6.7.1 (edcfbbe)
C            1.89128042702869        0.63423801855428        0.29144364301261
C            1.01964210288291       -0.19477719408898       -0.64894499290287
O           -0.00000831975966       -0.93960099203130        0.00008688813021
C           -1.01965462952561       -0.19460844903722        0.64893162114999
C           -1.89128851947422        0.63417545400955       -0.29166493113480
H            1.34066236468239        1.47818292845455        0.69912540204811
H            2.24530270959952        0.01451126181311        1.11155080177699
H            2.74564672915664        1.01411281736075       -0.26023675913897
H            1.62507549719263       -0.96384293775115       -1.13477393184637
H            0.58592990740418        0.44711933935733       -1.42606709503647
H           -1.62509235281785       -0.96354870901311        1.13495371401772
H           -0.58593892687855        0.44748083482277        1.42589251778271
H           -2.74565208338024        1.01419454991457        0.25992037462477
H           -1.34066528425565        1.47801417980946       -0.69955940608401
H           -2.24531512490370        0.01424449068633       -1.11161585906454
15
 energy: -17.722653081115 gnorm: 0.000051061453 xtb: 6.7.1 (edcfbbe)
C            1.89196876494019        0.63378902083427        0.29162572182466
C            1.01961931932536       -0.19427386707289       -0.64895438701752
O           -0.00000846876286       -0.93911705739888        0.00008666031023
C           -1.01963191570517       -0.19410520550461        0.64894092419002
C           -1.89197682383702        0.63372639966738       -0.29184693876504
H            1.34178405794066        1.47759267935900        0.70017925069929
H            2.24617547315589        0.01335221910531        1.11111905153972
H            2.74618163918016        1.01382322143294       -0.26018153358731
H            1.62457237164485       -0.96325308802607       -1.13551227020418
H            0.58582500723134        0.44827238735876       -1.42548631583099
H           -1.62458914495991       -0.96295881085844        1.13569208536166
H           -0.58583375630089        0.44863354139115        1.42531138790220
H           -2.74618665817631        1.01390508952009        0.25986547772209
H           -1.34178703068247        1.47742357396297       -0.70061349785340
H           -2.24618833804234        0.01308548908995       -1.11118362895635
15
 energy: -17.722653467609 gnorm: 0.000050041687 xtb: 6.7.1 (edcfbbe)
C            1.89264990435090        0.63336452954323        0.29179285299292
C            1.01961900621003       -0.19380132436868       -0.64895115130666
O           -0.00000847702582       -0.93864878179615        0.00008640379184
C           -1.01963141361884       -0.19363256581283        0.64893740517487
C           -1.89265815399825        0.63330190855710       -0.29201380777861
H            1.34290545411203        1.47703569462920        0.70121307085544
H            2.24705138576881        0.01224311009318        1.11067762167445
H            2.74671710196862        1.01354425214864       -0.26013769412435
H            1.62410422800288       -0.96269924627918       -1.13621787761902
H            0.58575968589041        0.44938131416784       -1.42491211363029
H           -1.62412080964306       -0.96240462963523        1.13639748035529
H           -0.58576806695522        0.44974240677994        1.42473664908614
H           -2.74672219900887        1.01362628882346        0.25982198095131
H           -1.34290862518974        1.47686626216239       -0.70164721576595
H           -2.24706452391242        0.01197637384803       -1.11074161732230
15
 energy: -17.722653836499 gnorm: 0.000048498134 xtb: 6.7.1 (edcfbbe)
C            1.89331657812824        0.63294673989371        0.29196068059595
C            1.01962069191409       -0.19333285175692       -0.64894590451708
O           -0.00000855243941       -0.93817862758035        0.00008622856880
C           -1.01963310802301       -0.19316413265123        0.64893203840560
C           -1.89332484516608        0.63288408421327       -0.29218152796343
H            1.34401036783919        1.47649821287998        0.70221102306977
H            2.24791581186220        0.01116529541467        1.11026136876378
H            2.74723638765555        1.01325872542733       -0.26010825299811
H            1.62365231950828       -0.96216152227611       -1.13688838921003
H            0.58569685517469        0.45045868765544       -1.42436125410449
H           -1.62366874067501       -0.96186676121337        1.13706811069175
H           -0.58570503481354        0.45081967113217        1.42418531868414
H           -2.74724141307265        1.01334070865522        0.25979274505790
H           -1.34401366378386        1.47632858008594       -0.70264512266796
H           -2.24792915715719        0.01089878298120       -1.11032507504150
15
 energy: -17.722654189407 gnorm: 0.000047490945 xtb: 6.7.1 (edcfbbe)
C            1.89397389916349        0.63254243962227        0.29211629430603
C            1.01962126292415       -0.19288076248152       -0.64893493461164
O           -0.00000852192587       -0.93773494128979        0.00008610792657
C           -1.01963353139221       -0.19271191968223        0.64892085131597
C           -1.89398228937840        0.63247975589643       -0.29233697316744
H            1.34509627474853        1.47597597839497        0.70317742185700
H            2.24875038021805        0.01011844156970        1.10984828853030
H            2.74776213115049        1.01298019822251       -0.26007163972514
H            1.62320872180357       -0.96163521855273       -1.13754417474820
H            0.58563992753481        0.45151022504185       -1.42381452567711
H           -1.62322504395469       -0.96134009197916        1.13772368085665
H           -0.58564791864755        0.45187120059194        1.42363821205659
H           -2.74776729193181        1.01306213386259        0.25975631901058
H           -1.34509968940517        1.47580613160792       -0.70361126101643
H           -2.24876381395591        0.00985202203617       -1.10991167957868
15
 energy: -17.722654527744 gnorm: 0.000046777076 xtb: 6.7.1 (edcfbbe)
C            1.89460176340709        0.63213906941479        0.29227776049418
C            1.01961798137013       -0.19243062412337       -0.64893992020305
O           -0.00000859452624       -0.93728116396365        0.00008606710450
C           -1.01963038809203       -0.19226187432960        0.64892581878931
C           -1.89461003160766        0.63207638967745       -0.29249840630545
H            1.34615145287245        1.47547011017309        0.70411902269458
H            2.24954527293407        0.00908609697531        1.10945892783453
H            2.74826237717614        1.01268321791352       -0.26003158940759
H            1.62276948966305       -0.96111182739779       -1.13820620848034
H            0.58556818729773        0.45254850636028       -1.42328638730406
H           -1.62278584017842       -0.96081668236241        1.13838578554026
H           -0.58557622129883        0.45290929572771        1.42310980492606
H           -2.74826745425313        1.01276504344259        0.25971626906276
H           -1.34615492929740        1.47530019704149       -0.70455283300891
H           -2.24955856851546        0.00881983831152       -1.10952212440171
15
 energy: -17.722654852986 gnorm: 0.000045936525 xtb: 6.7.1 (edcfbbe)
C            1.89522929225110        0.63174892728031        0.29242427234897
C            1.01960962004041       -0.19199320024662       -0.64893085850138
O           -0.00000850751607       -0.93686279167133        0.00008606629205
C           -1.01962188426357       -0.19182429913729        0.64891659340984
C           -1.89523766930046        0.63168616956445       -0.29264478278121
H            1.34719050027559        1.47497677251251        0.70502020985644
H            2.25030381632653        0.00807363617720        1.10907205047722
H            2.74878187651097        1.01239559379098       -0.25998493461497
H            1.62233249859398       -0.96059399074803       -1.13884852885725
H            0.58549753929382        0.45356753281601       -1.42275136536601
H           -1.62234887670644       -0.96029845568978        1.13902777074325
H           -0.58550558328430        0.45392828331367        1.42257462690503
H           -2.74878719165272        1.01247733948072        0.25966958941442
H           -1.34719393926286        1.47480658425226       -0.70545360807349
H           -2.25031699435448        0.00780749116587       -1.10913511391783
15
 energy: -17.722655165874 gnorm: 0.000044845493 xtb: 6.7.1 (edcfbbe)
C            1.89582531722991        0.63135773870442        0.29257845486729
C            1.01959797037894       -0.19155820892620       -0.64894312173193
O           -0.00000856526188       -0.93643025308994        0.00008609406385
C           -1.01961044107979       -0.19138944455418        0.64892887338039
C           -1.89583352271475        0.63129500293128       -0.29279894043133
H            1.34820726684289        1.47450176029907        0.70590551372230
H            2.25102712191047        0.00708167010639        1.10871017453473
H            2.74927502522438        1.01208268386486       -0.25993107101627
H            1.62189704468264       -0.96008067167793       -1.13950602463190
H            0.58541336918662        0.45457422272440       -1.42223953713960
H           -1.62191355597037       -0.95978518346763        1.13968531049200
H           -0.58542159325820        0.45493478607477        1.42206258165657
H           -2.74928030553171        1.01216430100752        0.25961560547035
H           -1.34821066109569        1.47433154841753       -0.70633883017134
H           -2.25103997359198        0.00681564044657       -1.10877309573001
15
 energy: -17.722655466842 gnorm: 0.000043847590 xtb: 6.7.1 (edcfbbe)
C            1.89642300156364        0.63097833008335        0.29271993648792
C            1.01958721692420       -0.19113318746849       -0.64894137075644
O           -0.00000855653894       -0.93602020926240        0.00008603343652
C           -1.01959959697054       -0.19096430086418        0.64892699650386
C           -1.89643130080558        0.63091552555745       -0.29294032345490
H            1.34921099845415        1.47404158754231        0.70674766682653
H            2.25172424435373        0.00610679691246        1.10835283573104
H            2.74978417699182        1.01177332046071       -0.25987997315342
H            1.62147392115296       -0.95957436595041       -1.14013579651391
H            0.58533590309727        0.45556162055157       -1.42172381958010
H           -1.62149035083968       -0.95927856474252        1.14031493912716
H           -0.58534402764365        0.45592209508794        1.42154667428905
H           -2.74978961684011        1.01185485995051        0.25956452029290
H           -1.34921443303264        1.47387115356736       -0.70718068410027
H           -2.25173708291515        0.00584093143527       -1.10841564780087
15
 energy: -17.722655756330 gnorm: 0.000043009590 xtb: 6.7.1 (edcfbbe)
C            1.89700206078548        0.63060442962064        0.29286221681218
C            1.01957446477588       -0.19071550929315       -0.64894783986553
O           -0.00000850839935       -0.93561261866634        0.00008604058939
C           -1.01958687232185       -0.19054666188365        0.64893334932018
C           -1.89701029372260        0.63054164555274       -0.29308248987764
H            1.35020354283486        1.47359870790117        0.70757567340600
H            2.25239970478455        0.00515943223211        1.10801136398442
H            2.75028126786398        1.01145534318799       -0.25982376612717
H            1.62105053069649       -0.95908039572183       -1.14076408931603
H            0.58525590349878        0.45652830868924       -1.42122687822842
H           -1.62106709768684       -0.95878443441879        1.14094305218371
H           -0.58526414489374        0.45688875231502        1.42104940436528
H           -2.75028673891728        1.01153675699581        0.25950838789650
H           -1.35020700002992        1.47342822275721       -0.70800853339900
H           -2.25241232231696        0.00489361359273       -1.10807390440878
15
 energy: -17.722656034931 gnorm: 0.000042203971 xtb: 6.7.1 (edcfbbe)
C            1.89757503870739        0.63023754809693        0.29299780447890
C            1.01956581942697       -0.19030504000546       -0.64894997854654
O           -0.00000854622685       -0.93521031905625        0.00008606236698
C           -1.01957824824974       -0.19013613099927        0.64893550694596
C           -1.89758324451422        0.63017466755310       -0.29321810396668
H            1.35117605945962        1.47316493529709        0.70837256638653
H            2.25305907930357        0.00422632423568        1.10767495735423
H            2.75077650710745        1.01113845507728       -0.25977421935005
H            1.62064611955549       -0.95859238061800       -1.14137134556638
H            0.58518296686417        0.45747943488848       -1.42073379483242
H           -1.62066269453906       -0.95829624966125        1.14155022155687
H           -0.58519119836355        0.45783962873362        1.42055635840252
H           -2.75078196940880        1.01121976972700        0.25945876107947
H           -1.35117951622702        1.47299425062651       -0.70880528620995
H           -2.25307167594393        0.00396069896547       -1.10773752276437
15
 energy: -17.722656303314 gnorm: 0.000041425677 xtb: 6.7.1 (edcfbbe)
C            1.89813492571743        0.62987908292852        0.29313305014928
C            1.01955444813164       -0.18990317763840       -0.64895319440367
O           -0.00000845060801       -0.93481947336114        0.00008601972476
C           -1.01956688335313       -0.18973434857073        0.64893848396210
C           -1.89814314179204        0.62981628758033       -0.29335312176713
H            1.35213707419338        1.47274222144586        0.70916414294788
H            2.25370756916925        0.00331746814546        1.10734676339960
H            2.75126050522158        1.01082982634832       -0.25972083799736
H            1.62023775137420       -0.95811828509644       -1.14197098906564
H            0.58510920970185        0.45840666847385       -1.42025510819344
H           -1.62025434970462       -0.95782206464787        1.14214967979890
H           -0.58511764701107        0.45876695000623        1.42007715434209
H           -2.75126612307721        1.01091118693521        0.25940547517290
H           -1.35214047707458        1.47257143132714       -0.70959664881041
H           -2.25371991393716        0.00305181898458       -1.10740888192478
15
 energy: -17.722656562252 gnorm: 0.000040676661 xtb: 6.7.1 (edcfbbe)
C            1.89868634735071        0.62952482694606        0.29326327277785
C            1.01954740034273       -0.18950769609261       -0.64895527235334
O           -0.00000860351050       -0.93443023240199        0.00008601336878
C           -1.01955986965800       -0.18933874554517        0.64894072925769
C           -1.89869449271479        0.62946179923714       -0.29348350508314
H            1.35307159848859        1.47231871081483        0.70993570803125
H            2.25434740803298        0.00241788600923        1.10701846576575
H            2.75173351971362        1.01052895233666       -0.25967507919620
H            1.61985118478668       -0.95764711157201       -1.14255405723018
H            0.58504207016186        0.45932388917614       -1.41977937978966
H           -1.61986785673455       -0.95735067550451        1.14273269208043
H           -0.58505030040947        0.45968375456856        1.41960172122134
H           -2.75173890337229        1.01061012356891        0.25935966602818
H           -1.35307499874867        1.47214762196868       -0.71036819242320
H           -2.25436000677741        0.00215248935102       -1.10708079512048
15
 energy: -17.722656812311 gnorm: 0.000039936665 xtb: 6.7.1 (edcfbbe)
C            1.89922615834344        0.62917909050238        0.29339497498915
C            1.01953720264688       -0.18912004302261       -0.64895659529599
O           -0.00000833991792       -0.93405375968994        0.00008592809174
C           -1.01954960943598       -0.18895128857821        0.64894154078299
C           -1.89923442551486        0.62911636086316       -0.29361473292130
H            1.35399309838244        1.47190128626897        0.71071108353172
H            2.25498443243535        0.00153800719860        1.10669466659344
H            2.75219180202923        1.01024497962427       -0.25962580856847
H            1.61945727846972       -0.95718904125262       -1.14313043919347
H            0.58497284070261        0.46021664705854       -1.41931639232592
H           -1.61947379199157       -0.95689257759149        1.14330889796302
H           -0.58498138475900        0.46057681873779        1.41913770963466
H           -2.75219758833703        1.01032643759755        0.25931061814890
H           -1.35399655198530        1.47173019854407       -0.71114334624850
H           -2.25499662411651        0.00127247660048       -1.10675611784688
15
 energy: -17.722657054160 gnorm: 0.000039241198 xtb: 6.7.1 (edcfbbe)
C            1.89975753440861        0.62883633734302        0.29352171636548
C            1.01953089440088       -0.18873842682343       -0.64895765490166
O           -0.00000876777611       -0.93367837478926        0.00008588567724
C           -1.01954337980525       -0.18856935535009        0.64894311617748
C           -1.89976563354204        0.62877305213729       -0.29374197392710
H            1.35488759527099        1.47147799860706        0.71147292651126
H            2.25561653669185        0.00066487472936        1.10636716751583
H            2.75263670010704        1.00997254011539       -0.25958413263795
H            1.61908509291972       -0.95673288281006       -1.14369229640918
H            0.58491031186692        0.46110339530553       -1.41885495348957
H           -1.61910184578444       -0.95643607474993        1.14387071946360
H           -0.58491831420172        0.46146286152725        1.41867721093045
H           -2.75264182552947        1.01005352075622        0.25926887493922
H           -1.35489095009510        1.47130639095138       -0.71190524545691
H           -2.25562945198038        0.00039973591118       -1.10642937342312
15
 energy: -17.722657288181 gnorm: 0.000038544197 xtb: 6.7.1 (edcfbbe)
C            1.90027912388202        0.62850119099243        0.29365086964923
C            1.01952249257878       -0.18836331908313       -0.64895742533048
O           -0.00000809743610       -0.93331386491588        0.00008578852442
C           -1.01953481517494       -0.18819475493499        0.64894181241681
C           -1.90028753032892        0.62843871565321       -0.29387010461805
H            1.35576943022207        1.47105926367428        0.71223961081649
H            2.25624971854164       -0.00019171832254        1.10604347237193
H            2.75306701881131        1.00971702767673       -0.25954006286855
H            1.61870674834053       -0.95628795846061       -1.14424748970748
H            0.58484599520069        0.46196627148137       -1.41840558411820
H           -1.61872298013137       -0.95599135689838        1.14442576808962
H           -0.58485471013900        0.46232650406556        1.41822574053632
H           -2.75307315804184        1.00979881739674        0.25922514105515
H           -1.35577305070275        1.47088797873090       -0.71267168357283
H           -2.25626168867062       -0.00045720419477       -1.10610386590932
15
 energy: -17.722657514811 gnorm: 0.000037885287 xtb: 6.7.1 (edcfbbe)
C            1.90079302370299        0.62816961808186        0.29377465742129
C            1.01951683423904       -0.18799447736679       -0.64895661629835
O           -0.00000916386934       -0.93295151816276        0.00008574209771
C           -1.01952936348322       -0.18782510126277        0.64894239802921
C           -1.90080099722816        0.62810576315214       -0.29399524901590
H            1.35662912475960        1.47063628297799        0.71299518602607
H            2.25687720598851       -0.00104070049304        1.10571566975081
H            2.75348635479277        1.00947254743466       -0.25950219165359
H            1.61834575035268       -0.95584665355329       -1.14478967088719
H            0.58478806927558        0.46282443648876       -1.41795690544889
H           -1.61836277396699       -0.95554933871631        1.14496783979807
H           -0.58479557070252        0.46318321451342        1.41777972332841
H           -2.75349083035691        1.00955310617046        0.25918707630579
H           -1.35663229816841        1.47046388561092       -0.71342741839559
H           -2.25689086838412       -0.00130547201432       -1.10577825372277
15
 energy: -17.722657734196 gnorm: 0.000037243653 xtb: 6.7.1 (edcfbbe)
C            1.90129838414803        0.62784361375394        0.29390104180868
C            1.01951052078050       -0.18763063582717       -0.64895562522868
O           -0.00000745288228       -0.93259738120588        0.00008567124107
C           -1.01952273278877       -0.18746264785157        0.64893892800950
C           -1.90130705358466        0.62778190495067       -0.29411923505709
H            1.35747641538067        1.47021817223373        0.71374984640051
H            2.25750487552836       -0.00187439727251        1.10539437692094
H            2.75389320497871        1.00923883781058       -0.25946314135098
H            1.61798319302402       -0.95541388177759       -1.14532429338467
H            0.58472877425949        0.46366016060476       -1.41752103735971
H           -1.61799884671132       -0.95511748198342        1.14550245689033
H           -0.58473816550745        0.46402088644294        1.41733898814194
H           -2.75390024140551        1.00932149905454        0.25914854393503
H           -1.35748033592286        1.47004701479216       -0.71418173646210
H           -2.25751604234543       -0.00214007086427       -1.10545279716972
15
 energy: -17.722657946636 gnorm: 0.000036642129 xtb: 6.7.1 (edcfbbe)
C            1.90179640713611        0.62752360340461        0.29402079672243
C            1.01950529499841       -0.18727418874343       -0.64895248172234
O           -0.00001019118670       -0.93224694071520        0.00008560709839
C           -1.01951790749132       -0.18710389087483        0.64893946637634
C           -1.90180404898163        0.62745830217456       -0.29424260690786
H            1.35830734283354        1.46980184019638        0.71449244392128
H            2.25812104286814       -0.00269888783386        1.10506887927464
H            2.75429427795212        1.00901378453890       -0.25942781433067
H            1.61763164443797       -0.95498718129223       -1.14584843316487
H            0.58467540159518        0.46449123474489       -1.41708355497627
H           -1.61764946345435       -0.95468884327566        1.14602617635447
H           -0.58468165287486        0.46484855738910        1.41690879603064
H           -2.75429714616137        1.00909313728705        0.25911269600029
H           -1.35831002759926        1.46962802139686       -0.71492460257760
H           -2.25813647712046       -0.00296295553621       -1.10513338076378
15
 energy: -17.722658140817 gnorm: 0.000036822434 xtb: 6.7.1 (edcfbbe)
C            1.90231201926282        0.62723309789289        0.29411626646876
C            1.01952415777975       -0.18692278373579       -0.64895046282400
O           -0.00000736116467       -0.93187725306274        0.00008549024370
C           -1.01953634012854       -0.18675498186283        0.64893340950477
C           -1.90232073529163        0.62717153818659       -0.29433413891878
H            1.35919988548144        1.46949906976460        0.71509291381409
H            2.25868110765913       -0.00343375409628        1.10480236279801
H            2.75477968427018        1.00868432170286       -0.25940690101665
H            1.61733019336982       -0.95461193315534       -1.14626532152555
H            0.58467896368781        0.46523380087549       -1.41674263330777
H           -1.61734563664879       -0.95431545116925        1.14644333323339
H           -0.58468838706519        0.46559437237939        1.41655968815339
H           -2.75478676013975        1.00876719793942        0.25909266800069
H           -1.35920397272176        1.46932767010436       -0.71552479153406
H           -2.25869232139913       -0.00369931890245       -1.10485989575494
15
 energy: -17.722658330777 gnorm: 0.000036181623 xtb: 6.7.1 (edcfbbe)
C            1.90277440895729        0.62693915540862        0.29422389471805
C            1.01952462691863       -0.18659848407064       -0.64894910006338
O           -0.00000832594232       -0.93154984055910        0.00008540918249
C           -1.01953684215834       -0.18642971914659        0.64893327210789
C           -1.90278285299211        0.62687616635815       -0.29444299855759
H            1.36000411311222        1.46916115605854        0.71573021650493
H            2.25919900854906       -0.00418102521279        1.10453170319987
H            2.75518560312936        1.00841639838821       -0.25937030785731
H            1.61698933681389       -0.95423076303178       -1.14676908887136
H            0.58463489854493        0.46601295483099       -1.41632136504823
H           -1.61700554656017       -0.95393343199130        1.14694680843109
H           -0.58464301300811        0.46637231807357        1.41614111938623
H           -2.75519119273852        1.00849811815759        0.25905595371935
H           -1.36000767300303        1.46898856779508       -0.71616206792512
H           -2.25921205267128       -0.00444597819763       -1.10459146159186
15
 energy: -17.722658521136 gnorm: 0.000034896563 xtb: 6.7.1 (edcfbbe)
C            1.90322269260062        0.62661999929057        0.29434518418699
C            1.01949433856417       -0.18625787271478       -0.64895470220448
O           -0.00000807601230       -0.93124115345368        0.00008544615221
C           -1.01950678141012       -0.18608960283479        0.64893843877226
C           -1.90323108305442        0.62655750370870       -0.29456379789612
H            1.36075355625900        1.46876016959602        0.71640257194385
H            2.25972907744257       -0.00495767393922        1.10425892374988
H            2.75555260059886        1.00818342237580       -0.25931308116515
H            1.61662817338792       -0.95379859227117       -1.14730879730257
H            0.58453318674723        0.46681547231029       -1.41588800787634
H           -1.61664424416908       -0.95350161480775        1.14748659874992
H           -0.58454199151644        0.46717494817211        1.41570659898824
H           -2.75555859945278        1.00826557743443        0.25899871404113
H           -1.36075718564590        1.46858779897980       -0.71683441867101
H           -2.25974116738783       -0.00522278898542       -1.10431768413375
15
 energy: -17.722658709547 gnorm: 0.000034363309 xtb: 6.7.1 (edcfbbe)
C            1.90366474914055        0.62631231997204        0.29446441844752
C            1.01947182135042       -0.18592265923971       -0.64895970070784
O           -0.00000842287414       -0.93093110596944        0.00008556744046
C           -1.01948419973269       -0.18575381116260        0.64894403626137
C           -1.90367303448000        0.62624910229348       -0.29468360121208
H            1.36150612718390        1.46835488093296        0.71712131526262
H            2.26027021999056       -0.00575696739974        1.10394691847033
H            2.75590778211507        1.00797519183929       -0.25925503021100
H            1.61627929274646       -0.95336442277818       -1.14785610874825
H            0.58443700163774        0.46761207114760       -1.41545125737362
H           -1.61629590171822       -0.95306677709579        1.14803343333300
H           -0.58444543180716        0.46797097773188        1.41527124008839
H           -2.75591338615972        1.00805663575613        0.25894029252093
H           -1.36150939613077        1.46818186766978       -0.71755269137856
H           -2.26028272431049       -0.00602171083677       -1.10400684485820
15
 energy: -17.722658892648 gnorm: 0.000033875069 xtb: 6.7.1 (edcfbbe)
C            1.90411638167325        0.62600593086246        0.29458275949388
C            1.01945570894968       -0.18558479543716       -0.64896092493313
O           -0.00000910929496       -0.93061124860225        0.00008576926026
C           -1.01946853135035       -0.18541560821855        0.64894630339588
C           -1.90412411567222        0.62594194041352       -0.29480291921967
H            1.36226031462503        1.46794355603851        0.71783254182261
H            2.26083949734333       -0.00654128316811        1.10364114860397
H            2.75625837802114        1.00778163273534       -0.25921421982087
H            1.61593878223579       -0.95294877211451       -1.14836601544624
H            0.58436060685983        0.46839530101592       -1.41503341253003
H           -1.61595617490148       -0.95265093788787        1.14854339731926
H           -0.58436873016843        0.46875322574961        1.41485518666176
H           -2.75626294548772        1.00786205052651        0.25889898697172
H           -1.36226314327839        1.46777013079006       -0.71826395902991
H           -2.26085242260300       -0.00680552984255       -1.10370265521441
15
 energy: -17.722659068993 gnorm: 0.000033383148 xtb: 6.7.1 (edcfbbe)
C            1.90457133444410        0.62571241608813        0.29469433954865
C            1.01945326666789       -0.18525893324556       -0.64895641694319
O           -0.00000793886502       -0.93029442305722        0.00008583522618
C           -1.01946568339075       -0.18509033193208        0.64894021589190
C           -1.90457961799773        0.62564965138452       -0.29491299581584
H            1.36301029186267        1.46754444362744        0.71853280350732
H            2.26142648591017       -0.00729782968872        1.10332985643011
H            2.75661041949398        1.00759860549984       -0.25918390302915
H            1.61561873794322       -0.95255572956420       -1.14884245352848
H            0.58431581959207        0.46914865074418       -1.41463472638223
H           -1.61563538912354       -0.95225797858495        1.14901942631841
H           -0.58432520196135        0.46950781155934        1.41445370321405
H           -2.75661692810321        1.00768009544992        0.25886878652720
H           -1.36301356700284        1.46737166738764       -0.71896346697973
H           -2.26143753251816       -0.00756252280735       -1.10338901665013
15
 energy: -17.722659238786 gnorm: 0.000032712704 xtb: 6.7.1 (edcfbbe)
C            1.90502081776473        0.62542631885372        0.29480391547225
C            1.01945524297613       -0.18493799202166       -0.64895176781550
O           -0.00000975517082       -0.92997111440658        0.00008594841399
C           -1.01946844179533       -0.18476836750142        0.64893805084712
C           -1.90502805224372        0.62536153969427       -0.29502492173349
H            1.36375279641130        1.46715461524423        0.71922051921047
H            2.26201290808656       -0.00803660116569        1.10302486591312
H            2.75695284414551        1.00742189872283       -0.25916426678645
H            1.61530917009527       -0.95217994923471       -1.14929528565845
H            0.58428253535584        0.46988408240915       -1.41425216199380
H           -1.61532740181914       -0.95188161832549        1.14947259227651
H           -0.58429040084223        0.47024114877151        1.41407549311770
H           -2.75695668621675        1.00750109042707        0.25884843109078
H           -1.36375524695174        1.46698078925926       -0.71965147943889
H           -2.26202583284412       -0.00830024786556       -1.10308794558029
15
 energy: -17.722659402622 gnorm: 0.000032231166 xtb: 6.7.1 (edcfbbe)
C            1.90546738434727        0.62514690359512        0.29490905390821
C            1.01945966477376       -0.18462558464370       -0.64894261827468
O           -0.00000673159246       -0.92966405816852        0.00008589720869
C           -1.01947178965982       -0.18445773400735        0.64892472497423
C           -1.90547615694942        0.62508557079054       -0.29512605661744
H            1.36448213312679        1.46676929124910        0.71989403881414
H            2.26259491108503       -0.00875909775512        1.10272154936841
H            2.75729476855788        1.00725374898992       -0.25914428196502
H            1.61500900771722       -0.95181161079642       -1.14973336782022
H            0.58425577820771        0.47060108923564       -1.41387535588675
H           -1.61502482361109       -0.95151402545775        1.14991017475064
H           -0.58426649958440        0.47096154580463        1.41369100098860
H           -2.75730348630744        1.00733617813149        0.25882915969316
H           -1.36448602562302        1.46659744477079       -0.72032381000611
H           -2.26260363753651       -0.00902406887746       -1.10277812180080
15
 energy: -17.722659560931 gnorm: 0.000031723303 xtb: 6.7.1 (edcfbbe)
C            1.90589724308544        0.62486997392837        0.29501546639178
C            1.01945988358951       -0.18431541743666       -0.64894017320289
O           -0.00001025396493       -0.92934978407180        0.00008592004211
C           -1.01947322373076       -0.18414534179286        0.64892696427772
C           -1.90590425211118        0.62480462613315       -0.29523698203644
H            1.36519611949850        1.46639257434448        0.72055982711625
H            2.26315724768823       -0.00947261910604        1.10242581817578
H            2.75762247416628        1.00708046453579       -0.25912246245700
H            1.61470812469268       -0.95144540942865       -1.15017653712199
H            0.58422129219166        0.47131257042676       -1.41350526357928
H           -1.61472680970616       -0.95114645525244        1.15035373840261
H           -0.58422868861578        0.47166910082018        1.41332944006637
H           -2.75762589187027        1.00715871080016        0.25880640188434
H           -1.36519845823313        1.46621841204592       -0.72099029484647
H           -2.26317030972860       -0.00973581308543       -1.10248987577782
15
 energy: -17.722659714281 gnorm: 0.000031092407 xtb: 6.7.1 (edcfbbe)
C            1.90632373132826        0.62459659023605        0.29511792711534
C            1.01945862039008       -0.18401162550429       -0.64893317778143
O           -0.00000718430457       -0.92905702574477        0.00008586099376
C           -1.01947104837899       -0.18384365979922        0.64891576181861
C           -1.90633217950548        0.62453488229602       -0.29533534685176
H            1.36589646638025        1.46601889596161        0.72120562613567
H            2.26370174430019       -0.01017701953015        1.10213713779717
H            2.75795271584090        1.00691203878055       -0.25909706546785
H            1.61441224778510       -0.95108032178167       -1.15061242783390
H            0.58418192227601        0.47201317037268       -1.41313277183178
H           -1.61442835563852       -0.95078254732174        1.15078948844123
H           -0.58419230234556        0.47237306846541        1.41294888256538
H           -2.75796093589553        1.00699374656564        0.25878173983061
H           -1.36590034693118        1.46584687646078       -0.72163528325803
H           -2.26371059834946       -0.01044147659599       -1.10219436433794
15
 energy: -17.722659862793 gnorm: 0.000030523794 xtb: 6.7.1 (edcfbbe)
C            1.90673514615769        0.62432575341616        0.29522069247003
C            1.01945299955758       -0.18371089673097       -0.64893232272243
O           -0.00000884425224       -0.92876167782266        0.00008578402026
C           -1.01946563995659       -0.18354142285352        0.64891701532366
C           -1.90674303725044        0.62426182922939       -0.29544023605335
H            1.36658618370607        1.46565814657075        0.72183943209873
H            2.26422307879088       -0.01086953927140        1.10185752369193
H            2.75827596075206        1.00673144039810       -0.25906569926691
H            1.61411341242583       -0.95071629548115       -1.15105618378640
H            0.58413525042683        0.47270750719351       -1.41276581978012
H           -1.61413092739497       -0.95041719030936        1.15123284635593
H           -0.58414373256119        0.47306553796780        1.41258626453794
H           -2.75828175188488        1.00681108861971        0.25875012693041
H           -1.36658919173711        1.46548448249722       -0.72226897300253
H           -2.26423440982802       -0.01113317056264       -1.10191846348206
15
 energy: -17.722660006613 gnorm: 0.000030066853 xtb: 6.7.1 (edcfbbe)
C            1.90714254038019        0.62405821741307        0.29531981751128
C            1.01944668632964       -0.18341399504323       -0.64892998403949
O           -0.00000846842662       -0.92847498705176        0.00008577056831
C           -1.01945977793910       -0.18324556831427        0.64891408874517
C           -1.90715020559575        0.62399526537293       -0.29553867903062
H            1.36726722373876        1.46530687150497        0.72244887251540
H            2.26472360745076       -0.01155225869258        1.10158825200210
H            2.75860322929840        1.00654524689614       -0.25903424955833
H            1.61382057129518       -0.95035497056823       -1.15149159664433
H            0.58408623625007        0.47339341271780       -1.41240090074061
H           -1.61383760539869       -0.95005696205994        1.15166897481545
H           -0.58409560093671        0.47375171082793        1.41221938302051
H           -2.75860940130300        1.00662563733140        0.25871873320499
H           -1.36727064249254        1.46513401006803       -0.72287901091765
H           -2.26473389569909       -0.01181603754134       -1.10164748411710
15
 energy: -17.722660145799 gnorm: 0.000029630283 xtb: 6.7.1 (edcfbbe)
C            1.90754120535854        0.62379571043500        0.29541710850339
C            1.01943987471543       -0.18312243973236       -0.64892986998622
O           -0.00000823084493       -0.92819216486562        0.00008556823401
C           -1.01945175795492       -0.18295274059983        0.64891356225539
C           -1.90754978448982        0.62373199831399       -0.29563577223688
H            1.36794397111612        1.46497092661271        0.72304190219093
H            2.26520565127497       -0.01221885401819        1.10132826548783
H            2.75893072982402        1.00634964704039       -0.25899864282840
H            1.61352812388730       -0.95000086274703       -1.15192441265268
H            0.58403740734438        0.47406645663961       -1.41204406162423
H           -1.61354511549520       -0.94970100544381        1.15210013159539
H           -0.58404580233652        0.47442489226578        1.41186331176557
H           -2.75893745730481        1.00643001263330        0.25868355610819
H           -1.36794717831625        1.46479664600247       -0.72347082966002
H           -2.26521713982682       -0.01248262967549       -1.10138782981720
15
 energy: -17.722660280565 gnorm: 0.000029214652 xtb: 6.7.1 (edcfbbe)
C            1.90793621596668        0.62353661860861        0.29551030977383
C            1.01943283279264       -0.18283308330786       -0.64892915361695
O           -0.00000914875652       -0.92791098581394        0.00008563740112
C           -1.01944700195546       -0.18266543577398        0.64891382585204
C           -1.90794303541698        0.62347363549433       -0.29572962310196
H            1.36861178969462        1.46464429798008        0.72361125429487
H            2.26567140856947       -0.01287526741020        1.10107645064925
H            2.75926130176822        1.00614751142838       -0.25896579543806
H            1.61324402233270       -0.94964956495794       -1.15234534994554
H            0.58399011174991        0.47473144002758       -1.41169309846122
H           -1.61326146904878       -0.94935258734441        1.15252362321359
H           -0.58399974313854        0.47508874156483        1.41151146860764
H           -2.75926605178880        1.00622785093347        0.25865038368617
H           -1.36861497131253        1.46447143666938       -0.72404247640858
H           -2.26568176450513       -0.01313901523740       -1.10113546917114
15
 energy: -17.722660411126 gnorm: 0.000028798707 xtb: 6.7.1 (edcfbbe)
C            1.90832270435691        0.62328361511874        0.29560284300934
C            1.01942787103812       -0.18255139610749       -0.64893005998747
O           -0.00000748902751       -0.92763590112858        0.00008548120342
C           -1.01943815581791       -0.18238039798161        0.64891283886569
C           -1.90833257835866        0.62321940058894       -0.29582073550960
H            1.36927577838167        1.46433093456392        0.72417159219567
H            2.26612461770798       -0.01351568849098        1.10083183290339
H            2.75958832997575        1.00594307069482       -0.25892962098544
H            1.61296013915936       -0.94930993848398       -1.15276372981259
H            0.58394487709307        0.47538078337713       -1.41134976583819
H           -1.61297684300387       -0.94900802660820        1.15293722418934
H           -0.58395254371934        0.47573962388200        1.41116921345192
H           -2.75959653909092        1.00602393943754        0.25861470884254
H           -1.36927888480316        1.46415509072268       -0.72459879417950
H           -2.26613678693998       -0.01377951672399       -1.10089104101345
15
 energy: -17.722660537757 gnorm: 0.000028420752 xtb: 6.7.1 (edcfbbe)
C            1.90870767970774        0.62303223827979        0.29569093402181
C            1.01941977427055       -0.18226902348936       -0.64892870758692
O           -0.00001013917164       -0.92736197026818        0.00008569026554
C           -1.01943640831155       -0.18210353626714        0.64891438188785
C           -1.90871251686270        0.62296993173370       -0.29591099394410
H            1.36992701116490        1.46401893294120        0.72471189507495
H            2.26656983303587       -0.01414883099415        1.10059134483495
H            2.75991644449723        1.00573817274567       -0.25889782200744
H            1.61268550971418       -0.94896734793716       -1.15316728073879
H            0.58390012671720        0.47602542797202       -1.41101147537052
H           -1.61270352749787       -0.94867324044893        1.15334824929540
H           -0.58391121867496        0.47638157519661        1.41082877358313
H           -2.75991892252933        1.00581811033744        0.25858227679225
H           -1.36993002803422        1.46384748250231       -0.72514545602129
H           -2.26657912107390       -0.01441232944289       -1.10064982275174
15
 energy: -17.722660660719 gnorm: 0.000028057078 xtb: 6.7.1 (edcfbbe)
C            1.90908087284033        0.62278770004489        0.29578108407233
C            1.01941807348277       -0.18199797188533       -0.64893039427820
O           -0.00000629608210       -0.92709469916109        0.00008543076940
C           -1.01942562396015       -0.18182457136361        0.64891181573321
C           -1.90909290768394        0.62272263333495       -0.29599793899753
H            1.37057179755977        1.46371743379406        0.72525567961367
H            2.26700687222201       -0.01476928157067        1.10035422125421
H            2.76023248225003        1.00553807696778       -0.25886320624245
H            1.61241133246714       -0.94864115931659       -1.15357472355776
H            0.58385861453617        0.47665384275396       -1.41067733396912
H           -1.61242744683309       -0.94833569041614        1.15374475057603
H           -0.58386487067447        0.47701353621182        1.41049754638817
H           -2.76024323582673        1.00561937209000        0.25854849771076
H           -1.37057500091498        1.46353942712295       -0.72567994871899
H           -2.26702016643125       -0.01503305574606       -1.10041349301866
15
 energy: -17.722660780328 gnorm: 0.000027644052 xtb: 6.7.1 (edcfbbe)
C            1.90945558634453        0.62254301807675        0.29586662551185
C            1.01940771673256       -0.18172224037336       -0.64892788815631
O           -0.00001051612085       -0.92682993324746        0.00008566199197
C           -1.01942547025256       -0.18155778781731        0.64891379763863
C           -1.90945954569866        0.62248110106109       -0.29608681754563
H            1.37120360317744        1.46340960931032        0.72578420497445
H            2.26744435444681       -0.01538389772390        1.10011837378980
H            2.76054939543028        1.00534477026045       -0.25883166895176
H            1.61214212339024       -0.94830608111956       -1.15396468867975
H            0.58381396485710        0.47727922748834       -1.41034974041989
H           -1.61216044660004       -0.94801315711831        1.15414676244400
H           -0.58382586876290        0.47763498512867        1.41016606654692
H           -2.76055105191384        1.00542449681883        0.25851612128434
H           -1.37120651597162        1.46323879160814       -0.72621854997688
H           -2.26745283210700       -0.01564730949177       -1.10017627311665
15
 energy: -17.722660896804 gnorm: 0.000027186596 xtb: 6.7.1 (edcfbbe)
C            1.90981839373685        0.62230418633566        0.29595413010539
C            1.01940706006019       -0.18145803890645       -0.64892858837036
O           -0.00000729509171       -0.92656849262913        0.00008547517360
C           -1.01941677622878       -0.18128640203130        0.64891105147578
C           -1.90982869322299        0.62223963052950       -0.29617177188331
H            1.37182298164889        1.46310735534776        0.72631864537384
H            2.26787624797394       -0.01599249820002        1.09988124161786
H            2.76085061287410        1.00515884070021       -0.25880166103526
H            1.61188020826295       -0.94798590448693       -1.15435873488293
H            0.58377563928722        0.47789342103808       -1.41002186260230
H           -1.61189676784906       -0.94768282962529        1.15453127123814
H           -0.58378288157120        0.47825195672996        1.40984135478346
H           -2.76085939179111        1.00523958547347        0.25848667704792
H           -1.37182622464984        1.46293067191732       -0.72674487193042
H           -2.26788861648793       -0.01625588933194       -1.09994036877634
15
 energy: -17.722661010330 gnorm: 0.000026776104 xtb: 6.7.1 (edcfbbe)
C            1.91018038720591        0.62206689413355        0.29604034452363
C            1.01939899812644       -0.18119243854214       -0.64892648831766
O           -0.00000889513161       -0.92631306630194        0.00008545828299
C           -1.01941311938680       -0.18102492903528        0.64891039595629
C           -1.91018725222201        0.62200406627979       -0.29625899455466
H            1.37243537288370        1.46280090474516        0.72685051515907
H            2.26831295458175       -0.01659154973237        1.09964580752397
H            2.76114821200351        1.00498457066460       -0.25877011107336
H            1.61161508339907       -0.94766386881976       -1.15474224744995
H            0.58373285457804        0.47849837297954       -1.40970240638358
H           -1.61163253731997       -0.94736629230522        1.15491991219433
H           -0.58374289124087        0.47885560822225        1.40951918536139
H           -2.76115339003254        1.00506486256999        0.25845506188053
H           -1.37243850111222        1.46262752564979       -0.72728099192405
H           -2.26832277938090       -0.01685506764705       -1.09970345384387
15
 energy: -17.722661121076 gnorm: 0.000026410424 xtb: 6.7.1 (edcfbbe)
C            1.91053615045316        0.62183272181548        0.29612502343034
C            1.01939675175901       -0.18093247286523       -0.64892461514567
O           -0.00000851486289       -0.92605750802423        0.00008546476773
C           -1.01940891001560       -0.18076277402118        0.64890832904742
C           -1.91054446375397        0.62176862259549       -0.29634361373985
H            1.37303214504921        1.46249346441714        0.72737976214499
H            2.26874684140384       -0.01718988009272        1.09940596318468
H            2.76143585427747        1.00481678797142       -0.25874455694161
H            1.61136269931664       -0.94734664998486       -1.15512087485546
H            0.58369688766593        0.47910010490573       -1.40938121255736
H           -1.61137992675612       -0.94704623545177        1.15529616505467
H           -0.58370518298203        0.47945733671456        1.40920007928549
H           -2.76144226109214        1.00489685064167        0.25842930634415
H           -1.37303528039524        1.46231813050053       -0.72780820467605
H           -2.26875829311577       -0.01745290626111       -1.09946502800839
15
 energy: -17.722661229097 gnorm: 0.000026040745 xtb: 6.7.1 (edcfbbe)
C            1.91088803320922        0.62160130586562        0.29621122860514
C            1.01939136654307       -0.18067471641341       -0.64892256117878
O           -0.00000814194297       -0.92580807675417        0.00008555814902
C           -1.01940441985812       -0.18050645199313        0.64890564723679
C           -1.91089581747622        0.62153839451788       -0.29642910129497
H            1.37362518456471        1.46218627032901        0.72791255532782
H            2.26918453462950       -0.01777687036760        1.09916988045145
H            2.76171643139041        1.00465920611813       -0.25871574376946
H            1.61110480777745       -0.94703454040802       -1.15549581017723
H            0.58365722548810        0.47968869469887       -1.40906883513406
H           -1.61112198675790       -0.94673566977933        1.15567189326069
H           -0.58366720880080        0.48004645542618        1.40888530627416
H           -2.76172314972934        1.00473993300359        0.25840053909051
H           -1.37362826899785        1.46201206162636       -0.72834153065716
H           -2.26919409308774       -0.01804040300905       -1.09922703884883
15
 energy: -17.722661334462 gnorm: 0.000025694686 xtb: 6.7.1 (edcfbbe)
C            1.91123652593530        0.62137297366721        0.29629361845109
C            1.01938894484712       -0.18042081356113       -0.64891877487634
O           -0.00000908899574       -0.92555921546608        0.00008559489219
C           -1.01940188780647       -0.18025135838764        0.64890320516605
C           -1.91124407976254        0.62130852824124       -0.29651289337604
H            1.37420483335303        1.46187837659802        0.72843757359192
H            2.26961783255878       -0.01836276261955        1.09892905508305
H            2.76199272942928        1.00450672985449       -0.25869228378836
H            1.61085846928691       -0.94672445511582       -1.15586239673716
H            0.58362424495141        0.48027601598960       -1.40875434890404
H           -1.61087640530129       -0.94642440159772        1.15603809673912
H           -0.58363284796263        0.48063242312333        1.40857394108586
H           -2.76199802323065        1.00458606637942        0.25837680250666
H           -1.37420755821362        1.46170297004237       -0.72886638820746
H           -2.26962919213740       -0.01862548428684       -1.09898881429146
15
 energy: -17.722661437169 gnorm: 0.000025357534 xtb: 6.7.1 (edcfbbe)
C            1.91157897231030        0.62114612484076        0.29637912453117
C            1.01938539654723       -0.18016905109313       -0.64891749218082
O           -0.00000737265873       -0.92531420198153        0.00008555865501
C           -1.01939790816244       -0.18000085190475        0.64889952218883
C           -1.91158728755080        0.62108376555425       -0.29659604882473
H            1.37477950647785        1.46157276261249        0.72896386170406
H            2.27005150041694       -0.01893802917997        1.09869547138631
H            2.76226031479902        1.00435849564369       -0.25866615726992
H            1.61060961376617       -0.94641944167716       -1.15622763833147
H            0.58358723458445        0.48085049872603       -1.40844997306670
H           -1.61062622774071       -0.94612015353016        1.15640317403963
H           -0.58359761390715        0.48120887992367        1.40826489532429
H           -2.76226829050174        1.00443981678866        0.25835112927236
H           -1.37478299563268        1.46139857998385       -0.72939217157017
H           -2.27006034579621       -0.01920160184576       -1.09875126852276
15
 energy: -17.722661530640 gnorm: 0.000025596934 xtb: 6.7.1 (edcfbbe)
C            1.91193513795459        0.62094496284678        0.29643942995746
C            1.01939908483972       -0.17992490863818       -0.64891170238232
O           -0.00000916280272       -0.92505648659827        0.00008553831764
C           -1.01941216418010       -0.17975553435983        0.64889607104193
C           -1.91194259494730        0.62088051680983       -0.29665862718520
H            1.37539641921911        1.46135554553889        0.72937464357665
H            2.27042922575397       -0.01945050537445        1.09849902381666
H            2.76259829534084        1.00413223914580       -0.25865323633412
H            1.61040159280434       -0.94615312070763       -1.15651223192034
H            0.58359733270527        0.48137061343807       -1.40820284170023
H           -1.61041960172121       -0.94585305029111        1.15668792569126
H           -0.58360598420427        0.48172693376912        1.40802211116163
H           -2.76260353356277        1.00421150770975        0.25833779877860
H           -1.37539910307316        1.46118003566554       -0.72980336837108
H           -2.27044044717481       -0.01971315609338       -1.09855854711347
