15
 energy: -26.163866717601 gnorm: 0.042014475437 xtb: 6.7.1 (edcfbbe)
C           -2.48941772197937        0.48281496523396       -0.19937787739144
C           -2.09138863603290       -0.84092547278468       -0.37209137199254
C           -0.78454184244498       -1.22515872964029       -0.07955536094851
C            0.09647830778670       -0.26279540866691        0.38569706233278
C           -0.27150661477306        1.06138839667352        0.56628489695567
C           -1.58059696219577        1.43044237881401        0.26749265787424
O            1.40203450424367       -0.67001147151050        0.74219006515962
C            2.39009235804908       -0.40970927370667       -0.14593264677517
O            2.24179014632055        0.12776928695908       -1.21759932867540
H           -3.50861871577908        0.77638684734947       -0.42780990224534
H           -2.79713092378641       -1.58099421885443       -0.73485723210290
H           -0.45187198007907       -2.24984719550596       -0.20575269939718
H            0.45248851308110        1.78139444698229        0.93297462922767
H           -1.88895772521696        2.46199768721224        0.40298635159236
H            3.34451461032545       -0.76702150301507        0.26100609227094
15
 energy: -26.165296397224 gnorm: 0.020940495070 xtb: 6.7.1 (edcfbbe)
C           -2.48266617126298        0.48057978165136       -0.19641673965208
C           -2.08907007007906       -0.83707379604581       -0.36765745044306
C           -0.78916774387152       -1.22072521336645       -0.07604835816038
C            0.09806095132377       -0.26581675912110        0.38920620292396
C           -0.27577165146798        1.05570745234691        0.56369130159319
C           -1.57870655252752        1.42363683090856        0.26693740776617
O            1.40911170455664       -0.66934802473604        0.72784434696740
C            2.38254202505926       -0.40625668013790       -0.14466397254957
O            2.24403185724664        0.13549718634302       -1.20683074865962
H           -3.49595032201511        0.77409420219262       -0.42629036154659
H           -2.79181375683304       -1.57151681332462       -0.73224927029830
H           -0.46040617847247       -2.24072093889399       -0.20497688189437
H            0.44433251156997        1.77543676938042        0.92336483334650
H           -1.88488852911592        2.45093944429262        0.39832151713653
H            3.33372924340825       -0.76870270594957        0.26142350935501
15
 energy: -26.165627045817 gnorm: 0.007179473505 xtb: 6.7.1 (edcfbbe)
C           -2.48246330128929        0.48002826200238       -0.19405632726895
C           -2.09145057211252       -0.83649181757916       -0.36369353472971
C           -0.79378561894638       -1.21993651712651       -0.07462244617025
C            0.09995056605883       -0.26929731551235        0.38793359992200
C           -0.27717480565588        1.05160385849232        0.55932747121695
C           -1.57828273381084        1.42076221951708        0.26673475315081
O            1.41462561612215       -0.67186155053785        0.71356523472870
C            2.37873406326940       -0.40336225891732       -0.14220747575141
O            2.25805754014672        0.15189616962544       -1.19958191912249
H           -3.49323879742567        0.77448044951235       -0.42426420170458
H           -2.79328435664109       -1.56890787019878       -0.72732365487080
H           -0.46779309311439       -2.23883030926529       -0.20338265711333
H            0.44241367499372        1.77143893025326        0.91442565953890
H           -1.88120619034653        2.44684094747468        0.39640386408588
H            3.32826532627073       -0.77263246220020        0.26639696997309
15
 energy: -26.165694678691 gnorm: 0.002554910611 xtb: 6.7.1 (edcfbbe)
C           -2.48515717225833        0.48021234228254       -0.19248350898130
C           -2.09565385709245       -0.83754827483422       -0.36111914622625
C           -0.79737154832464       -1.22172376154014       -0.07510606279333
C            0.09966928234406       -0.27184432480907        0.38361781650950
C           -0.27655231566532        1.04953423475705        0.55482234034625
C           -1.57821148963935        1.42043244526721        0.26541428573784
O            1.41486654325339       -0.67619909761620        0.70579522671930
C            2.38088897640837       -0.39747328034442       -0.13792628639874
O            2.27434236949598        0.16938305464910       -1.19278529979217
H           -3.49626649477792        0.77567144226552       -0.42089951921315
H           -2.79890947225175       -1.57026099044577       -0.72167936966265
H           -0.47288717482915       -2.24165279728967       -0.20272228507806
H            0.44479706463273        1.76954805146848        0.90723806506162
H           -1.87882985606780        2.44725453342753        0.39535171318113
H            3.32864246229114       -0.77960284169788        0.26813736647483
15
 energy: -26.165720225896 gnorm: 0.008634965980 xtb: 6.7.1 (edcfbbe)
C           -2.48945082259283        0.48131747205527       -0.18970868461166
C           -2.10477226936052       -0.83941732021213       -0.35603250305892
C           -0.80585810238474       -1.22719941813908       -0.07503251597908
C            0.09782141257897       -0.27880385597128        0.37483671975680
C           -0.27315995542406        1.04444131711261        0.54536937702909
C           -1.57591827754544        1.41975811096068        0.26203461485311
O            1.41260660356237       -0.69109258133241        0.69068971763991
C            2.38401083922208       -0.39651151084057       -0.13560881171946
O            2.30227437957184        0.20735008706004       -1.17652588604849
H           -3.50115649876355        0.77985665420711       -0.41460789948123
H           -2.81208433943502       -1.57192460069016       -0.71081513135766
H           -0.48519873838932       -2.24953917508825       -0.20063725290129
H            0.45251202649767        1.76379590720851        0.89316778406548
H           -1.87166196552031        2.44854368831865        0.39256789400548
H            3.33340302550182       -0.77484403910892        0.27595791369272
15
 energy: -26.165776039025 gnorm: 0.006240537954 xtb: 6.7.1 (edcfbbe)
C           -2.49087501438418        0.48137098765097       -0.18851443899029
C           -2.10827718660856       -0.84037484625689       -0.35428001944100
C           -0.80891096605453       -1.22992077575145       -0.07582305788534
C            0.09662931054205       -0.28147736797467        0.37027799752521
C           -0.27142704095342        1.04251306207416        0.54060255172159
C           -1.57469229688988        1.41921863046286        0.25987342019758
O            1.41069917115824       -0.69621568239563        0.68655425329861
C            2.38803958948786       -0.38469298185230       -0.12889034906213
O            2.31154681934190        0.22218137818650       -1.16749193161768
H           -3.50312547223078        0.78105760917292       -0.41088114817945
H           -2.81796891476955       -1.57267761192746       -0.70588394238953
H           -0.48996479193421       -2.25322595549476       -0.20041461483846
H            0.45608116334268        1.76142352424296        0.88641553296146
H           -1.86876917847922        2.44880374853866        0.39068334131774
H            3.33438212595053       -0.78225298313578        0.27342774126651
15
 energy: -26.165822496067 gnorm: 0.003719018278 xtb: 6.7.1 (edcfbbe)
C           -2.49093010514804        0.48158348018236       -0.18694685636833
C           -2.11198075386184       -0.84097940463631       -0.35219082848217
C           -0.81291608976737       -1.23337685965736       -0.07659042459875
C            0.09552617087951       -0.28602573611107        0.36565661515711
C           -0.26838257953077        1.03907705296408        0.53481410579303
C           -1.57156886478759        1.41792279107359        0.25712098289463
O            1.40849860098346       -0.70479029448965        0.68120369791899
C            2.39025835042940       -0.37797343743069       -0.12494036037481
O            2.31594207876372        0.24054232533933       -1.15524946409399
H           -3.50321315434278        0.78313444961137       -0.40616603397190
H           -2.82465456274922       -1.57185481644970       -0.70063875751983
H           -0.49674880145551       -2.25737684273402       -0.20044691490389
H            0.46143635429926        1.75684184388628        0.87751997386740
H           -1.86331373969484        2.44818316350352        0.38751196165673
H            3.33541441350155       -0.77917697951164        0.27499763891060
15
 energy: -26.165974575028 gnorm: 0.011678121291 xtb: 6.7.1 (edcfbbe)
C           -2.49179705318118        0.48303944983781       -0.17867402372774
C           -2.13482120051753       -0.84557601024189       -0.33773826423134
C           -0.83786316509491       -1.25448937680425       -0.07752576321268
C            0.08950448741310       -0.31424857061081        0.34055267913832
C           -0.25077475599758        1.01780658243113        0.50179922909088
C           -1.55310571006169        1.41056846263211        0.24057023474840
O            1.39711275261463       -0.75743094935867        0.64536088499700
C            2.40135588615112       -0.34099746490166       -0.10470623459439
O            2.34660464010323        0.36598496671369       -1.08061288271766
H           -3.50334805413413        0.79638541719411       -0.38309395465687
H           -2.86407141339534       -1.56847363034729       -0.66850033532734
H           -0.53801486834510       -2.28315589508910       -0.19557409702027
H            0.49313803296001        1.72927742567694        0.82546019409911
H           -1.82973576062057        2.44552742050451        0.36628095019947
H            3.33918349962487       -0.76848709209649        0.28205671909994
15
 energy: -26.166100975390 gnorm: 0.006947979789 xtb: 6.7.1 (edcfbbe)
C           -2.49053792773613        0.48333084579221       -0.17633299804327
C           -2.13877252567722       -0.84628975780422       -0.33470814083513
C           -0.84279887174503       -1.25908916221595       -0.07775331202652
C            0.08968375519804       -0.32144174395193        0.33516183507932
C           -0.24575340919930        1.01212568465321        0.49287504861693
C           -1.54744216765948        1.40837315843907        0.23663197153680
O            1.39630246365679       -0.76741323661322        0.63555950200978
C            2.40136833479851       -0.33588371149080       -0.10143442335008
O            2.34198011007790        0.39014545185831       -1.05927379038641
H           -3.50160045068060        0.79971844582870       -0.37641917887530
H           -2.87136941836472       -1.56610898123189       -0.66297897646627
H           -0.54654447183961       -2.28811849373903       -0.19651006259243
H            0.50143800650020        1.72125979603492        0.81193544966117
H           -1.82048860740130        2.44385564506597        0.36163575987120
H            3.33790249759086       -0.75873320508519        0.28726665168503
15
 energy: -26.166177300707 gnorm: 0.018080042519 xtb: 6.7.1 (edcfbbe)
C           -2.49203936088462        0.48479559900725       -0.16816655273065
C           -2.15908012280507       -0.85083092982874       -0.32037897314991
C           -0.86447708717019       -1.27716025697998       -0.07917044356938
C            0.08750966684897       -0.34750414965992        0.31042361514562
C           -0.23017937748215        0.99159875837226        0.46059215498341
C           -1.53083401932443        1.40177318593928        0.22162813947162
O            1.39078213151738       -0.81015091131159        0.59232015607555
C            2.40851891606596       -0.30605223023685       -0.08365175172920
O            2.36450068104405        0.50830711388328       -0.97820313810922
H           -3.50229379340407        0.81227105312097       -0.35440565306766
H           -2.90581879584591       -1.56381307915570       -0.63157766733077
H           -0.58255620131631       -2.31077555401276       -0.19298241654766
H            0.53058240045729        1.69478745436395        0.76082942723740
H           -1.78870888785511        2.44159895117435        0.34207907627007
H            3.33746116767314       -0.75311426913561        0.29631936293564
15
 energy: -26.166332301786 gnorm: 0.006488330883 xtb: 6.7.1 (edcfbbe)
C           -2.49514617078586        0.48501440626532       -0.16763424180878
C           -2.15802281471255       -0.85076682709877       -0.32014107458040
C           -0.86154570990551       -1.27343291767822       -0.08209085790334
C            0.09028644018339       -0.34397193749273        0.30754168987076
C           -0.23424278968473        0.99317450961479        0.46231874509419
C           -1.53528401499105        1.40323924251315        0.22445494952207
O            1.39541618989947       -0.80010421863590        0.58244998472121
C            2.40837098034622       -0.31001906066459       -0.08412879749218
O            2.37030496496960        0.49751544723119       -0.97624254363686
H           -3.50585506120866        0.81128918957550       -0.35494028246578
H           -2.90285025906363       -1.56657388330277       -0.62910144947365
H           -0.57777799772405       -2.30792267195907       -0.19459838552424
H            0.52603684597520        1.69755662053315        0.76301663501966
H           -1.79294401681746        2.44329232026900        0.34520897553310
H            3.33662073103855       -0.76255948362987        0.29954198900909
15
 energy: -26.166427836122 gnorm: 0.004581083534 xtb: 6.7.1 (edcfbbe)
C           -2.49752880602342        0.48607974610258       -0.16296508154531
C           -2.16837445022260       -0.85231058343469       -0.31299637405610
C           -0.87183092508230       -1.28086304777054       -0.08504610431149
C            0.08862899164180       -0.35473080939529        0.29245990193695
C           -0.22847048076032        0.98476456351362        0.44722945017270
C           -1.52949957528905        1.40092326773985        0.21847426914647
O            1.39173374649857       -0.81984250027504        0.55890353736271
C            2.41505778922158       -0.29541097918174       -0.07456641454233
O            2.38938885849612        0.53852249035541       -0.94358743146836
H           -3.50834738084188        0.81686047986032       -0.34321514429788
H           -2.91975071738382       -1.56579667962970       -0.61257030361162
H           -0.59411346458500       -2.31732197331419       -0.19617930991463
H            0.53710865091444        1.68651069913221        0.74168541043318
H           -1.78076628424924        2.44270731376085        0.33942659621075
H            3.34013136518403       -0.75436125192346        0.30860233436982
15
 energy: -26.166451274270 gnorm: 0.012205402503 xtb: 6.7.1 (edcfbbe)
C           -2.50094025158251        0.48666987868239       -0.15525165367307
C           -2.18176224684249       -0.85419373737900       -0.30205600062141
C           -0.88487762749282       -1.28941664212386       -0.09042223730028
C            0.08712422242777       -0.36736950231721        0.26806653252960
C           -0.22106070931484        0.97476710661719        0.42337853973150
C           -1.52250654225677        1.39731621913026        0.20957938469721
O            1.38692364580959       -0.84529581095069        0.52082453194801
C            2.42433798634115       -0.27751765860229       -0.05991197012244
O            2.41839213792579        0.60344701456301       -0.88703437082683
H           -3.51227154055004        0.82234022081189       -0.32374955806397
H           -2.94202205073085       -1.56526690044317       -0.58557572525744
H           -0.61484857091798       -2.32793521899677       -0.19989419370633
H            0.55075680842875        1.67390027171375        0.70788836859929
H           -1.76590245546160        2.44088153633958        0.33071002117152
H            3.34202451173579       -0.75659604150484        0.31910366677950
15
 energy: -26.166514068073 gnorm: 0.003622958867 xtb: 6.7.1 (edcfbbe)
C           -2.50088250609551        0.48603340093552       -0.15555876249997
C           -2.17819489371591       -0.85310804631698       -0.30398225582299
C           -0.88091144744753       -1.28563896586280       -0.09131096081107
C            0.08709133882632       -0.36163666991564        0.27004963891281
C           -0.22384062947233        0.97959258775781        0.42725490950182
C           -1.52587925375902        1.39839335765142        0.21179804161263
O            1.38670456071170       -0.83861001499485        0.52654953139964
C            2.42440063294543       -0.28363601103403       -0.06177422026580
O            2.41741515257424        0.58211526006874       -0.89779294015508
H           -3.51271503341626        0.81899614064918       -0.32482744044568
H           -2.93599765583139       -1.56550540164593       -0.58931617816703
H           -0.60788618557100       -2.32267169312871       -0.20286036820976
H            0.54472948179216        1.68033559212811        0.71495152401942
H           -1.77290401091189        2.44074374770377        0.33459989205081
H            3.34223776688991       -0.75967254845539        0.31787492476510
15
 energy: -26.166562134073 gnorm: 0.003000366573 xtb: 6.7.1 (edcfbbe)
C           -2.50239367099203        0.48514446637366       -0.15271905240104
C           -2.17936143513653       -0.85346747628631       -0.30169716992896
C           -0.88108112183296       -1.28479709831318       -0.09357592004098
C            0.08718426493549       -0.36005553806943        0.26425306451349
C           -0.22373876673693        0.98098461954079        0.42206472896623
C           -1.52674944512942        1.39811262129920        0.21028022073795
O            1.38598652391366       -0.83997809840621        0.51794856274060
C            2.42660817134716       -0.28501244095160       -0.05858515792431
O            2.42613696148148        0.59527449975490       -0.87995838555014
H           -3.51495499590701        0.81719542593159       -0.31833346104859
H           -2.93746065138982       -1.56651397007141       -0.58348573049956
H           -0.60751893268873       -2.32136956424668       -0.20571230710672
H            0.54450987761041        1.68317161692907        0.70643998515879
H           -1.77434873992580        2.44031321824531        0.33305302705786
H            3.34054927796997       -0.77327154618947        0.31568293121023
15
 energy: -26.166647056183 gnorm: 0.008975095462 xtb: 6.7.1 (edcfbbe)
C           -2.50888088745934        0.48361059339178       -0.14072796203290
C           -2.19058517445255       -0.85564421818006       -0.29097142248341
C           -0.88930071639192       -1.28776218423310       -0.10300033635145
C            0.08616305897886       -0.36331539762610        0.23662816549357
C           -0.21909449811564        0.97888908417130        0.39601362272671
C           -1.52529434412393        1.39577516647977        0.20225782296876
O            1.38134527657774       -0.85863522100766        0.47587922497948
C            2.43852284105798       -0.27830571187931       -0.04208983132327
O            2.46540620621043        0.65727410507733       -0.80469520750622
H           -3.52387654558568        0.81654071273007       -0.28938230816761
H           -2.95442851869167       -1.56883782016356       -0.55602292826920
H           -0.61834804484659       -2.32458226804748       -0.21580590904187
H            0.55227998941947        1.68332681482252        0.66561682481089
H           -1.76995045642625        2.43890923617347        0.32512344276806
H            3.33940913136802       -0.80151215616868        0.31683213731331
15
 energy: -26.166695678031 gnorm: 0.006194433580 xtb: 6.7.1 (edcfbbe)
C           -2.51127200095726        0.48306996887351       -0.13647692317789
C           -2.19383649516434       -0.85669687760636       -0.28836946754689
C           -0.89152649961493       -1.28817899214231       -0.10602988584433
C            0.08585062385884       -0.36337186211315        0.22910826956576
C           -0.21789538130277        0.97907378052098        0.38780340230187
C           -1.52555716660403        1.39542888682318        0.20016726611021
O            1.38036170062943       -0.86357265613950        0.46306729382975
C            2.44240978350060       -0.27697126547113       -0.03667768785788
O            2.47785102930664        0.67408843497382       -0.77715221338665
H           -3.52714234595766        0.81617984879113       -0.27886044250531
H           -2.95878236458836       -1.57014022758213       -0.54946501542504
H           -0.62044362365213       -2.32511069055723       -0.21923398689887
H            0.55439202947715        1.68477070177530        0.65129859996020
H           -1.76984871003146        2.43892072486673        0.32274227501245
H            3.33880673861921       -0.81175903947257        0.31373385174749
15
 energy: -26.166751850683 gnorm: 0.006152427260 xtb: 6.7.1 (edcfbbe)
C           -2.51454174131053        0.48239580910643       -0.12988328137991
C           -2.19997871550346       -0.85875290238689       -0.28236233840447
C           -0.89690879277222       -1.28995714403042       -0.10963668162151
C            0.08548398087085       -0.36530856629830        0.21538671617344
C           -0.21544818640234        0.97763760306532        0.37163128943880
C           -1.52494789513361        1.39439474617341        0.19500460134953
O            1.37887722485973       -0.87409275573022        0.43702551347346
C            2.44865556364301       -0.27149890512718       -0.02706513756428
O            2.49972056663445        0.71416427976727       -0.71998706388011
H           -3.53119058947731        0.81666128583585       -0.26222823210836
H           -2.96763423544356       -1.57214083045502       -0.53586247563888
H           -0.62669930058154       -2.32755397055000       -0.22169140575545
H            0.55859931652426        1.68429783494791        0.62513766024111
H           -1.76741052293806        2.43842464939770        0.31668690708606
H            3.33679064454923       -0.83294039817556        0.30349926447546
15
 energy: -26.166765071265 gnorm: 0.008611177107 xtb: 6.7.1 (edcfbbe)
C           -2.51513362820324        0.48225180372875       -0.12853539630088
C           -2.20097438902564       -0.86012685599679       -0.28038469723576
C           -0.89868722575542       -1.28994860915420       -0.10842208244870
C            0.08570313416206       -0.36500224614862        0.21374986689849
C           -0.21575616049510        0.97750050011322        0.36602746850872
C           -1.52579156715122        1.39445415280460        0.19277261895293
O            1.37971189506148       -0.87603262789241        0.42588191794962
C            2.44964810707375       -0.27018977411226       -0.02490118978253
O            2.50697744772287        0.73256057791627       -0.68007826033148
H           -3.53120502449063        0.81716589039482       -0.25874482270912
H           -2.96873948017004       -1.57356565690800       -0.53358653493708
H           -0.62758639988766       -2.32819824971376       -0.21730409102043
H            0.55846120006537        1.68454562452201        0.61468625558704
H           -1.76763671520433        2.43861441619876        0.31249089696265
H            3.33437612381668       -0.84829821021208        0.28200338579141
15
 energy: -26.166786555702 gnorm: 0.010548664476 xtb: 6.7.1 (edcfbbe)
C           -2.52010067885179        0.48158798392726       -0.11981875108704
C           -2.21098423044127       -0.86245013871088       -0.26971689959682
C           -0.90748175439017       -1.29368163221406       -0.11358105909593
C            0.08501826086133       -0.36986224438818        0.19134500475783
C           -0.21221267201106        0.97349207959867        0.34303811522734
C           -1.52413531665061        1.39234596029714        0.18459738954287
O            1.37654202419946       -0.89337844500505        0.38363200809841
C            2.45883646265859       -0.26255028826664       -0.01183887162240
O            2.54100380596176        0.79419385990564       -0.59180298048301
H           -3.53707642201778        0.81855645807024       -0.23849681072594
H           -2.98427856126489       -1.57529683888798       -0.50938642254521
H           -0.63911569270587       -2.33296264401128       -0.21952869938809
H            0.56558706069710        1.68145537740058        0.57836822866857
H           -1.76137115687923        2.43767375248992        0.30282294517953
H            3.33313618835335       -0.87339250466504        0.26602213895478
15
 energy: -26.166816664990 gnorm: 0.002321780446 xtb: 6.7.1 (edcfbbe)
C           -2.51715204470971        0.48209740016216       -0.12616942196668
C           -2.20505387289254       -0.86020899983188       -0.27570634166428
C           -0.90187205431052       -1.29187300765345       -0.11057975979893
C            0.08526827761384       -0.36765795048120        0.20412229522165
C           -0.21432599543990        0.97552440139145        0.35880976768198
C           -1.52463122242433        1.39344908410291        0.18961163178402
O            1.37755110241404       -0.88277288129856        0.41063346561868
C            2.45338134132380       -0.26731259296636       -0.02060133842771
O            2.51969866734104        0.75184856805053       -0.65448823372735
H           -3.53395455804157        0.81738707048668       -0.25391396208152
H           -2.97559863684743       -1.57322740099410       -0.52233999766769
H           -0.63268865693262       -2.33011581497221       -0.21931366301532
H            0.56138697741474        1.68257465105389        0.60514270050524
H           -1.76420516997385        2.43804782248720        0.30981483266424
H            3.33556316298393       -0.85202961399675        0.28063336075857
15
 energy: -26.166824115700 gnorm: 0.000655567788 xtb: 6.7.1 (edcfbbe)
C           -2.51693041999090        0.48218064130598       -0.12719698139944
C           -2.20524190719100       -0.86021954803527       -0.27485455712868
C           -0.90218088376146       -1.29231864591637       -0.10931268701437
C            0.08523275441832       -0.36831832850874        0.20420545572946
C           -0.21416347225554        0.97511109482901        0.35936191574743
C           -1.52422007770621        1.39335613099048        0.18917662714483
O            1.37754494363948       -0.88385158747912        0.40824296709049
C            2.45313522368413       -0.26729387632304       -0.02203445978534
O            2.51951196910099        0.75737330667451       -0.64876718533017
H           -3.53363491638356        0.81756642722924       -0.25663571326415
H           -2.97597348491606       -1.57328739608293       -0.52033281687661
H           -0.63362664826120       -2.33071550672802       -0.21743813368747
H            0.56172797986119        1.68210165741908        0.60607326416101
H           -1.76333846481315        2.43817549628193        0.30841244540320
H            3.33552472209390       -0.85412913011641        0.27675519509471
15
 energy: -26.166823907148 gnorm: 0.003120686122 xtb: 6.7.1 (edcfbbe)
C           -2.51675486935172        0.48210588383639       -0.12975965327114
C           -2.20533272332068       -0.86039164025766       -0.27314085058234
C           -0.90225531375335       -1.29280155805749       -0.10649286662191
C            0.08532852959802       -0.36866369567548        0.20426511510092
C           -0.21441913873171        0.97519451852134        0.35991853614166
C           -1.52404043699578        1.39343708964947        0.18758680854175
O            1.37757907041596       -0.88455968222309        0.40487898643170
C            2.45344059889312       -0.26455039935442       -0.01936960914721
O            2.52096282120264        0.76847517845808       -0.63505562706323
H           -3.53333445054856        0.81722199406681       -0.26286127050311
H           -2.97613416464556       -1.57405077896654       -0.51601229837051
H           -0.63477261350539       -2.33155509848668       -0.21259598706752
H            0.56124520635245        1.68227208933752        0.60823558535281
H           -1.76280090092403        2.43848857201663        0.30559237472570
H            3.33465570283352       -0.86489173732458        0.26046609221730
15
 energy: -26.166831745822 gnorm: 0.001954844927 xtb: 6.7.1 (edcfbbe)
C           -2.51678962405951        0.48217826678940       -0.12956118222877
C           -2.20571527463773       -0.86046808338965       -0.27257941404102
C           -0.90264755191515       -1.29303229159850       -0.10608559820937
C            0.08528163078616       -0.36894288741985        0.20394802267745
C           -0.21427713783413        0.97497239310299        0.35936992642128
C           -1.52382333047049        1.39338755684583        0.18725642320243
O            1.37762434145807       -0.88545836619832        0.40240527878654
C            2.45354436203819       -0.26539258179856       -0.02127195532457
O            2.52172254177376        0.77044579901992       -0.63122938650492
H           -3.53320238317179        0.81753872348905       -0.26273468695889
H           -2.97664252080198       -1.57410760402456       -0.51533615240496
H           -0.63538922641396       -2.33188577921435       -0.21203475027891
H            0.56143636886477        1.68194066837817        0.60735757826687
H           -1.76242629826465        2.43847837297336        0.30524546247896
H            3.33467142016738       -0.86392345141462        0.26090577000275
15
 energy: -26.166836098379 gnorm: 0.000742909416 xtb: 6.7.1 (edcfbbe)
C           -2.51715505384052        0.48216208845663       -0.12847052138662
C           -2.20659884329950       -0.86076610463844       -0.27165436680580
C           -0.90345554840767       -1.29331938071709       -0.10623591261010
C            0.08517748674451       -0.36919879258776        0.20262564900976
C           -0.21402752459673        0.97464419944866        0.35745245841010
C           -1.52371379976411        1.39318100041398        0.18679082630026
O            1.37758798882850       -0.88685398815917        0.39818667819355
C            2.45425979778906       -0.26552163972769       -0.02157295417922
O            2.52433631663811        0.77376749173804       -0.62318600979513
H           -3.53335214327626        0.81802322352671       -0.26052994779332
H           -2.97783809249742       -1.57439780246370       -0.51394561327550
H           -0.63633726548385       -2.33231824477531       -0.21182335855612
H            0.56192657203507        1.68165705966654        0.60350658656112
H           -1.76204406040136        2.43839186079183        0.30426678377742
H            3.33460148705108       -0.86372023543292        0.26024503803446
15
 energy: -26.166839663611 gnorm: 0.000565369655 xtb: 6.7.1 (edcfbbe)
C           -2.51758722705336        0.48204825913029       -0.12792001673904
C           -2.20743399257087       -0.86109117575666       -0.27026955505041
C           -0.90419149589651       -1.29362417828470       -0.10599606587533
C            0.08514612047776       -0.36941272856360        0.20075341760485
C           -0.21377041109955        0.97453148622763        0.35520606152398
C           -1.52365415490061        1.39305486586172        0.18571487263786
O            1.37741437616575       -0.88828004688767        0.39364462492424
C            2.45513200797954       -0.26476166049060       -0.02034619602073
O            2.52745124927336        0.77975261942412       -0.61291127956475
H           -3.53380063326984        0.81809979572730       -0.25932975957130
H           -2.97898985912935       -1.57482386492027       -0.51125833985556
H           -0.63729521762362       -2.33273819687778       -0.21101764384593
H            0.56232288174286        1.68173435148565        0.60015733287318
H           -1.76177010896998        2.43833713825138        0.30299893986798
H            3.33439378239335       -0.86709592878650        0.25622894297584
15
 energy: -26.166848501838 gnorm: 0.002234418669 xtb: 6.7.1 (edcfbbe)
C           -2.52011489022730        0.48131178780952       -0.12376882008314
C           -2.21164340630820       -0.86261283098039       -0.26405385480203
C           -0.90775855765511       -1.29484607020401       -0.10691355255723
C            0.08502158274412       -0.37024721157684        0.18985608821473
C           -0.21239362891178        0.97402226573281        0.34329139156181
C           -1.52366041964952        1.39223049403314        0.18138359663856
O            1.37633753036371       -0.89493209749093        0.37094592036309
C            2.45976844496487       -0.26080674786818       -0.01254010283015
O            2.54356639505395        0.80600287953111       -0.56489433098156
H           -3.53683110122447        0.81801241283548       -0.24994321084017
H           -2.98518141620089       -1.57672309218682       -0.49745129031674
H           -0.64147633683924       -2.33431849576574       -0.20982011541113
H            0.56467032465697        1.68259688883604        0.58091098647220
H           -1.76043295025225        2.43800051386506        0.29707024735712
H            3.33349574700406       -0.88195996102995        0.24158238309950
15
 energy: -26.166851476201 gnorm: 0.001183812125 xtb: 6.7.1 (edcfbbe)
C           -2.52044276521117        0.48121418532074       -0.12283879425716
C           -2.21197041582548       -0.86269376190803       -0.26356716878644
C           -0.90793347728509       -1.29480786877437       -0.10772632631388
C            0.08505986583286       -0.37016521723806        0.18834125892754
C           -0.21222629776632        0.97412867087774        0.34158029526991
C           -1.52370946325973        1.39222929363039        0.18092731475525
O            1.37622421036739       -0.89494803267176        0.36967790081937
C            2.46019538040730       -0.26071276808515       -0.01147653065704
O            2.54477437413928        0.80547490959890       -0.56364866380017
H           -3.53738952236593        0.81779320501829       -0.24758906690921
H           -2.98564458656556       -1.57669852186434       -0.49670215784365
H           -0.64147685088479       -2.33416207277983       -0.21129645439754
H            0.56486830034419        1.68278053246804        0.57884564344741
H           -1.76051540602875        2.43788662744647        0.29750978996731
H            3.33355397162073       -0.88158844549874        0.24361829566317
15
 energy: -26.166856291361 gnorm: 0.000716549660 xtb: 6.7.1 (edcfbbe)
C           -2.52176444946128        0.48086246124275       -0.11958595974230
C           -2.21357108830608       -0.86298942125299       -0.26135084095593
C           -0.90894280491782       -1.29491878020754       -0.11034096257307
C            0.08513186778408       -0.37029360616366        0.18215830406276
C           -0.21172758258818        0.97418581578280        0.33558145239824
C           -1.52385823371466        1.39203793364267        0.17961727302545
O            1.37580235459714       -0.89640430667128        0.36063649077094
C            2.46215164228173       -0.26059431587550       -0.00883463980184
O            2.55098798882084        0.80978038986007       -0.55053426220783
H           -3.53938748189698        0.81703438558936       -0.24009488733096
H           -2.98818811978346       -1.57699253775089       -0.49120051918724
H           -0.64255040221883       -2.33418754777534       -0.21472752915285
H            0.56578862401104        1.68334224315674        0.56974619010331
H           -1.76010145467310        2.43775293107387        0.29696430120236
H            3.33359645758448       -0.88288490911075        0.24762092527383
15
 energy: -26.166858880437 gnorm: 0.000196136839 xtb: 6.7.1 (edcfbbe)
C           -2.52275752437188        0.48059546191456       -0.11755465030739
C           -2.21499871403019       -0.86335037333844       -0.25927187159871
C           -0.90997228262689       -1.29519214866366       -0.11144339096610
C            0.08510546840284       -0.37052366106518        0.17780514283017
C           -0.21141098598299        0.97410586265897        0.33128069212839
C           -1.52394371177306        1.39183967786067        0.17849840116638
O            1.37549444517328       -0.89812711072505        0.35255156519383
C            2.46382795899269       -0.25986209692696       -0.00660059857023
O            2.55648748763186        0.81677143921979       -0.53605328727539
H           -3.54067931428590        0.81665136472833       -0.23563608134429
H           -2.99028638122222       -1.57752818452980       -0.48642013215700
H           -0.64391895858490       -2.33456011343300       -0.21571797386716
H            0.56657565321577        1.68365187060171        0.56249512648569
H           -1.75964456652895        2.43773633491424        0.29540214490825
H            3.33348874350947       -0.88647758767588        0.24632024925842
15
 energy: -26.166860708032 gnorm: 0.000738411177 xtb: 6.7.1 (edcfbbe)
C           -2.52395741619124        0.48025722076735       -0.11496956439368
C           -2.21664022558594       -0.86375505076445       -0.25698513352767
C           -0.91114970182021       -1.29547160446218       -0.11304103453216
C            0.08509127016733       -0.37074078619909        0.17243691711374
C           -0.21100638522272        0.97405654479442        0.32575974360723
C           -1.52406716959905        1.39161545506213        0.17712761385485
O            1.37514759483133       -0.89998433838386        0.34327455301618
C            2.46582919387725       -0.25871490359088       -0.00327037004122
O            2.56294649765632        0.82463832050232       -0.51880351182316
H           -3.54227795915788        0.81620970998673       -0.22967253877095
H           -2.99268501608668       -1.57822233973920       -0.48072706048155
H           -0.64559754786959       -2.33498427459365       -0.21718687686080
H            0.56764858546340        1.68397438418904        0.55338496358955
H           -1.75924508472098        2.43767687299944        0.29362837159840
H            3.33333068177758       -0.89082447502781        0.24469926353611
15
 energy: -26.166861669480 gnorm: 0.000973671776 xtb: 6.7.1 (edcfbbe)
C           -2.52506609004249        0.47993371282550       -0.11237946238373
C           -2.21813942842606       -0.86412630281679       -0.25472103662008
C           -0.91216610853861       -1.29569422750856       -0.11475223190851
C            0.08511994399615       -0.37090470142586        0.16725565117089
C           -0.21059225898696        0.97406266646965        0.32037491938641
C           -1.52413365791103        1.39145850738924        0.17566542772238
O            1.37485579756223       -0.90151140135666        0.33511034715357
C            2.46759605260697       -0.25791544607474       -0.00029910709341
O            2.56865484531102        0.83091591462607       -0.50374755745101
H           -3.54380862816056        0.81578283118817       -0.22359029887296
H           -2.99480339136493       -1.57878899711972       -0.47565916414390
H           -0.64705305871847       -2.33528124900250       -0.21921877965684
H            0.56866359007748        1.68425639493442        0.54491742560703
H           -1.75893863256020        2.43758864498853        0.29230051346318
H            3.33317834267439       -0.89404561157645        0.24439868951185
15
 energy: -26.166862229716 gnorm: 0.000354328210 xtb: 6.7.1 (edcfbbe)
C           -2.52552766202341        0.47977555685833       -0.11110936443486
C           -2.21864925642389       -0.86422604312258       -0.25404303653309
C           -0.91247385631664       -1.29569494378568       -0.11584022519039
C            0.08514364630762       -0.37089326086147        0.16499077125069
C           -0.21044195506973        0.97413332861595        0.31800510997038
C           -1.52420693503924        1.39140290460889        0.17515464234049
O            1.37474825300198       -0.90193710252137        0.33206142780739
C            2.46826512458755       -0.25770345924934        0.00109081553838
O            2.57082634770936        0.83265872961092       -0.49799815718854
H           -3.54449476662314        0.81554059162306       -0.22042908521862
H           -2.99559485043404       -1.57902677889442       -0.47353613266040
H           -0.64753136954107       -2.33529939116354       -0.22054803748910
H            0.56908518004101        1.68445893892512        0.54110453637112
H           -1.75889084361855        2.43756076912227        0.29179800061510
H            3.33311026096111       -0.89501910422585        0.24495407070632
15
 energy: -26.166862591900 gnorm: 0.000271781539 xtb: 6.7.1 (edcfbbe)
C           -2.52607163651452        0.47958751047505       -0.10987292340479
C           -2.21940170780677       -0.86448374131203       -0.25262235938916
C           -0.91301526758618       -1.29580953313923       -0.11638515831930
C            0.08515594695251       -0.37090448255255        0.16239351179030
C           -0.21019545218312        0.97423207309621        0.31508543428070
C           -1.52423202848748        1.39135037027387        0.17406947000575
O            1.37460308087556       -0.90282569410158        0.32753483694320
C            2.46911471050613       -0.25742419027015        0.00248560270524
O            2.57382291921106        0.83618437254397       -0.48895889913818
H           -3.54522395778406        0.81534980924031       -0.21759761948752
H           -2.99660455825089       -1.57933846288345       -0.47086061020565
H           -0.64815562640086       -2.33540272784750       -0.22127480121724
H            0.56947271309191        1.68476503052532        0.53694213658606
H           -1.75881485193532        2.43749518709168        0.29102720797740
H            3.33291303383094       -0.89704478559964        0.24368950675806
15
 energy: -26.166862873562 gnorm: 0.000144058679 xtb: 6.7.1 (edcfbbe)
C           -2.52634725330705        0.47949581614699       -0.10941595299593
C           -2.21980349620565       -0.86465399721920       -0.25188831152211
C           -0.91333088768134       -1.29586532544791       -0.11649737087113
C            0.08514048434760       -0.37087093426553        0.16113345075907
C           -0.21011096989129        0.97427995992257        0.31376866930031
C           -1.52431018095615        1.39128075778447        0.17359909325728
O            1.37452127563885       -0.90343426459104        0.32459909426329
C            2.46959413717896       -0.25723010822225        0.00322441949107
O            2.57561729872402        0.83874511317875       -0.48251189359420
H           -3.54554662087228        0.81528793769459       -0.21658192204674
H           -2.99721809713216       -1.57959982268406       -0.46911316417536
H           -0.64844865617837       -2.33548609700216       -0.22104979248559
H            0.56959862463618        1.68505124884123        0.53467513243630
H           -1.75875607827352        2.43749887720479        0.29021758725825
H            3.33276773749113       -0.89876842580097        0.24149629681036
15
 energy: -26.166863018966 gnorm: 0.000069413471 xtb: 6.7.1 (edcfbbe)
C           -2.52639715263280        0.47948329994126       -0.10954512000188
C           -2.21995042319532       -0.86477234082151       -0.25146157554370
C           -0.91348818712001       -1.29592628996727       -0.11602996181612
C            0.08511590395986       -0.37083716007533        0.16102241684077
C           -0.21009051922259        0.97431372781856        0.31351704173644
C           -1.52432462058616        1.39127653319207        0.17328243470742
O            1.37449679326315       -0.90371296262026        0.32328197850921
C            2.46972515083556       -0.25715016216629        0.00331956376309
O            2.57622648396018        0.84030062115330       -0.47878675420046
H           -3.54553781200439        0.81530796842405       -0.21708656461678
H           -2.99740621436793       -1.57973534140980       -0.46847613408851
H           -0.64849367710316       -2.33555754270759       -0.22024232865959
H            0.56952625747451        1.68519609684711        0.53426349588900
H           -1.75872027454370        2.43752861314409        0.28970283253876
H            3.33268560880171       -0.89998432521210        0.23889401082721
15
 energy: -26.166863043908 gnorm: 0.000038606022 xtb: 6.7.1 (edcfbbe)
C           -2.52646030701823        0.47947913156504       -0.10950450623509
C           -2.22006521579349       -0.86480697825795       -0.25128390960977
C           -0.91359637905790       -1.29596785138807       -0.11599151515020
C            0.08510929057875       -0.37086914146848        0.16073239884496
C           -0.21007542875080        0.97429310782769        0.31321814114517
C           -1.52433906243476        1.39125672820548        0.17316012309896
O            1.37446579674974       -0.90391921104054        0.32239467487022
C            2.46987991736304       -0.25705683016226        0.00349927331499
O            2.57675167348574        0.84122247832259       -0.47671722093411
H           -3.54561718318215        0.81530263740356       -0.21697155110472
H           -2.99760230406557       -1.57980843085069       -0.46793679252137
H           -0.64863914141971       -2.33563077703769       -0.21998984379644
H            0.56958045691067        1.68521888685948        0.53369884338394
H           -1.75867926353876        2.43754058436015        0.28940973061451
H            3.33265446769236       -0.90052359879802        0.23793748996382
