----------------------------------------------- 
  Element       SASA      Sigma Z        Total  
     Z         Ang**2 cal/Ang**2/mol   kcal/mol 
----------------------------------------------- 
      H        115.223      48.690       5.610
      C         27.483     129.740       3.566
      O         12.446       0.000       0.000

 Subtotal:     155.153                   9.176
 -----------------------------------------------

  Elements    COT*SASA   Sigma Z,Z'     Total   
    Z,Z'       Ang**2  cal/Ang**2/mol kcal/mol  
 ---------------------------------------------- 
  H   C         77.630     -60.770      -4.718
  H   O          0.000       0.000       0.000
  C   C         16.842     -72.950      -1.229
  O   C          0.009      68.690       0.001

 Subtotal:                              -5.946
 ---------------------------------------------- 

 NONAQUEOUS SOLVENT CONTRIBUTION (kcal/mol):
 (proportional to SASA, atomic number independent)
 ---------------------------------------------- 
 Subtotal:                               0.000
 ---------------------------------------------- 

 CDS TOTAL (kcal/mol):                   3.230
...............................................................................
