15
 energy: -17.722184470610 gnorm: 0.030169447943 xtb: 6.7.1 (edcfbbe)
C            2.39021468256804        0.39591807909618        0.00006839450728
C            1.18771041325927       -0.51955694033688       -0.00017949282244
O            0.00000449232538        0.28499675354443        0.00007864522068
C           -1.18769973014688       -0.51955969749583        0.00005573058869
C           -2.39020609389406        0.39591217298808       -0.00002679933290
H            2.39495935125540        1.03355074650663        0.88955299102552
H            3.30865484544871       -0.19869365434076       -0.00029585209591
H            2.39474172166507        1.03429420396201       -0.88888590964752
H            1.19018572068145       -1.16932932328873        0.88897436272810
H            1.19014523172229       -1.16879429772046       -0.88972428537440
H           -1.19011793625529       -1.16909079295317       -0.88927429229166
H           -1.19018790777941       -1.16903903694011        0.88942428626323
H           -2.39488088341303        1.03395518550104        0.88916387652036
H           -2.39480598285372        1.03387765802171       -0.88927462004018
H           -3.30864431008178       -0.19870207738540       -0.00003905706861
15
 energy: -17.722957776932 gnorm: 0.012365629521 xtb: 6.7.1 (edcfbbe)
C            2.39319563448496        0.39706711677498        0.00006560184852
C            1.18744338166519       -0.52005064078485       -0.00017582539540
O            0.00000451196341        0.26653676194174        0.00007150433337
C           -1.18743250419832       -0.52005358635628        0.00004745726630
C           -2.39318698350943        0.39706115155396       -0.00002349909383
H            2.38198463219070        1.03251416371331        0.88337036791965
H            3.30735336006359       -0.19427092192854       -0.00028240232362
H            2.38177656983739        1.03323014805829       -0.88272170850339
H            1.18925366810235       -1.16619655046678        0.89042096124493
H            1.18921443026844       -1.16567453795822       -0.89115226943134
H           -1.18919074398839       -1.16595913817923       -0.89072379705142
H           -1.18925218662925       -1.16591809108195        0.89084950836278
H           -2.38190406434049        1.03289947895445        0.88299877009444
H           -2.38184297865101        1.03283294316668       -0.88309337851630
H           -3.30734311275771       -0.19427931824881       -0.00003331257447
15
 energy: -17.723119849913 gnorm: 0.003235173824 xtb: 6.7.1 (edcfbbe)
C            2.38781001394487        0.40116505511286        0.00006350042363
C            1.18287272081528       -0.52287991984389       -0.00017130047927
O            0.00000452011894        0.25708614421404        0.00006380697743
C           -1.18286172603143       -0.52288293570228        0.00003638760697
C           -2.38780134552157        0.40115905530896       -0.00001770203390
H            2.36722699354700        1.03434337146334        0.88152847604964
H            3.29873933422776       -0.18854735927234       -0.00026389851893
H            2.36703283206848        1.03502407999840       -0.88090719451310
H            1.19027275076337       -1.16913085558840        0.89077893058713
H            1.19023635227663       -1.16863034202644       -0.89148618945136
H           -1.19021558162821       -1.16889441366404       -0.89108813026877
H           -1.19026831632964       -1.16887288339552        0.89117707092776
H           -2.36714570461465        1.03470299932562        0.88118273706116
H           -2.36709997867049        1.03465269462737       -0.88125314375166
H           -3.29872925046489       -0.18855571139894       -0.00002537243649
15
 energy: -17.723142160361 gnorm: 0.001131651475 xtb: 6.7.1 (edcfbbe)
C            2.38482240169323        0.40353169569685        0.00006328077570
C            1.18179347433886       -0.52527808181920       -0.00016858780138
O            0.00000451764754        0.25241502668135        0.00004999171411
C           -1.18178247056789       -0.52528109015809        0.00002479281058
C           -2.38481373684283        0.40352570358106       -0.00001121970823
H            2.36020113422653        1.03631696479251        0.88190163611830
H            3.29777879655599       -0.18264670861109       -0.00024416070584
H            2.36002300150376        1.03696485004578       -0.88130440233809
H            1.19339471278041       -1.17284339834593        0.89041818637382
H            1.19336630155898       -1.17236576221484       -0.89110443583634
H           -1.19334755016212       -1.17261075742292       -0.89073402074523
H           -1.19338824163518       -1.17260448616146        0.89078867172322
H           -2.36011941758006        1.03665295068024        0.88157961083862
H           -2.36009060617786        1.03661712417830       -0.88162658370525
H           -3.29776870283793       -0.18265505176382       -0.00001478133376
15
 energy: -17.723148834882 gnorm: 0.001078830360 xtb: 6.7.1 (edcfbbe)
C            2.38150612941087        0.40590043466052        0.00005826629762
C            1.18211888328957       -0.52863340951155       -0.00015935286500
O            0.00000452146215        0.24674699132755        0.00004235640188
C           -1.18210789201478       -0.52863639381020        0.00000779850854
C           -2.38149748350506        0.40589445912619       -0.00000149302293
H            2.35361227170364        1.03880101527334        0.88240330725553
H            3.29861897853826       -0.17463530902534       -0.00021616190394
H            2.35345826745417        1.03939561664580       -0.88185489545544
H            1.19758023022544       -1.17737927891550        0.89015481412614
H            1.19755914596184       -1.17693550507115       -0.89079856131237
H           -1.19754275627296       -1.17714564913541       -0.89047954514643
H           -1.19757138901596       -1.17717522427512        0.89047387913078
H           -2.35353312416284        1.03909566911345        0.88212546671932
H           -2.35352330710512        1.03908921667013       -0.88213282053642
H           -3.29860886146777       -0.17464365391397       -0.00000508001707
15
 energy: -17.723150257984 gnorm: 0.000311746614 xtb: 6.7.1 (edcfbbe)
C            2.38105418583856        0.40595360816689        0.00005682445403
C            1.18280372905200       -0.52923024119115       -0.00015515102987
O            0.00000452580889        0.24588683354626        0.00003950233242
C           -1.18279273464835       -0.52923322696453        0.00000024568518
C           -2.38104554313016        0.40594763392705        0.00000276421872
H            2.35284024581698        1.03894822437244        0.88223417390776
H            3.29885730146539       -0.17350795615276       -0.00020482135513
H            2.35269517092464        1.03951654460722       -0.88170749459231
H            1.19794515544705       -1.17758268868858        0.89028466917615
H            1.19792404392915       -1.17715385014254       -0.89090863258303
H           -1.19790898352103       -1.17734819630965       -0.89061306641246
H           -1.19793497201340       -1.17739443623834        0.89058028449018
H           -2.35276256731523        1.03922281767556        0.88197632409053
H           -2.35275874552625        1.03923020898112       -0.88196543420984
H           -3.29884719762682       -0.17351629643025       -0.00000220999210
15
 energy: -17.723150571274 gnorm: 0.000068138404 xtb: 6.7.1 (edcfbbe)
C            2.38054537041238        0.40617668216423        0.00005296959482
C            1.18312504017814       -0.52981076318229       -0.00014734768608
O            0.00000452518137        0.24510204675709        0.00003617829428
C           -1.18311404306203       -0.52981375429948       -0.00001143847612
C           -2.38053672529314        0.40617070430004        0.00000912360957
H            2.35154135402436        1.03916221294193        0.88212406316080
H            3.29885976469240       -0.17233845403582       -0.00018664556004
H            2.35141297318842        1.03969102516300       -0.88163404889067
H            1.19825937691074       -1.17797516263033        0.89031459649359
H            1.19824102949529       -1.17756950441523       -0.89090571430863
H           -1.19822718306713       -1.17773881506305       -0.89064802074654
H           -1.19824797837208       -1.17781194166308        0.89057233709453
H           -2.35146720408193        1.03940497106315        0.88189941277919
H           -2.35147301577959        1.03943651438016       -0.88185878150993
H           -3.29884966992577       -0.17234678232158        0.00000129433148
15
 energy: -17.723150609203 gnorm: 0.000031681541 xtb: 6.7.1 (edcfbbe)
C            2.38036386901163        0.40629971514364        0.00005057415000
C            1.18320035082067       -0.53006635895280       -0.00014202351938
O            0.00000452717982        0.24478640797212        0.00003308397038
C           -1.18318935189223       -0.53006934692037       -0.00002053401237
C           -2.38035522611505        0.40629373617325        0.00001428834986
H            2.35107547104825        1.03929480601840        0.88211026473386
H            3.29891515821654       -0.17182186007282       -0.00017222263545
H            2.35095934167414        1.03979165757622       -0.88164825521497
H            1.19843150308109       -1.17819529545732        0.89033612517098
H            1.19841429452219       -1.17780881344673       -0.89090260211046
H           -1.19840176759366       -1.17795839990617       -0.89067370134572
H           -1.19841877730068       -1.17805179146707        0.89056506413200
H           -2.35100440122374        1.03951200782240        0.88191155273456
H           -2.35101631112750        1.03956269583679       -0.88184703701042
H           -3.29890506580005       -0.17183018116079        0.00000340078736
