15
 energy: -17.722749261271 gnorm: 0.026082273339 xtb: 6.7.1 (edcfbbe)
C            1.72285461966161        0.85320351226349       -0.29636019886804
C            1.22441574591745       -0.55757434153574       -0.02823791887076
O           -0.00337284786790       -0.61304622978965        0.71803585277201
C           -1.21000578736746       -0.54355885823738       -0.06201766693579
C           -1.73597034321152        0.86935599929266       -0.25645813138562
H            2.72620004970608        0.80299704362864       -0.73344024370365
H            1.07937031918401        1.39338159440470       -0.99446589515778
H            1.78795441222370        1.42286842900771        0.63630272576113
H            1.95878852921823       -1.09316415335012        0.58416663189866
H            1.10538312974897       -1.11346045936597       -0.96931484682248
H           -1.04859437054298       -1.03717093080549       -1.03092319421169
H           -1.95022342219805       -1.13256444057678        0.49248764117196
H           -2.72264920828612        0.82369383192741       -0.73035142167940
H           -1.84728270242733        1.37538356405091        0.70785859896684
H           -1.08365716346960        1.47022807086066       -0.89416455937637
15
 energy: -17.723573250465 gnorm: 0.011843121303 xtb: 6.7.1 (edcfbbe)
C            1.72811401993614        0.85477095492867       -0.29847750384649
C            1.22052057651323       -0.55482680674556       -0.03131900235073
O           -0.00333490124380       -0.61385102988907        0.69993409652975
C           -1.20609351393268       -0.54069300266666       -0.06573667252537
C           -1.74118636231757        0.87105746672388       -0.25770388032519
H            2.72918755408662        0.80077135999153       -0.72475932511883
H            1.08673534868140        1.38691837636208       -0.99678458093597
H            1.77411008023217        1.41748199083117        0.63245724655023
H            1.93956838223920       -1.08845217637332        0.59869291534443
H            1.10610804347501       -1.10837022280906       -0.97278486730161
H           -1.04861839099298       -1.03027162774104       -1.03552893277584
H           -1.93203130725926       -1.12958868336933        0.50508835955283
H           -2.72516580633673        0.82149207277299       -0.72262055370216
H           -1.83450958339176        1.36831819978669        0.70626887453912
H           -1.09019317939990        1.46581575997210       -0.89360880007515
15
 energy: -17.723734945335 gnorm: 0.002924391187 xtb: 6.7.1 (edcfbbe)
C            1.72879663969663        0.85691710292273       -0.29923113233890
C            1.21798096416983       -0.55504770899395       -0.03211333740752
O           -0.00349491026648       -0.61702570923464        0.68751263966232
C           -1.20343339232711       -0.54097007212550       -0.06790665087857
C           -1.74202485177168        0.87337554347859       -0.25702740900855
H            2.73069745437483        0.79946032304859       -0.71416764147841
H            1.09150866652997        1.38205520223608       -1.00400285123807
H            1.76062078903529        1.41808922141164        0.63040115172927
H            1.93079108780471       -1.08431846023446        0.60753667673750
H            1.11449033261860       -1.10764967244676       -0.97554313078730
H           -1.05530940147198       -1.02774035518094       -1.04056731937823
H           -1.92433154018843       -1.12728695447846        0.51063368927211
H           -2.72606434530214        0.82041350870429       -0.71320469482386
H           -1.82340271241625        1.36653112793436        0.70740246780575
H           -1.09361382019669        1.46376953473350       -0.89660508430852
15
 energy: -17.723755423943 gnorm: 0.000903289092 xtb: 6.7.1 (edcfbbe)
C            1.72716333823423        0.85763283500334       -0.29939053042341
C            1.21750385747374       -0.55618055987407       -0.03151534807457
O           -0.00369057409774       -0.62079776780153        0.68499366152572
C           -1.20277601628709       -0.54203978725960       -0.06839620042674
C           -1.74068950296345        0.87431477054105       -0.25615853537531
H            2.73180114893034        0.80064906833717       -0.70756065635715
H            1.09294221342399        1.37909777679967       -1.00996831971304
H            1.75155188925806        1.42101114715866        0.62923612238578
H            1.93141022436981       -1.08238956962453        0.60921735199264
H            1.12000887443927       -1.10906034114399       -0.97595852513966
H           -1.05911515567969       -1.02752973076331       -1.04284053944385
H           -1.92529265152092       -1.12674984142034        0.50957540265576
H           -2.72683776455432        0.82183732905053       -0.70761523986009
H           -1.81671516485163        1.36757271400346        0.70871853003469
H           -1.09405375588551        1.46320458876856       -0.89921980022173
15
 energy: -17.723773072803 gnorm: 0.002585850455 xtb: 6.7.1 (edcfbbe)
C            1.72064669843486        0.85875048794230       -0.29986012851276
C            1.21686644477845       -0.55900690580259       -0.03012973348944
O           -0.00419273670453       -0.63058589505384        0.68222149714214
C           -1.20138379645083       -0.54444151525535       -0.07002368006101
C           -1.73517524607558        0.87616362946675       -0.25377659367699
H            2.73284450946929        0.80541993593386       -0.69120900107918
H            1.09462603433581        1.37116882383710       -1.02519094036593
H            1.72684751293682        1.42910766605555        0.62560460220495
H            1.93459341619357       -1.07865859336309        0.61177681072573
H            1.12948531655110       -1.11343242828866       -0.97560481846879
H           -1.06363940847460       -1.02703602063164       -1.04759058805804
H           -1.92883332837221       -1.12675470135254        0.50443167205316
H           -2.72713159091577        0.82701968655792       -0.69403136929896
H           -1.79900359871493        1.37092077692419        0.71182115802901
H           -1.09333926670236        1.46193768480509       -0.90532151358485
15
 energy: -17.723781398476 gnorm: 0.002071092576 xtb: 6.7.1 (edcfbbe)
C            1.71814355600796        0.85872345636153       -0.30019977952254
C            1.21698315294857       -0.55951793984055       -0.02990004360254
O           -0.00432483850415       -0.63314956453767        0.68239785016641
C           -1.20109451040353       -0.54465130742213       -0.07085032355975
C           -1.73308629343291        0.87647401208464       -0.25313104633213
H            2.73229104590721        0.80754800469190       -0.68678627451018
H            1.09446436696995        1.36826626180563       -1.02937919620702
H            1.71884405546272        1.43101446576735        0.62402756187492
H            1.93529107175927       -1.07785632628939        0.61251160514554
H            1.13015301089743       -1.11471268136423       -0.97486084769261
H           -1.06246463381650       -1.02631086254906       -1.04865374886175
H           -1.92942633528110       -1.12721817223577        0.50236539977148
H           -2.72648824035783        0.82905462448828       -0.69043325343352
H           -1.79350712584131        1.37145238712670        0.71256498446717
H           -1.09256732202667        1.46145627368783       -0.90655551414445
15
 energy: -17.723799115677 gnorm: 0.000606150576 xtb: 6.7.1 (edcfbbe)
C            1.71029207795585        0.85860492438775       -0.30158686707148
C            1.21786538490295       -0.56106548053678       -0.02930403052893
O           -0.00476698703524       -0.64099408831921        0.68215904806167
C           -1.20028553204111       -0.54496616104494       -0.07435102099115
C           -1.72683864355639        0.87765885413687       -0.25070603225262
H            2.73123966950918        0.81452196063385       -0.67088199157955
H            1.09477278726429        1.35741378245356       -1.04469975004593
H            1.69063283080552        1.43734522040817        0.61836838359316
H            1.93682839054144       -1.07465803032499        0.61625846778710
H            1.13325001188623       -1.11956836470259       -0.97216668425439
H           -1.05838179492616       -1.02324702521227       -1.05298696762665
H           -1.93046106315520       -1.12886550781786        0.49529173540151
H           -2.72501897660868        0.83576771406434       -0.67759012102080
H           -1.77501272761516        1.37246551787678        0.71566649811220
H           -1.09090446763842        1.46015931577237       -0.91035329402511
15
 energy: -17.723803214301 gnorm: 0.000725443528 xtb: 6.7.1 (edcfbbe)
C            1.70411925876046        0.85859898551037       -0.30304027703780
C            1.21889969404097       -0.56275697271677       -0.02842488056548
O           -0.00525733977265       -0.64726515592014        0.68061654376740
C           -1.19970775175615       -0.54552257260747       -0.07768682161181
C           -1.72219449224556        0.87893947205843       -0.24841772315507
H            2.73058461184949        0.82065022098507       -0.65710407798431
H            1.09561662565293        1.34772586675037       -1.05824830512580
H            1.66637812080409        1.44282253516710        0.61283487597274
H            1.93775977559364       -1.07129388514349        0.62107407008862
H            1.13869397416886       -1.12455534776911       -0.96968366692273
H           -1.05672721009338       -1.02047943221651       -1.05765702499080
H           -1.93111612360603       -1.13030232248375        0.48926747813947
H           -2.72415429687613        0.84163025010566       -0.66643828291529
H           -1.75980158997432        1.37264763890161        0.71887917655593
H           -1.08988229625711        1.45973335115366       -0.91285371065603
15
 energy: -17.723804208348 gnorm: 0.000181016562 xtb: 6.7.1 (edcfbbe)
C            1.70400132243068        0.85853755697471       -0.30346993772921
C            1.21915358033007       -0.56306365223924       -0.02790897412052
O           -0.00540508151785       -0.64742516784264        0.67996259648677
C           -1.19959347815015       -0.54562669990020       -0.07830319040419
C           -1.72242551939376        0.87917521905390       -0.24796486310065
H            2.73050863531561        0.82118732270187       -0.65626553418164
H            1.09612652747794        1.34640806701778       -1.05962395303351
H            1.66469677167923        1.44326931744714        0.61150590403960
H            1.93764553299719       -1.07035367078372        0.62275564962761
H            1.14089552431809       -1.12569438946098       -0.96890703510977
H           -1.05712998739783       -1.01977970199615       -1.05878577978525
H           -1.93106562726885       -1.13063290820560        0.48816465333977
H           -2.72427544810242        0.84216468617827       -0.66581497741233
H           -1.75981452075836        1.37188017320855        0.71970057060846
H           -1.09010727167049        1.46052647962135       -0.91192775566609
15
 energy: -17.723804758399 gnorm: 0.000192152318 xtb: 6.7.1 (edcfbbe)
C            1.70393006741467        0.85844238389470       -0.30401548448759
C            1.21945396006954       -0.56326963891738       -0.02736790830969
O           -0.00550187421277       -0.64742042989395        0.67959863043039
C           -1.19937896237109       -0.54553736864485       -0.07896724541458
C           -1.72279756070310        0.87939000499812       -0.24738400445885
H            2.73092327173946        0.82115044881851       -0.65554099327653
H            1.09646824821311        1.34483465616339       -1.06156659615009
H            1.66300314591469        1.44409929204208        0.61035287029139
H            1.93766171327197       -1.06938635773082        0.62443306077993
H            1.14261238303960       -1.12688511614338       -0.96790843949697
H           -1.05674439833916       -1.01868304879596       -1.05992011202287
H           -1.93096654353574       -1.13120789341611        0.48666104300410
H           -2.72443012443442        0.84243388055057       -0.66577571423276
H           -1.76078616048780        1.37091114940526        0.72087723295522
H           -1.09023620528986        1.46170066944487       -0.91035896605205
15
 energy: -17.723805302247 gnorm: 0.000231737995 xtb: 6.7.1 (edcfbbe)
C            1.70441115437822        0.85823808196723       -0.30450829811345
C            1.21965238058522       -0.56324467610128       -0.02682615518585
O           -0.00556558415221       -0.64659163385698        0.67973567585964
C           -1.19919834372045       -0.54526439284394       -0.07930298038965
C           -1.72363331693590        0.87940728546709       -0.24700670230353
H            2.73116224177172        0.82039358705720       -0.65671201083686
H            1.09658716677940        1.34438974209594       -1.06191435022503
H            1.66429119564425        1.44434497724079        0.60958235939642
H            1.93754066106016       -1.06887735192179        0.62565204924133
H            1.14316299932095       -1.12757194364185       -0.96692923941972
H           -1.05581541474852       -1.01761949281998       -1.06050521338977
H           -1.93070690763078       -1.13185219322255        0.48553636703447
H           -2.72441225974897        0.84194192945979       -0.66747976281493
H           -1.76403437042838        1.36974099347598        0.72179277679815
H           -1.09023064188562        1.46313771941937       -0.90799714209219
15
 energy: -17.723805982460 gnorm: 0.000148432577 xtb: 6.7.1 (edcfbbe)
C            1.70493128264228        0.85790389777210       -0.30516340846520
C            1.21983223868145       -0.56313901711090       -0.02610696852654
O           -0.00565823133048       -0.64559241299303        0.68014302464338
C           -1.19891400730306       -0.54484625250362       -0.07968619985035
C           -1.72462517314436        0.87937620661112       -0.24650209293588
H            2.73137846666060        0.81935991024888       -0.65831010247256
H            1.09661966218400        1.34375100105454       -1.06239141076924
H            1.66593214369713        1.44474276650844        0.60856188235585
H            1.93744889421784       -1.06821797807770        0.62709749272853
H            1.14343174718443       -1.12839435135576       -0.96564715959579
H           -1.05418618517982       -1.01612958003514       -1.06117562403614
H           -1.93033032603946       -1.13273150503900        0.48398826703847
H           -2.72416382180053        0.84133422697149       -0.66996398291711
H           -1.76846288908035        1.36817748842374        0.72295350148188
H           -1.09002284110058        1.46497823129988       -0.90467984512025
15
 energy: -17.723806594025 gnorm: 0.000083979463 xtb: 6.7.1 (edcfbbe)
C            1.70498862178886        0.85760373643288       -0.30586309099837
C            1.22004209035424       -0.56312395374962       -0.02534560847185
O           -0.00576720326501       -0.64500669471936        0.68046982694064
C           -1.19860832328937       -0.54449570065613       -0.08018356011891
C           -1.72521833225492        0.87941981034958       -0.24592160577149
H            2.73138597017123        0.81870048567774       -0.65917230018596
H            1.09661073194507        1.34279032734492       -1.06346459063118
H            1.66629287320916        1.44541918540923        0.60726418658510
H            1.93743836681526       -1.06751784629954        0.62865703411495
H            1.14386062809639       -1.12941466777729       -0.96428057610897
H           -1.05254242416906       -1.01462760815170       -1.06200316678708
H           -1.93003471669694       -1.13362647587657        0.48223475940599
H           -2.72372865080073        0.84104293642956       -0.67185765721512
H           -1.77189855127585        1.36669529227653        0.72420010178758
H           -1.08961012033923        1.46671380508481       -0.90161637898629
15
 energy: -17.723807107787 gnorm: 0.000101649089 xtb: 6.7.1 (edcfbbe)
C            1.70477053039669        0.85736574363193       -0.30644006875489
C            1.22018816643560       -0.56317549855202       -0.02475009337913
O           -0.00588176952469       -0.64493909580219        0.68066269132920
C           -1.19833145822193       -0.54427435370658       -0.08067822387235
C           -1.72544370424510        0.87950425994078       -0.24538269315380
H            2.73135889488338        0.81852749503564       -0.65921231833354
H            1.09662306608277        1.34154764895951       -1.06485585290084
H            1.66542688591245        1.44616308869953        0.60604676677994
H            1.93749106657587       -1.06674299227866        0.63000568700400
H            1.14449039830764       -1.13038965851270       -0.96318942702268
H           -1.05129756776661       -1.01341124560586       -1.06281701844489
H           -1.92986384697016       -1.13430455604916        0.48067697981396
H           -2.72331214160931        0.84115782062000       -0.67282912469491
H           -1.77380514580250        1.36558214607111        0.72525229317248
H           -1.08920241416501        1.46796182932369       -0.89937222398351
15
 energy: -17.723807578038 gnorm: 0.000123602650 xtb: 6.7.1 (edcfbbe)
C            1.70429878964687        0.85721981514161       -0.30692587890793
C            1.22036224561239       -0.56331147665296       -0.02424954474405
O           -0.00597869049918       -0.64518947884567        0.68066684764698
C           -1.19810199887158       -0.54416031145433       -0.08117826359908
C           -1.72538014286230        0.87964140956978       -0.24489338707206
H            2.73124525133341        0.81865904139861       -0.65866101463164
H            1.09662337175816        1.34026533191922       -1.06645182780398
H            1.66374551061786        1.44694686512024        0.60490775752616
H            1.93760000562414       -1.06604931388197        0.63123066554085
H            1.14529219425733       -1.13132828510449       -0.96227221565272
H           -1.05042524240226       -1.01243887154172       -1.06362318114297
H           -1.92979095050520       -1.13482705037318        0.47930444790462
H           -2.72292830511398        0.84150536425097       -0.67307971164069
H           -1.77454223529462        1.36476161352597        0.72616870893437
H           -1.08880884301194        1.46887797870295       -0.89782602879880
15
 energy: -17.723808045503 gnorm: 0.000114294567 xtb: 6.7.1 (edcfbbe)
C            1.70378641810043        0.85709739853092       -0.30738249089110
C            1.22051880277298       -0.56347866899857       -0.02379326477365
O           -0.00609308818634       -0.64559054157177        0.68059544444526
C           -1.19788452416525       -0.54409667269021       -0.08171320488458
C           -1.72523780673671        0.87980544225415       -0.24440515356014
H            2.73116967066703        0.81896258678824       -0.65785600715655
H            1.09665677718924        1.33885533955642       -1.06815657759567
H            1.66168575070831        1.44775122241579        0.60377456257823
H            1.93768981750215       -1.06527760635813        0.63246695694640
H            1.14628951447194       -1.13230870433430       -0.96141299760795
H           -1.04973777264023       -1.01154290135549       -1.06448444583371
H           -1.92975999206892       -1.13529499032513        0.47795392944129
H           -2.72262643085114        0.84196954978201       -0.67297036736212
H           -1.77477261270615        1.36404909821905        0.72706893085461
H           -1.08847356376827        1.46967207986204       -0.89656794104128
15
 energy: -17.723808508527 gnorm: 0.000076407596 xtb: 6.7.1 (edcfbbe)
C            1.70328703746243        0.85698315881022       -0.30784422717601
C            1.22073535661101       -0.56367429746029       -0.02330020594418
O           -0.00619598210156       -0.64595264559776        0.68045433029346
C           -1.19766608697033       -0.54402831159038       -0.08228163794141
C           -1.72515095536370        0.87998026364848       -0.24391093755143
H            2.73109166194143        0.81921533907032       -0.65707387162000
H            1.09668717091058        1.33743899410372       -1.06987838713488
H            1.65966945465319        1.44854405331563        0.60264032366127
H            1.93779912846326       -1.06449865771876        0.63380523399222
H            1.14741912842229       -1.13331669111568       -0.96050846594043
H           -1.04908415368480       -1.01060328181370       -1.06539869681073
H           -1.92972707344525       -1.13577666192029        0.47655401226102
H           -2.72240000617591        0.84243301009384       -0.67278907217220
H           -1.77500745400572        1.36332364700513        0.72798158736682
H           -1.08824626642785        1.47050471294453       -0.89533261172446
15
 energy: -17.723808941039 gnorm: 0.000052818086 xtb: 6.7.1 (edcfbbe)
C            1.70290550768910        0.85685741110468       -0.30830363538914
C            1.22091974322075       -0.56383898094236       -0.02279946798380
O           -0.00632537205455       -0.64619763589412        0.68034536906648
C           -1.19745202365013       -0.54394480069157       -0.08286028259134
C           -1.72514881043751        0.88014588734039       -0.24342924097041
H            2.73106836230092        0.81939464792648       -0.65648983093505
H            1.09672561984273        1.33611094108152       -1.07143013106603
H            1.65799300271796        1.44928166457123        0.60154223574647
H            1.93783105712316       -1.06371692117186        0.63516234182870
H            1.14851399424995       -1.13432323584555       -0.95957676020768
H           -1.04839602587731       -1.00964162866612       -1.06632095502276
H           -1.92966623634972       -1.13629260487753        0.47513554043425
H           -2.72225082874778        0.84278616194589       -0.67265197438414
H           -1.77539234118432        1.36257863753346        0.72889564930967
H           -1.08811468855416        1.47137308836049       -0.89410148427618
15
 energy: -17.723809336012 gnorm: 0.000063144149 xtb: 6.7.1 (edcfbbe)
C            1.70263700656277        0.85671515524435       -0.30873114989682
C            1.22112468067297       -0.56398032298153       -0.02228777453289
O           -0.00643351417932       -0.64630669591767        0.68027031808371
C           -1.19724171822422       -0.54382696186694       -0.08340080449516
C           -1.72527557327780        0.88027954376617       -0.24299221398433
H            2.73104617692785        0.81942158364809       -0.65617872330837
H            1.09673573234069        1.33493559212611       -1.07273588652688
H            1.65679051485592        1.44991561301304        0.60055398213683
H            1.93787971266595       -1.06299605983965        0.63647542890077
H            1.14951019248664       -1.13523913893317       -0.95865679901477
H           -1.04766119215825       -1.00866779284878       -1.06718044756329
H           -1.92958706654264       -1.13680581606359        0.47375518599783
H           -2.72219265894678        0.84305254030306       -0.67264581030335
H           -1.77601791515122        1.36183507449130        0.72973613214881
H           -1.08810341774347        1.47224031763424       -0.89286406408305
15
 energy: -17.723809701706 gnorm: 0.000078610666 xtb: 6.7.1 (edcfbbe)
C            1.70245821105008        0.85656861379539       -0.30913920260685
C            1.22128853760736       -0.56407872752729       -0.02178640842260
O           -0.00655893046243       -0.64629413370174        0.68024443960863
C           -1.19704497754614       -0.54369913030486       -0.08391413870642
C           -1.72544601414456        0.88039394357123       -0.24258616029882
H            2.73103606559056        0.81935100889835       -0.65609830351708
H            1.09671530255355        1.33393065576164       -1.07381140428378
H            1.65598763936349        1.45047001025697        0.59965234349001
H            1.93786527135646       -1.06233571970655        0.63772471710782
H            1.15035464550743       -1.13608878146473       -0.95775251630151
H           -1.04687314845437       -1.00772013310968       -1.06798373346725
H           -1.92948096993164       -1.13733927645659        0.47242781202089
H           -2.72214506342692        0.84319396992412       -0.67273763036513
H           -1.77680486335863        1.36110862631977        0.73052510448234
H           -1.08814074541514        1.47311170551899       -0.89164754518120
15
 energy: -17.723810055524 gnorm: 0.000081972918 xtb: 6.7.1 (edcfbbe)
C            1.70233758192723        0.85640493475642       -0.30952939000674
C            1.22146087741669       -0.56416158606700       -0.02127096107158
O           -0.00666808828893       -0.64621245194368        0.68026662682788
C           -1.19684070971784       -0.54353763028574       -0.08440053060175
C           -1.72569528828977        0.88048470892309       -0.24221332086154
H            2.73100883804961        0.81919459380897       -0.65621101038064
H            1.09665438590256        1.33301885026379       -1.07471983736229
H            1.65548796490558        1.45096957136869        0.59880950061050
H            1.93786924756132       -1.06171439715086        0.63894092745975
H            1.15111110971593       -1.13689248635839       -0.95684262552918
H           -1.04602786440760       -1.00674604381931       -1.06874472795247
H           -1.92936240964333       -1.13786354534075        0.47110720871899
H           -2.72214960170093        0.84328775820587       -0.67294527504098
H           -1.77775206896357        1.36036410713748        0.73127601145991
H           -1.08822301417785        1.47397624827644       -0.89040522271081
15
 energy: -17.723810373685 gnorm: 0.000053611291 xtb: 6.7.1 (edcfbbe)
C            1.70218356848550        0.85623963886112       -0.30989085211859
C            1.22157085436458       -0.56421147442739       -0.02081056047102
O           -0.00679293933203       -0.64618306494680        0.68034059123418
C           -1.19664626281406       -0.54338609656191       -0.08483194564522
C           -1.72584468453228        0.88056225109985       -0.24185539077408
H            2.73097479044953        0.81902014847479       -0.65626347018352
H            1.09663250055695        1.33219048148798       -1.07560382830544
H            1.65496804890833        1.45147710517825        0.59801036875132
H            1.93786810588109       -1.06122081306941        0.63995404572039
H            1.15159115464839       -1.13754857631505       -0.95603578168045
H           -1.04513006315336       -1.00587562499421       -1.06940282350899
H           -1.92923190935754       -1.13834445231879        0.46992964199482
H           -2.72207318752654        0.84335726441130       -0.67311823394592
H           -1.77859042948244        1.35972041475567        0.73195780065348
H           -1.08826858680705        1.47477543013961       -0.88926218816190
15
 energy: -17.723810688185 gnorm: 0.000053886582 xtb: 6.7.1 (edcfbbe)
C            1.70203361047379        0.85606959260608       -0.31026004627686
C            1.22170444198132       -0.56427710053695       -0.02036355240923
O           -0.00687980339099       -0.64611386152331        0.68042931988952
C           -1.19645601289819       -0.54321871208334       -0.08523534994717
C           -1.72602885258163        0.88064099006369       -0.24149946351632
H            2.73091268445653        0.81885638382398       -0.65639554753714
H            1.09653989568744        1.33136920312824       -1.07642982968903
H            1.65453428516830        1.45193268081663        0.59722900677181
H            1.93788128814488       -1.06065760089179        0.64099337482709
H            1.15215022812201       -1.13829323177384       -0.95521844020787
H           -1.04427293072634       -1.00494226232322       -1.07004524728183
H           -1.92913696041882       -1.13884727558089        0.46870325496763
H           -2.72200566354378        0.84343696497813       -0.67336544586417
H           -1.77949595291294        1.35905089156414        0.73264442684143
H           -1.08826929727248        1.47556596950748       -0.88806908700880
15
 energy: -17.723810999266 gnorm: 0.000058556849 xtb: 6.7.1 (edcfbbe)
C            1.70190869085334        0.85590642097545       -0.31064712347215
C            1.22184922236473       -0.56434595052105       -0.01989383062558
O           -0.00698352528835       -0.64601987977904        0.68047928276959
C           -1.19627924071383       -0.54307166660933       -0.08567060742567
C           -1.72622698379893        0.88073063988111       -0.24113128144907
H            2.73084953635966        0.81871078769162       -0.65660546556938
H            1.09641995847198        1.33056389080360       -1.07722243958818
H            1.65414103887971        1.45234180972190        0.59645198491815
H            1.93787933455452       -1.06009396908674        0.64208299449846
H            1.15278911597992       -1.13903312687031       -0.95437992931688
H           -1.04347011481736       -1.00406706183029       -1.07071380608733
H           -1.92903254438802       -1.13933998162301        0.46749740189935
H           -2.72192274975916        0.84353348729267       -0.67364373285861
H           -1.78045466897387        1.35837997311547        0.73334413823661
H           -1.08825610943524        1.47637725861296       -0.88683021237025
15
 energy: -17.723811306313 gnorm: 0.000051962910 xtb: 6.7.1 (edcfbbe)
C            1.70180085150230        0.85575196058395       -0.31101561173597
C            1.22199834247181       -0.56442505898937       -0.01943799800374
O           -0.00707860865658       -0.64592911117650        0.68049969415609
C           -1.19610087306202       -0.54292082718555       -0.08609219200889
C           -1.72644567638766        0.88082043598065       -0.24078814214847
H            2.73078450550049        0.81855095707931       -0.65683516414292
H            1.09629169836993        1.32974434446078       -1.07798761384405
H            1.65378344086928        1.45277078758006        0.59568607957672
H            1.93787731188725       -1.05952314411034        0.64317954436672
H            1.15346617031434       -1.13978547099385       -0.95355387202128
H           -1.04271780092298       -1.00317696471621       -1.07138156406243
H           -1.92891032653048       -1.13980520029783        0.46634395359044
H           -2.72185128626826        0.84364173369205       -0.67396783365634
H           -1.78144510501448        1.35765012499876        0.73404179901592
H           -1.08824168378387        1.47720806486910       -0.88557370552275
15
 energy: -17.723811606573 gnorm: 0.000044858352 xtb: 6.7.1 (edcfbbe)
C            1.70169422305936        0.85560150523010       -0.31139800325688
C            1.22214246409504       -0.56449527010652       -0.01897957794091
O           -0.00717983689200       -0.64585164436565        0.68051085959689
C           -1.19592296109985       -0.54278257805504       -0.08651289140533
C           -1.72665129661399        0.88091160081116       -0.24042786967466
H            2.73073144241582        0.81839332025826       -0.65704553361258
H            1.09618148985557        1.32894146596103       -1.07877594131683
H            1.65341052871594        1.45318615494764        0.59490985300000
H            1.93786866024426       -1.05895427832543        0.64427041682917
H            1.15415438415808       -1.14050233368145       -0.95274172009387
H           -1.04200231548224       -1.00233165579946       -1.07204161717610
H           -1.92880405993434       -1.14025100015255        0.46520146062595
H           -2.72174789540995        0.84373508314047       -0.67431218767488
H           -1.78246616953274        1.35694120497750        0.73474747902308
H           -1.08819769728988        1.47803105693495       -0.88428735336399
15
 energy: -17.723811896637 gnorm: 0.000043514107 xtb: 6.7.1 (edcfbbe)
C            1.70157728095295        0.85545650714352       -0.31176718486619
C            1.22228005271236       -0.56456898981173       -0.01854741461656
O           -0.00727260016838       -0.64579225077228        0.68052362313181
C           -1.19574928198665       -0.54264724454311       -0.08690654588952
C           -1.72684195898840        0.88100084581028       -0.24008048995487
H            2.73068111329771        0.81825044840102       -0.65720907020258
H            1.09609736677992        1.32813729659092       -1.07957799970702
H            1.65298649047557        1.45362104502751        0.59414045802861
H            1.93786710446584       -1.05839901545431        0.64531133782709
H            1.15481013646305       -1.14121861974247       -0.95195711592062
H           -1.04130098864117       -1.00149584604606       -1.07267381470008
H           -1.92869357562478       -1.14069477939587        0.46410783499249
H           -2.72162734797027        0.84384371388619       -0.67467553877977
H           -1.78347587248111        1.35623135090280        0.73543393046262
H           -1.08812695899754        1.47884816977860       -0.88300463624637
15
 energy: -17.723812175534 gnorm: 0.000044055680 xtb: 6.7.1 (edcfbbe)
C            1.70145075455124        0.85531385707048       -0.31213429275473
C            1.22241435399740       -0.56463785816750       -0.01813282608100
O           -0.00735775325223       -0.64574537316057        0.68054442729326
C           -1.19557595940761       -0.54251228814312       -0.08728673230870
C           -1.72701556390681        0.88108439413089       -0.23973227567799
H            2.73064549490361        0.81812676753423       -0.65730495159453
H            1.09603898629147        1.32733607415664       -1.08040952550141
H            1.65249778173749        1.45404606666229        0.59337751548301
H            1.93787530293499       -1.05786596958632        0.64630243466548
H            1.15542600955944       -1.14189419524513       -0.95120761339593
H           -1.04062077366372       -1.00069011365235       -1.07328066196717
H           -1.92859055520535       -1.14110446441320        0.46304880212974
H           -2.72149294866696        0.84395097646526       -0.67503462755496
H           -1.78445295362558        1.35554328037533        0.73611125237609
H           -1.08803121595829        1.47962147774810       -0.88174355155210
15
 energy: -17.723812444330 gnorm: 0.000043711062 xtb: 6.7.1 (edcfbbe)
C            1.70131332389371        0.85517812348567       -0.31249016116975
C            1.22253794811679       -0.56470714602565       -0.01774659089964
O           -0.00744050917946       -0.64571460123516        0.68056615746532
C           -1.19541664645491       -0.54239101307891       -0.08764554340683
C           -1.72715875205622        0.88116887672401       -0.23939145122738
H            2.73062046248948        0.81803149130253       -0.65732833967629
H            1.09601791160772        1.32653961344026       -1.08126534658175
H            1.65193740151895        1.45448403449606        0.59262005567668
H            1.93788182041350       -1.05735366767181        0.64723733432326
H            1.15600685039654       -1.14255942578669       -0.95049069077192
H           -1.03995858062900       -0.99991811720897       -1.07385557909116
H           -1.92849214186772       -1.14152401936105        0.46203144458018
H           -2.72133956357214        0.84406913646127       -0.67537095804103
H           -1.78537643815373        1.35488563332226        0.73676494053223
H           -1.08792212623442        1.48038371291120       -0.88051789815285
15
 energy: -17.723812704481 gnorm: 0.000042142318 xtb: 6.7.1 (edcfbbe)
C            1.70116721443760        0.85504381143275       -0.31284095243820
C            1.22266494198460       -0.56477756434618       -0.01737184779941
O           -0.00751200861426       -0.64569990215430        0.68059099668675
C           -1.19525094777559       -0.54226379147457       -0.08799822287739
C           -1.72730005489835        0.88124716507773       -0.23905288767770
H            2.73060976651534        0.81795318983721       -0.65728453497281
H            1.09602447634754        1.32573785744561       -1.08215024861825
H            1.65130550423759        1.45491538561987        0.59187004326700
H            1.93790290083945       -1.05686308306320        0.64813609811298
H            1.15656506059383       -1.14319221771012       -0.94980233850583
H           -1.03931399357477       -0.99915967591287       -1.07441939447487
H           -1.92839634559479       -1.14190138365490        0.46104127175151
H           -2.72120233538704        0.84419691431265       -0.67567700096024
H           -1.78624326990482        1.35424468457765        0.73740912317270
H           -1.08780994891722        1.48109124178770       -0.87933273110720
15
 energy: -17.723812957031 gnorm: 0.000041124628 xtb: 6.7.1 (edcfbbe)
C            1.70100990578452        0.85491699993431       -0.31318244335564
C            1.22277848011535       -0.56484735175674       -0.01701822866981
O           -0.00758993696558       -0.64570000552838        0.68060668537905
C           -1.19510190382144       -0.54215440154853       -0.08834023264911
C           -1.72740436974188        0.88133117947171       -0.23871806664428
H            2.73060507549595        0.81790072955298       -0.65717854807390
H            1.09605215848902        1.32493129665464       -1.08305703218460
H            1.65061122535381        1.45535874923082        0.59112217817815
H            1.93791481280476       -1.05637301500050        0.64900473494751
H            1.15711300646912       -1.14382392501341       -0.94913614805100
H           -1.03869330455658       -0.99842870245704       -1.07496698491743
H           -1.92830888666836       -1.14229837518941        0.46007349197409
H           -2.72104502467642        0.84432918809390       -0.67593853530332
H           -1.78703681101778        1.35363227029967        0.73803944023668
H           -1.08769346677539        1.48179799503099       -0.87819293730732
15
 energy: -17.723813202375 gnorm: 0.000040329069 xtb: 6.7.1 (edcfbbe)
C            1.70084138967380        0.85479218452703       -0.31351909899785
C            1.22290022528618       -0.56492476541227       -0.01666613930094
O           -0.00765752273259       -0.64572262771095        0.68061954972877
C           -1.19494253990311       -0.54204079749600       -0.08868297315865
C           -1.72751236350103        0.88141207331288       -0.23838702879218
H            2.73059968744989        0.81786536559746       -0.65703665332528
H            1.09609030545471        1.32412544944353       -1.08397487578308
H            1.64986742301179        1.45579870292687        0.59037974615915
H            1.93793795270980       -1.05590269928476        0.64986053802476
H            1.15766404987475       -1.14444283868971       -0.94848173966721
H           -1.03808577374427       -0.99770678356611       -1.07551400745959
H           -1.92822157340603       -1.14266299220904        0.45911704302121
H           -2.72091379580660        0.84448308687657       -0.67616107200135
H           -1.78776940899645        1.35303706812180        0.73865798417296
H           -1.08758709508175        1.48246220533773       -0.87709389906166
15
 energy: -17.723813440612 gnorm: 0.000039824613 xtb: 6.7.1 (edcfbbe)
C            1.70066582418139        0.85467130021283       -0.31384763513625
C            1.22301135984816       -0.56499858260439       -0.01632382838102
O           -0.00773437505445       -0.64575630960965        0.68062296849885
C           -1.19479455216971       -0.54193782378444       -0.08902514626375
C           -1.72759322373746        0.88149701191082       -0.23805900071163
H            2.73059258775960        0.81784319924202       -0.65687246646407
H            1.09611952185544        1.32330931317339       -1.08489182494025
H            1.64909675714385        1.45623575415744        0.58964771574780
H            1.93795588104031       -1.05541567380935        0.65070837745184
H            1.15821974094868       -1.14505565697894       -0.94784065742379
H           -1.03749910182499       -0.99699705822641       -1.07606058432253
H           -1.92814578763435       -1.14303025757942        0.45817009900888
H           -2.72077195372592        0.84463423444957       -0.67634269705561
H           -1.78843447168574        1.35245801910803        0.73927137441799
H           -1.08747724665571        1.48311516211350       -0.87603932086740
15
 energy: -17.723813671678 gnorm: 0.000039115378 xtb: 6.7.1 (edcfbbe)
C            1.70047715944274        0.85455421491380       -0.31417103426018
C            1.22312993140904       -0.56508199202536       -0.01597925094054
O           -0.00780411884026       -0.64580742995001        0.68062310414002
C           -1.19464006202028       -0.54183573059104       -0.08936795918540
C           -1.72767274364603        0.88158260313226       -0.23773812980395
H            2.73056738350817        0.81783293499368       -0.65671047939631
H            1.09613900504187        1.32251460868698       -1.08579289488708
H            1.64832254577937        1.45667141658001        0.58892225955903
H            1.93797567189149       -1.05495042444664        0.65155477711658
H            1.15878239501555       -1.14567354077028       -0.94719824995813
H           -1.03691874716646       -0.99629999935781       -1.07660346757432
H           -1.92806615823611       -1.14339009943688        0.45722517700472
H           -2.72064520834519        0.84480517987348       -0.67649632858544
H           -1.78905433181617        1.35189829187741        0.73986788938912
H           -1.08738176172866        1.48375259829542       -0.87501803905905
15
 energy: -17.723813895369 gnorm: 0.000038601024 xtb: 6.7.1 (edcfbbe)
C            1.70029724396292        0.85443573407908       -0.31448628554573
C            1.22323843136042       -0.56515604367188       -0.01563835038271
O           -0.00788370342331       -0.64585941700132        0.68062160203491
C           -1.19449360794666       -0.54173670387676       -0.08971248053665
C           -1.72774485112004        0.88166665887209       -0.23742105504940
H            2.73054524382287        0.81782105287281       -0.65656621148077
H            1.09613959421332        1.32171193656661       -1.08666703248634
H            1.64756893361018        1.45709043843140        0.58821658583401
H            1.93799369685426       -1.05446196574238        0.65239711994743
H            1.15934587573470       -1.14627484739845       -0.94656544214385
H           -1.03634739123252       -0.99560490762013       -1.07714978513424
H           -1.92799896119373       -1.14374046185146        0.45628654669866
H           -2.72052180674967        0.84496577929973       -0.67662823391657
H           -1.78963919605835        1.35134547787549        0.74045987664044
H           -1.08728854154529        1.48436990094019       -0.87402948092014
15
 energy: -17.723814111733 gnorm: 0.000037986415 xtb: 6.7.1 (edcfbbe)
C            1.70010571624262        0.85432193027316       -0.31479659236328
C            1.22335556962570       -0.56523861626181       -0.01529389053437
O           -0.00795552807738       -0.64591078180220        0.68061884385980
C           -1.19434246745655       -0.54163710681673       -0.09005514008093
C           -1.72781640924969        0.88175203208432       -0.23711400502185
H            2.73049715766593        0.81780467281018       -0.65644668687682
H            1.09612203090943        1.32095027695388       -1.08750931332299
H            1.64685250461506        1.45750518215864        0.58752176830911
H            1.93800979297726       -1.05400314986635        0.65323978514993
H            1.15990540207337       -1.14688223236161       -0.94592810025966
H           -1.03577712761243       -0.99492080762884       -1.07768724897989
H           -1.92792242858558       -1.14409328487359        0.45535038177169
H           -2.72040579530300        0.84513055185182       -0.67675060003991
H           -1.79020672072846        1.35080682610542        0.74103451103872
H           -1.08721073680719        1.48498713914871       -0.87306633909050
15
 energy: -17.723814321119 gnorm: 0.000037456453 xtb: 6.7.1 (edcfbbe)
C            1.69994133131158        0.85420347353903       -0.31509949234055
C            1.22346120048676       -0.56530867153479       -0.01495234722184
O           -0.00803620396620       -0.64595427114708        0.68062227778790
C           -1.19419749220082       -0.54153770722316       -0.09039615337040
C           -1.72790010005311        0.88183166730075       -0.23681130677154
H            2.73046459863033        0.81778160741384       -0.65636598367388
H            1.09609679761749        1.32018865252472       -1.08831016575558
H            1.64619264873355        1.45789942924034        0.58684755335722
H            1.93802113887100       -1.05352679057487        0.65407258750452
H            1.16045616935790       -1.14747079370502       -0.94529784629003
H           -1.03520607860949       -0.99423929262539       -1.07822207481501
H           -1.92785335918455       -1.14443973569382        0.45442099027674
H           -2.72030445869389        0.84528442658844       -0.67687255020690
H           -1.79077818635898        1.35027306247264        0.74159971022005
H           -1.08714704565248        1.48558757519939       -0.87211782514165
15
 energy: -17.723814523976 gnorm: 0.000036827887 xtb: 6.7.1 (edcfbbe)
C            1.69977086980623        0.85408867876281       -0.31539809458218
C            1.22357474138847       -0.56538191559746       -0.01460856307947
O           -0.00811061730142       -0.64597878729587        0.68062413788578
C           -1.19405171416659       -0.54143508204006       -0.09073333829059
C           -1.72798457163000        0.88191144294028       -0.23651783584780
H            2.73041051959401        0.81773674633280       -0.65631596232171
H            1.09605298735836        1.31946635712656       -1.08907864068271
H            1.64558523533062        1.45828371229013        0.58618923192743
H            1.93803282499262       -1.05307354066574        0.65490433813623
H            1.16099577696672       -1.14805433579311       -0.94466811627685
H           -1.03463638268865       -0.99356035101995       -1.07874886445129
H           -1.92777782176239       -1.14478479638427        0.45350070741748
H           -2.72020345053366        0.84542255522085       -0.67700173591020
H           -1.79135745820623        1.34974149484719        0.74215474299282
H           -1.08708997885900        1.48619045305086       -0.87118463335788
15
 energy: -17.723814721202 gnorm: 0.000036308897 xtb: 6.7.1 (edcfbbe)
C            1.69963014037123        0.85397008633544       -0.31569241099050
C            1.22367921576549       -0.56544677096876       -0.01426731620399
O           -0.00818890615334       -0.64599387244223        0.68063583609828
C           -1.19390742581066       -0.54133186172830       -0.09106569851542
C           -1.72808984095268        0.88198563940953       -0.23622873709471
H            2.73037360501430        0.81768853629733       -0.65630507902940
H            1.09601323894143        1.31875658650236       -1.08980808980154
H            1.64504274223905        1.45865385442013        0.58554300038802
H            1.93803548787776       -1.05261906330856        0.65572377119533
H            1.16152151927235       -1.14862890635583       -0.94404041104790
H           -1.03406255801272       -0.99288993032734       -1.07926536800393
H           -1.92769864158031       -1.14513240789857        0.45258602457702
H           -2.72011796515167        0.84555724339797       -0.67714772518956
H           -1.79196758166695        1.34921451617003        0.74269715000579
H           -1.08705206986418        1.48678898227183       -0.87024757282842
15
 energy: -17.723814913315 gnorm: 0.000035710997 xtb: 6.7.1 (edcfbbe)
C            1.69949019012844        0.85385291871053       -0.31598388621315
C            1.22378876701724       -0.56550957872955       -0.01392569903835
O           -0.00826413938279       -0.64598629262094        0.68064536716263
C           -1.19376649704745       -0.54122551090801       -0.09139280396449
C           -1.72819714193405        0.88205814800648       -0.23594546816673
H            2.73032608812163        0.81761497446040       -0.65632050039058
H            1.09596043174277        1.31806952188314       -1.09051412495259
H            1.64454368767480        1.45901163996179        0.58491240627954
H            1.93804272169599       -1.05217326013741        0.65653960003312
H            1.16203724304153       -1.14918920461331       -0.94341815087730
H           -1.03349166399123       -0.99221577343716       -1.07977662943957
H           -1.92762095481605       -1.14547295851315        0.45168542342709
H           -2.72002773736231        0.84567018166042       -0.67731247236537
H           -1.79260038993487        1.34868063759019        0.74323621530777
H           -1.08700964466456        1.48738718846161       -0.86931190324296
15
 energy: -17.723815100994 gnorm: 0.000035161705 xtb: 6.7.1 (edcfbbe)
C            1.69936995162118        0.85373452216616       -0.31627363025269
C            1.22389223910876       -0.56556874042674       -0.01358769570798
O           -0.00833915570210       -0.64597133527408        0.68066310497696
C           -1.19362370220611       -0.54111823254168       -0.09171487655834
C           -1.72832010579359        0.88212761503889       -0.23566522758020
H            2.73028943252971        0.81754116689290       -0.65636128507788
H            1.09591428299114        1.31739856252236       -1.09119458840160
H            1.64409212945326        1.45936283882469        0.58428660441754
H            1.93803994960822       -1.05173461772586        0.65734437246465
H            1.16253932487557       -1.14974861593715       -0.94279694020976
H           -1.03291985227522       -0.99155342344657       -1.08027582638381
H           -1.92753320556551       -1.14581740869504        0.45079126067894
H           -2.71994379162496        0.84578285731472       -0.67750080397738
H           -1.79326905034672        1.34814889264610        0.74376603041311
H           -1.08697748638453        1.48798855041631       -0.86836312524252
15
 energy: -17.723815284294 gnorm: 0.000034615143 xtb: 6.7.1 (edcfbbe)
C            1.69925306955135        0.85361643191965       -0.31656238345161
C            1.22399874364912       -0.56562465704588       -0.01325044989623
O           -0.00841254078575       -0.64594350416034        0.68067914668998
C           -1.19348626420940       -0.54101025600401       -0.09202928267383
C           -1.72844450213203        0.88219456634299       -0.23538884328550
H            2.73025057529532        0.81745214925820       -0.65641681143691
H            1.09586344303336        1.31673807185163       -1.09186295106893
H            1.64366344040105        1.45970353669282        0.58367118538903
H            1.93804412697712       -1.05129890411029        0.65814174053622
H            1.16303486009961       -1.15029163362164       -0.94218284101554
H           -1.03235363083401       -0.99088826071467       -1.08076863338562
H           -1.92745205261955       -1.14615493366374        0.44991278628890
H           -2.71985312199474        0.84588239743113       -0.67770995442501
H           -1.79395929942565        1.34760997213882        0.74429283020851
H           -1.08693588671670        1.48858765546035       -0.86740816491438
15
 energy: -17.723815463207 gnorm: 0.000034089996 xtb: 6.7.1 (edcfbbe)
C            1.69914358833091        0.85349979706134       -0.31684815820064
C            1.22410045588181       -0.56567982004145       -0.01292099533222
O           -0.00848374289137       -0.64591138963264        0.68069872221100
C           -1.19334582145648       -0.54090178596210       -0.09234078337505
C           -1.72857395019561        0.88226067366583       -0.23511348143608
H            2.73021576959448        0.81736480822124       -0.65647790768934
H            1.09581814517586        1.31608948414422       -1.09251907295391
H            1.64325470447544        1.46004383354723        0.58305948975893
H            1.93803987102979       -1.05087039578987        0.65892689433969
H            1.16351834598904       -1.15083673501383       -0.94157483161339
H           -1.03179217668080       -0.99023852560894       -1.08125167003648
H           -1.92736072807138       -1.14648937567185        0.44904499234905
H           -2.71976007854622        0.84598125059797       -0.67793589516249
H           -1.79467055186802        1.34707450241564        0.74481473892939
H           -1.08689287047835        1.48918630984222       -0.86644466822940
15
 energy: -17.723815629376 gnorm: 0.000035978349 xtb: 6.7.1 (edcfbbe)
C            1.69904661596905        0.85338964574588       -0.31711243872054
C            1.22420376065656       -0.56572967757050       -0.01260194274831
O           -0.00856544439417       -0.64590590575257        0.68069444372598
C           -1.19321860601645       -0.54080343335305       -0.09265294261986
C           -1.72869447687534        0.88232537688987       -0.23485232794888
H            2.73022332907979        0.81728768983399       -0.65642893903685
H            1.09584967200193        1.31543330229790       -1.09321208948514
H            1.64276024840676        1.46039643739233        0.58245651929497
H            1.93804448385969       -1.05048665755799        0.65966673239404
H            1.16399461392424       -1.15132001294689       -0.94100394061641
H           -1.03127440272454       -0.98963028137911       -1.08173384313050
H           -1.92727772741374       -1.14678931548793        0.44822531158903
H           -2.71972121587070        0.84608086134626       -0.67803324551163
H           -1.79523861689892        1.34657481774565        0.74531396269389
H           -1.08692127341506        1.48974978457118       -0.86560788632072
15
 energy: -17.723815792318 gnorm: 0.000034099936 xtb: 6.7.1 (edcfbbe)
C            1.69891771208771        0.85328362211705       -0.31737797434719
C            1.22429937755245       -0.56579130245130       -0.01231316941864
O           -0.00862322631348       -0.64589785448361        0.68070420499398
C           -1.19308821321170       -0.54070539878381       -0.09293711884547
C           -1.72879148799184        0.88239144068199       -0.23458980440247
H            2.73019484139851        0.81723522822795       -0.65639220310902
H            1.09583042908058        1.31479652672805       -1.09388384971599
H            1.64226546468139        1.46072887591380        0.58187421239279
H            1.93804104236564       -1.05007160542835        0.66039363705000
H            1.16445786948236       -1.15184898303881       -0.94045378207109
H           -1.03076509841172       -0.98900549113178       -1.08218530350235
H           -1.92720568075080       -1.14710956890045        0.44740536230751
H           -2.71963728002430        0.84618929887082       -0.67818121749417
H           -1.79580765455572        1.34609285495853        0.74580350274256
H           -1.08687713509997        1.49028498849493       -0.86474912302139
15
 energy: -17.723815952567 gnorm: 0.000032812568 xtb: 6.7.1 (edcfbbe)
C            1.69877717924137        0.85317532633917       -0.31765829870154
C            1.22439141721875       -0.56585035529715       -0.01200786478029
O           -0.00868631057942       -0.64590243162984        0.68072394412921
C           -1.19295833803418       -0.54061351815746       -0.09322447437243
C           -1.72887491435628        0.88245755318800       -0.23432072787581
H            2.73014841944432        0.81720466455384       -0.65639694710394
H            1.09577797571796        1.31417139439983       -1.09454127411550
H            1.64176650464514        1.46103270094149        0.58129358031093
H            1.93804625832504       -1.04966219034791        0.66111808655931
H            1.16491333026967       -1.15235729746853       -0.93989289430817
H           -1.03025041142108       -0.98840363195251       -1.08263160653490
H           -1.92713790858030       -1.14742378730865        0.44658952056888
H           -2.71951653645713        0.84631539383612       -0.67837108213607
H           -1.79640266646774        1.34561864057806        0.74629204879764
H           -1.08678303867703        1.49081017010057       -0.86385463687825
15
 energy: -17.723816109435 gnorm: 0.000032224527 xtb: 6.7.1 (edcfbbe)
C            1.69863660019694        0.85307196409805       -0.31791965145956
C            1.22448350960068       -0.56591166260080       -0.01171407905197
O           -0.00874644327167       -0.64591254281615        0.68073785566250
C           -1.19283147198657       -0.54051964429261       -0.09350385178816
C           -1.72895597613319        0.88252299336339       -0.23406742516657
H            2.73008984630758        0.81715915744351       -0.65641136606698
H            1.09571532715891        1.31353975835982       -1.09517674696769
H            1.64128958948261        1.46136358546180        0.58072016611130
H            1.93806074389980       -1.04925573471294        0.66182423509655
H            1.16536616637397       -1.15287395592930       -0.93933881293896
H           -1.02974551436793       -0.98780628297359       -1.08307086632497
H           -1.92706298243148       -1.14772223677295        0.44580421831468
H           -2.71938751573145        0.84644410432707       -0.67859091574575
H           -1.79701854650442        1.34511576932393        0.74677511234305
H           -1.08668237230467        1.49135735949579       -0.86295049845840
15
 energy: -17.723816262209 gnorm: 0.000031702529 xtb: 6.7.1 (edcfbbe)
C            1.69851056373952        0.85296859903383       -0.31818955872218
C            1.22457657777068       -0.56596393047897       -0.01141689829651
O           -0.00880868602330       -0.64591959068697        0.68075222805466
C           -1.19270503405258       -0.54042726952595       -0.09378220519096
C           -1.72904441582966        0.88258537979823       -0.23380927330993
H            2.73004756371613        0.81710554571292       -0.65643056589353
H            1.09566744842533        1.31293029800384       -1.09581265949902
H            1.64083811827852        1.46167508357586        0.58014679456385
H            1.93806568007675       -1.04886022389369        0.66253212564367
H            1.16581777857989       -1.15335997341416       -0.93879457892228
H           -1.02925535244661       -0.98722876060779       -1.08350385318334
H           -1.92699247298130       -1.14800769222524        0.44502695626004
H           -2.71925877558986        0.84655557285076       -0.67882184044328
H           -1.79766039483207        1.34462103767685        0.74725880076747
H           -1.08658763854235        1.49189855595550       -0.86203809826959
15
 energy: -17.723816410569 gnorm: 0.000031121796 xtb: 6.7.1 (edcfbbe)
C            1.69839842476628        0.85286545267721       -0.31845048686714
C            1.22466788595941       -0.56601488850269       -0.01112905899989
O           -0.00887068520155       -0.64591726808262        0.68076359083391
C           -1.19258401042644       -0.54033469614710       -0.09405097327211
C           -1.72914308155204        0.88264601342102       -0.23355834975420
H            2.73001592025536        0.81704476239736       -0.65645080903664
H            1.09563977172533        1.31232664288814       -1.09643534508206
H            1.64040723166671        1.46199124136506        0.57958247772473
H            1.93807103359023       -1.04846959858515        0.66322114927719
H            1.16625654778086       -1.15384446952264       -0.93825723571177
H           -1.02876944108770       -0.98664973437360       -1.08392737243657
H           -1.92691808606833       -1.14830008280759        0.44426810483373
H           -2.71914127745975        0.84666288253690       -0.67905517332313
H           -1.79831386938869        1.34412637524756        0.74773087077085
H           -1.08650540427059        1.49243999926316       -0.86113401539782
15
 energy: -17.723816554364 gnorm: 0.000030646427 xtb: 6.7.1 (edcfbbe)
C            1.69829072052385        0.85276319646520       -0.31871010762039
C            1.22475988978248       -0.56606431988347       -0.01084446982195
O           -0.00892888170387       -0.64589894998966        0.68077844661355
C           -1.19245894723946       -0.54023892767674       -0.09431861122694
C           -1.72924770705573        0.88270390339131       -0.23330854266668
H            2.72998954076824        0.81697529656500       -0.65646468395513
H            1.09561725393436        1.31173748251066       -1.09705327710574
H            1.63999028490037        1.46229712870171        0.57902600721301
H            1.93807415350540       -1.04809160823334        0.66390131927972
H            1.16668193268502       -1.15431688901233       -0.93772928705603
H           -1.02828716286671       -0.98607678139032       -1.08434701981162
H           -1.92683892813231       -1.14858164396138        0.44351587912286
H           -2.71903252457680        0.84675805042133       -0.67928335331208
H           -1.79896462936085        1.34363799580743        0.74819958286885
H           -1.08643403487490        1.49296869805963       -0.86024450896236
15
 energy: -17.723816693539 gnorm: 0.000030210008 xtb: 6.7.1 (edcfbbe)
C            1.69819581285456        0.85266032239299       -0.31896571918975
C            1.22484565708762       -0.56610990497272       -0.01056459036003
O           -0.00899060953085       -0.64587789896424        0.68079506277034
C           -1.19234265269285       -0.54014791350126       -0.09457742178647
C           -1.72935325124542        0.88276075955893       -0.23306453187935
H            2.72997481255114        0.81691259772932       -0.65648071797533
H            1.09560613438416        1.31115286265856       -1.09765905606152
H            1.63958432648402        1.46259639546427        0.57847726678887
H            1.93807380141325       -1.04771623649616        0.66456660813916
H            1.16709605860185       -1.15478057689954       -0.93720764730262
H           -1.02780675098781       -0.98550814857253       -1.08475477003378
H           -1.92676443977112       -1.14887599038616        0.44277188576354
H           -2.71893075748251        0.84685278633745       -0.67950144539383
H           -1.79960301303593        1.34315944189455        0.74865582548727
H           -1.08637416834102        1.49349413553158       -0.85937337540744
15
 energy: -17.723816828049 gnorm: 0.000029814011 xtb: 6.7.1 (edcfbbe)
C            1.69809195879830        0.85256036251663       -0.31921418472462
C            1.22493740127992       -0.56616032791169       -0.01028822546188
O           -0.00904429118785       -0.64585163633782        0.68080894819204
C           -1.19221824546569       -0.54005157957077       -0.09484101625383
C           -1.72946138020004        0.88281611287846       -0.23282254072684
H            2.72994919014746        0.81684188682632       -0.65648976490575
H            1.09558970561334        1.31058228839134       -1.09825606889431
H            1.63918038326376        1.46289397151986        0.57794012832639
H            1.93807765878484       -1.04735572326682        0.66522487701509
H            1.16750472504226       -1.15524139399836       -0.93669371306067
H           -1.02733041674851       -0.98494805463189       -1.08516433222224
H           -1.92668350223019       -1.14914764089777        0.44203622758861
H           -2.71884066628525        0.84694470371128       -0.67970301285678
H           -1.80022003903800        1.34269165385584        0.74910697831229
H           -1.08632152148526        1.49399800869041       -0.85852692676841
15
 energy: -17.723816958024 gnorm: 0.000029339291 xtb: 6.7.1 (edcfbbe)
C            1.69799788663000        0.85246022991036       -0.31946098817300
C            1.22501715504507       -0.56620310282154       -0.01001502008076
O           -0.00910765263005       -0.64583443741833        0.68082599002498
C           -1.19210731634288       -0.53996491383520       -0.09509437742905
C           -1.72955749658908        0.88287181235260       -0.23258814658990
H            2.72993444715136        0.81678458654811       -0.65650142564554
H            1.09557337861969        1.31001276518131       -1.09884147333347
H            1.63878139077376        1.46317951852992        0.57741033723090
H            1.93807454873507       -1.04698730168796        0.66587242352617
H            1.16790854903888       -1.15568811864100       -0.93618713231243
H           -1.02686474533525       -0.98439385541031       -1.08556277025090
H           -1.92661292083480       -1.14943626568129        0.44130913081468
H           -2.71874698414610        0.84703697700306       -0.67989027494363
H           -1.80080632683763        1.34223226823336        0.74954645020407
H           -1.08627295298897        1.49450246951194       -0.85770534948307
15
 energy: -17.723817083573 gnorm: 0.000028781740 xtb: 6.7.1 (edcfbbe)
C            1.69789084284710        0.85236406177988       -0.31969818944657
C            1.22510605612015       -0.56625420591985       -0.00974604130660
O           -0.00916147230900       -0.64582325514431        0.68083538883547
C           -1.19198781712315       -0.53987438626095       -0.09535350000599
C           -1.72965547339419        0.88292678733967       -0.23235497364989
H            2.72990267193935        0.81672626405804       -0.65650820889089
H            1.09555017513273        1.30945703490794       -1.09941513215426
H            1.63837841042913        1.46346951850073        0.57689171438047
H            1.93807842338181       -1.04663510346555        0.66651352362586
H            1.16831256138315       -1.15613872910553       -0.93568645396879
H           -1.02640405126875       -0.98385433961633       -1.08596192683138
H           -1.92653874170536       -1.14970003262436        0.44058957578165
H           -2.71866547525990        0.84713632906724       -0.68005865058003
H           -1.80136568002706        1.34179045190174        0.74997809971510
H           -1.08622946985692        1.49498223635667       -0.85690785194508
15
 energy: -17.723817204890 gnorm: 0.000028288970 xtb: 6.7.1 (edcfbbe)
C            1.69778349459154        0.85226876448414       -0.31993370239137
C            1.22518601645028       -0.56629967370353       -0.00947962290464
O           -0.00922197058906       -0.64581950053560        0.68084779929599
C           -1.19187621231833       -0.53978998474090       -0.09560588611437
C           -1.72973804641765        0.88298231147677       -0.23212895323833
H            2.72987242366936        0.81667478324779       -0.65651388339192
H            1.09551757286759        1.30890354929212       -1.09998060905257
H            1.63797296240315        1.46374682973744        0.57638255077257
H            1.93807811071919       -1.04627620079641        0.66714681572350
H            1.16871379178558       -1.15657455134568       -0.93519469589704
H           -1.02595578474778       -0.98331843269902       -1.08635583396580
H           -1.92647172793965       -1.14996821140713        0.43988093731182
H           -2.71857719619128        0.84723252036769       -0.68021287098995
H           -1.80189065343520        1.34135292128829        0.75040218958041
H           -1.08618182055866        1.49545750710906       -0.85613686117923
15
 energy: -17.723817322204 gnorm: 0.000027807510 xtb: 6.7.1 (edcfbbe)
C            1.69767361262139        0.85217600513898       -0.32016209945151
C            1.22526836123221       -0.56634916458032       -0.00921825461341
O           -0.00927888069817       -0.64582509195349        0.68085535498302
C           -1.19176341884888       -0.53970725037200       -0.09585834734467
C           -1.72982072808344        0.88303753121353       -0.23190462673546
H            2.72983721468894        0.81663207630622       -0.65651664161561
H            1.09548534677807        1.30835889739023       -1.10053460058272
H            1.63756662936420        1.46402677797179        0.57588031540142
H            1.93807979854131       -1.04592700853174        0.66777065387167
H            1.16911260732795       -1.15701287760042       -0.93470796125194
H           -1.02551327154788       -0.98279872487471       -1.08674380115980
H           -1.92640531828409       -1.15022847210548        0.43917831846536
H           -2.71849627966922        0.84733823875777       -0.68035350288257
H           -1.80239382829734        1.34093349334439        0.75081633223544
H           -1.08614088483598        1.49591820167028       -0.85538376576018
15
 energy: -17.723817435680 gnorm: 0.000027380014 xtb: 6.7.1 (edcfbbe)
C            1.69755904866114        0.85208465482504       -0.32038820451139
C            1.22534842409068       -0.56639640884833       -0.00895926734048
O           -0.00933635628617       -0.64583104037614        0.68086397037370
C           -1.19165342624069       -0.53962557983600       -0.09610608953626
C           -1.72989409667714        0.88309228984442       -0.23168620420966
H            2.72979844288478        0.81658734539921       -0.65651537875673
H            1.09544621044084        1.30782013522513       -1.10108392794652
H            1.63715632186416        1.46429671790762        0.57538832809522
H            1.93808230782887       -1.04557898143365        0.66838690259554
H            1.16950786107737       -1.15743733576783       -0.93423076993388
H           -1.02508051943101       -0.98227938977271       -1.08712896581963
H           -1.92634272410044       -1.15048218848241        0.43848876023953
H           -2.71841289832090        0.84743791163549       -0.68048459469110
H           -1.80287342010767        1.34051521824759        0.75122533835875
H           -1.08609421539472        1.49636928320761       -0.85465252335801
15
 energy: -17.723817545452 gnorm: 0.000026926316 xtb: 6.7.1 (edcfbbe)
C            1.69744998354517        0.85199502912576       -0.32060833355757
C            1.22542571903213       -0.56644422686018       -0.00870729942598
O           -0.00939332780657       -0.64584163226904        0.68087071961495
C           -1.19154423254283       -0.53954701530625       -0.09635266486788
C           -1.72996924205754        0.88314646247009       -0.23146850173747
H            2.72976410849890        0.81655146974688       -0.65651077343078
H            1.09541402986405        1.30728832061306       -1.10162262902864
H            1.63675188702962        1.46456830088935        0.57490143374218
H            1.93808175716043       -1.04523733173208        0.66899061513393
H            1.16989572783629       -1.15786268870588       -0.93375991000179
H           -1.02465338011731       -0.98177864636761       -1.08750613862414
H           -1.92627835563788       -1.15073424769445        0.43780632508996
H           -2.71833448403733        0.84754349574832       -0.68060851495128
H           -1.80334302525765        1.34011354297010        0.75162538877803
H           -1.08605620522039        1.49681179914697       -0.85393234317446
15
 energy: -17.723817651621 gnorm: 0.000026536414 xtb: 6.7.1 (edcfbbe)
C            1.69733698611439        0.85190669451240       -0.32082739732824
C            1.22550531758196       -0.56649113683123       -0.00845596796777
O           -0.00944741351924       -0.64584975101282        0.68087816806158
C           -1.19143815234409       -0.53946776729997       -0.09659066081026
C           -1.73003985654564        0.88319920670742       -0.23125822920503
H            2.72972593643666        0.81651061144345       -0.65650404700328
H            1.09537878283448        1.30676655478187       -1.10215753883969
H            1.63634697266521        1.46482960816589        0.57442391402954
H            1.93808659677461       -1.04490354226996        0.66958574898161
H            1.17027873874437       -1.15827215861334       -0.93329779389310
H           -1.02423550593724       -0.98127358375894       -1.08787704818285
H           -1.92621928678584       -1.15097957296800        0.43713872984453
H           -2.71825583751867        0.84764282213624       -0.68073132697064
H           -1.80380004389874        1.33970888815994        0.75201922036613
H           -1.08601227431315        1.49724575862209       -0.85322839752348
15
 energy: -17.723817754317 gnorm: 0.000026141276 xtb: 6.7.1 (edcfbbe)
C            1.69723342387813        0.85181982794735       -0.32103964390328
C            1.22557711216037       -0.56653559784937       -0.00821512402387
O           -0.00950381089311       -0.64585620683797        0.68088500460459
C           -1.19133223962099       -0.53939181335733       -0.09683062446775
C           -1.73011198577453        0.88325132001004       -0.23104573028919
H            2.72969628327749        0.81647435140068       -0.65649471498880
H            1.09535169867082        1.30624874131822       -1.10268092268381
H            1.63595341102866        1.46509248084290        0.57395300730558
H            1.93808317483868       -1.04457004444082        0.67016643319796
H            1.17065098875447       -1.15868190345525       -0.93284512743392
H           -1.02382224307859       -0.98079180661377       -1.08824254162196
H           -1.92615495107540       -1.15122102318061        0.43648077057880
H           -2.71817792872524        0.84774145794605       -0.68085117764103
H           -1.80425759150165        1.33932050017294        0.75240753937978
H           -1.08597438165002        1.49767234787196       -0.85252977445404
15
 energy: -17.723817853752 gnorm: 0.000025725785 xtb: 6.7.1 (edcfbbe)
C            1.69712679942397        0.85173409846452       -0.32125311138625
C            1.22565597527769       -0.56658168375863       -0.00797148622162
O           -0.00955368464635       -0.64586345657873        0.68089359881595
C           -1.19122959161824       -0.53931436431740       -0.09705648107323
C           -1.73018468610544        0.88330147639510       -0.23084379479961
H            2.72966208986512        0.81643614421273       -0.65648807884272
H            1.09532359149053        1.30574749436044       -1.10319926827444
H            1.63556466355866        1.46534505088769        0.57348806282799
H            1.93808910843021       -1.04425320198780        0.67073896647369
H            1.17101815780273       -1.15907712426513       -0.93239710040042
H           -1.02341836450762       -0.98030193667218       -1.08859564532211
H           -1.92609621082386       -1.15146095684772        0.43583649920931
H           -2.71810264692629        0.84784036733099       -0.68097950363849
H           -1.80471103930401        1.33892593490596        0.75278594535240
H           -1.08593320162800        1.49809478964519       -0.85184122916139
