----------------------------------------------- 
  Element       SASA      Sigma Z        Total  
     Z         Ang**2 cal/Ang**2/mol   kcal/mol 
----------------------------------------------- 
      H        116.032      48.690       5.650
      C         26.576     129.740       3.448
      O         13.024       0.000       0.000

 Subtotal:     155.631                   9.098
 -----------------------------------------------

  Elements    COT*SASA   Sigma Z,Z'     Total   
    Z,Z'       Ang**2  cal/Ang**2/mol kcal/mol  
 ---------------------------------------------- 
  H   C         77.945     -60.770      -4.737
  H   O          0.000       0.000       0.000
  C   C         16.410     -72.950      -1.197
  O   C          0.000      68.690       0.000

 Subtotal:                              -5.934
 ---------------------------------------------- 

 NONAQUEOUS SOLVENT CONTRIBUTION (kcal/mol):
 (proportional to SASA, atomic number independent)
 ---------------------------------------------- 
 Subtotal:                               0.000
 ---------------------------------------------- 

 CDS TOTAL (kcal/mol):                   3.164
...............................................................................
