15
 energy: -233.587660004918 gnorm: 0.001028107974 xtb: 6.7.1 (edcfbbe)
C            1.66933187416015        0.73881147526741       -0.48750241736580
C            1.25913397466126       -0.59680448629174        0.10863644107227
O           -0.03168801833193       -0.57506224505583        0.73793753798249
C           -1.13700647378764       -0.44430100615581       -0.17866660769338
C           -1.79119496239005        0.92128253744304       -0.07691394277600
H            2.68827657099832        0.66168755138321       -0.88202304196246
H            1.01278080808099        1.03267727605194       -1.31187642933937
H            1.65375927308536        1.52571416242439        0.27347344317294
H            1.95816860931912       -0.88682417484648        0.90012043967920
H            1.27812466707786       -1.38289060336834       -0.66150530240696
H           -0.79737218243002       -0.64146938004694       -1.20387260948702
H           -1.86269703564935       -1.22468841536699        0.08421400198370
H           -2.65589570617015        0.96726871254987       -0.74796887455726
H           -2.14360899554627        1.10520950143371        0.94305928465742
H           -1.09693340376773        1.71997871474346       -0.35394813243518
15
 energy: -233.587663262249 gnorm: 0.000390563909 xtb: 6.7.1 (edcfbbe)
C            1.66949289204345        0.73788928112941       -0.48825284483617
C            1.25913019525439       -0.59641540605117        0.10923196836953
O           -0.03226490660124       -0.57404253516075        0.73834183426122
C           -1.13692936902153       -0.44354098708530       -0.17963221644434
C           -1.79191432945851        0.92096283204959       -0.07631881258681
H            2.68907894186837        0.66026318723334       -0.88141964717526
H            1.01426687492954        1.03128448229189       -1.31403025294063
H            1.65359709587516        1.52575003596936        0.27171773713760
H            1.95778744754999       -0.88552842194158        0.90133015073644
H            1.27766107793436       -1.38340580131303       -0.65975085418856
H           -0.79565662125237       -0.63874934509264       -1.20451005684527
H           -1.86169974156740       -1.22521061553984        0.08130826839986
H           -2.65800319798648        0.96780994534832       -0.74584120583911
H           -2.14297702460119        1.10342538742610        0.94436665004098
H           -1.09839026786390        1.72009770410631       -0.35337632570792
15
 energy: -233.587663262249 gnorm: 0.000390563909 xtb: 6.7.1 (edcfbbe)
C            1.66949289204345        0.73788928112941       -0.48825284483617
C            1.25913019525439       -0.59641540605117        0.10923196836953
O           -0.03226490660124       -0.57404253516075        0.73834183426122
C           -1.13692936902153       -0.44354098708530       -0.17963221644434
C           -1.79191432945851        0.92096283204959       -0.07631881258681
H            2.68907894186837        0.66026318723334       -0.88141964717526
H            1.01426687492954        1.03128448229189       -1.31403025294063
H            1.65359709587516        1.52575003596936        0.27171773713760
H            1.95778744754999       -0.88552842194158        0.90133015073644
H            1.27766107793436       -1.38340580131303       -0.65975085418856
H           -0.79565662125237       -0.63874934509264       -1.20451005684527
H           -1.86169974156740       -1.22521061553984        0.08130826839986
H           -2.65800319798648        0.96780994534832       -0.74584120583911
H           -2.14297702460119        1.10342538742610        0.94436665004098
H           -1.09839026786390        1.72009770410631       -0.35337632570792
