----------------------------------------------- 
  Element       SASA      Sigma Z        Total  
     Z         Ang**2 cal/Ang**2/mol   kcal/mol 
----------------------------------------------- 
      H        117.603      48.690       5.726
      C         20.287     129.740       2.632
      O         19.159       0.000       0.000

 Subtotal:     157.050                   8.358
 -----------------------------------------------

  Elements    COT*SASA   Sigma Z,Z'     Total   
    Z,Z'       Ang**2  cal/Ang**2/mol kcal/mol  
 ---------------------------------------------- 
  H   C         71.924     -60.770      -4.371
  H   O          7.460       0.000       0.000
  C   C         16.433     -72.950      -1.199
  O   C          0.000      68.690       0.000

 Subtotal:                              -5.570
 ---------------------------------------------- 

 NONAQUEOUS SOLVENT CONTRIBUTION (kcal/mol):
 (proportional to SASA, atomic number independent)
 ---------------------------------------------- 
 Subtotal:                               0.000
 ---------------------------------------------- 

 CDS TOTAL (kcal/mol):                   2.789
...............................................................................
