----------------------------------------------- 
  Element       SASA      Sigma Z        Total  
     Z         Ang**2 cal/Ang**2/mol   kcal/mol 
----------------------------------------------- 
      H        115.202      48.690       5.609
      C         25.980     129.740       3.371
      O         13.553       0.000       0.000

 Subtotal:     154.735                   8.980
 -----------------------------------------------

  Elements    COT*SASA   Sigma Z,Z'     Total   
    Z,Z'       Ang**2  cal/Ang**2/mol kcal/mol  
 ---------------------------------------------- 
  H   C         77.404     -60.770      -4.704
  H   O          0.000       0.000       0.000
  C   C         16.029     -72.950      -1.169
  O   C          0.000      68.690       0.000

 Subtotal:                              -5.873
 ---------------------------------------------- 

 NONAQUEOUS SOLVENT CONTRIBUTION (kcal/mol):
 (proportional to SASA, atomic number independent)
 ---------------------------------------------- 
 Subtotal:                               0.000
 ---------------------------------------------- 

 CDS TOTAL (kcal/mol):                   3.107
...............................................................................
