15
 energy: -233.588477462852 gnorm: 0.001077353210 xtb: 6.7.1 (edcfbbe)
C            1.81392269016206        0.66319959815415       -0.29082560076950
C            1.02568498114753       -0.23071770146855        0.64856392952799
O           -0.00008833031673       -1.00345779982854       -0.00010254264073
C           -1.02581715968496       -0.23064767560754       -0.64874780766645
C           -1.81381737544174        0.66350980374599        0.29059840162851
H            2.22298180188040        0.08795460274855       -1.12810442695989
H            1.21064947660049        1.48318063570388       -0.69027588829736
H            2.64964837279545        1.10560970132759        0.26116859346780
H            0.59395822896136        0.35918768542284        1.46894403169002
H            1.68800062896644       -0.97762075444805        1.09660528533905
H           -0.59408876075386        0.35908528399797       -1.46923713070811
H           -1.68827987101895       -0.97751076071512       -1.09662653531920
H           -2.64972384758943        1.10572580079751       -0.26131445295284
H           -2.22263820079794        0.08846530311917        1.12813493803090
H           -1.21048854413208        1.48365163940253        0.68965187782120
15
 energy: -233.588483392010 gnorm: 0.000533881101 xtb: 6.7.1 (edcfbbe)
C            1.81346178069239        0.66424045475877       -0.28996018486013
C            1.02525486272088       -0.23140221281020        0.64895412149159
O           -0.00008480067302       -1.00503511881291       -0.00008668226741
C           -1.02536893184914       -0.23133123508448       -0.64913904103770
C           -1.81337402860622        0.66454449165190        0.28972435973451
H            2.21933358189007        0.08896136080740       -1.12874617781504
H            1.20943976731662        1.48578902289806       -0.68616103016314
H            2.65161964201311        1.10474297349701        0.26006105452514
H            0.59244922856811        0.35841227245186        1.46922456373382
H            1.68775132728645       -0.97915048760275        1.09660538599620
H           -0.59256219117946        0.35830821828157       -1.46953917311429
H           -1.68802012876205       -0.97904613952954       -1.09661837527972
H           -2.65167303127589        1.10487590511495       -0.26021245786203
H           -2.21903825863513        0.08949048477818        1.12876425797351
H           -1.20928445954187        1.48621528188908        0.68556235521160
15
 energy: -233.588488202715 gnorm: 0.000590791121 xtb: 6.7.1 (edcfbbe)
C            1.81172338773690        0.66508601080709       -0.28880475152785
C            1.02466119868034       -0.23209144681492        0.65048326302513
O           -0.00008418110599       -1.00585696884924       -0.00006880455957
C           -1.02477411704714       -0.23203867960911       -0.65065883329221
C           -1.81164741970806        0.66539036114073        0.28855965601248
H            2.21270595671546        0.09143192195612       -1.13106359541097
H            1.20772169602651        1.48948039118006       -0.67948729474156
H            2.65326298044558        1.10161123000151        0.25924486012912
H            0.59066838986214        0.35658700787222        1.47099948026734
H            1.68778734548922       -0.98006711611235        1.09721034439668
H           -0.59076609663230        0.35646850100489       -1.47130038391929
H           -1.68803861436008       -0.97999055501060       -1.09722751383204
H           -2.65327644872409        1.10178782044347       -0.25942914477137
H           -2.21247687612338        0.09195457387679        1.13103763126331
H           -1.20756236391918        1.48986206509307        0.67893860007343
15
 energy: -233.588488202715 gnorm: 0.000590791121 xtb: 6.7.1 (edcfbbe)
C            1.81172338773690        0.66508601080709       -0.28880475152785
C            1.02466119868034       -0.23209144681492        0.65048326302513
O           -0.00008418110599       -1.00585696884924       -0.00006880455957
C           -1.02477411704714       -0.23203867960911       -0.65065883329221
C           -1.81164741970806        0.66539036114073        0.28855965601248
H            2.21270595671546        0.09143192195612       -1.13106359541097
H            1.20772169602651        1.48948039118006       -0.67948729474156
H            2.65326298044558        1.10161123000151        0.25924486012912
H            0.59066838986214        0.35658700787222        1.47099948026734
H            1.68778734548922       -0.98006711611235        1.09721034439668
H           -0.59076609663230        0.35646850100489       -1.47130038391929
H           -1.68803861436008       -0.97999055501060       -1.09722751383204
H           -2.65327644872409        1.10178782044347       -0.25942914477137
H           -2.21247687612338        0.09195457387679        1.13103763126331
H           -1.20756236391918        1.48986206509307        0.67893860007343
