----------------------------------------------- 
  Element       SASA      Sigma Z        Total  
     Z         Ang**2 cal/Ang**2/mol   kcal/mol 
----------------------------------------------- 
      H        119.376      48.690       5.812
      C         19.408     129.740       2.518
      O         18.394       0.000       0.000

 Subtotal:     157.178                   8.330
 -----------------------------------------------

  Elements    COT*SASA   Sigma Z,Z'     Total   
    Z,Z'       Ang**2  cal/Ang**2/mol kcal/mol  
 ---------------------------------------------- 
  H   C         70.951     -60.770      -4.312
  H   O          9.758       0.000       0.000
  C   C         16.214     -72.950      -1.183
  O   C          0.000      68.690       0.000

 Subtotal:                              -5.494
 ---------------------------------------------- 

 NONAQUEOUS SOLVENT CONTRIBUTION (kcal/mol):
 (proportional to SASA, atomic number independent)
 ---------------------------------------------- 
 Subtotal:                               0.000
 ---------------------------------------------- 

 CDS TOTAL (kcal/mol):                   2.836
...............................................................................
