15
 energy: -17.728621625981 gnorm: 0.027169304330 xtb: 6.7.1 (edcfbbe)
C            2.57278073320557       -0.31361293930765       -0.00509391072913
C            1.29509905091099        0.52077570677806        0.01369971994034
C            0.03496963438865       -0.34373586740700       -0.02311168229762
C           -1.23253137625975        0.49357271791403        0.00719791131106
O           -2.42903463451909       -0.31113745635194       -0.03233975552186
H            3.46501719981507        0.32045884190438        0.01609463900696
H            2.61550429739895       -0.98242405983651        0.86180220277551
H            2.62276207152160       -0.93350815512344       -0.90723922578073
H            1.27797578459253        1.14753480258157        0.91461610466780
H            1.28878046591069        1.20643231431630       -0.84349241798259
H            0.03576022009564       -0.96370847028537       -0.92911295920575
H            0.03305365327676       -1.02699248877609        0.83773541144539
H           -1.24181212572562        1.13572181122045        0.90020783402187
H           -1.28337394791860        1.14325667255874       -0.87315084467027
H           -2.42457097246181       -0.86336292262142        0.76013033773542
15
 energy: -17.729337731679 gnorm: 0.012500643004 xtb: 6.7.1 (edcfbbe)
C            2.56573609526336       -0.31600800300419       -0.00557364142580
C            1.29538438523154        0.52256282236850        0.01375310816498
C            0.04220726969084       -0.34846139780898       -0.01968335208668
C           -1.22723701478055        0.49388049579411        0.00890607763204
O           -2.41354790206950       -0.29758464867528       -0.03425357462850
H            3.44662804653718        0.32357306034650        0.01478379549837
H            2.60405841053636       -0.97791398450601        0.85924789525089
H            2.60896266532107       -0.92868281448994       -0.90561846568141
H            1.28050087056086        1.14170645985540        0.91565743932078
H            1.28891595383723        1.19799211541989       -0.84666570724571
H            0.04129032728448       -0.96332204754146       -0.92423384317626
H            0.04806773724151       -1.02573336597596        0.84068871957704
H           -1.24571163759116        1.13134302760332        0.90265561233475
H           -1.28417640462198        1.13764633847500       -0.87257622210224
H           -2.42069874820965       -0.86172755029681        0.75085552328410
15
 energy: -17.729485360365 gnorm: 0.003600810730 xtb: 6.7.1 (edcfbbe)
C            2.56706471894374       -0.31643374597779       -0.00660671722883
C            1.29673486726353        0.52345008517637        0.01292409611697
C            0.04405562225354       -0.34818563590448       -0.01583383273352
C           -1.23052051578512        0.49200537471365        0.01208803174244
O           -2.41003226786777       -0.28986836424671       -0.03588109973807
H            3.44495967068091        0.32286033508864        0.01269544033416
H            2.60170507992258       -0.97502803661625        0.85711084632697
H            2.60499707417994       -0.92691924312244       -0.90472408779028
H            1.28245634138665        1.14101307514783        0.91319390553324
H            1.28857343408144        1.19305191219870       -0.84897785271942
H            0.04019405484992       -0.96167349361278       -0.91857493121303
H            0.05285747403237       -1.01985912697289        0.84579872102388
H           -1.24401003456436        1.12980280670589        0.90522734130250
H           -1.28124478282775        1.13394393522296       -0.86987592945992
H           -2.42741068231804       -0.86888937023658        0.73937943321927
15
 energy: -17.729507252887 gnorm: 0.001478623169 xtb: 6.7.1 (edcfbbe)
C            2.56717446511743       -0.31650499698682       -0.00736502271241
C            1.29604876798837        0.52428324590641        0.01222059409200
C            0.04401918835866       -0.34900735588093       -0.01321717572894
C           -1.23181593413897        0.49194036708544        0.01397473136595
O           -2.40937909359679       -0.28746541334865       -0.03775711510258
H            3.44528123595850        0.32287031767334        0.01079325825295
H            2.60206716083696       -0.97436766530794        0.85718874118455
H            2.60420764641430       -0.92776578188471       -0.90526565470401
H            1.28284788362976        1.14379316608986        0.91114845214914
H            1.28687638872270        1.19207376303262       -0.85103460923621
H            0.03921138323500       -0.96419224939570       -0.91490514077913
H            0.05340952154400       -1.01833132116830        0.85025957660659
H           -1.24182754536116        1.13043373658245        0.90765022465259
H           -1.27716698766099        1.13614169664807       -0.86719680062677
H           -2.43057402681618       -0.87463100148104        0.73144930530265
15
 energy: -17.729515456425 gnorm: 0.001283029214 xtb: 6.7.1 (edcfbbe)
C            2.56811807421549       -0.31602924519658       -0.00857306287628
C            1.29550463051228        0.52385398633811        0.01088911509063
C            0.04341699256145       -0.34952388313531       -0.00913376681964
C           -1.23320290706060        0.49216244467393        0.01662926546387
O           -2.41086430257872       -0.28399701042315       -0.04166848472871
H            3.44701160510099        0.32357559605525        0.00743703608007
H            2.60451708231569       -0.97293528732247        0.85757206582160
H            2.60471655685125       -0.92946368317247       -0.90590545763452
H            1.28417996245441        1.14739151611122        0.90757702957898
H            1.28443764857202        1.18932939837930       -0.85468481385019
H            0.03747971198191       -0.96863605731760       -0.90871139529240
H            0.05339389770027       -1.01577193204545        0.85726269821041
H           -1.24170061688616        1.12971831071821        0.91234588393675
H           -1.27205489953842        1.14121087377955       -0.86221834587392
H           -2.43457338197029       -0.88161451987843        0.71912559760969
15
 energy: -17.729519404211 gnorm: 0.000700953954 xtb: 6.7.1 (edcfbbe)
C            2.56770339231276       -0.31605882415008       -0.00902906155301
C            1.29539565842927        0.52358450288582        0.01021083809388
C            0.04334801624154       -0.34954293330400       -0.00750938985099
C           -1.23240208656321        0.49274652217765        0.01766556873003
O           -2.41080781945223       -0.28292132119120       -0.04400367599321
H            3.44631170586807        0.32387928640617        0.00609637872555
H            2.60508644205452       -0.97224107260927        0.85761489546131
H            2.60463392412551       -0.93035197966715       -0.90575652476481
H            1.28477804822393        1.14858961870237        0.90598717846054
H            1.28357130429979        1.18793906138530       -0.85633383906327
H            0.03661366371920       -0.97024020485789       -0.90606877024095
H            0.05358816986624       -1.01453386144280        0.85992738606076
H           -1.24326394440974        1.12829659905308        0.91474876341220
H           -1.27023785916086        1.14331128732816       -0.86002336018903
H           -2.43393856132322       -0.88318617315206        0.71441697742732
15
 energy: -17.729523343724 gnorm: 0.000297851089 xtb: 6.7.1 (edcfbbe)
C            2.56759157053191       -0.31616850627510       -0.00972552375192
C            1.29561403414631        0.52318088516036        0.00871499141762
C            0.04305903040163       -0.34908824620143       -0.00460311705675
C           -1.23166576311634        0.49377360789619        0.01968663858148
O           -2.41088141192325       -0.28120242392512       -0.04813765828169
H            3.44590411305828        0.32390438593475        0.00416737786996
H            2.60522392315333       -0.97090858032621        0.85774137255992
H            2.60417962149789       -0.93166894590457       -0.90539369426950
H            1.28618907383792        1.15063599685251        0.90268223608756
H            1.28259550259786        1.18490401835708       -0.85969367361652
H            0.03453029365776       -0.97229927892584       -0.90129344462269
H            0.05461586534700       -1.01140813312541        0.86471438628054
H           -1.24626866475965        1.12552684791393        0.91906034788814
H           -1.26730199200890        1.14699644262561       -0.85583373679588
H           -2.43300514219017       -0.88690756249264        0.70585686242608
15
 energy: -17.729524963527 gnorm: 0.000270959411 xtb: 6.7.1 (edcfbbe)
C            2.56717323366920       -0.31656380267289       -0.01017754315655
C            1.29566868932572        0.52370107642415        0.00760112905156
C            0.04307934482052       -0.34876302744899       -0.00250727428651
C           -1.23134948147100        0.49443757293407        0.02138565434837
O           -2.41050491739677       -0.28051436066600       -0.05125818100666
H            3.44561120477746        0.32328563932721        0.00252838628286
H            2.60503735644353       -0.97010602695100        0.85818155448062
H            2.60339665929011       -0.93328341909886       -0.90502227073367
H            1.28719081150920        1.15325722044231        0.90011110854261
H            1.28201082131050        1.18329787684580       -0.86240883439133
H            0.03346013188043       -0.97362372652220       -0.89805549045957
H            0.05552794103455       -1.00930383537303        0.86813425567975
H           -1.24825421490781        1.12371620344212        0.92240637258857
H           -1.26503106819103        1.14990924508267       -0.85251010060053
H           -2.43263645786302       -0.89017612820123        0.69953459837683
15
 energy: -17.729525796133 gnorm: 0.000172864830 xtb: 6.7.1 (edcfbbe)
C            2.56732572425801       -0.31669088939392       -0.01030368942440
C            1.29591794917459        0.52388052351474        0.00695354818650
C            0.04307292967556       -0.34828440911068       -0.00145860711177
C           -1.23163878334730        0.49464636026932        0.02236690453012
O           -2.41050493359952       -0.28041523648187       -0.05307390163334
H            3.44615470920364        0.32272305398317        0.00122175663835
H            2.60511973218051       -0.96921906750124        0.85883896858235
H            2.60269185670455       -0.93450013454082       -0.90445273182423
H            1.28809290122726        1.15470059818157        0.89853676312076
H            1.28206333387263        1.18216827643855       -0.86400541257594
H            0.03296510635714       -0.97379332738797       -0.89652902016851
H            0.05617901972715       -1.00808100768833        0.86971044990184
H           -1.24967624137888        1.12240714960081        0.92442452934861
H           -1.26427617409834        1.15167449055795       -0.85042544521097
H           -2.43310707572542       -0.89194587287716        0.69613925235700
15
 energy: -17.729526335144 gnorm: 0.000063218509 xtb: 6.7.1 (edcfbbe)
C            2.56730231440711       -0.31682498993583       -0.01028740979991
C            1.29607379370114        0.52415949837846        0.00647174848553
C            0.04320362029232       -0.34797969734975       -0.00096169808360
C           -1.23177204494329        0.49470314924101        0.02314203668032
O           -2.41025503358545       -0.28050362941949       -0.05447687712566
H            3.44637031960674        0.32230015130340       -0.00024744919506
H            2.60536930852189       -0.96808075105708        0.85980579283670
H            2.60185879373766       -0.93596225294192       -0.90356120984706
H            1.28858071707022        1.15584884941772        0.89741714201106
H            1.28216938212994        1.18155338846300       -0.86514364492866
H            0.03267404195844       -0.97368797707320       -0.89589266259798
H            0.05675251135065       -1.00749971283668        0.87039751137318
H           -1.25045636709610        1.12122100466261        0.92606293929995
H           -1.26368291571559        1.15302757453820       -0.84872074552872
H           -2.43380838720411       -0.89300409782636        0.69393789113625
15
 energy: -17.729526764446 gnorm: 0.000066304154 xtb: 6.7.1 (edcfbbe)
C            2.56736282772216       -0.31685567513757       -0.01018308589201
C            1.29618507455388        0.52428110093282        0.00600444093085
C            0.04329198865518       -0.34784059650582       -0.00072962409045
C           -1.23180957924628        0.49472823643414        0.02385981165542
O           -2.41009654631450       -0.28052591650786       -0.05580703924901
H            3.44657967427635        0.32212568608175       -0.00206912901277
H            2.60601872147997       -0.96650221516259        0.86110731113043
H            2.60106511885598       -0.93768695169590       -0.90233448614525
H            1.28880892809308        1.15669531056218        0.89644161357882
H            1.28230252069818        1.18099453588589       -0.86613340442784
H            0.03237902528970       -0.97352715134854       -0.89568555271425
H            0.05727463875292       -1.00739294982556        0.87060815543576
H           -1.25110867432361        1.11989627660893        0.92770840713473
H           -1.26315226898820        1.15441450474172       -0.84701633985120
H           -2.43472139527322       -0.89353368749947        0.69217228623312
15
 energy: -17.729527116074 gnorm: 0.000068423885 xtb: 6.7.1 (edcfbbe)
C            2.56741956314140       -0.31685153743889       -0.01001392666978
C            1.29626104788664        0.52430481432789        0.00551881094607
C            0.04337762142825       -0.34781313451024       -0.00064119352054
C           -1.23174400409530        0.49472231948037        0.02463065976665
O           -2.40999457614781       -0.28032165627898       -0.05715041295444
H            3.44660119837755        0.32218834729876       -0.00423727961023
H            2.60699646497137       -0.96451386932420        0.86270321504746
H            2.60025201739782       -0.93969180441527       -0.90079439416642
H            1.28888259781755        1.15742142031624        0.89546036348171
H            1.28236571716238        1.18032382631519       -0.86714197297799
H            0.03195863229119       -0.97335884772981       -0.89569438544825
H            0.05779973130242       -1.00747574916470        0.87059828957573
H           -1.25157455621196        1.11835457828937        0.92951576864710
H           -1.26247614033309        1.15588015678318       -0.84515192063540
H           -2.43574526075684       -0.89389835638481        0.69034174323466
15
 energy: -17.729527315304 gnorm: 0.000049419025 xtb: 6.7.1 (edcfbbe)
C            2.56747672717604       -0.31679997164835       -0.00985820052980
C            1.29625590478031        0.52423802887405        0.00505133734383
C            0.04337802936089       -0.34788924416482       -0.00053801519348
C           -1.23162399542848        0.49480490969689        0.02533312920901
O           -2.40992614443483       -0.27999641058486       -0.05827661416477
H            3.44659672712776        0.32234021689352       -0.00621140924149
H            2.60792960322733       -0.96264680512511        0.86415625678191
H            2.59958122629008       -0.94149272514870       -0.89936410026875
H            1.28881601993220        1.15796510960451        0.89456066414649
H            1.28236691291744        1.17968589437808       -0.86804680727560
H            0.03154052929206       -0.97328118990174       -0.89569542524805
H            0.05818026061772       -1.00771133267444        0.87058018321765
H           -1.25190365258244        1.11707820291062        0.93113276624463
H           -1.26182272799860        1.15725678746358       -0.84348341327203
H           -2.43646536604592       -0.89428096300911        0.68860301296680
15
 energy: -17.729527391977 gnorm: 0.000034211018 xtb: 6.7.1 (edcfbbe)
C            2.56749424330934       -0.31681011966346       -0.00975761676276
C            1.29628071931806        0.52422058010787        0.00479017635689
C            0.04338961945457       -0.34788353417583       -0.00047844326312
C           -1.23155743204128        0.49484901024899        0.02579330402184
O           -2.40997396792570       -0.27968561526329       -0.05892210438711
H            3.44654209755239        0.32241574112608       -0.00745170256109
H            2.60852723529882       -0.96150786723799        0.86507057828541
H            2.59915909233561       -0.94264488090594       -0.89847409979528
H            1.28883283107111        1.15839208120443        0.89399542745508
H            1.28233401713473        1.17923108570680       -0.86863886045848
H            0.03121653793523       -0.97324353610561       -0.89566078107898
H            0.05842004579301       -1.00772391067697        0.87061506655279
H           -1.25209208212093        1.11628303303698        0.93215499740417
H           -1.26139946500071        1.15809004214754       -0.84242317347149
H           -2.43679343788268       -0.89471160198547        0.68733059641845
