----------------------------------------------- 
  Element       SASA      Sigma Z        Total  
     Z         Ang**2 cal/Ang**2/mol   kcal/mol 
----------------------------------------------- 
      H        116.064      48.690       5.651
      C         27.891     129.740       3.619
      O         13.042       0.000       0.000

 Subtotal:     156.996                   9.270
 -----------------------------------------------

  Elements    COT*SASA   Sigma Z,Z'     Total   
    Z,Z'       Ang**2  cal/Ang**2/mol kcal/mol  
 ---------------------------------------------- 
  H   C         77.987     -60.770      -4.739
  H   O          0.000       0.000       0.000
  C   C         17.215     -72.950      -1.256
  O   C          0.000      68.690       0.000

 Subtotal:                              -5.995
 ---------------------------------------------- 

 NONAQUEOUS SOLVENT CONTRIBUTION (kcal/mol):
 (proportional to SASA, atomic number independent)
 ---------------------------------------------- 
 Subtotal:                               0.000
 ---------------------------------------------- 

 CDS TOTAL (kcal/mol):                   3.275
...............................................................................
