15
 energy: -233.588395372186 gnorm: 0.000585068936 xtb: 6.7.1 (edcfbbe)
C            2.09979883949442        0.41653902190638        0.35148985489893
C            1.02574509601039       -0.01747889410163       -0.63003052450541
O           -0.00001261966213       -0.80718059078271        0.00045824445508
C           -1.02572833374854       -0.01676172270619        0.63011511295220
C           -2.09978364209245        0.41623869749438       -0.35185342580862
H            2.56947989024322       -0.45497114565630        0.81896531369716
H            2.87515741953407        0.98319100744759       -0.17593685890449
H            1.69155788239928        1.05854499626676        1.13862929018735
H            1.45960972581192       -0.65790264625909       -1.40559555557108
H            0.57934411785981        0.85276897250956       -1.13025658684395
H           -1.45959892695964       -0.65633201114220        1.40638071845170
H           -0.57929069970358        0.85400963294772        1.12939782131635
H           -2.87509586529274        0.98351837879869        0.17496427709299
H           -1.69152255655063        1.05735792934415       -1.13970474285906
H           -2.56952616377238       -0.45575555250517       -0.81836201899396
15
 energy: -233.588395921334 gnorm: 0.000191366756 xtb: 6.7.1 (edcfbbe)
C            2.09974633110603        0.41642686925980        0.35164259988957
C            1.02582718871443       -0.01746455684925       -0.63000872353414
O           -0.00001371222549       -0.80735804133249        0.00045852670038
C           -1.02581059795660       -0.01674583290787        0.63009450528129
C           -2.09973016485013        0.41612718267125       -0.35200672662188
H            2.56997750285178       -0.45476922804095        0.81836520858186
H            2.87446923617328        0.98368135864847       -0.17542328833342
H            1.69160356327574        1.05755182452233        1.13906463369694
H            1.45942988321839       -0.65745292189189       -1.40591413584673
H            0.57920337115363        0.85280487619534       -1.12962003794280
H           -1.45942169209792       -0.65587997493915        1.40669938764297
H           -0.57914778761170        0.85404594386469        1.12876166964367
H           -2.87441018501177        0.98400483266299        0.17445127261884
H           -1.69156905884824        1.05636782704101       -1.14013950553684
H           -2.57001968834483       -0.45555408900622       -0.81776451795485
15
 energy: -233.588395921334 gnorm: 0.000191366756 xtb: 6.7.1 (edcfbbe)
C            2.09974633110603        0.41642686925980        0.35164259988957
C            1.02582718871443       -0.01746455684925       -0.63000872353414
O           -0.00001371222549       -0.80735804133249        0.00045852670038
C           -1.02581059795660       -0.01674583290787        0.63009450528129
C           -2.09973016485013        0.41612718267125       -0.35200672662188
H            2.56997750285178       -0.45476922804095        0.81836520858186
H            2.87446923617328        0.98368135864847       -0.17542328833342
H            1.69160356327574        1.05755182452233        1.13906463369694
H            1.45942988321839       -0.65745292189189       -1.40591413584673
H            0.57920337115363        0.85280487619534       -1.12962003794280
H           -1.45942169209792       -0.65587997493915        1.40669938764297
H           -0.57914778761170        0.85404594386469        1.12876166964367
H           -2.87441018501177        0.98400483266299        0.17445127261884
H           -1.69156905884824        1.05636782704101       -1.14013950553684
H           -2.57001968834483       -0.45555408900622       -0.81776451795485
