----------------------------------------------- 
  Element       SASA      Sigma Z        Total  
     Z         Ang**2 cal/Ang**2/mol   kcal/mol 
----------------------------------------------- 
      H        115.327      48.690       5.615
      C         27.908     129.740       3.621
      O         12.730       0.000       0.000

 Subtotal:     155.965                   9.236
 -----------------------------------------------

  Elements    COT*SASA   Sigma Z,Z'     Total   
    Z,Z'       Ang**2  cal/Ang**2/mol kcal/mol  
 ---------------------------------------------- 
  H   C         77.732     -60.770      -4.724
  H   O          0.000       0.000       0.000
  C   C         17.104     -72.950      -1.248
  O   C          0.002      68.690       0.000

 Subtotal:                              -5.971
 ---------------------------------------------- 

 NONAQUEOUS SOLVENT CONTRIBUTION (kcal/mol):
 (proportional to SASA, atomic number independent)
 ---------------------------------------------- 
 Subtotal:                               0.000
 ---------------------------------------------- 

 CDS TOTAL (kcal/mol):                   3.265
...............................................................................
