----------------------------------------------- 
  Element       SASA      Sigma Z        Total  
     Z         Ang**2 cal/Ang**2/mol   kcal/mol 
----------------------------------------------- 
      H        116.160      48.690       5.656
      C         27.885     129.740       3.618
      O         13.034       0.000       0.000

 Subtotal:     157.080                   9.274
 -----------------------------------------------

  Elements    COT*SASA   Sigma Z,Z'     Total   
    Z,Z'       Ang**2  cal/Ang**2/mol kcal/mol  
 ---------------------------------------------- 
  H   C         78.042     -60.770      -4.743
  H   O          0.000       0.000       0.000
  C   C         17.211     -72.950      -1.256
  O   C          0.000      68.690       0.000

 Subtotal:                              -5.998
 ---------------------------------------------- 

 NONAQUEOUS SOLVENT CONTRIBUTION (kcal/mol):
 (proportional to SASA, atomic number independent)
 ---------------------------------------------- 
 Subtotal:                               0.000
 ---------------------------------------------- 

 CDS TOTAL (kcal/mol):                   3.276
...............................................................................
