15
 energy: -233.588280574527 gnorm: 0.000978991952 xtb: 6.7.1 (edcfbbe)
C            2.05576428946543        0.46226754060130        0.33325620483056
C            1.02079521912384       -0.06815594757891       -0.64364768642251
O           -0.00000126163947       -0.85338551696922        0.00029250113608
C           -1.02079598523848       -0.06769285194148        0.64366814231190
C           -2.05580032189773        0.46197404060562       -0.33360743264645
H            2.82717753521972        1.01204870313159       -0.21560758181803
H            1.61427203476100        1.14796733865052        1.06192591031231
H            2.53758220882929       -0.35926378433017        0.87214830827296
H            1.49507605827484       -0.74358219768530       -1.36363652867325
H            0.56614466052206        0.75464689284230       -1.21177902294080
H           -1.49504459919142       -0.74258679854438        1.36417764965477
H           -0.56615195944654        0.75554645556019        1.21117123523209
H           -1.61432799068257        1.14706878124322       -1.06285403656949
H           -2.53767115872898       -0.35997135714092       -0.87181197753332
H           -2.82716350852694        1.01222490260978        0.21485044480991
15
 energy: -233.588290021113 gnorm: 0.000348359558 xtb: 6.7.1 (edcfbbe)
C            2.05771773289646        0.46041074110668        0.33404322745380
C            1.02103863410825       -0.06573858679530       -0.64294324887385
O           -0.00000140424171       -0.85149243403322        0.00029248511440
C           -1.02103893221189       -0.06527348682326        0.64296198655812
C           -2.05775409543935        0.46011772998683       -0.33439322921466
H            2.83085522673548        1.00891184500005       -0.21497604978404
H            1.61778238837103        1.14617892602145        1.06431008165416
H            2.53729526135271       -0.36410403868652        0.87109196410455
H            1.49343473178495       -0.73974690492650       -1.36518222351312
H            0.56624035442644        0.75906625913347       -1.20766923331807
H           -1.49340422252496       -0.73874532801811        1.36572173500351
H           -0.56624645510293        0.75996619421046        1.20705628625875
H           -1.61783498418541        1.14528710721662       -1.06523436814150
H           -2.53737955798049       -0.36481478779423       -0.87075755446810
H           -2.83084913405952        1.00908302587602        0.21422303756072
15
 energy: -233.588321956125 gnorm: 0.002153622602 xtb: 6.7.1 (edcfbbe)
C            2.06824510412308        0.44968914109731        0.33833336375469
C            1.02205931208887       -0.05299927324441       -0.64031193314022
O           -0.00000369039508       -0.84077238535060        0.00029327785462
C           -1.02205986643404       -0.05252561334694        0.64032496153783
C           -2.06827949427081        0.44939763059873       -0.33867811648974
H            2.84871178512796        0.99242420837433       -0.20835377107685
H            1.63908776638672        1.13443563617492        1.07727773763853
H            2.53765422149866       -0.38791730783164        0.86559849766586
H            1.48454453513243       -0.71922783721747       -1.37572346590774
H            0.56736921849899        0.78319713001727       -1.18778451695815
H           -1.48451720768896       -0.71819714171263        1.37625873373894
H           -0.56737185600793        0.78409751247490        1.18714689283086
H           -1.63913921129599        1.13356769047592       -1.07817972584318
H           -2.53770956424048       -0.38862789869780       -0.86527439570769
H           -2.84873375393681        0.99256510731786        0.20761062899781
15
 energy: -233.588342412694 gnorm: 0.002232927418 xtb: 6.7.1 (edcfbbe)
C            2.07823547664646        0.44013948239799        0.34199266077068
C            1.02304035069684       -0.04210502020936       -0.63739928578964
O           -0.00000421263686       -0.83132513563095        0.00029498466289
C           -1.02304178265862       -0.04162556990455        0.63740542283496
C           -2.07826897001398        0.43984775505689       -0.34233288627935
H            2.86340208735469        0.97969367755613       -0.20126808690301
H            1.65823202684931        1.12162888284843        1.08941662807132
H            2.53970018526499       -0.40831585824562        0.85917813510830
H            1.47672555298019       -0.70078496260715       -1.38530969823826
H            0.56969774926362        0.80461197662036       -1.17011141467184
H           -1.47670163334665       -0.69973060602184        1.38583782801366
H           -0.56970124106081        0.80551056967952        1.16945321692825
H           -1.65828370751056        1.12077203271278       -1.09029484753709
H           -2.53973227384317       -0.40901998384608       -0.85885952434482
H           -2.86344072145796        0.97980969262680        0.20052896714346
15
 energy: -233.588358759370 gnorm: 0.001701578216 xtb: 6.7.1 (edcfbbe)
C            2.09004975046069        0.42814800830345        0.34661016652375
C            1.02431148772409       -0.02873682600466       -0.63415289784428
O           -0.00000554310816       -0.81866995870993        0.00029731735301
C           -1.02431679091919       -0.02825333167745        0.63415247772102
C           -2.09008036805415        0.42785468479582       -0.34694655479784
H            2.87880229043234        0.96627646229711       -0.19195195467310
H            1.68067154428738        1.10314841312204        1.10566992614911
H            2.54400433716260       -0.43261108915412        0.84979787951993
H            1.46725633773360       -0.67817682469264       -1.39701075097840
H            0.57340884820575        0.83048818286932       -1.14939330039519
H           -1.46723804553319       -0.67709967217976        1.39752980402692
H           -0.57341637415339        0.83138070758312        1.14871374283252
H           -1.68072353813087        1.10229655349126       -1.10652215945318
H           -2.54401144782887       -0.43330403780746       -0.84948278595731
H           -2.87885165366331        0.96636609514951        0.19121375069707
15
 energy: -233.588372327484 gnorm: 0.000540641748 xtb: 6.7.1 (edcfbbe)
C            2.09794962061479        0.42009755763402        0.34944213065735
C            1.02559456402961       -0.02006139159245       -0.63153034177612
O           -0.00000527688510       -0.80945804340282        0.00029962655903
C           -1.02560377976177       -0.01957878068241        0.63152621498473
C           -2.09797689838496        0.41980174017366       -0.34977658811517
H            2.88586618213494        0.96194724727003       -0.18447218100787
H            1.69446326428420        1.08572518223563        1.11885893880072
H            2.55028496581051       -0.44789291776272        0.83958617603610
H            1.46151537006835       -0.66299793119415       -1.40379856311559
H            0.57814580252373        0.84712009828170       -1.13592949422582
H           -1.46150448756984       -0.66191374291843        1.40430593171388
H           -0.57816079030147        0.84800333509072        1.13524199590492
H           -1.69451436443208        1.08486254601021       -1.11969511501781
H           -2.55028033324896       -0.44857318226796       -0.83926627405182
H           -2.88591167097903        0.96202601049726        0.18372715352033
15
 energy: -233.588383653270 gnorm: 0.000876875287 xtb: 6.7.1 (edcfbbe)
C            2.10052391730694        0.41687823245627        0.35091034900817
C            1.02624275973673       -0.01661121033300       -0.63030818506227
O           -0.00000368439427       -0.80539488979529        0.00030104198182
C           -1.02625467546960       -0.01613271906319        0.63030291711655
C           -2.10054809537136        0.41658068798399       -0.35124485230538
H            2.88409427860403        0.96742877284901       -0.17965525677259
H            1.69734597098062        1.07236254385297        1.12860876775045
H            2.55778822873471       -0.45402433843247        0.83023921925943
H            1.45946845466428       -0.65753329492841       -1.40553871101969
H            0.58075930516497        0.85342064247627       -1.13109535745826
H           -1.45946450607632       -0.65645676267936        1.40603570129470
H           -0.58078134682186        0.85429398408351        1.13041274873862
H           -1.69739191181817        1.07148122906076       -1.12944214363899
H           -2.55778520665990       -0.45469816141283       -0.82990746112067
H           -2.88413074184127        0.96751324314691        0.17889868679495
15
 energy: -233.588394517442 gnorm: 0.000620831048 xtb: 6.7.1 (edcfbbe)
C            2.10279252891248        0.41383430628298        0.35274320435063
C            1.02661519305785       -0.01369192242911       -0.62898109579008
O           -0.00000232650656       -0.80289313345968        0.00030137715961
C           -1.02662893365704       -0.01321995398293        0.62897616440050
C           -2.10281336397057        0.41353229150457       -0.35307773647304
H            2.87994428509899        0.97825950885271       -0.17336302473063
H            1.69791704190708        1.05525128582884        1.14162789157842
H            2.56890358300823       -0.46040416260251        0.81782816081361
H            1.45778953754898       -0.65210725465987       -1.40767505007179
H            0.58206093376179        0.85955142874923       -1.12550140790230
H           -1.45779341874916       -0.65104219467295        1.40816127210873
H           -0.58208843707096        0.86041176371941        1.12482655495224
H           -1.69795217000478        1.05434352287794       -1.14245875324172
H           -2.56891085179354       -0.46107148222538       -0.81748286895132
H           -2.87997024040924        0.97835423637459        0.17259054807906
15
 energy: -233.588395507778 gnorm: 0.000553451782 xtb: 6.7.1 (edcfbbe)
C            2.10489300381127        0.41070929467657        0.35486936371146
C            1.02683471554699       -0.01072538156638       -0.62768101084483
O           -0.00000020377853       -0.80113942019550        0.00030060037784
C           -1.02684899337580       -0.01026019752382        0.62767347151794
C           -2.10491332933856        0.41040393039805       -0.35520144285958
H            2.87579325661477        0.98818260956158       -0.16724427629891
H            1.69808331241829        1.03881219879914        1.15391323857323
H            2.57951856480660       -0.46640354784288        0.80649666239804
H            1.45576898956646       -0.64600268110055       -1.41023104392080
H            0.58178747640706        0.86526151893912       -1.11893212755132
H           -1.45577391880084       -0.64494489745577        1.41071012172278
H           -0.58181905503855        0.86611076884027        1.11825700562174
H           -1.69810820647706        1.03788391224479       -1.15473784621256
H           -2.57953704397938       -0.46706542192726       -0.80613967985875
H           -2.87581460679437        0.98828581079918        0.16646003396458
15
 energy: -233.588395507778 gnorm: 0.000553451782 xtb: 6.7.1 (edcfbbe)
C            2.10489300381127        0.41070929467657        0.35486936371146
C            1.02683471554699       -0.01072538156638       -0.62768101084483
O           -0.00000020377853       -0.80113942019550        0.00030060037784
C           -1.02684899337580       -0.01026019752382        0.62767347151794
C           -2.10491332933856        0.41040393039805       -0.35520144285958
H            2.87579325661477        0.98818260956158       -0.16724427629891
H            1.69808331241829        1.03881219879914        1.15391323857323
H            2.57951856480660       -0.46640354784288        0.80649666239804
H            1.45576898956646       -0.64600268110055       -1.41023104392080
H            0.58178747640706        0.86526151893912       -1.11893212755132
H           -1.45577391880084       -0.64494489745577        1.41071012172278
H           -0.58181905503855        0.86611076884027        1.11825700562174
H           -1.69810820647706        1.03788391224479       -1.15473784621256
H           -2.57953704397938       -0.46706542192726       -0.80613967985875
H           -2.87581460679437        0.98828581079918        0.16646003396458
