----------------------------------------------- 
  Element       SASA      Sigma Z        Total  
     Z         Ang**2 cal/Ang**2/mol   kcal/mol 
----------------------------------------------- 
      H         77.762      48.690       3.786
      C         71.309     129.740       9.252
      N          4.068       0.000       0.000
      O         78.641       0.000       0.000

 Subtotal:     231.780                  13.038
 -----------------------------------------------

  Elements    COT*SASA   Sigma Z,Z'     Total   
    Z,Z'       Ang**2  cal/Ang**2/mol kcal/mol  
 ---------------------------------------------- 
  H   C         52.582     -60.770      -3.195
  H   O          0.000       0.000       0.000
  C   C         79.662     -72.950      -5.811
  O   C         16.510      68.690       1.134
  O   O          0.000       0.000       0.000
  C   N          2.842       0.000       0.000
  N   C          5.008     -48.220      -0.241
  N  C(3)        0.000      84.100       0.000
  O   N         29.094     121.980       3.549

 Subtotal:                              -4.565
 ---------------------------------------------- 

 NONAQUEOUS SOLVENT CONTRIBUTION (kcal/mol):
 (proportional to SASA, atomic number independent)
 ---------------------------------------------- 
 Subtotal:                               0.000
 ---------------------------------------------- 

 CDS TOTAL (kcal/mol):                   8.473
...............................................................................
