----------------------------------------------- 
  Element       SASA      Sigma Z        Total  
     Z         Ang**2 cal/Ang**2/mol   kcal/mol 
----------------------------------------------- 
      H        115.620      48.690       5.630
      C         26.944     129.740       3.496
      O         12.894       0.000       0.000

 Subtotal:     155.457                   9.125
 -----------------------------------------------

  Elements    COT*SASA   Sigma Z,Z'     Total   
    Z,Z'       Ang**2  cal/Ang**2/mol kcal/mol  
 ---------------------------------------------- 
  H   C         77.921     -60.770      -4.735
  H   O          0.000       0.000       0.000
  C   C         16.518     -72.950      -1.205
  O   C          0.002      68.690       0.000

 Subtotal:                              -5.940
 ---------------------------------------------- 

 NONAQUEOUS SOLVENT CONTRIBUTION (kcal/mol):
 (proportional to SASA, atomic number independent)
 ---------------------------------------------- 
 Subtotal:                               0.000
 ---------------------------------------------- 

 CDS TOTAL (kcal/mol):                   3.185
...............................................................................
