----------------------------------------------- 
  Element       SASA      Sigma Z        Total  
     Z         Ang**2 cal/Ang**2/mol   kcal/mol 
----------------------------------------------- 
      H        120.039      48.690       5.845
      C         19.921     129.740       2.585
      O         19.345       0.000       0.000

 Subtotal:     159.306                   8.429
 -----------------------------------------------

  Elements    COT*SASA   Sigma Z,Z'     Total   
    Z,Z'       Ang**2  cal/Ang**2/mol kcal/mol  
 ---------------------------------------------- 
  H   C         72.122     -60.770      -4.383
  H   O          8.985       0.000       0.000
  C   C         16.218     -72.950      -1.183
  O   C          0.000      68.690       0.000

 Subtotal:                              -5.566
 ---------------------------------------------- 

 NONAQUEOUS SOLVENT CONTRIBUTION (kcal/mol):
 (proportional to SASA, atomic number independent)
 ---------------------------------------------- 
 Subtotal:                               0.000
 ---------------------------------------------- 

 CDS TOTAL (kcal/mol):                   2.863
...............................................................................
