15
 energy: -233.604768579353 gnorm: 0.030320780276 xtb: 6.7.1 (edcfbbe)
C            2.56699630623750       -0.31731365104061       -0.01001836460444
C            1.29678635967464        0.52535702903280        0.00341097260151
C            0.04349884321928       -0.34614882695339        0.00190064140084
C           -1.23167129044579        0.49605445111981        0.03036632841346
O           -2.40951933356772       -0.27812709472325       -0.06575877862914
H            3.44696186252744        0.32067565344210       -0.01313509220582
H            2.60923571235622       -0.95771467552439        0.86786602598457
H            2.59563764025020       -0.94759373581990       -0.89566394089689
H            1.29077062477197        1.16220535421500        0.89068756689469
H            1.28258436406835        1.17760730932183       -0.87209283748645
H            0.02926785681297       -0.97176696143062       -0.89306155449574
H            0.06081166942695       -1.00533671634549        0.87346719798706
H           -1.25626057435668        1.10990505959183        0.94188219261737
H           -1.25849466095767        1.16654560841693       -0.83238072136885
H           -2.43622396357956       -0.90507656690106        0.67048140379711
15
 energy: -233.605511999695 gnorm: 0.011853260946 xtb: 6.7.1 (edcfbbe)
C            2.57306177764525       -0.31430179509359       -0.00951902337868
C            1.29644554506068        0.52293294652859        0.00415093261195
C            0.03645586660695       -0.34116367480180       -0.00117356435141
C           -1.23666933336695        0.49581911737334        0.02846667637694
O           -2.42583049637429       -0.29075571464415       -0.06372066711073
H            3.46410923541873        0.31864047078648       -0.01185959743972
H            2.61958081724332       -0.96210471949028        0.87038385252683
H            2.60725295594855       -0.95101532193127       -0.89808136298063
H            1.28975625673406        1.16736410761203        0.89080271263634
H            1.28220573310800        1.18447471608471       -0.86955418926226
H            0.02476380847302       -0.97234284472310       -0.89758944868133
H            0.04711322881386       -1.00770791551363        0.87059511731612
H           -1.25172497161870        1.11523834908665        0.93836411607615
H           -1.25568891619257        1.17121010331660       -0.83327092504388
H           -2.44045017644982       -0.90701561672734        0.67995589571166
15
 energy: -233.605653776661 gnorm: 0.004126069797 xtb: 6.7.1 (edcfbbe)
C            2.57184375219970       -0.31395595764908       -0.00864998862915
C            1.29437006826779        0.52245847713066        0.00548699064477
C            0.03422406859276       -0.34265135016400       -0.00429683419379
C           -1.23281946880813        0.49832631996850        0.02531318448509
O           -2.42802257244553       -0.29614922091266       -0.06182209931127
H            3.46584724281613        0.31898718342814       -0.00947499923319
H            2.62338781609884       -0.96603730075042        0.87119225850980
H            2.61244653207006       -0.95253691656444       -0.89899365594198
H            1.28665716752071        1.16927514493167        0.89280648322725
H            1.28068167163583        1.19019200059526       -0.86620273541312
H            0.02465185112937       -0.97509293963744       -0.90228619088128
H            0.04042111888370       -1.01489076843032        0.86590813643652
H           -1.25252806720255        1.11864832016452        0.93465700748920
H           -1.25857551965888        1.17368715717803       -0.83729907399419
H           -2.43220453051631       -0.90098806550349        0.69161122028038
15
 energy: -233.605682362783 gnorm: 0.001693710034 xtb: 6.7.1 (edcfbbe)
C            2.57258457222636       -0.31398994176799       -0.00789848911441
C            1.29521413137545        0.52107105910073        0.00655638412432
C            0.03365930404090       -0.34185686361085       -0.00708840054451
C           -1.23174499888521        0.49845253741866        0.02272208696524
O           -2.43035836607902       -0.29884172570316       -0.05904101764008
H            3.46608879007929        0.31964483690827       -0.00696367039710
H            2.62426871621746       -0.96748371798974        0.87089059780488
H            2.61473500421435       -0.95116039480569       -0.89917121083629
H            1.28597535860556        1.16610088564379        0.89524742970152
H            1.28208750021020        1.19128078681266       -0.86337117638493
H            0.02517085081331       -0.97271027996870       -0.90617309494899
H            0.03788125931168       -1.01643313777225        0.86135868806419
H           -1.25352557862098        1.11925477700044        0.93107037959203
H           -1.26299301075679        1.17109040364065       -0.84163335649644
H           -2.42866254221292       -0.89514730024514        0.70144377781106
15
 energy: -233.605695132810 gnorm: 0.001924308858 xtb: 6.7.1 (edcfbbe)
C            2.57209955041492       -0.31438123566865       -0.00683512415799
C            1.29566473685427        0.52061082939037        0.00813711831954
C            0.03393241708577       -0.34208448655096       -0.01150280984769
C           -1.23011542844379        0.49833893028285        0.01903665717170
O           -2.43040144181588       -0.30271011534010       -0.05364137078827
H            3.46388150553329        0.32044737872220       -0.00240845099631
H            2.62239967729212       -0.96964192121690        0.86975245643322
H            2.61579199411237       -0.94792310090806       -0.89964346196382
H            1.28432809565990        1.16078344380186        0.89970678564537
H            1.28456296709843        1.19372733525928       -0.85890494781609
H            0.02705605472597       -0.96915246008655       -0.91258495633822
H            0.03629855137069       -1.01884197773137        0.85450744238244
H           -1.25240744008961        1.12156754914248        0.92481273986830
H           -1.26817219295461        1.16515980375475       -0.84896275353467
H           -2.42453829724484       -0.88662833379683        0.71647832607978
15
 energy: -233.605702723153 gnorm: 0.001372822841 xtb: 6.7.1 (edcfbbe)
C            2.57228775573304       -0.31433791047471       -0.00642871829382
C            1.29570686111572        0.52089068605945        0.00898154742640
C            0.03427400944629       -0.34228224474317       -0.01367367119084
C           -1.23076268662515        0.49737088732134        0.01706407356273
O           -2.43011115008172       -0.30430058454717       -0.04983613518891
H            3.46407874023133        0.32022488945692        0.00053511392952
H            2.62083789256287       -0.97134924982119        0.86872271481075
H            2.61644435091273       -0.94566996929907       -0.90054169892815
H            1.28325047431394        1.15828708323782        0.90231525560414
H            1.28570810728646        1.19583577705385       -0.85640793934626
H            0.02857269434974       -0.96747546121313       -0.91584820083351
H            0.03634908315778       -1.01999343979746        0.85133032984507
H           -1.25038866819378        1.12371392058211        0.92073109134203
H           -1.27082570795152        1.16112561041044       -0.85305593095554
H           -2.42504112672301       -0.88276853613337        0.72405909547559
15
 energy: -233.605716290318 gnorm: 0.000867057518 xtb: 6.7.1 (edcfbbe)
C            2.57246876047493       -0.31398367241828       -0.00498246778706
C            1.29528040920557        0.52156771795573        0.01280046942840
C            0.03509067828500       -0.34337603780934       -0.02228884412015
C           -1.23254368581113        0.49403597117193        0.00880839970045
O           -2.42901887979044       -0.31088626290602       -0.03527555810488
H            3.46487486093531        0.31985953216438        0.01290252381336
H            2.61591256646640       -0.97987535206020        0.86403333158486
H            2.62072642950958       -0.93665082190050       -0.90522061438196
H            1.27876869345558        1.14971279952450        0.91275888561222
H            1.28895655128077        1.20527784180851       -0.84588974241421
H            0.03462885632479       -0.96332942157867       -0.92821771923505
H            0.03422877035875       -1.02598546402113        0.83896230482529
H           -1.24290473944884        1.13337132784074        0.90401055353425
H           -1.28119674837162        1.14641620518337       -0.86970627915535
H           -2.42489238315138       -0.86688366553094        0.75524872292769
15
 energy: -233.605717881351 gnorm: 0.000239155582 xtb: 6.7.1 (edcfbbe)
C            2.57278073320557       -0.31361293930765       -0.00509391072913
C            1.29509905091099        0.52077570677806        0.01369971994034
C            0.03496963438864       -0.34373586740700       -0.02311168229762
C           -1.23253137625975        0.49357271791403        0.00719791131106
O           -2.42903463451908       -0.31113745635194       -0.03233975552186
H            3.46501719981507        0.32045884190438        0.01609463900696
H            2.61550429739895       -0.98242405983651        0.86180220277551
H            2.62276207152160       -0.93350815512344       -0.90723922578072
H            1.27797578459252        1.14753480258157        0.91461610466780
H            1.28878046591070        1.20643231431630       -0.84349241798259
H            0.03576022009564       -0.96370847028537       -0.92911295920575
H            0.03305365327676       -1.02699248877610        0.83773541144539
H           -1.24181212572562        1.13572181122045        0.90020783402186
H           -1.28337394791860        1.14325667255874       -0.87315084467027
H           -2.42457097246181       -0.86336292262142        0.76013033773542
15
 energy: -233.605717881351 gnorm: 0.000239155582 xtb: 6.7.1 (edcfbbe)
C            2.57278073320557       -0.31361293930765       -0.00509391072913
C            1.29509905091099        0.52077570677806        0.01369971994034
C            0.03496963438864       -0.34373586740700       -0.02311168229762
C           -1.23253137625975        0.49357271791403        0.00719791131106
O           -2.42903463451908       -0.31113745635194       -0.03233975552186
H            3.46501719981507        0.32045884190438        0.01609463900696
H            2.61550429739895       -0.98242405983651        0.86180220277551
H            2.62276207152160       -0.93350815512344       -0.90723922578072
H            1.27797578459252        1.14753480258157        0.91461610466780
H            1.28878046591070        1.20643231431630       -0.84349241798259
H            0.03576022009564       -0.96370847028537       -0.92911295920575
H            0.03305365327676       -1.02699248877610        0.83773541144539
H           -1.24181212572562        1.13572181122045        0.90020783402186
H           -1.28337394791860        1.14325667255874       -0.87315084467027
H           -2.42457097246181       -0.86336292262142        0.76013033773542
