20
 energy: -39.801022592925 gnorm: 0.041751811752 xtb: 6.7.1 (edcfbbe)
C           -4.54639037425518       -0.78711856991676       -0.00246917524258
O           -3.09675383273576       -0.85699643887612       -0.00432019304375
C           -2.45921679984081        0.32039995745270        0.00230606098514
O           -3.02850496899958        1.39940514802412        0.00860316301400
C           -0.97820965432115        0.16741859225165        0.00093333166184
C           -0.20095616293055        1.32983094861294        0.00065426057789
C            1.18141183123395        1.24595382756677       -0.00024761829072
C            1.76446666025626       -0.01656061587585       -0.00056702196246
C            1.01709367489568       -1.18898952696666       -0.00000698438948
C           -0.36551726141247       -1.09040466249737        0.00071062411145
N            3.23091175782001       -0.11528790410670       -0.00117193404470
O            3.73695400385726       -1.23501445384883       -0.00098070612329
O            3.88147507677402        0.92694321976200       -0.00027402341142
H           -4.89612188926741       -0.25637398204698       -0.89094064793380
H           -4.89437922658018       -0.28171931870310        0.90136401804875
H           -4.88277904515104       -1.82267403827403       -0.01676072310421
H           -0.68402984392500        2.29964887475354        0.00093600654535
H            1.79350552578616        2.13844393579874       -0.00037083474948
H            1.50474048073986       -2.15522226114031        0.00019016720014
H           -0.96333819514493       -1.99290737068712        0.00108497299279
20
 energy: -39.802633923435 gnorm: 0.018635770090 xtb: 6.7.1 (edcfbbe)
C           -4.53594310500504       -0.79107464055615       -0.00249405209129
O           -3.09703162496125       -0.84775966298442       -0.00408883611345
C           -2.45613737250635        0.31897272310344        0.00228497550719
O           -3.02224615336037        1.39308025554289        0.00844448511090
C           -0.97541837587724        0.16792531828034        0.00090669148364
C           -0.19876700292354        1.32743461515981        0.00057162685855
C            1.18094843164795        1.24227839704841       -0.00014803080594
C            1.76728616341777       -0.01721351627635       -0.00026348457323
C            1.01378157138695       -1.18477026103539        0.00005551614516
C           -0.36628003313526       -1.08733422374268        0.00063308581797
N            3.21504422433771       -0.11552177056627       -0.00011914504384
O            3.71637441908953       -1.22711063473037       -0.00153113275734
O            3.86182623062120        0.91829261044230       -0.00088363558300
H           -4.88347040819440       -0.25446144732110       -0.88496165637668
H           -4.88209292555718       -0.27949463832067        0.89526010902912
H           -4.86749985110683       -1.82562613810196       -0.01668020147376
H           -0.68782239737669        2.29022156048143        0.00096462355846
H            1.79642008753421        2.12851184699113       -0.00039314909063
H            1.50471199971097       -2.14570999794361        0.00005849049275
H           -0.96932212094299       -1.98186503418814        0.00105646274685
20
 energy: -39.802957866983 gnorm: 0.008036721931 xtb: 6.7.1 (edcfbbe)
C           -4.52456410446403       -0.79363359823227       -0.00248275116073
O           -3.09387723726256       -0.84114340716657       -0.00373054970127
C           -2.45423915934346        0.31981778534767        0.00242135531560
O           -3.02053911299578        1.39318953300047        0.00832563169158
C           -0.97336567394129        0.16936082843937        0.00106636849352
C           -0.19780543434655        1.32823102670215        0.00071362989540
C            1.17982955283844        1.24092733514490       -0.00004168186512
C            1.77066274238264       -0.01815584049805       -0.00059192023035
C            1.01023254106956       -1.18303034368535        0.00007675082200
C           -0.36789963135336       -1.08623798272807        0.00072092045028
N            3.20330960297377       -0.11701746426586       -0.00285635504767
O            3.70242299043856       -1.22558297984614       -0.00017013227463
O            3.84991593925007        0.91266475524708        0.00044108661018
H           -4.87709304310717       -0.25564581353164       -0.88199162681264
H           -4.87610342970778       -0.28038215440540        0.89207430778762
H           -4.85119778409378       -1.82797864134404       -0.01657216105579
H           -0.69308900669387        2.28617370058243        0.00103731947633
H            1.79959962381136        2.12281690033538       -0.00054065526470
H            1.50503514946329       -2.14082519910568       -0.00025504548971
H           -0.97687276811892       -1.97477307870778        0.00102825120154
20
 energy: -39.802984171447 gnorm: 0.004509705269 xtb: 6.7.1 (edcfbbe)
C           -4.52107453816824       -0.79540399479944       -0.00247736739020
O           -3.09214472311296       -0.83913523473005       -0.00365282693290
C           -2.45409352301567        0.32152258776154        0.00217609478673
O           -3.02080164854325        1.39561774042586        0.00801270364446
C           -0.97308114834116        0.17126355819241        0.00091505588184
C           -0.19740803848636        1.33026069268084        0.00055824451749
C            1.17957894207185        1.24146251137862       -0.00013654582902
C            1.77159970521305       -0.01838040673241        0.00026237282472
C            1.00824555707078       -1.18266598422971       -0.00005741465891
C           -0.36923689790503       -1.08549267152051        0.00052205672280
N            3.20085415547033       -0.11843340254720        0.00337699047701
O            3.70014012048058       -1.22802566672631       -0.00334756500748
O            3.84984906964168        0.91092878323061       -0.00282561791433
H           -4.87712576721689       -0.25832621139746       -0.88189472167483
H           -4.87620019119934       -0.28281041236717        0.89179808176338
H           -4.84574320855925       -1.83041472757663       -0.01644234283043
H           -0.69451203626876        2.28733970934921        0.00098594724388
H            1.80171272672660        2.12206504411240       -0.00010559133441
H            1.50439356237806       -2.14014884860187        0.00010075352945
H           -0.98059036143688       -1.97244770462015        0.00090443502219
20
 energy: -39.803003671558 gnorm: 0.001814252282 xtb: 6.7.1 (edcfbbe)
C           -4.51839333129494       -0.79759491405921       -0.00247042943385
O           -3.09049637630171       -0.83728539894738       -0.00328804923684
C           -2.45424721783668        0.32379230665548        0.00244761829381
O           -3.02132017307639        1.39866520007853        0.00786470655610
C           -0.97303656354230        0.17380365282346        0.00114640270922
C           -0.19682599499594        1.33284291878309        0.00081600555776
C            1.17963299513521        1.24233151649951        0.00005367406886
C            1.77220001838216       -0.01850368693844       -0.00043275585316
C            1.00613435841813       -1.18226938949465        0.00004887121514
C           -0.37076281544718       -1.08430725482572        0.00072887164817
N            3.19917114914857       -0.12016607358204       -0.00192329148405
O            3.69885352785342       -1.23128343781792       -0.00079036717044
O            3.85136187392429        0.90898723979024       -0.00028591975071
H           -4.87791266467260       -0.26195541440892       -0.88218825775484
H           -4.87728384390520       -0.28619986787432        0.89180905700773
H           -4.84087906263693       -1.83359056468870       -0.01637237883083
H           -0.69512006077544        2.28955306185423        0.00118194029027
H            1.80427121017746        2.12174141834499       -0.00035060668509
H            1.50330178062755       -2.13977825301001       -0.00030980112730
H           -0.98428705238234       -1.97000769789961        0.00098745282149
20
 energy: -39.803007021456 gnorm: 0.000552981844 xtb: 6.7.1 (edcfbbe)
C           -4.51985499543713       -0.79816955886501       -0.00244225460040
O           -3.09090767922524       -0.83737504980887       -0.00328811389138
C           -2.45469627060720        0.32451231193867        0.00224787018281
O           -3.02159517579071        1.39892344715908        0.00766789861488
C           -0.97337204876721        0.17466237701400        0.00112062499424
C           -0.19637598123385        1.33324506125685        0.00081945380103
C            1.18031436371298        1.24255072084647        0.00004214567769
C            1.77153610564149       -0.01837032795453       -0.00022664574688
C            1.00617983501801       -1.18206434777265        0.00005642619700
C           -0.37083982385101       -1.08334909560027        0.00072746792159
N            3.19986858934132       -0.12051390768469       -0.00052932423422
O            3.69954623656486       -1.23159284139186       -0.00156730769367
O            3.85264541727996        0.90821476503750       -0.00108201486090
H           -4.87867145304906       -0.26325178373220       -0.88251707326796
H           -4.87808136273250       -0.28737668895753        0.89208241563147
H           -4.84162506893025       -1.83456121341352       -0.01626662154765
H           -0.69330103243270        2.29070230139987        0.00126021232656
H            1.80485445212891        2.12199032623307       -0.00016657836749
H            1.50251434652087       -2.13994033179488       -0.00022345293110
H           -0.98377669735240       -1.96946080262690        0.00095761463583
20
 energy: -39.803007990794 gnorm: 0.000160412177 xtb: 6.7.1 (edcfbbe)
C           -4.51912045672617       -0.79921669481978       -0.00244192827758
O           -3.09029268134252       -0.83654569224994       -0.00308408702643
C           -2.45487502091341        0.32566014054804        0.00236950371337
O           -3.02203053576801        1.39992026460081        0.00740309405192
C           -0.97342649693572        0.17592380027958        0.00115376865105
C           -0.19597247049394        1.33417850395102        0.00090854344139
C            1.18065029104184        1.24279724355412        0.00014702426654
C            1.77144912409333       -0.01841304812837       -0.00027696495604
C            1.00544031759091       -1.18177020199520        0.00000820186846
C           -0.37144208511683       -1.08237360998716        0.00069398142565
N            3.19913322741602       -0.12130258321538       -0.00085265230455
O            3.69853907879619       -1.23257275176371       -0.00148315325411
O            3.85287495340186        0.90688195721326       -0.00100341424163
H           -4.87882710909598       -0.26504489596498       -0.88260765258854
H           -4.87831977584713       -0.28896950346906        0.89200213490707
H           -4.83932656665554       -1.83611394895594       -0.01620142140107
H           -0.69261495087800        2.29178151842689        0.00132322463519
H            1.80590167970492        2.12173283277863       -0.00012244366566
H            1.50159368105401       -2.13973218725384       -0.00024734977956
H           -0.98497244652669       -1.96804578226639        0.00098433337601
20
 energy: -39.803008239234 gnorm: 0.000129753513 xtb: 6.7.1 (edcfbbe)
C           -4.51868209347829       -0.79989511132957       -0.00235807762609
O           -3.08984795619134       -0.83604626113774       -0.00296747153489
C           -2.45498802844996        0.32641325572764        0.00207627159426
O           -3.02243591817698        1.40051668009723        0.00703079603572
C           -0.97347031315285        0.17671278376941        0.00122680895650
C           -0.19576154406935        1.33474531390464        0.00103862628307
C            1.18086037849499        1.24294071123962        0.00020628538556
C            1.77132549896005       -0.01844931660393       -0.00026326101913
C            1.00498225276930       -1.18160921366556       -0.00001866540451
C           -0.37185192652173       -1.08174540072392        0.00069746192104
N            3.19887007968074       -0.12180103636887       -0.00101883825913
O            3.69790628370266       -1.23322161265641       -0.00141403704922
O            3.85300524115194        0.90610664701986       -0.00099729906141
H           -4.87882440151813       -0.26623641604019       -0.88263918382714
H           -4.87842012304088       -0.28984888823933        0.89196496782019
H           -4.83781114117976       -1.83710161237608       -0.01596026338729
H           -0.69200201127295        2.29256020525017        0.00152912871541
H            1.80638635579478        2.12164989258765       -0.00000267950028
H            1.50079934482383       -2.13971550431101       -0.00037386069017
H           -0.98567822152693       -1.96719975486099        0.00091603348895
20
 energy: -39.803008227942 gnorm: 0.000279913061 xtb: 6.7.1 (edcfbbe)
C           -4.51831433668410       -0.80044934897754       -0.00228455553795
O           -3.08947531897616       -0.83563624760585       -0.00291270863154
C           -2.45507898098174        0.32703253314246        0.00176832095460
O           -3.02276946138349        1.40100900460698        0.00675535808066
C           -0.97350432542796        0.17735716900869        0.00130190901514
C           -0.19559084520397        1.33520954243370        0.00116206942967
C            1.18102975547326        1.24306092544570        0.00024680969981
C            1.77122352506868       -0.01847901789894       -0.00026026574249
C            1.00460572633980       -1.18147995482238       -0.00004844688240
C           -0.37218901521039       -1.08123260324888        0.00070164996334
N            3.19864134919540       -0.12221070922804       -0.00120883161581
O            3.69737941249692       -1.23375078224514       -0.00131904205097
O            3.85310613982122        0.90546388467766       -0.00095118353715
H           -4.87884224662850       -0.26720721837704       -0.88264573632473
H           -4.87846752924830       -0.29057125442735        0.89195049113155
H           -4.83655627948080       -1.83790917549128       -0.01576481441674
H           -0.69151119900795        2.29319325953692        0.00171014563614
H            1.80678325321888        2.12158004078245        0.00007807407256
H            1.50015384313753       -2.13969869399373       -0.00047978344215
H           -0.98626170971921       -1.96650599203578        0.00087328303993
20
 energy: -39.803008331922 gnorm: 0.000140057952 xtb: 6.7.1 (edcfbbe)
C           -4.51830666506955       -0.80053458072279       -0.00232493982811
O           -3.08944999139326       -0.83560823580158       -0.00266632861487
C           -2.45509430802236        0.32709692946861        0.00229763813803
O           -3.02283671691270        1.40103323675150        0.00654869758350
C           -0.97352403258584        0.17746151061936        0.00119298048617
C           -0.19555879302913        1.33527822257926        0.00105635806993
C            1.18106986562408        1.24306911438112        0.00029855892841
C            1.77120151089190       -0.01847629841264       -0.00023993556947
C            1.00456063714780       -1.18143891400303       -0.00004830202144
C           -0.37223110295878       -1.08113872583845        0.00064505781440
N            3.19869857267016       -0.12227036008483       -0.00106496787808
O            3.69732521359228       -1.23385516192199       -0.00141981575078
O            3.85314775054949        0.90540640939444       -0.00107237055509
H           -4.87872820741424       -0.26734684569697       -0.88275923556110
H           -4.87861999802178       -0.29067069770193        0.89185646302093
H           -4.83645102722649       -1.83802650800134       -0.01577282911831
H           -0.69136232998100        2.29332286862635        0.00166725361383
H            1.80681886312872        2.12160197258386        0.00012619163697
H            1.50000752582870       -2.13971634258986       -0.00049288591987
H           -0.98630501001889       -1.96641223234649        0.00084515436638
20
 energy: -39.803008359306 gnorm: 0.000063115464 xtb: 6.7.1 (edcfbbe)
C           -4.51831907285787       -0.80059777333350       -0.00227057256679
O           -3.08945983726594       -0.83562363412281       -0.00262374348665
C           -2.45510102917819        0.32711015772111        0.00207389448613
O           -3.02286882220836        1.40102016688939        0.00638761793984
C           -0.97354527455085        0.17754609332106        0.00119115705024
C           -0.19552528126487        1.33534716114919        0.00116946610528
C            1.18110302354756        1.24309052146239        0.00039990253251
C            1.77119656906906       -0.01845660599062       -0.00022963669272
C            1.00452989077929       -1.18138238386342       -0.00006948699234
C           -0.37225255843651       -1.08106501464712        0.00061707610939
N            3.19875841923815       -0.12232492037461       -0.00092997997381
O            3.69730279884876       -1.23395988646635       -0.00151395641533
O            3.85323122716124        0.90535177743458       -0.00114536423649
H           -4.87875878805559       -0.26752953888483       -0.88277766204019
H           -4.87863104189484       -0.29065237449612        0.89187120221341
H           -4.83648065073624       -1.83810454303600       -0.01561767064133
H           -0.69129491298796        2.29340916019414        0.00167088789538
H            1.80686917774609        2.12163464993855        0.00022729431310
H            1.49993592177903       -2.13969708499835       -0.00050607123639
H           -0.98632800193285       -1.96634056661407        0.00074838847820
