20
 energy: -664.524013610841 gnorm: 0.044302643529 xtb: 6.7.1 (edcfbbe)
C           -4.51816242330212       -0.80096955655493       -0.00074388060033
O           -3.08930716756895       -0.83558830857027       -0.00081270440036
C           -2.45515238768794        0.32724705764501        0.00028116960012
O           -3.02304422763959        1.40109699272086        0.00110537940049
C           -0.97358920733142        0.17780493227879        0.00020716840009
C           -0.19551144748664        1.33555889199182       -0.00050011040022
C            1.18112813232339        1.24321041045090       -0.00066622760030
C            1.77117515738485       -0.01834272240813       -0.00000751820000
C            1.00445441524510       -1.18123084242343        0.00075302240033
C           -0.37231649176498       -1.08083762627895        0.00086386400038
N            3.19875726491745       -0.12232482715421       -0.00007053030003
O            3.69716353123831       -1.23400833574682       -0.00024189580011
O            3.85328776820749        0.90530200930116       -0.00003805910002
H           -4.87862743336185       -0.25799593271432       -0.87516686988781
H           -4.87903657696203       -0.30161229993365        0.89912101519842
H           -4.83595961274294       -1.83833082871461       -0.02585266511146
H           -0.69113447280626        2.29369941431640       -0.00104331930046
H            1.80690756860069        2.12174358734020       -0.00130799200058
H            1.49978666766460       -2.13958312054811        0.00129699930057
H           -0.98645666973712       -1.96606633707122        0.00149680440066
20
 energy: -664.525605858239 gnorm: 0.018946359954 xtb: 6.7.1 (edcfbbe)
C           -4.52791235671410       -0.79698449817624       -0.00094259843534
O           -3.08917372736075       -0.84317119387758       -0.00115184975891
C           -2.45733047963499        0.32901043545089        0.00059527323181
O           -3.02809826460536        1.40751727719244        0.00232149156447
C           -0.97614605065498        0.17661266353455        0.00011893376162
C           -0.19787097590395        1.33698182382506       -0.00047930654350
C            1.18134793992701        1.24653255537406       -0.00063382529822
C            1.76745324614681       -0.01762451409949       -0.00004131452088
C            1.00818729219194       -1.18544347830331        0.00066358268321
C           -0.37092822790146       -1.08367039892096        0.00067466246796
N            3.21303028534233       -0.12207613555497       -0.00014913924436
O            3.71540594594977       -1.24229715873471       -0.00023415598162
O            3.87128174060313        0.91428194738749        0.00002729206813
H           -4.88960028692569       -0.26097302192808       -0.88183242035111
H           -4.88937997449287       -0.30241950337729        0.90406194408547
H           -4.85097134314005       -1.83547174545331       -0.02474399558448
H           -0.68730170883589        2.30253843686758       -0.00092464177955
H            1.80257081728439        2.13200198698438       -0.00122744196055
H            1.49943418888216       -2.14915439714004        0.00121728536651
H           -0.97963581746509       -1.97741809610437        0.00135377770785
20
 energy: -664.525946678375 gnorm: 0.008155649430 xtb: 6.7.1 (edcfbbe)
C           -4.53938302972619       -0.79307298642510       -0.00121804492994
O           -3.09273464428865       -0.85077656176323       -0.00185055186769
C           -2.45927636738814        0.32686670477761        0.00094750284698
O           -3.03021289850578        1.40612090238500        0.00398924309484
C           -0.97812673322596        0.17412287839275        0.00013270988982
C           -0.19894181009241        1.33549113391342       -0.00037588104598
C            1.18262734926662        1.24782126591303       -0.00059113312450
C            1.76489703971825       -0.01677031647601       -0.00005628479369
C            1.01254828048100       -1.18764768233395        0.00049351772379
C           -0.36871293161487       -1.08576068614591        0.00050087334686
N            3.22427278401710       -0.11998204928957        0.00003042726064
O            3.72910408017563       -1.24243726808694       -0.00039746300755
O            3.88162444776340        0.92048524367941       -0.00004622480383
H           -4.89563447778411       -0.25995718724997       -0.88638751508314
H           -4.89504184202591       -0.29798304697656        0.90613547097747
H           -4.86805298482017       -1.83135952917489       -0.02296777441637
H           -0.68234772827644        2.30563696179121       -0.00069800728658
H            1.79887910768489        2.13802857782241       -0.00109036483471
H            1.49983520734228       -2.15439240317892        0.00103145607204
H           -0.97096081767237       -1.98566014959519        0.00109136715504
20
 energy: -664.525989061664 gnorm: 0.003877130909 xtb: 6.7.1 (edcfbbe)
C           -4.54408605591494       -0.79080627607573       -0.00143486930761
O           -3.09477413147710       -0.85429097719570       -0.00239402117771
C           -2.45971822447102        0.32437205927546        0.00131121767296
O           -3.03020421083428        1.40308219126019        0.00513659110477
C           -0.97857280256062        0.17181913085518        0.00022574346467
C           -0.19961380424541        1.33336400311747       -0.00023804636703
C            1.18272125260738        1.24729568867784       -0.00053644265403
C            1.76425539958716       -0.01646571303207       -0.00021714396065
C            1.01474354362560       -1.18804740319599        0.00034746771222
C           -0.36734644149307       -1.08707457159427        0.00042793029175
N            3.22853571093190       -0.11820898469726       -0.00052612519078
O            3.73377784873471       -1.23959560474061       -0.00016932269516
O            3.88337549813518        0.92288200159024        0.00025846751397
H           -4.89662964104945       -0.25772902341593       -0.88760382571512
H           -4.89587565391965       -0.29295980298086        0.90541612675218
H           -4.87577555266271       -1.82815361300300       -0.02154798823582
H           -0.68121915417960        2.30425029649059       -0.00045164508286
H            1.79660351851108        2.13889096216399       -0.00102046056158
H            1.50091617414581       -2.15511315180167        0.00074990294856
H           -0.96675137177623       -1.98873682259593        0.00093959027583
20
 energy: -664.525997446278 gnorm: 0.001592469663 xtb: 6.7.1 (edcfbbe)
C           -4.54642121899237       -0.78886300443211       -0.00168011811333
O           -3.09606921427421       -0.85647472551239       -0.00305134876066
C           -2.45968619877132        0.32209763660396        0.00145121212893
O           -3.02970148636417        1.40045445073658        0.00625698948602
C           -0.97854887842482        0.16950495367893        0.00029529222285
C           -0.20034785224069        1.33132322978681       -0.00007412255209
C            1.18225015149121        1.24650021894692       -0.00040320149654
C            1.76410534884834       -0.01637583008780        0.00007883805747
C            1.01625821607912       -1.18831117588627        0.00021434266477
C           -0.36627520668886       -1.08854834311515        0.00030223501433
N            3.23082387945202       -0.11662331037880        0.00089268138992
O            3.73609589982551       -1.23670605442142       -0.00113978654899
O            3.88306655690910        0.92474819881346       -0.00059925974162
H           -4.89646125901549       -0.25575492282841       -0.88845288241017
H           -4.89540352080590       -0.28774429621142        0.90407239100686
H           -4.88055525800919       -1.82517645103913       -0.01988924814719
H           -0.68175516445982        2.30197959763685       -0.00016215488191
H            1.79468340244715        2.13876640817316       -0.00075069804723
H            1.50245775045916       -2.15510253821324        0.00056131917303
H           -0.96415413007514       -1.99091913981600        0.00075052035793
20
 energy: -664.525998187717 gnorm: 0.002581819648 xtb: 6.7.1 (edcfbbe)
C           -4.54768162794497       -0.78638500930801       -0.00239415939916
O           -3.09724159970516       -0.85860320749149       -0.00447478668884
C           -2.45932814070584        0.31905261965221        0.00181009745755
O           -3.02867607821358        1.39762870206481        0.00861732091852
C           -0.97818545831837        0.16651664559768        0.00054779127523
C           -0.20130343044773        1.32897899634603        0.00053594310304
C            1.18136852298685        1.24549992964247        0.00065793775053
C            1.76429677246443       -0.01635588546444        0.00072789615930
C            1.01793634676982       -1.18866810552871        0.00099693628830
C           -0.36492785296421       -1.09072885219926        0.00051280369889
N            3.23201412763645       -0.11499848785495       -0.00219931622670
O            3.73761070377838       -1.23323175395707       -0.00138698163904
O            3.88150881271870        0.92707894037361       -0.00078658749714
H           -4.89575555447257       -0.25401107027759       -0.89024240178258
H           -4.89400158732118       -0.28063371474935        0.90164577249154
H           -4.88537675481868       -1.82130255007858       -0.01736514131597
H           -0.68378036468987        2.29889034970181        0.00009598459481
H            1.79267723361647        2.13837872495496       -0.00012511923096
H            1.50500045628573       -2.15479376416046        0.00089513496267
H           -0.96179282269328       -1.99353693914996        0.00060354620464
20
 energy: -664.526001762143 gnorm: 0.001242948276 xtb: 6.7.1 (edcfbbe)
C           -4.54710111804128       -0.78666484362904       -0.00244415048154
O           -3.09701582772760       -0.85802786320484       -0.00445389908837
C           -2.45927616603791        0.31950106946000        0.00195913192480
O           -3.02861900527997        1.39826011275746        0.00858474536726
C           -0.97816973307725        0.16685517648952        0.00059256382643
C           -0.20119419217967        1.32932552107196        0.00050442246039
C            1.18136650413798        1.24566713831384        0.00043724098318
C            1.76436189824114       -0.01641985079788        0.00066905397649
C            1.01761404326507       -1.18875088490811        0.00080107361272
C           -0.36514378606998       -1.09060947145120        0.00056096262177
N            3.23149638909798       -0.11519353103038       -0.00089550199128
O            3.73726164604097       -1.23388980498504       -0.00193837172682
O            3.88146426411661        0.92700137511683       -0.00134458040853
H           -4.89582554323309       -0.25470340951104       -0.89039968228795
H           -4.89405166399445       -0.28120855291681        0.90161480982555
H           -4.88437224502594       -1.82178787286677       -0.01734678179025
H           -0.68393581866327        2.29918688039899        0.00023200948487
H            1.79300936620425        2.13839790122936       -0.00007887487399
H            1.50489426225729       -2.15489834019711        0.00090648613064
H           -0.96240154947772       -1.99326525278535        0.00071202161635
20
 energy: -664.526002272977 gnorm: 0.000775703082 xtb: 6.7.1 (edcfbbe)
C           -4.54639037425518       -0.78711856991676       -0.00246917524258
O           -3.09675383273576       -0.85699643887611       -0.00432019304375
C           -2.45921679984081        0.32039995745270        0.00230606098514
O           -3.02850496899958        1.39940514802412        0.00860316301400
C           -0.97820965432115        0.16741859225165        0.00093333166184
C           -0.20095616293055        1.32983094861294        0.00065426057789
C            1.18141183123395        1.24595382756676       -0.00024761829072
C            1.76446666025626       -0.01656061587585       -0.00056702196247
C            1.01709367489568       -1.18898952696665       -0.00000698438948
C           -0.36551726141247       -1.09040466249737        0.00071062411145
N            3.23091175782001       -0.11528790410670       -0.00117193404470
O            3.73695400385726       -1.23501445384883       -0.00098070612329
O            3.88147507677402        0.92694321976199       -0.00027402341142
H           -4.89612188926741       -0.25637398204698       -0.89094064793380
H           -4.89437922658018       -0.28171931870310        0.90136401804875
H           -4.88277904515104       -1.82267403827403       -0.01676072310421
H           -0.68402984392501        2.29964887475354        0.00093600654535
H            1.79350552578616        2.13844393579874       -0.00037083474947
H            1.50474048073986       -2.15522226114031        0.00019016720014
H           -0.96333819514493       -1.99290737068712        0.00108497299279
20
 energy: -664.526002272977 gnorm: 0.000775703082 xtb: 6.7.1 (edcfbbe)
C           -4.54639037425518       -0.78711856991676       -0.00246917524258
O           -3.09675383273576       -0.85699643887611       -0.00432019304375
C           -2.45921679984081        0.32039995745270        0.00230606098514
O           -3.02850496899958        1.39940514802412        0.00860316301400
C           -0.97820965432115        0.16741859225165        0.00093333166184
C           -0.20095616293055        1.32983094861294        0.00065426057789
C            1.18141183123395        1.24595382756676       -0.00024761829072
C            1.76446666025626       -0.01656061587585       -0.00056702196247
C            1.01709367489568       -1.18898952696665       -0.00000698438948
C           -0.36551726141247       -1.09040466249737        0.00071062411145
N            3.23091175782001       -0.11528790410670       -0.00117193404470
O            3.73695400385726       -1.23501445384883       -0.00098070612329
O            3.88147507677402        0.92694321976199       -0.00027402341142
H           -4.89612188926741       -0.25637398204698       -0.89094064793380
H           -4.89437922658018       -0.28171931870310        0.90136401804875
H           -4.88277904515104       -1.82267403827403       -0.01676072310421
H           -0.68402984392501        2.29964887475354        0.00093600654535
H            1.79350552578616        2.13844393579874       -0.00037083474947
H            1.50474048073986       -2.15522226114031        0.00019016720014
H           -0.96333819514493       -1.99290737068712        0.00108497299279
