----------------------------------------------- 
  Element       SASA      Sigma Z        Total  
     Z         Ang**2 cal/Ang**2/mol   kcal/mol 
----------------------------------------------- 
      H        118.213      48.690       5.756
      C         20.199     129.740       2.621
      O         18.005       0.000       0.000

 Subtotal:     156.416                   8.376
 -----------------------------------------------

  Elements    COT*SASA   Sigma Z,Z'     Total   
    Z,Z'       Ang**2  cal/Ang**2/mol kcal/mol  
 ---------------------------------------------- 
  H   C         70.268     -60.770      -4.270
  H   O          9.864       0.000       0.000
  C   C         16.843     -72.950      -1.229
  O   C          0.011      68.690       0.001

 Subtotal:                              -5.498
 ---------------------------------------------- 

 NONAQUEOUS SOLVENT CONTRIBUTION (kcal/mol):
 (proportional to SASA, atomic number independent)
 ---------------------------------------------- 
 Subtotal:                               0.000
 ---------------------------------------------- 

 CDS TOTAL (kcal/mol):                   2.878
...............................................................................
