----------------------------------------------- 
  Element       SASA      Sigma Z        Total  
     Z         Ang**2 cal/Ang**2/mol   kcal/mol 
----------------------------------------------- 
      H        122.896      48.690       5.984
      C         27.194     129.740       3.528
      O         11.790       0.000       0.000

 Subtotal:     161.880                   9.512
 -----------------------------------------------

  Elements    COT*SASA   Sigma Z,Z'     Total   
    Z,Z'       Ang**2  cal/Ang**2/mol kcal/mol  
 ---------------------------------------------- 
  H   C         82.513     -60.770      -5.014
  H   O          0.000       0.000       0.000
  C   C         16.875     -72.950      -1.231
  O   C          0.000      68.690       0.000

 Subtotal:                              -6.245
 ---------------------------------------------- 

 NONAQUEOUS SOLVENT CONTRIBUTION (kcal/mol):
 (proportional to SASA, atomic number independent)
 ---------------------------------------------- 
 Subtotal:                               0.000
 ---------------------------------------------- 

 CDS TOTAL (kcal/mol):                   3.267
...............................................................................
