----------------------------------------------- 
  Element       SASA      Sigma Z        Total  
     Z         Ang**2 cal/Ang**2/mol   kcal/mol 
----------------------------------------------- 
      H         76.786      48.690       3.739
      C         70.388     129.740       9.132
      O         36.244       0.000       0.000

 Subtotal:     183.418                  12.871
 -----------------------------------------------

  Elements    COT*SASA   Sigma Z,Z'     Total   
    Z,Z'       Ang**2  cal/Ang**2/mol kcal/mol  
 ---------------------------------------------- 
  H   C         51.820     -60.770      -3.149
  H   O          0.000       0.000       0.000
  C   C         75.999     -72.950      -5.544
  O   C         18.555      68.690       1.275
  O   O          0.000       0.000       0.000

 Subtotal:                              -7.419
 ---------------------------------------------- 

 NONAQUEOUS SOLVENT CONTRIBUTION (kcal/mol):
 (proportional to SASA, atomic number independent)
 ---------------------------------------------- 
 Subtotal:                               0.000
 ---------------------------------------------- 

 CDS TOTAL (kcal/mol):                   5.452
...............................................................................
