15
 energy: -420.720873237180 gnorm: 0.002266691726 xtb: 6.7.1 (edcfbbe)
C           -2.48962955147073        0.48268440641397       -0.19926931818495
C           -2.09137139732563       -0.84112929945016       -0.37153832764291
C           -0.78432986637774       -1.22484960092341       -0.07922512164808
C            0.09665110450875       -0.26220947728741        0.38555527652226
C           -0.27149038626427        1.06201907103722        0.56580734399282
C           -1.58091959812084        1.43053671808468        0.26742458529564
O            1.40190718904351       -0.66992326191210        0.74214777209787
C            2.39022134333586       -0.41004342135861       -0.14579760334494
O            2.24260865778643        0.12875325967470       -1.21793290216422
H           -3.50887793460254        0.77605478276195       -0.42787733665006
H           -2.79666193792396       -1.58127737169944       -0.73525020292976
H           -0.45148972910066       -2.24944224046066       -0.20559356279952
H            0.45227628356835        1.78213754580729        0.93298991604209
H           -1.88974944094981        2.46199214324219        0.40338280978345
H            3.34422265978759       -0.76957250404920        0.26083195620812
15
 energy: -420.720875546240 gnorm: 0.000399036096 xtb: 6.7.1 (edcfbbe)
C           -2.48941772197937        0.48281496523396       -0.19937787739144
C           -2.09138863603290       -0.84092547278468       -0.37209137199254
C           -0.78454184244498       -1.22515872964029       -0.07955536094851
C            0.09647830778669       -0.26279540866691        0.38569706233279
C           -0.27150661477306        1.06138839667353        0.56628489695567
C           -1.58059696219577        1.43044237881401        0.26749265787423
O            1.40203450424367       -0.67001147151050        0.74219006515962
C            2.39009235804908       -0.40970927370668       -0.14593264677517
O            2.24179014632055        0.12776928695908       -1.21759932867540
H           -3.50861871577908        0.77638684734947       -0.42780990224534
H           -2.79713092378641       -1.58099421885444       -0.73485723210290
H           -0.45187198007907       -2.24984719550596       -0.20575269939718
H            0.45248851308110        1.78139444698229        0.93297462922767
H           -1.88895772521696        2.46199768721224        0.40298635159236
H            3.34451461032545       -0.76702150301507        0.26100609227093
15
 energy: -420.720875546240 gnorm: 0.000399036096 xtb: 6.7.1 (edcfbbe)
C           -2.48941772197937        0.48281496523396       -0.19937787739144
C           -2.09138863603290       -0.84092547278468       -0.37209137199254
C           -0.78454184244498       -1.22515872964029       -0.07955536094851
C            0.09647830778669       -0.26279540866691        0.38569706233279
C           -0.27150661477306        1.06138839667353        0.56628489695567
C           -1.58059696219577        1.43044237881401        0.26749265787423
O            1.40203450424367       -0.67001147151050        0.74219006515962
C            2.39009235804908       -0.40970927370668       -0.14593264677517
O            2.24179014632055        0.12776928695908       -1.21759932867540
H           -3.50861871577908        0.77638684734947       -0.42780990224534
H           -2.79713092378641       -1.58099421885444       -0.73485723210290
H           -0.45187198007907       -2.24984719550596       -0.20575269939718
H            0.45248851308110        1.78139444698229        0.93297462922767
H           -1.88895772521696        2.46199768721224        0.40298635159236
H            3.34451461032545       -0.76702150301507        0.26100609227093
