----------------------------------------------- 
  Element       SASA      Sigma Z        Total  
     Z         Ang**2 cal/Ang**2/mol   kcal/mol 
----------------------------------------------- 
      H         73.252      48.690       3.567
      C         70.524     129.740       9.150
      O         39.006       0.000       0.000

 Subtotal:     182.782                  12.717
 -----------------------------------------------

  Elements    COT*SASA   Sigma Z,Z'     Total   
    Z,Z'       Ang**2  cal/Ang**2/mol kcal/mol  
 ---------------------------------------------- 
  H   C         49.431     -60.770      -3.004
  H   O          0.000       0.000       0.000
  C   C         77.585     -72.950      -5.660
  O   C         20.275      68.690       1.393
  O   O          0.000       0.000       0.000

 Subtotal:                              -7.271
 ---------------------------------------------- 

 NONAQUEOUS SOLVENT CONTRIBUTION (kcal/mol):
 (proportional to SASA, atomic number independent)
 ---------------------------------------------- 
 Subtotal:                               0.000
 ---------------------------------------------- 

 CDS TOTAL (kcal/mol):                   5.445
...............................................................................
