15
 energy: -420.720138173165 gnorm: 0.002952140896 xtb: 6.7.1 (edcfbbe)
C           -2.70994341055366        0.13914995716697       -0.11064815243891
C           -1.99782760792902       -1.02164264691939       -0.40215149611629
C           -0.61940877037847       -1.06952526502170       -0.20724982545497
C            0.02210447877129        0.06743771977944        0.26624573277418
C           -0.66514466155272        1.23427095053608        0.56788420909504
C           -2.04349810457099        1.26177745160152        0.37787940030460
O            1.40684443598427        0.05055120838692        0.51290656700488
C            2.21856161162668       -0.32204256089054       -0.51141817617859
O            3.40355484663066       -0.46013950146059       -0.33623448336237
H           -3.78439418111603        0.16787941244085       -0.25862170817311
H           -2.51366438028855       -1.90121108627500       -0.77310479092423
H           -0.05397145831471       -1.97480754811720       -0.40516993240622
H           -0.12590666757850        2.09810430984311        0.94175292800993
H           -2.59590017882854        2.16661212852940        0.60965187765040
H            1.69868691341633       -0.46032909159182       -1.47292327579507
15
 energy: -420.720144503203 gnorm: 0.001634632566 xtb: 6.7.1 (edcfbbe)
C           -2.71012050610544        0.13934712324838       -0.11031998897181
C           -1.99870160522701       -1.02170745795606       -0.40195730844063
C           -0.62014341666330       -1.07048450445045       -0.20740818790065
C            0.02134367048087        0.06617908276805        0.26618209435004
C           -0.66458416540651        1.23357656399646        0.56748225615098
C           -2.04306820246064        1.26173504886810        0.37775869979934
O            1.40703741599404        0.04931435587006        0.51275424963234
C            2.21882747085262       -0.32123872905539       -0.51139170447841
O            3.40416800540231       -0.45586450905603       -0.33533678573121
H           -3.78451721842803        0.16852577213713       -0.25800593107471
H           -2.51511718042531       -1.90088559542274       -0.77305995431979
H           -0.05531444693171       -1.97595563704625       -0.40558431074359
H           -0.12490322848664        2.09729241205577        0.94070810656339
H           -2.59499818709317        2.16682332421808        0.60937722566161
H            1.70018443662460       -0.46057179984657       -1.47239958381878
15
 energy: -420.720146003838 gnorm: 0.002251414168 xtb: 6.7.1 (edcfbbe)
C           -2.71061382183278        0.14007168765013       -0.10951490596384
C           -2.00135231247005       -1.02202168657929       -0.40149449006963
C           -0.62240878470964       -1.07348350537945       -0.20798263803943
C            0.01945043149957        0.06245477170598        0.26525165304070
C           -0.66292569718172        1.23131770839760        0.56634577353238
C           -2.04167269971442        1.26170849511314        0.37741425352495
O            1.40689773634008        0.04489305743005        0.51282590668144
C            2.21999054974885       -0.31582371400819       -0.51131840272026
O            3.40646932054134       -0.44287263071950       -0.33253241509187
H           -3.78499010264221        0.17072386419468       -0.25628881055324
H           -2.51967259930610       -1.90015005147219       -0.77252736329988
H           -0.05940424715634       -1.97965853999007       -0.40695587818076
H           -0.12169223485381        2.09441560240530        0.93816239997104
H           -2.59204156432655        2.16778398551295        0.60850623108223
H            1.70405883036729       -0.46327357993309       -1.47109240693703
15
 energy: -420.720145440926 gnorm: 0.002578641296 xtb: 6.7.1 (edcfbbe)
C           -2.71082251463053        0.14037260198091       -0.10935194664527
C           -2.00235107978650       -1.02224905926203       -0.40118979090393
C           -0.62336140742310       -1.07464560342315       -0.20780215796280
C            0.01900101035205        0.06110660817074        0.26492632188127
C           -0.66236097139235        1.23061817096306        0.56558097727123
C           -2.04115156754879        1.26183714161992        0.37698776652854
O            1.40651839088143        0.04270338923043        0.51315334476331
C            2.21996165572218       -0.31843662683228       -0.51000637745457
O            3.40778279859047       -0.43654616055018       -0.33232284893246
H           -3.78524220498362        0.17158088004837       -0.25582097209723
H           -2.52134974605987       -1.90009432619505       -0.77195128523293
H           -0.06092505651975       -1.98113308099002       -0.40695566456707
H           -0.12045892694233        2.09338204286168        0.93719058463644
H           -2.59094220233041        2.16829682862108        0.60798439555454
H            1.70579450982888       -0.46070729372942       -1.47162353605110
15
 energy: -420.720150718184 gnorm: 0.000488168282 xtb: 6.7.1 (edcfbbe)
C           -2.71067194970105        0.14013793978128       -0.10973288245193
C           -2.00143483964138       -1.02215579231924       -0.40144718457181
C           -0.62259241087269       -1.07352350804310       -0.20778837365791
C            0.01983282213792        0.06237466603389        0.26530255534345
C           -0.66301807784590        1.23130404430474        0.56613681541089
C           -2.04163601511314        1.26185931042514        0.37702496735697
O            1.40642271217092        0.04408988616064        0.51339482040748
C            2.22011104667087       -0.31759914884892       -0.51049416007729
O            3.40687375286686       -0.44199535306575       -0.33339110672261
H           -3.78512295847590        0.17086035520541       -0.25651297537134
H           -2.51980235801541       -1.90042935384100       -0.77202189135650
H           -0.05948034879391       -1.97983548964139       -0.40649153618686
H           -0.12155674353484        2.09420778406736        0.93838936285798
H           -2.59192828855894        2.16800616260261        0.60824195381704
H            1.70409638419817       -0.46121601213923       -1.47181154684920
15
 energy: -420.720150856576 gnorm: 0.000417799768 xtb: 6.7.1 (edcfbbe)
C           -2.71077512431215        0.14033152070628       -0.10979850352826
C           -2.00196860733720       -1.02230088306150       -0.40133696462067
C           -0.62315440026723       -1.07417138386363       -0.20762267299786
C            0.01978615787509        0.06147395293651        0.26540872436286
C           -0.66271089088891        1.23074093167093        0.56590703996931
C           -2.04129013706818        1.26188075282427        0.37677534760156
O            1.40608813108862        0.04274648666290        0.51388623169784
C            2.22044468633959       -0.31669137850293       -0.51027039598154
O            3.40750953486793       -0.43900637696006       -0.33367411510260
H           -3.78523468883202        0.17146022430325       -0.25653360542501
H           -2.52073159554898       -1.90039418464693       -0.77180643611124
H           -0.06031841643426       -1.98065541911459       -0.40636378087504
H           -0.12082927396492        2.09340754074378        0.93811113317165
H           -2.59118239466994        2.16834604865100        0.60777760857196
H            1.70445969978818       -0.46108233228042       -1.47166084639149
15
 energy: -420.720150856576 gnorm: 0.000417799768 xtb: 6.7.1 (edcfbbe)
C           -2.71077512431215        0.14033152070628       -0.10979850352826
C           -2.00196860733720       -1.02230088306150       -0.40133696462067
C           -0.62315440026723       -1.07417138386363       -0.20762267299786
C            0.01978615787509        0.06147395293651        0.26540872436286
C           -0.66271089088891        1.23074093167093        0.56590703996931
C           -2.04129013706818        1.26188075282427        0.37677534760156
O            1.40608813108862        0.04274648666290        0.51388623169784
C            2.22044468633959       -0.31669137850293       -0.51027039598154
O            3.40750953486793       -0.43900637696006       -0.33367411510260
H           -3.78523468883202        0.17146022430325       -0.25653360542501
H           -2.52073159554898       -1.90039418464693       -0.77180643611124
H           -0.06031841643426       -1.98065541911459       -0.40636378087504
H           -0.12082927396492        2.09340754074378        0.93811113317165
H           -2.59118239466994        2.16834604865100        0.60777760857196
H            1.70445969978818       -0.46108233228042       -1.47166084639149
