15
 energy: -17.728436407434 gnorm: 0.029023450884 xtb: 6.7.1 (edcfbbe)
C            2.43264251112843       -0.26363605784757       -0.15307383547266
C            1.01992960037408        0.26051589840233       -0.39475966311669
C            0.05746673818475       -0.12963860644198        0.72568511990761
C           -1.35777355721812        0.38963355354803        0.53216061357968
O           -1.99263915638303       -0.13653119070294       -0.65266700131650
H            2.83981927609562        0.12313734053527        0.78803187641795
H            2.43938652542637       -1.35783776122924       -0.09346543925966
H            3.11287987100823        0.03123103415810       -0.95865027956946
H            1.03998108315753        1.35477145132492       -0.48353903630484
H            0.64601820328762       -0.12439347955304       -1.35089094805613
H            0.02647013594344       -1.22392198124644        0.82861627044397
H            0.42938354994332        0.26319099487530        1.68203281822298
H           -1.97004860833403        0.15904704521135        1.41535064068208
H           -1.35094412120010        1.47738504844997        0.40139939887729
H           -2.01085271381356       -1.09809447907303       -0.55966439226376
15
 energy: -17.729260627761 gnorm: 0.013333357790 xtb: 6.7.1 (edcfbbe)
C            2.42410580133785       -0.26486847321222       -0.15062239614576
C            1.01605525082535        0.26132229186819       -0.39183636669521
C            0.06727074849556       -0.13615058776951        0.73566862966873
C           -1.34773067929680        0.38961862433849        0.52538757763814
O           -1.97615011166062       -0.13170813495941       -0.64545160452689
H            2.82606685886524        0.12503480926050        0.78452141624301
H            2.42585015387314       -1.35334184813541       -0.09395171301222
H            3.08917341299761        0.03508462430594       -0.95896201212593
H            1.04009948112283        1.35219599061205       -0.47199788581781
H            0.63520659189740       -0.12479733810239       -1.34123910397764
H            0.04087873523278       -1.22760284586480        0.82487427861171
H            0.43890601729805        0.26209418294764        1.68471022418174
H           -1.96890698969349        0.15858541774625        1.40025180014577
H           -1.34186671374529        1.47344180310895        0.38265260966768
H           -2.00723921994906       -1.09404970573322       -0.55743931108345
15
 energy: -17.729436913273 gnorm: 0.003566305560 xtb: 6.7.1 (edcfbbe)
C            2.42419545312521       -0.26611961706005       -0.15391740982378
C            1.01541121524131        0.26271829244988       -0.38643185200568
C            0.06898349481893       -0.13687416212476        0.74314160417373
C           -1.34855495489674        0.38669994925550        0.52135007286556
O           -1.96253740487812       -0.13313353259182       -0.64342242234483
H            2.82454388821984        0.12354793994561        0.77835604273875
H            2.42095392919492       -1.35155089464448       -0.09833564654867
H            3.08233185384001        0.03489447103422       -0.96400331657233
H            1.04134999983060        1.35158517105679       -0.46094411121337
H            0.62692751295560       -0.12094301259288       -1.33159858986555
H            0.04389855368562       -1.22582909795786        0.82612462463373
H            0.43720484914637        0.26423861225404        1.68853452211184
H           -1.97271981203856        0.16343194880494        1.39658118716852
H           -1.33371718402001        1.46833802858607        0.37224685442610
H           -2.00655205662444       -1.09614528600416       -0.56111541697216
15
 energy: -17.729461930749 gnorm: 0.001327107651 xtb: 6.7.1 (edcfbbe)
C            2.42435576566776       -0.26743441673595       -0.15554618492935
C            1.01523034815650        0.26511977007094       -0.38366250723083
C            0.06912923825146       -0.13623659916476        0.74649108069307
C           -1.34961852063302        0.38539912912234        0.51800290047753
O           -1.95834874782119       -0.13723960181361       -0.64491868929991
H            2.82846649897288        0.12006027242488        0.77634379941992
H            2.41919790379206       -1.35321802200954       -0.10208758903086
H            3.08033049623830        0.03392012006516       -0.96748178337935
H            1.04300786091346        1.35424776481581       -0.45491579780795
H            0.62357813686538       -0.11508561141986       -1.32897618688749
H            0.04493788612038       -1.22506606880554        0.83000800938946
H            0.43408366739574        0.26633090106764        1.69224236758610
H           -1.97289763592880        0.16682025001099        1.39581080768934
H           -1.33205422076829        1.46734424464319        0.36839891329011
H           -2.00767933962206       -1.10010332186064       -0.56314299720793
15
 energy: -17.729473017041 gnorm: 0.001379833150 xtb: 6.7.1 (edcfbbe)
C            2.42525817852481       -0.26995000446768       -0.15848267205820
C            1.01672672563127        0.26904700751244       -0.37910453441270
C            0.06873644564391       -0.13357176838738        0.74937585676601
C           -1.35196220166973        0.38362866914618        0.51434536340786
O           -1.95505378682681       -0.14425095135294       -0.64716076185550
H            2.83604952815399        0.11260406408697        0.77349596965182
H            2.41649937995611       -1.35666641135987       -0.10876420257543
H            3.07965778855278        0.03147236348672       -0.97260452081452
H            1.04858207269251        1.35891611331595       -0.44473042530420
H            0.62145009637897       -0.10427521720622       -1.32606397482145
H            0.04715839120083       -1.22272877173217        0.83546167579405
H            0.42857357603570        0.27122087287841        1.69649697955062
H           -1.97538427916725        0.16976583968205        1.39428607051633
H           -1.33419372370258        1.46607546972716        0.36296462230053
H           -2.01037885380395       -1.10642846491856       -0.56294930337336
15
 energy: -17.729478814770 gnorm: 0.000856982433 xtb: 6.7.1 (edcfbbe)
C            2.42446476484474       -0.27138000894589       -0.15912287938246
C            1.01752566329336        0.27144280241211       -0.37787782924146
C            0.06922452462945       -0.13188608148942        0.74969572251944
C           -1.35179500569981        0.38299784204716        0.51346020580424
O           -1.95432882969621       -0.14719276757754       -0.64790477064324
H            2.83745448432351        0.10838912268388        0.77301145654220
H            2.41355913468540       -1.35817085571751       -0.11128091038453
H            3.07891733440500        0.02985886751185       -0.97324589361715
H            1.05205822873759        1.36145500557369       -0.44081446063512
H            0.62124294593745       -0.09847979566132       -1.32583240307698
H            0.04906004665497       -1.22114049918847        0.83669995467122
H            0.42739847591288        0.27387450697333        1.69721749738732
H           -1.97575894877697        0.16880027224738        1.39277297491816
H           -1.33623666928389        1.46522533766747        0.36028470183519
H           -2.01106681236693       -1.10893493812568       -0.56049722392499
15
 energy: -17.729484643070 gnorm: 0.000312093994 xtb: 6.7.1 (edcfbbe)
C            2.42357494814139       -0.27342625706633       -0.16015682105906
C            1.01872382050701        0.27482983090513       -0.37620541224144
C            0.06976634028753       -0.12944285132627        0.75008176992248
C           -1.35169017913450        0.38222732314601        0.51255078651212
O           -1.95265729449946       -0.15147302781676       -0.64889980031205
H            2.83825819575907        0.10248993261505        0.77250178145400
H            2.40846585093515       -1.36002841085164       -0.11491384061364
H            3.07849831304907        0.02740088690479       -0.97383244724093
H            1.05715220591452        1.36475471564105       -0.43501846429844
H            0.62036220853130       -0.09015324502649       -1.32513370279963
H            0.05218273536934       -1.21861702270331        0.83736735424004
H            0.42618897239750        0.27760690207904        1.69760031357210
H           -1.97652273312693        0.16750460086845        1.39065856107986
H           -1.33891929872377        1.46381146373198        0.35636239626834
H           -2.01166474780668       -1.11262603068965       -0.55639633171190
15
 energy: -17.729487686405 gnorm: 0.000328130990 xtb: 6.7.1 (edcfbbe)
C            2.42262571416292       -0.27519644245362       -0.16095105446583
C            1.01934821506596        0.27798147029599       -0.37498414373849
C            0.07033097658851       -0.12754498217913        0.75096368006121
C           -1.35160971537345        0.38155628608844        0.51138772279658
O           -1.95104833776929       -0.15540924225467       -0.64972594532433
H            2.83908737011249        0.09724252669913        0.77229003084360
H            2.40438556631965       -1.36183078971000       -0.11842131017075
H            3.07778210355494        0.02567592454483       -0.97433019172722
H            1.06080662131101        1.36795194213887       -0.43058311908218
H            0.61938858755032       -0.08323983482729       -1.32467855313531
H            0.05431370035878       -1.21668472162376        0.83847850579515
H            0.42514155825540        0.28040808829550        1.69869936332785
H           -1.97683553659035        0.16727575939933        1.38911969133528
H           -1.34053920311594        1.46277093422683        0.35304049669107
H           -2.01145828283038       -1.11609810822937       -0.55373903043479
15
 energy: -17.729489536306 gnorm: 0.000265730145 xtb: 6.7.1 (edcfbbe)
C            2.42236344571218       -0.27621690565825       -0.16169568313811
C            1.01981056353211        0.27958860210331       -0.37399735148775
C            0.07033440583350       -0.12629610880371        0.75150949022989
C           -1.35201288234828        0.38132714911278        0.51076500376513
O           -1.95014738792059       -0.15790484273931       -0.64991367248223
H            2.83975641676426        0.09356028916051        0.77220009434823
H            2.40211874880076       -1.36291077171235       -0.12138116279756
H            3.07778144993120        0.02511731996303       -0.97473394059338
H            1.06299493993018        1.36956129442519       -0.42771377993019
H            0.61882903233591       -0.07942336771178       -1.32406782502362
H            0.05527387339861       -1.21541845487276        0.83923227250472
H            0.42424451925398        0.28218851600953        1.69932598757623
H           -1.97749573934764        0.16772869592974        1.38849742885659
H           -1.34178757506575        1.46235340579497        0.35096110372269
H           -2.01034447320988       -1.11839601058984       -0.55242182277880
15
 energy: -17.729491086506 gnorm: 0.000146905383 xtb: 6.7.1 (edcfbbe)
C            2.42196302700431       -0.27710549199937       -0.16228828339140
C            1.01997853143710        0.28077489433424       -0.37326061730514
C            0.07032129289773       -0.12528449043139        0.75208289932518
C           -1.35231350765477        0.38122739866686        0.51023489898619
O           -1.94952674313532       -0.15987211561700       -0.64984746001203
H            2.83985228628902        0.09007074398596        0.77241918804166
H            2.40042660674150       -1.36388598218720       -0.12445315499820
H            3.07766763911356        0.02530430821267       -0.97472818142293
H            1.06441363092448        1.37075369615293       -0.42567710971442
H            0.61814898866385       -0.07665506707769       -1.32356527598175
H            0.05578991729573       -1.21438523692200        0.84011024676801
H            0.42358307782507        0.28367687316538        1.69991529615364
H           -1.97781845911609        0.16855837254411        1.38825703202541
H           -1.34254895407672        1.46208770791005        0.34916760118444
H           -2.00821799660890       -1.12040680032649       -0.55180093688682
15
 energy: -17.729492542016 gnorm: 0.000115339045 xtb: 6.7.1 (edcfbbe)
C            2.42147507202364       -0.27801653107430       -0.16289259243030
C            1.02005222734267        0.28181698696603       -0.37266016827472
C            0.07023752350389       -0.12423807648638        0.75260213492655
C           -1.35262127993417        0.38129844159563        0.50987509966259
O           -1.94916455960734       -0.16175412071090       -0.64954580585109
H            2.83953625178736        0.08613521306320        0.77295613998937
H            2.39877303611982       -1.36490025205098       -0.12808065535638
H            3.07771241626007        0.02591116796581       -0.97436935800052
H            1.06578541382459        1.37181234162655       -0.42398229389912
H            0.61742970265431       -0.07415437298577       -1.32319575700808
H            0.05621796093394       -1.21332454187807        0.84113625123503
H            0.42294325086913        0.28527993050045        1.70040021772471
H           -1.97818990285205        0.16947577211977        1.38812024398086
H           -1.34340615643067        1.46198505252579        0.34746356969445
H           -2.00506161889462       -1.12246820076577       -0.55126088362151
15
 energy: -17.729493778865 gnorm: 0.000095039140 xtb: 6.7.1 (edcfbbe)
C            2.42088758169443       -0.27902975722923       -0.16349400575727
C            1.02011227461371        0.28286096313686       -0.37206781042951
C            0.07021621622603       -0.12307518279802        0.75314639265418
C           -1.35289327934934        0.38130022343457        0.50954871692410
O           -1.94890539681318       -0.16355153032404       -0.64924473653855
H            2.83899079492063        0.08197537006346        0.77353966876587
H            2.39712043842357       -1.36598532088642       -0.13187615169535
H            3.07768106598739        0.02664527490583       -0.97386038631768
H            1.06713943930233        1.37284773131730       -0.42233643226776
H            0.61663574564697       -0.07170987689437       -1.32276623830798
H            0.05675930791890       -1.21212356885716        0.84225540599279
H            0.42242001938558        0.28713688648591        1.70082711379269
H           -1.97851987240254        0.17027580389083        1.38798695100163
H           -1.34427953013127        1.46177288551971        0.34575550014387
H           -2.00164546782263       -1.12448109135417       -0.55084784518918
15
 energy: -17.729494648041 gnorm: 0.000083546048 xtb: 6.7.1 (edcfbbe)
C            2.42033803550684       -0.27987443717103       -0.16401048331323
C            1.02014266569330        0.28378141436917       -0.37159336280973
C            0.07019442743063       -0.12211793819523        0.75360510077547
C           -1.35306940092398        0.38135994766050        0.50928077469569
O           -1.94849343467281       -0.16515070937484       -0.64904741933605
H            2.83855758836006        0.07835844772952        0.77404499676811
H            2.39551099378612       -1.36687777816411       -0.13515504691821
H            3.07763604546582        0.02717456556155       -0.97344472258274
H            1.06845828606313        1.37376060136976       -0.42092037130649
H            0.61594363096744       -0.06946346461204       -1.32249730872317
H            0.05731149177369       -1.21113569912103        0.84336755739308
H            0.42183438426629        0.28880615442366        1.70118195932397
H           -1.97878504294511        0.17079043766988        1.38777292441444
H           -1.34511869862429        1.46167070513356        0.34435309936087
H           -1.99874163454658       -1.12622343686826       -0.55037155497015
15
 energy: -17.729495220849 gnorm: 0.000078202336 xtb: 6.7.1 (edcfbbe)
C            2.41996470869060       -0.28061480692928       -0.16444904605699
C            1.02026359642645        0.28459815004340       -0.37112898868125
C            0.07026241840448       -0.12122181253783        0.75402747369078
C           -1.35323466675273        0.38123490345520        0.50903161604729
O           -1.94815379735037       -0.16636793082749       -0.64906230541676
H            2.83838026866805        0.07568803262054        0.77423460029520
H            2.39430243158746       -1.36764090318403       -0.13745832239254
H            3.07756916774130        0.02731187153350       -0.97329185502615
H            1.06950375583046        1.37457062394613       -0.41967710847349
H            0.61542760038838       -0.06761854272886       -1.32214590052964
H            0.05788497413151       -1.21020603280214        0.84422126576447
H            0.42149653647014        0.29025090471606        1.70152184628023
H           -1.97910357472903        0.17095135308336        1.38748633441281
H           -1.34585067304206        1.46141118994520        0.34332188316421
H           -1.99699340886409       -1.12748818992269       -0.55006535030633
15
 energy: -17.729495634164 gnorm: 0.000061257040 xtb: 6.7.1 (edcfbbe)
C            2.41966284704484       -0.28113322433813       -0.16476857152762
C            1.02035766666687        0.28526929632839       -0.37075775179425
C            0.07031643105780       -0.12060971272664        0.75434636771666
C           -1.35332112809148        0.38114432378918        0.50880695745719
O           -1.94762611620808       -0.16735492108029       -0.64918706472648
H            2.83842933765707        0.07377605419507        0.77428273271991
H            2.39318508209291       -1.36816352817027       -0.13903073824770
H            3.07741471220133        0.02721559361535       -0.97332324882399
H            1.07044800477330        1.37523255696629       -0.41861806278179
H            0.61501904735998       -0.06603234027800       -1.32190308709761
H            0.05840349142161       -1.20957127470807        0.84492778710227
H            0.42111436095318        0.29135921385254        1.70178050014100
H           -1.97930981527224        0.17093844492008        1.38718707212166
H           -1.34643901738692        1.46124282006175        0.34255401666082
H           -1.99593556666962       -1.12845449201621       -0.54973076614821
15
 energy: -17.729495966516 gnorm: 0.000049085400 xtb: 6.7.1 (edcfbbe)
C            2.41945406804871       -0.28160409796789       -0.16508063618951
C            1.02049746685921        0.28591709207051       -0.37037610138955
C            0.07039424221567       -0.12002209185372        0.75466112178040
C           -1.35341061640373        0.38099821453841        0.50857532536440
O           -1.94712426504450       -0.16822165356466       -0.64939923883105
H            2.83863559121586        0.07230120486769        0.77416231990181
H            2.39221131819793       -1.36863652348944       -0.14015509998706
H            3.07728253530361        0.02687292851090       -0.97352636383223
H            1.07129928824062        1.37587448703580       -0.41758280729035
H            0.61471385223755       -0.06453908815795       -1.32164621767473
H            0.05891070945241       -1.20896301135004        0.84551249426286
H            0.42079085018636        0.29232116153057        1.70207984317368
H           -1.97955366236713        0.17078642057526        1.38683141043616
H           -1.34700949494869        1.46103792748210        0.34194022097683
H           -1.99537254559334       -1.12926415981646       -0.54943012792982
15
 energy: -17.729496239974 gnorm: 0.000038676861 xtb: 6.7.1 (edcfbbe)
C            2.41925666236031       -0.28203132978132       -0.16534404298214
C            1.02064325881267        0.28656256845382       -0.37000447231434
C            0.07047241403693       -0.11950391803138        0.75493082733804
C           -1.35349464518690        0.38082842771742        0.50835390379470
O           -1.94659462054692       -0.16903579794201       -0.64963356592025
H            2.83895300944769        0.07104440991850        0.77398109959327
H            2.39124165504261       -1.36906129701039       -0.14103098699488
H            3.07707423428113        0.02642166563292       -0.97380545864194
H            1.07214063250104        1.37651640576266       -0.41654864705038
H            0.61440696072391       -0.06307320481938       -1.32138419061443
H            0.05940260750006       -1.20842953528218        0.84601017027564
H            0.42048538338566        0.29319662330334        1.70233156358841
H           -1.97978415497420        0.17061895260718        1.38650051552533
H           -1.34752687982421        1.46081342907200        0.34135491013690
H           -1.99495717995923       -1.13000858919012       -0.54914548296207
15
 energy: -17.729496450804 gnorm: 0.000033876569 xtb: 6.7.1 (edcfbbe)
C            2.41907843457821       -0.28241633622612       -0.16561844652613
C            1.02076645880562        0.28713429455404       -0.36965314102669
C            0.07053324410951       -0.11902972880896        0.75520568873705
C           -1.35356429551474        0.38070321335191        0.50813801850809
O           -1.94614255909217       -0.16978319104136       -0.64983398881952
H            2.83922509493914        0.06996379875763        0.77376145150547
H            2.39035044776707       -1.36943847262798       -0.14177142797563
H            3.07690447428824        0.02595325470729       -0.97410842838855
H            1.07289417336723        1.37707932391526       -0.41557481089997
H            0.61417754645629       -0.06171231989741       -1.32117124273673
H            0.05983114634474       -1.20794216642578        0.84644546753591
H            0.42017662552181        0.29393272508627        1.70262777917291
H           -1.97997611594026        0.17047131649254        1.38617726719821
H           -1.34800924634336        1.46064244591607        0.34082925280316
H           -1.99452609168680       -1.13069934734233       -0.54888729631574
15
 energy: -17.729496605396 gnorm: 0.000032066534 xtb: 6.7.1 (edcfbbe)
C            2.41891970232808       -0.28274715637858       -0.16581098587608
C            1.02087731747035        0.28764974355725       -0.36936706769612
C            0.07057567019488       -0.11864664648894        0.75538569238604
C           -1.35363871824036        0.38058411126349        0.50798418368628
O           -1.94579012851878       -0.17041662763744       -0.64996695622042
H            2.83949734457695        0.06902656011444        0.77360953346545
H            2.38959225997046       -1.36976894865175       -0.14239962430998
H            3.07672073859258        0.02555972544728       -0.97434261002154
H            1.07353452106658        1.37759357291417       -0.41476440558261
H            0.61392914541387       -0.06055194603545       -1.32097055012061
H            0.06016384021485       -1.20755018923336        0.84677991057953
H            0.41993812979823        0.29455178177998        1.70280361444905
H           -1.98016369643503        0.17040251644470        1.38595477641858
H           -1.34839231887904        1.46047246138962        0.34035362914283
H           -1.99404446995306       -1.13130014807435       -0.54868299752857
15
 energy: -17.729496721569 gnorm: 0.000029192885 xtb: 6.7.1 (edcfbbe)
C            2.41876829139460       -0.28302144615157       -0.16600561738589
C            1.02094061852420        0.28803454137938       -0.36912665258576
C            0.07060079068643       -0.11831922113177        0.75557808516512
C           -1.35369375505094        0.38052097995406        0.50784393457107
O           -1.94553867323930       -0.17095053851809       -0.65004540980816
H            2.83963068634878        0.06821193398622        0.77348346991464
H            2.38894980089913       -1.37003675550895       -0.14298667132040
H            3.07658823903361        0.02529137103612       -0.97452157220963
H            1.07405356174314        1.37797165369598       -0.41407619762025
H            0.61375327586661       -0.05960822812154       -1.32083278356728
H            0.06042278530531       -1.20721669312328        0.84706307450446
H            0.41972559434935        0.29504327537068        1.70301394945969
H           -1.98028342947668        0.17039609497975        1.38577730838972
H           -1.34870743659766        1.46036689255870        0.33993437490233
H           -1.99349101218603       -1.13182504999463       -0.54853314963784
15
 energy: -17.729496813184 gnorm: 0.000025997539 xtb: 6.7.1 (edcfbbe)
C            2.41863826861979       -0.28326689206781       -0.16615673240835
C            1.02099589417225        0.28837744958294       -0.36893281799400
C            0.07060752723231       -0.11804776989965        0.75570676430490
C           -1.35375188539922        0.38048046100889        0.50774429028743
O           -1.94536361955773       -0.17141117247407       -0.65006506909768
H            2.83972308212917        0.06744564165531        0.77342833626688
H            2.38843798579728       -1.37028289668541       -0.14356478040506
H            3.07649123319957        0.02511738058543       -0.97461699201681
H            1.07446901691229        1.37831036707687       -0.41353554078958
H            0.61357965752697       -0.05881724235423       -1.32070421292907
H            0.06060894644905       -1.20693873507338        0.84730187639272
H            0.41954715918904        0.29545979855341        1.70314333626672
H           -1.98039928414004        0.17044299238287        1.38565821899331
H           -1.34896556491521        1.46028346517396        0.33956134147940
H           -1.99289907961497       -1.13229403705407       -0.54840187557900
