----------------------------------------------- 
  Element       SASA      Sigma Z        Total  
     Z         Ang**2 cal/Ang**2/mol   kcal/mol 
----------------------------------------------- 
      H        121.346      48.690       5.908
      C         19.756     129.740       2.563
      O         15.048       0.000       0.000

 Subtotal:     156.149                   8.471
 -----------------------------------------------

  Elements    COT*SASA   Sigma Z,Z'     Total   
    Z,Z'       Ang**2  cal/Ang**2/mol kcal/mol  
 ---------------------------------------------- 
  H   C         72.265     -60.770      -4.392
  H   O          9.753       0.000       0.000
  C   C         16.544     -72.950      -1.207
  O   C          0.000      68.690       0.000

 Subtotal:                              -5.598
 ---------------------------------------------- 

 NONAQUEOUS SOLVENT CONTRIBUTION (kcal/mol):
 (proportional to SASA, atomic number independent)
 ---------------------------------------------- 
 Subtotal:                               0.000
 ---------------------------------------------- 

 CDS TOTAL (kcal/mol):                   2.873
...............................................................................
