15
 energy: -233.602434291031 gnorm: 0.000893402580 xtb: 6.7.1 (edcfbbe)
C            1.65080359723888       -0.85953816209431        0.39744709796557
C            1.31211009721411        0.57278985660874       -0.01551717817297
C            0.00046946406917        0.74230842006700       -0.79009376595726
C           -1.27689186475662        0.53810032908133        0.00375639392907
O           -1.48202842993084       -0.86799612388957        0.26331955792258
H            1.59854984760676       -1.53773906544736       -0.46280204946051
H            2.66727358701164       -0.91437546191828        0.80254835933630
H            0.96756456050562       -1.23789908280874        1.16290790869422
H            1.28412968978840        1.21571140835659        0.87470282187172
H            2.12493013208820        0.95651288709273       -0.64466136033877
H           -0.03948885278195        1.76576294286478       -1.18364236933880
H           -0.01218750447131        0.07387397642763       -1.66269636578705
H           -1.22358687319902        1.09232679624338        0.95297108852894
H           -2.12993219603701        0.92996170223204       -0.56821746699850
H           -2.29143594471592       -0.94757104851658        0.78333563478267
15
 energy: -233.602441777963 gnorm: 0.000375878226 xtb: 6.7.1 (edcfbbe)
C            1.65084823083171       -0.85843948160861        0.39841389255586
C            1.31284520193935        0.57294920964294       -0.01700035119769
C            0.00037376711694        0.74229941029406       -0.78988850528826
C           -1.27619317110199        0.53755208601630        0.00483381306628
O           -1.48398239634284       -0.86936677980423        0.25952337201484
H            1.59857290025167       -1.53812426080674       -0.45983629461816
H            2.66634601223082       -0.91280111817642        0.80506564479841
H            0.96703497339790       -1.23467563772611        1.16349998216416
H            1.28643809786332        1.21760520554895        0.87160500246767
H            2.12502689886450        0.95407064404031       -0.64825483100263
H           -0.03957935008817        1.76584343863451       -1.18297862462619
H           -0.01329587023724        0.07436930915148       -1.66225712589830
H           -1.22069902644065        1.08723995662335        0.95642807971520
H           -2.12958283536119        0.93245596358170       -0.56448984259894
H           -2.29387443543423       -0.94874877696671        0.77869450371389
15
 energy: -233.602462683504 gnorm: 0.001490735211 xtb: 6.7.1 (edcfbbe)
C            1.64894371517379       -0.85423410909943        0.40404952017073
C            1.31596732289371        0.57404960844034       -0.02362699829042
C           -0.00019139641954        0.74261654687619       -0.78997401743938
C           -1.27277105911798        0.53495924168380        0.01008395931571
O           -1.49020077002215       -0.87593722744086        0.24236962095780
H            1.59812661109522       -1.54053025143828       -0.44789337948113
H            2.66200986547927       -0.90685139396493        0.81571833004451
H            0.96191633202841       -1.22210277309374        1.16945886113359
H            1.29756943885145        1.22702414937394        0.85852958338269
H            2.12554908259862        0.94507647274454       -0.66395498755379
H           -0.04175795041214        1.76669730839958       -1.18111193824753
H           -0.01822700670600        0.07640771196378       -1.66270116058882
H           -1.20751737489906        1.06689972365814        0.97115899934178
H           -2.12724949467689        0.94466363676807       -0.54710333330379
H           -2.30188964382759       -0.95651048195131        0.75835732336977
15
 energy: -233.602485273663 gnorm: 0.002706296269 xtb: 6.7.1 (edcfbbe)
C            1.64394007063126       -0.84632023173400        0.41549377824636
C            1.32172294247042        0.57668334406501       -0.03683151213414
C           -0.00146219469968        0.74527584923573       -0.79075437344979
C           -1.26660240903168        0.52958578664248        0.01954114500736
O           -1.49945086434496       -0.88781875521959        0.20879533639551
H            1.59533718357472       -1.54709846217674       -0.42475058141479
H            2.65347532790452       -0.89788119456340        0.83597869306369
H            0.94899323511222       -1.19614875581374        1.18267147969356
H            1.31944514699727        1.24659808883016        0.83308816170206
H            2.12850457671113        0.92678033025640       -0.69303017422210
H           -0.04696239835497        1.77045082475648       -1.17832220244282
H           -0.02692123240188        0.08188675746168       -1.66526249451006
H           -1.18210215585925        1.02765733882387        0.99822870663622
H           -2.12429981461165        0.96688972899205       -0.51209757385003
H           -2.31334223437014       -0.97431457198774        0.72061499542780
15
 energy: -233.602497395544 gnorm: 0.002295753165 xtb: 6.7.1 (edcfbbe)
C            1.63985167966476       -0.84313619600466        0.42049621219573
C            1.32385072703578        0.57809616355341       -0.04200317793708
C           -0.00160798987353        0.74703862295306       -0.79171179130738
C           -1.26330372875997        0.52670981769113        0.02335812409010
O           -1.50023140161904       -0.89199036815962        0.19586959881246
H            1.59080919499440       -1.54957140069264       -0.41536810163964
H            2.64865608150687       -0.89524062185694        0.84311415663039
H            0.94185881679819       -1.18541569042273        1.18885296173446
H            1.32839641596827        1.25429621101271        0.82315259274018
H            2.12969613444420        0.91988348348027       -0.70373999718849
H           -0.04936888119073        1.77288975475852       -1.17723926205350
H           -0.02977695570807        0.08522050021832       -1.66766599157089
H           -1.17200572677520        1.01245996712797        1.00727562121453
H           -2.12217005914475        0.97346534229233       -0.49768346875984
H           -2.31438001006952       -0.98248044198292        0.70665686629124
15
 energy: -233.602508368912 gnorm: 0.002844858165 xtb: 6.7.1 (edcfbbe)
C            1.62416140702627       -0.83078158373843        0.43973551494718
C            1.33186345824727        0.58326341504565       -0.06184857796469
C           -0.00238425489293        0.75474430097763       -0.79494273721718
C           -1.25166288109154        0.51500186732919        0.03682747685772
O           -1.50252612178533       -0.90781248360273        0.14512304326816
H            1.56980208976018       -1.55962105185362       -0.37838790894049
H            2.63065952493684       -0.88682207559736        0.86891138755459
H            0.91514637930949       -1.14132478698013        1.21408663649743
H            1.36183587496187        1.28388986038519        0.78456158425305
H            2.13528068296848        0.89185260652172       -0.74392705517948
H           -0.05884719686336        1.78345195375681       -1.17177536584311
H           -0.03979099838218        0.09969777343618       -1.67685277725947
H           -1.13268798009177        0.95375995410659        1.04080284883351
H           -2.11505112468817        0.99818059668188       -0.44369298121525
H           -2.31552788831746       -1.01525886388293        0.65474681604091
15
 energy: -233.602520231359 gnorm: 0.001241472375 xtb: 6.7.1 (edcfbbe)
C            1.62761641372645       -0.83507885333573        0.43321464508599
C            1.32861051200812        0.58157989440179       -0.05434320124048
C           -0.00171732307380        0.75339557064431       -0.79433185280647
C           -1.25540792436368        0.51793557100895        0.03105817357818
O           -1.49838288803902       -0.90085068182686        0.16349945284294
H            1.57142565522280       -1.55585913406540       -0.39124866778112
H            2.63619119934036       -0.89198236596179        0.85728767229723
H            0.92332581023092       -1.15535684372756        1.20675757545323
H            1.34950288962442        1.27270046068009        0.79870677208934
H            2.13375371868204        0.90146858354946       -0.72728837281252
H           -0.05591427949695        1.78150882372975       -1.17303252021144
H           -0.03475879134303        0.09678216861934       -1.67521657544100
H           -1.14732519307390        0.97513008358657        1.02519229887754
H           -2.11703077089972        0.98548819349551       -0.46324322096427
H           -2.30961667289616       -1.00463879139545        0.67635407667736
15
 energy: -233.602524708302 gnorm: 0.000449863863 xtb: 6.7.1 (edcfbbe)
C            1.62638271033402       -0.83376974880937        0.43518197206290
C            1.32912948734074        0.58197471002875       -0.05583402097502
C           -0.00175829510850        0.75361092054180       -0.79476793553492
C           -1.25461127964555        0.51666457293793        0.03159128276109
O           -1.50019051071501       -0.90285650037422        0.15648859037612
H            1.56753618552203       -1.55696946287188       -0.38660105804730
H            2.63512323420013       -0.89101709322932        0.85827218158714
H            0.92311736611966       -1.15045767921575        1.21063728046920
H            1.35197157800902        1.27561436526435        0.79523703879472
H            2.13385215481431        0.89858417115858       -0.73117727247173
H           -0.05617236877260        1.78231225641376       -1.17166669879465
H           -0.03541796013335        0.09847027144799       -1.67641361577070
H           -1.14323524317366        0.96858329425337        1.02895585532739
H           -2.11643488003425        0.98947670159600       -0.45925191199447
H           -2.30902015460049       -1.00799846412438        0.67271494829361
15
 energy: -233.602524708302 gnorm: 0.000449863863 xtb: 6.7.1 (edcfbbe)
C            1.62638271033402       -0.83376974880937        0.43518197206290
C            1.32912948734074        0.58197471002875       -0.05583402097502
C           -0.00175829510850        0.75361092054180       -0.79476793553492
C           -1.25461127964555        0.51666457293793        0.03159128276109
O           -1.50019051071501       -0.90285650037422        0.15648859037612
H            1.56753618552203       -1.55696946287188       -0.38660105804730
H            2.63512323420013       -0.89101709322932        0.85827218158714
H            0.92311736611966       -1.15045767921575        1.21063728046920
H            1.35197157800902        1.27561436526435        0.79523703879472
H            2.13385215481431        0.89858417115858       -0.73117727247173
H           -0.05617236877260        1.78231225641376       -1.17166669879465
H           -0.03541796013335        0.09847027144799       -1.67641361577070
H           -1.14323524317366        0.96858329425337        1.02895585532739
H           -2.11643488003425        0.98947670159600       -0.45925191199447
H           -2.30902015460049       -1.00799846412438        0.67271494829361
