----------------------------------------------- 
  Element       SASA      Sigma Z        Total  
     Z         Ang**2 cal/Ang**2/mol   kcal/mol 
----------------------------------------------- 
      H        114.578      48.690       5.579
      C         20.932     129.740       2.716
      O         18.237       0.000       0.000

 Subtotal:     153.747                   8.295
 -----------------------------------------------

  Elements    COT*SASA   Sigma Z,Z'     Total   
    Z,Z'       Ang**2  cal/Ang**2/mol kcal/mol  
 ---------------------------------------------- 
  H   C         70.700     -60.770      -4.296
  H   O          6.616       0.000       0.000
  C   C         17.437     -72.950      -1.272
  O   C          0.000      68.690       0.000

 Subtotal:                              -5.568
 ---------------------------------------------- 

 NONAQUEOUS SOLVENT CONTRIBUTION (kcal/mol):
 (proportional to SASA, atomic number independent)
 ---------------------------------------------- 
 Subtotal:                               0.000
 ---------------------------------------------- 

 CDS TOTAL (kcal/mol):                   2.726
...............................................................................
