15
 energy: -233.602642599241 gnorm: 0.000986252134 xtb: 6.7.1 (edcfbbe)
C            1.78253110326665       -0.83995377419026        0.30512488838176
C            1.21562035574433        0.57346563597361        0.15856876152757
C            0.03699066638932        0.68196419189448       -0.82371220843577
C           -1.33765022935595        0.49979996417700       -0.19649219120160
O           -1.54978408417124       -0.80076748164306        0.39026888619792
H            2.63716552323651       -0.85056187220281        0.98938543575445
H            1.04243297674969       -1.54935385257760        0.68765976953619
H            2.12692431885511       -1.21683954968627       -0.66436510105404
H            0.90425566801877        0.95548778864882        1.14100313718963
H            2.02347837457062        1.23198623258794       -0.18060344819681
H            0.03070569696323        1.67810316533763       -1.28488623788380
H            0.16505111103352       -0.04108132910410       -1.64066935161469
H           -1.50743407891750        1.27810546312932        0.56193610012719
H           -2.11206464457479        0.60568583569093       -0.96345906708441
H           -1.00370898476381       -0.85306530612604        1.18448076306427
15
 energy: -233.602646757026 gnorm: 0.000410195906 xtb: 6.7.1 (edcfbbe)
C            1.78249550270540       -0.83971887358129        0.30574741967361
C            1.21620223739013        0.57338819497717        0.15733066497699
C            0.03675327580058        0.68204007102744       -0.82362918140862
C           -1.33731352793705        0.49972344208378       -0.19621003471583
O           -1.55061287468006       -0.80218724794665        0.38856453637578
H            2.63590074692899       -0.84939643950373        0.99218945075186
H            1.04143374027815       -1.54851754418331        0.68776387150088
H            2.12898272955250       -1.21734108585910       -0.66281915708771
H            0.90646001161863        0.95733157903628        1.13927723119652
H            2.02407264147942        1.23049130521393       -0.18418953204260
H            0.03032905219615        1.67865132305583       -1.28368569707650
H            0.16430966832028       -0.03962980578814       -1.64147391091378
H           -1.50633128173360        1.27616992744448        0.56409847215439
H           -2.11227473469652        0.60698710272348       -0.96227654907697
H           -1.00589333794272       -0.85501675334241        1.18355243248382
15
 energy: -233.602646757026 gnorm: 0.000410195906 xtb: 6.7.1 (edcfbbe)
C            1.78249550270540       -0.83971887358129        0.30574741967361
C            1.21620223739013        0.57338819497717        0.15733066497699
C            0.03675327580058        0.68204007102744       -0.82362918140862
C           -1.33731352793705        0.49972344208378       -0.19621003471583
O           -1.55061287468006       -0.80218724794665        0.38856453637578
H            2.63590074692899       -0.84939643950373        0.99218945075186
H            1.04143374027815       -1.54851754418331        0.68776387150088
H            2.12898272955250       -1.21734108585910       -0.66281915708771
H            0.90646001161863        0.95733157903628        1.13927723119652
H            2.02407264147942        1.23049130521393       -0.18418953204260
H            0.03032905219615        1.67865132305583       -1.28368569707650
H            0.16430966832028       -0.03962980578814       -1.64147391091378
H           -1.50633128173360        1.27616992744448        0.56409847215439
H           -2.11227473469652        0.60698710272348       -0.96227654907697
H           -1.00589333794272       -0.85501675334241        1.18355243248382
