----------------------------------------------- 
  Element       SASA      Sigma Z        Total  
     Z         Ang**2 cal/Ang**2/mol   kcal/mol 
----------------------------------------------- 
      H        119.458      48.690       5.816
      C         20.055     129.740       2.602
      O         16.049       0.000       0.000

 Subtotal:     155.562                   8.418
 -----------------------------------------------

  Elements    COT*SASA   Sigma Z,Z'     Total   
    Z,Z'       Ang**2  cal/Ang**2/mol kcal/mol  
 ---------------------------------------------- 
  H   C         71.860     -60.770      -4.367
  H   O          8.852       0.000       0.000
  C   C         16.734     -72.950      -1.221
  O   C          0.000      68.690       0.000

 Subtotal:                              -5.588
 ---------------------------------------------- 

 NONAQUEOUS SOLVENT CONTRIBUTION (kcal/mol):
 (proportional to SASA, atomic number independent)
 ---------------------------------------------- 
 Subtotal:                               0.000
 ---------------------------------------------- 

 CDS TOTAL (kcal/mol):                   2.831
...............................................................................
