15
 energy: -233.603100557328 gnorm: 0.001267880093 xtb: 6.7.1 (edcfbbe)
C            1.62985336794759       -0.75819976249323       -0.56318329869912
C            1.32177412934347        0.57030503771418        0.12755850031868
C            0.00021341135648        0.61180381945709        0.90088523463908
C           -1.26583158792949        0.51769637880876        0.05863502525631
O           -1.53619928658398       -0.80626036324875       -0.44657528748724
H            0.94911396892011       -0.95018577286967       -1.39653116218316
H            2.65084167247072       -0.76104602763604       -0.95879186364748
H            1.54214723166598       -1.59507756062383        0.13988799811469
H            2.13328471705172        0.80099130288897        0.82903737809836
H            1.32071679421270        1.37824179913789       -0.61665846127583
H           -0.02049618368284       -0.18698411170961        1.65685645722726
H           -0.05234598107991        1.55998751275432        1.45213664770457
H           -2.12721504540466        0.86490348356726        0.64732848101478
H           -1.18493128279508        1.16146212066355       -0.82486545519210
H           -1.62304401119639       -1.38805048773399        0.31989799950929
15
 energy: -233.603108170742 gnorm: 0.000440267502 xtb: 6.7.1 (edcfbbe)
C            1.63025408693671       -0.75757878361613       -0.56378421210544
C            1.32223332915907        0.56935659309829        0.12899620680495
C           -0.00016607361590        0.61169541947322        0.90037097657725
C           -1.26573426213151        0.51744898033270        0.05789559723201
O           -1.53811512342257       -0.80769417745270       -0.44485989868508
H            0.94711465107362       -0.94900607002069       -1.39555280746469
H            2.65010301419972       -0.75798055550650       -0.96335743712403
H            1.54572471532449       -1.59524954155212        0.13807297815712
H            2.13275634701315        0.79718142222185        0.83230438604218
H            1.32357787094928        1.37861445609399       -0.61323228621170
H           -0.02188811835817       -0.18532276806100        1.65754617521298
H           -0.05279913439981        1.56076075988510        1.44984306394649
H           -2.12712523998280        0.86589219767392        0.64546696913222
H           -1.18416063917852        1.15851337365329       -0.82726324198726
H           -1.62389347028319       -1.38704391114316        0.32317211297377
15
 energy: -233.603118445956 gnorm: 0.001284097711 xtb: 6.7.1 (edcfbbe)
C            1.62929133356785       -0.75515569380121       -0.56698561594682
C            1.32394368607154        0.56740569000373        0.13401709702556
C           -0.00147151266786        0.61177030869441        0.89971365142369
C           -1.26440628587190        0.51575642488289        0.05428395783149
O           -1.54101892398108       -0.81404506097327       -0.43849523992151
H            0.93857872945884       -0.94551484475439       -1.39315003648430
H            2.64498548331165       -0.74861960162837       -0.97808779674410
H            1.55601603121516       -1.59631737135379        0.13146192505321
H            2.13153377691128        0.78618752554671        0.84355114955203
H            1.33315848079395        1.38177989566527       -0.60209244779064
H           -0.02678728650387       -0.18114301542894        1.66054211225206
H           -0.05514409663464        1.56344536109864        1.44445738017033
H           -2.12594051321916        0.87085107233888        0.63716051336023
H           -1.17894093069628        1.14882920060101       -0.83603165197537
H           -1.62591575695730       -1.38564241438323        0.33527492592011
15
 energy: -233.603121961309 gnorm: 0.000843943323 xtb: 6.7.1 (edcfbbe)
C            1.62858077092576       -0.75393238492079       -0.56846638020088
C            1.32456889888593        0.56733855523315        0.13575142546214
C           -0.00172608929522        0.61239400630124        0.90021202146745
C           -1.26365707543460        0.51462871160926        0.05312379849627
O           -1.54040885898802       -0.81636376732029       -0.43558600366579
H            0.93543035077020       -0.94289582015231       -1.39265550014397
H            2.64295062525265       -0.74690305718984       -0.98213077901779
H            1.55723325931420       -1.59645207427421        0.12881116054117
H            2.13235661482011        0.78286372855984        0.84614333128575
H            1.33574937229707        1.38359734238515       -0.59851738789248
H           -0.02773356480331       -0.18038035291420        1.66148084197517
H           -0.05629862384185        1.56430965848979        1.44457113767923
H           -2.12638438862385        0.87274050154560        0.63260172863718
H           -1.17589217810724        1.14430291701227       -0.83949267002432
H           -1.62688674714154       -1.38566046145447        0.33977372477345
15
 energy: -233.603121961309 gnorm: 0.000843943323 xtb: 6.7.1 (edcfbbe)
C            1.62858077092576       -0.75393238492079       -0.56846638020088
C            1.32456889888593        0.56733855523315        0.13575142546214
C           -0.00172608929522        0.61239400630124        0.90021202146745
C           -1.26365707543460        0.51462871160926        0.05312379849627
O           -1.54040885898802       -0.81636376732029       -0.43558600366579
H            0.93543035077020       -0.94289582015231       -1.39265550014397
H            2.64295062525265       -0.74690305718984       -0.98213077901779
H            1.55723325931420       -1.59645207427421        0.12881116054117
H            2.13235661482011        0.78286372855984        0.84614333128575
H            1.33574937229707        1.38359734238515       -0.59851738789248
H           -0.02773356480331       -0.18038035291420        1.66148084197517
H           -0.05629862384185        1.56430965848979        1.44457113767923
H           -2.12638438862385        0.87274050154560        0.63260172863718
H           -1.17589217810724        1.14430291701227       -0.83949267002432
H           -1.62688674714154       -1.38566046145447        0.33977372477345
