15
 energy: -17.721580982292 gnorm: 0.026643643062 xtb: 6.7.1 (edcfbbe)
C            2.05677774119610        0.46109379951706        0.33318114178761
C            1.02071190915096       -0.06747697189633       -0.64358004489591
O           -0.00001113136172       -0.85273307980017        0.00049368928331
C           -1.02069810971700       -0.06674024353030        0.64372069537590
C           -2.05675167072539        0.46081238378681       -0.33360375976263
H            2.53897703576905       -0.36152516952207        0.87012639410877
H            2.82769264866673        1.01186563292066       -0.21544091304553
H            1.61588468455546        1.14544998969592        1.06355666763885
H            1.49392355005883       -0.74232306607839       -1.36480681012361
H            0.56602017430733        0.75630285192840       -1.21022491029985
H           -1.49393441943380       -0.74078837943841        1.36567908058261
H           -0.56597816289264        0.75763542301376        1.20947639559424
H           -2.82764613838342        1.01221034925442        0.21442911352597
H           -1.61583848624573        1.14436267603115       -1.06472811649868
H           -2.53898486568101       -0.36237469391146       -0.86965561744638
15
 energy: -17.722421893022 gnorm: 0.012000256386 xtb: 6.7.1 (edcfbbe)
C            2.06665344960898        0.46456670391380        0.33226399944777
C            1.02094257334649       -0.06398087336231       -0.63830392591679
O           -0.00001104349296       -0.83323314497110        0.00048453512970
C           -1.02093163032626       -0.06325148175242        0.63844297738085
C           -2.06662651687540        0.46428541688352       -0.33269169863119
H            2.52994546847279       -0.36024756224037        0.87081638636113
H            2.83584033753414        1.00315272921621       -0.21895485217884
H            1.62485661222060        1.14589111354933        1.05748097321457
H            1.48259290433675       -0.75535822394575       -1.34894880054522
H            0.56823803955591        0.75962687848393       -1.20269756194445
H           -1.48260712059527       -0.75384185482569        1.34983720453589
H           -0.56819551042404        0.76094948360693        1.20194485655008
H           -2.83579067851465        1.00349860742122        0.21794763923865
H           -1.62480829192727        1.14480762874460       -1.05864995204386
H           -2.52995383365609       -0.36109391875085       -0.87034877477362
15
 energy: -17.722590452833 gnorm: 0.002983899516 xtb: 6.7.1 (edcfbbe)
C            2.07316125076519        0.46496944443180        0.33227271316966
C            1.01996274811941       -0.06161172401688       -0.63729214566776
O           -0.00001042369712       -0.81920599586847        0.00047790858013
C           -1.01995354859111       -0.06088410438098        0.63742962289231
C           -2.07313430130126        0.46468815982026       -0.33270166490311
H            2.52382585374205       -0.36202693783405        0.87377163900454
H            2.84297679796584        0.99162718598321       -0.22274705258030
H            1.63307462677141        1.15046736480028        1.05182814000285
H            1.47695815052644       -0.76199234580672       -1.34075812397865
H            0.57664911550433        0.76520667585571       -1.20353871379057
H           -1.47697469795686       -0.76048550367328        1.34165392570442
H           -0.57660744278803        0.76652961178758        1.20278040068206
H           -2.84292685267631        0.99197674350316        0.22174973984702
H           -1.63302294452948        1.14938866309150       -1.05300022687411
H           -2.52383357259077       -0.36287573572205       -0.87330315626379
15
 energy: -17.722612473004 gnorm: 0.000888440711 xtb: 6.7.1 (edcfbbe)
C            2.07577264410017        0.46459574917978        0.33204883843596
C            1.01984348421685       -0.06125356122462       -0.63747262778083
O           -0.00001045494597       -0.81578942514068        0.00047623625190
C           -1.01983486116415       -0.06052570815753        0.63761028495511
C           -2.07574556161999        0.46431491775560       -0.33247776838922
H            2.52101141069557       -0.36322959852558        0.87694420608498
H            2.84868561558965        0.98460077463527       -0.22476630384183
H            1.63774279319475        1.15526024517401        1.04815282952916
H            1.47686460265034       -0.76255644474477       -1.33974946984433
H            0.58173849568298        0.76751201294000       -1.20557836655254
H           -1.47688150149242       -0.76105108977450        1.34064610337863
H           -0.58169744876426        0.76883721929535        1.20481849763808
H           -2.84863636469175        0.98495293387116        0.22377576205316
H           -1.63768969121840        1.15418573266104       -1.04933010715190
H           -2.52101840296963       -0.36408225597346       -0.87647510894165
15
 energy: -17.722625847742 gnorm: 0.001794584492 xtb: 6.7.1 (edcfbbe)
C            2.07856215176881        0.46362057645039        0.33174963350867
C            1.01977826134721       -0.06070941456040       -0.63783171307911
O           -0.00001043026779       -0.81284847550988        0.00047507131744
C           -1.01977014094176       -0.05998098671103        0.63796955636692
C           -2.07853474297787        0.46334032484735       -0.33217779328845
H            2.51508705303596       -0.36448254564020        0.88421671581987
H            2.85840629976505        0.97162804651333       -0.22757669241579
H            1.64523835344560        1.16489663708889        1.04113187414250
H            1.47723583027113       -0.76172864672584       -1.34027685747838
H            0.58678172788335        0.77023034700055       -1.20774312085197
H           -1.47725320933307       -0.76022312392485        1.34117277477065
H           -0.58674159304780        0.77155816674092        1.20698164289649
H           -2.85835869049592        0.97198383785329        0.22659884284733
H           -1.64518355174820        1.16383048818701       -1.04231949135276
H           -2.51509255944098       -0.36534372963848       -0.88374743737870
15
 energy: -17.722634286876 gnorm: 0.001236503001 xtb: 6.7.1 (edcfbbe)
C            2.07844354624867        0.46331447273506        0.33158522202188
C            1.01970216249194       -0.06034326778891       -0.63774461507038
O           -0.00001035586502       -0.81327209567352        0.00047545120788
C           -1.01969394239154       -0.05961491133369        0.63788204762148
C           -2.07841600219568        0.46303431834983       -0.33201307165319
H            2.51098683803587       -0.36430891395474        0.88790163592805
H            2.86152651052223        0.96609776165465       -0.22807700133986
H            1.64724905693407        1.16910548409320        1.03767275458001
H            1.47691067007846       -0.76074631391142       -1.34120232708230
H            0.58556043566224        0.77054738497542       -1.20673819963106
H           -1.47692816305515       -0.75923974962369        1.34209705850276
H           -0.58552034793623        0.77187405188618        1.20597653988473
H           -2.86147899504222        0.96645420053694        0.22710497576631
H           -1.64719434047698        1.16804332933399       -1.03886502797405
H           -2.51099231374694       -0.36517424930823       -0.88743243693755
15
 energy: -17.722647488805 gnorm: 0.000520678646 xtb: 6.7.1 (edcfbbe)
C            2.07800317370211        0.46284528564139        0.33096492608853
C            1.01930270017414       -0.05902412561921       -0.63801103611045
O           -0.00001021447174       -0.81329636469656        0.00047590633041
C           -1.01929436854629       -0.05829523260699        0.63814692387327
C           -2.07797561770637        0.46256567995690       -0.33139232488461
H            2.49679307665279       -0.36400719235064        0.89886274513868
H            2.87048038043354        0.94936939418152       -0.22972537426467
H            1.65189085545837        1.18176071249577        1.02669270728696
H            1.47529895840739       -0.75893383833902       -1.34287025606747
H            0.58238453526435        0.77166685677562       -1.20470255582001
H           -1.47531685997563       -0.75742486095475        1.34376291782741
H           -0.58234457189263        0.77299163043369        1.20393957009177
H           -2.87043341037834        0.94972731974735        0.22877176422179
H           -1.65183609366911        1.18071106099071       -1.02789832377157
H           -2.49679778418884       -0.36488482368472       -0.89839458411536
15
 energy: -17.722649730012 gnorm: 0.000225678891 xtb: 6.7.1 (edcfbbe)
C            2.07804689841499        0.46305432178748        0.33052220920197
C            1.01931578035031       -0.05893379540022       -0.63846342700061
O           -0.00001018646551       -0.81316187982627        0.00047595704853
C           -1.01930747118800       -0.05820453875129        0.63859940989388
C           -2.07801916454541        0.46277516409045       -0.33094999591099
H            2.49118531474443       -0.36284322704004        0.90358094576725
H            2.87443172786087        0.94269827358176       -0.23016296208808
H            1.65394513730151        1.18751001705763        1.02152579085293
H            1.47517974291345       -0.75925324026713       -1.34289555880642
H            0.58239477665845        0.77137595995024       -1.20562073799495
H           -1.47519765552165       -0.75774425967849        1.34378895810616
H           -0.58235477639999        0.77270175378326        1.20485795580636
H           -2.87438506957579        0.94305650455818        0.22921604216042
H           -1.65389020190860        1.18646646902579       -1.02273749339399
H           -2.49119009337533       -0.36372602090029       -0.90311408781777
15
 energy: -17.722650683592 gnorm: 0.000106527127 xtb: 6.7.1 (edcfbbe)
C            2.07777057770955        0.46366820639085        0.33029000948599
C            1.01944172983010       -0.05934565738168       -0.63871120165639
O           -0.00001020797870       -0.81318174078731        0.00047573413774
C           -1.01943321523426       -0.05861594519509        0.63884741332204
C           -2.07774302532844        0.46338947116883       -0.33071822112885
H            2.48845173515790       -0.36144457561093        0.90617812142848
H            2.87573970473704        0.94008685458848       -0.23078237098661
H            1.65395738931271        1.19089018194696        1.01850165093866
H            1.47569502361463       -0.76054674844245       -1.34198279545258
H            0.58284552111636        0.77030859339021       -1.20706005232523
H           -1.47571270846377       -0.75903853298025        1.34287741015427
H           -0.58280528774541        0.77163612467907        1.20629819111305
H           -2.87569335816723        0.94044587758605        0.22983881655178
H           -1.65390266996577        1.18984971615032       -1.01971717581869
H           -2.48845644933100       -0.36233032353198       -0.90571252393897
15
 energy: -17.722651646478 gnorm: 0.000118381146 xtb: 6.7.1 (edcfbbe)
C            2.07723167181213        0.46471045241094        0.32999327363194
C            1.01961611144901       -0.06026955427442       -0.63890520822545
O           -0.00001033988867       -0.81365739889667        0.00047552364443
C           -1.01960749121588       -0.05953981805131        0.63904223379021
C           -2.07720429067605        0.46443187881557       -0.33042240685346
H            2.48589155204150       -0.35906314904502        0.90918099702891
H            2.87669938326371        0.93800872364666       -0.23152591408283
H            1.65349390840370        1.19487302418261        1.01507442213125
H            1.47663918550294       -0.76266852714617       -1.34042935454312
H            0.58340940713503        0.76826280023166       -1.20920337462893
H           -1.47665620413965       -0.76116211661272        1.34132656612230
H           -0.58336867106008        0.76959253888040        1.20844308250890
H           -2.87665247742120        0.93836907819695        0.23058520355975
H           -1.65343957454650        1.19383570366508       -1.01629469310736
H           -2.48589741139625       -0.35995213403250       -0.90871734515186
15
 energy: -17.722652408220 gnorm: 0.000114656344 xtb: 6.7.1 (edcfbbe)
C            2.07647456053086        0.46568236492576        0.32977414725558
C            1.01973631228178       -0.06125734957245       -0.63904478638985
O           -0.00001029277488       -0.81433140569770        0.00047525536545
C           -1.01972722784118       -0.06052731188315        0.63918217882501
C           -2.07644760141653        0.46540409845948       -0.33020394075078
H            2.48411913368798       -0.35682620840701        0.91151659256601
H            2.87680969726915        0.93702780267276       -0.23217994673519
H            1.65245776521785        1.19793152169966        1.01244918217660
H            1.47766506886011       -0.76457520736674       -1.33905605934763
H            0.58366314923159        0.76620672618875       -1.21101156488891
H           -1.47768129252853       -0.76307004226660        1.33995488315582
H           -0.58362185823023        0.76753856242857        1.21025272472434
H           -2.87676279611622        0.93738944453679        0.23124133270133
H           -1.65240382600041        1.19689664508935       -1.01367297415362
H           -2.48412603290761       -0.35771813883641       -0.91105401867947
15
 energy: -17.722652973336 gnorm: 0.000097044792 xtb: 6.7.1 (edcfbbe)
C            2.07582343987720        0.46637057210896        0.32967073991249
C            1.01974368742012       -0.06202115975881       -0.63905985466862
O           -0.00001046122803       -0.81504082174546        0.00047510115469
C           -1.01973450496542       -0.06129132500177        0.63919786661237
C           -2.07579664183518        0.46609228419900       -0.33010109203552
H            2.48354134728315       -0.35530189326308        0.91254401099030
H            2.87626122159996        0.93733408180727       -0.23247005637595
H            1.65131794949234        1.19928818009367        1.01129140810556
H            1.47833703506869       -0.76581652144154       -1.33815656620192
H            0.58361588476833        0.76469132494750       -1.21208336631522
H           -1.47835271348294       -0.76431266358558        1.33905672336312
H           -0.58357398900104        0.76602397173437        1.21132570918585
H           -2.87621354740907        0.93769682345427        0.23153172240514
H           -1.65126438087181        1.19825367024776       -1.01251732631307
H           -2.48354956745258       -0.35619502182549       -0.91208201399453
15
 energy: -17.722653475359 gnorm: 0.000068576119 xtb: 6.7.1 (edcfbbe)
C            2.07512705069417        0.46691175698386        0.32962854064237
C            1.01968955446016       -0.06268108315797       -0.63910479485948
O           -0.00001035591884       -0.81573259316194        0.00047507488488
C           -1.01968009898074       -0.06195130670016        0.63924310074707
C           -2.07510054412237        0.46663348094444       -0.33005916660600
H            2.48339489420831       -0.35415053130267        0.91300322288061
H            2.87532167939567        0.93823410234414       -0.23259012377380
H            1.64996095785765        1.19987158066421        1.01080367263850
H            1.47887338414255       -0.76672388236033       -1.33757658147406
H            0.58336496377951        0.76342855026461       -1.21285067254874
H           -1.47888855454059       -0.76522073288506        1.33847743228942
H           -0.58332277583468        0.76476190665582        1.21209391074236
H           -2.87527377230962        0.93859766283809        0.23165144637719
H           -1.64990748512181        1.19883692919762       -1.01203052099122
H           -2.48340413844562       -0.35504433835358       -0.91254153512441
15
 energy: -17.722653937926 gnorm: 0.000053830067 xtb: 6.7.1 (edcfbbe)
C            2.07440203312861        0.46745824700146        0.32957810026820
C            1.01958232675455       -0.06333764972858       -0.63913772010333
O           -0.00001057800191       -0.81650926383007        0.00047515446202
C           -1.01957299546613       -0.06260820817425        0.63927683189516
C           -2.07437545288671        0.46717975985049       -0.33000932743746
H            2.48327784987110       -0.35304902110534        0.91331668670224
H            2.87428506819665        0.93934013972928       -0.23263406286446
H            1.64845634531428        1.20027278879795        1.01043350960394
H            1.47934671866727       -0.76758270530091       -1.33702124531551
H            0.58303290826652        0.76217786295181       -1.21357239272659
H           -1.47936166736519       -0.76608084216676        1.33792308704765
H           -0.58299045385030        0.76351143884109        1.21281702158179
H           -2.87423602863386        0.93970463394459        0.23169433951381
H           -1.64840294348159        1.19923751997152       -1.01166163604080
H           -2.48328837124955       -0.35394319881120       -0.91285534076196
15
 energy: -17.722654326179 gnorm: 0.000049845928 xtb: 6.7.1 (edcfbbe)
C            2.07370098555906        0.46796308367969        0.32954234991252
C            1.01950097238355       -0.06395274845914       -0.63921650189470
O           -0.00001031495341       -0.81716087517804        0.00047529763737
C           -1.01949138386172       -0.06322339972783        0.63935585679950
C           -2.07367466625599        0.46768463454077       -0.32997377056282
H            2.48309573385679       -0.35198840603570        0.91368881425651
H            2.87332900023476        0.94025960822142       -0.23268046065099
H            1.64708911496089        1.20073544726637        1.01003450685591
H            1.47980059620840       -0.76840925610935       -1.33654004468167
H            0.58273739591809        0.76099788443211       -1.21429603583653
H           -1.47981530215209       -0.76690809164728        1.33744227182758
H           -0.58269496309686        0.76233203944945        1.21354171083565
H           -2.87327985803202        0.94062502704789        0.23174014953999
H           -1.64703547484684        1.19969971514059       -1.01126340288440
H           -2.48310707665887       -0.35288316064986       -0.91322773532922
15
 energy: -17.722654650695 gnorm: 0.000058140176 xtb: 6.7.1 (edcfbbe)
C            2.07313810449261        0.46841702341259        0.32947937116318
C            1.01943676294559       -0.06447633800580       -0.63926120076562
O           -0.00001048766156       -0.81774155400178        0.00047550238696
C           -1.01942737819000       -0.06374722647471        0.63940130685026
C           -2.07311161170668        0.46813840048764       -0.32991144875706
H            2.48274612852784       -0.35104733399227        0.91418443521288
H            2.87270013339725        0.94081002232303       -0.23278343665488
H            1.64598531764479        1.20136520908266        1.00945896110452
H            1.48021461270879       -0.76914650053476       -1.33605009737199
H            0.58253180133850        0.75997446591200       -1.21495453160648
H           -1.48022934127169       -0.76764641431855        1.33695318629768
H           -0.58248942920897        0.76130891906368        1.21420156295004
H           -2.87265008728058        0.94117609860534        0.23184255630348
H           -1.64593140113472        1.20032941867621       -1.01068919469548
H           -2.48275836533744       -0.35194268826422       -0.91372396659278
15
 energy: -17.722654953487 gnorm: 0.000055012744 xtb: 6.7.1 (edcfbbe)
C            2.07265047942582        0.46884146232266        0.32941932392351
C            1.01940589419943       -0.06495447172289       -0.63931948376366
O           -0.00001034616297       -0.81820631562894        0.00047569143437
C           -1.01939642765017       -0.06422546864514        0.63945994380939
C           -2.07262407221873        0.46856289398206       -0.32985170476650
H            2.48231195488801       -0.35012262133940        0.91477709220209
H            2.87224897470224        0.94108836500038       -0.23290426647585
H            1.64511685660906        1.20212952449642        1.00878960527855
H            1.48059797845907       -0.76988086213303       -1.33557648408130
H            0.58241135394741        0.75902763447059       -1.21561574976747
H           -1.48061266138586       -0.76838152839302        1.33648008420546
H           -0.58236906413253        0.76036255748201        1.21486384344671
H           -2.87219874291232        0.94145521956039        0.23196313370839
H           -1.64506278986471        1.20109383912678       -1.01002093798460
H           -2.48232462864000       -0.35101872660778       -0.91431708534439
15
 energy: -17.722655278242 gnorm: 0.000055470260 xtb: 6.7.1 (edcfbbe)
C            2.07219622862839        0.46928122016322        0.32933814357397
C            1.01939584375310       -0.06542986156512       -0.63937876436059
O           -0.00001042424325       -0.81864322413633        0.00047585039195
C           -1.01938644766470       -0.06470088983325        0.63951978627318
C           -2.07216975308480        0.46900264768917       -0.32977105476422
H            2.48169599956205       -0.34914726741490        0.91556424112582
H            2.87197829462502        0.94110168429989       -0.23308566283580
H            1.64434880953876        1.20313983749459        1.00789331970454
H            1.48101131683357       -0.77065961346059       -1.33504528442832
H            0.58235119630995        0.75806156195244       -1.21633979551706
H           -1.48102608050314       -0.76916109255776        1.33594963505622
H           -0.58230893624915        0.75939706531653        1.21558910935155
H           -2.87192768960560        0.94146905477222        0.23214458995257
H           -1.64429453837657        1.20210473200442       -1.00912611966525
H           -2.48170906025990       -0.35004435275344       -0.91510498803389
15
 energy: -17.722655651667 gnorm: 0.000050019233 xtb: 6.7.1 (edcfbbe)
C            2.07171397536543        0.46978516951755        0.32923632147347
C            1.01940299328546       -0.06596029411158       -0.63944987385778
O           -0.00001035475215       -0.81909968969307        0.00047586178727
C           -1.01939346094210       -0.06523132199841        0.63959124261657
C           -2.07168766446214        0.46950673792843       -0.32966956562238
H            2.48087831469184       -0.34801395363151        0.91657079838072
H            2.87180577762429        0.94091356341356       -0.23332036153080
H            1.64359330210421        1.20444964832909        1.00673985390811
H            1.48148311116571       -0.77157525075760       -1.33441527671454
H            0.58234193280163        0.75697654341034       -1.21719189789601
H           -1.48149765005226       -0.77007730667546        1.33532060369829
H           -0.58229954306627        0.75831286586922        1.21644212221675
H           -2.87175526264187        0.94128149563037        0.23237967134756
H           -1.64353909752135        1.20341549637432       -1.00797409234087
H           -2.48089161433666       -0.34891220163418       -0.91611240164168
15
 energy: -17.722656074332 gnorm: 0.000044905449 xtb: 6.7.1 (edcfbbe)
C            2.07117785296132        0.47036389955156        0.32911051622960
C            1.01941846054955       -0.06656063656186       -0.63953642846838
O           -0.00001071305480       -0.81960037714939        0.00047571741251
C           -1.01940896641521       -0.06583149130880        0.63967844905736
C           -2.07115158277030        0.47008545781230       -0.32954443916811
H            2.47986151775051       -0.34669222453557        0.91781667038305
H            2.87168778499527        0.94057880900881       -0.23361008853951
H            1.64277016600913        1.20604868356794        1.00531412776478
H            1.48203308267595       -0.77263684883701       -1.33367136242997
H            0.58235037999686        0.75572366073912       -1.21820425951985
H           -1.48204732544897       -0.77113955743292        1.33457817555890
H           -0.58230740255831        0.75706108126953        1.21745548939012
H           -2.87163693673240        0.94094686275738        0.23267027441203
H           -1.64271626412629        1.20501607936105       -1.00655030061476
H           -2.47987529456855       -0.34759189627107       -0.91735953564310
15
 energy: -17.722656518927 gnorm: 0.000042309521 xtb: 6.7.1 (edcfbbe)
C            2.07057841286617        0.47101171858065        0.32897116948634
C            1.01943898047849       -0.06723377272545       -0.63962972808051
O           -0.00001032080691       -0.82016378722027        0.00047575962972
C           -1.01942887048008       -0.06650426057351        0.63977172400937
C           -2.07055265560003        0.47073382243469       -0.32940517764502
H            2.47872336712424       -0.34523127131807        0.91917251638187
H            2.87155678833627        0.94020803480468       -0.23392650814722
H            1.64186554776442        1.20782408189927        1.00374499104398
H            1.48263974825419       -0.77381682031671       -1.33285474809648
H            0.58237236416312        0.75434344324440       -1.21930453117634
H           -1.48265321666912       -0.77231975900314        1.33376253708441
H           -0.58232900185353        0.75568266010694        1.21855608448832
H           -2.87150697880222        0.94057631403027        0.23298779674682
H           -1.64181242402641        1.20679354684117       -1.00498254714538
H           -2.47873698148486       -0.34613244881384       -0.91871633275520
15
 energy: -17.722656769690 gnorm: 0.000041585819 xtb: 6.7.1 (edcfbbe)
C            2.07009773912445        0.47138488778303        0.32891520490702
C            1.01938930110425       -0.06768385168087       -0.63969228345528
O           -0.00001081476709       -0.82062466976647        0.00047610974727
C           -1.01937964906272       -0.06695420630895        0.63983537606673
C           -2.07007157727870        0.47110675953003       -0.32935016579336
H            2.47835136009476       -0.34439590000006        0.91967429532836
H            2.87105618118091        0.94056564895436       -0.23401830191601
H            1.64095214913875        1.20842209965338        1.00316505575954
H            1.48296614180995       -0.77444330148863       -1.33248509679318
H            0.58221695201215        0.75348636379656       -1.21985832939228
H           -1.48297998269211       -0.77294670545028        1.33339414437091
H           -0.58217349977770        0.75482604699908        1.21911136276662
H           -2.87100570259752        0.94093335394618        0.23307898082720
H           -1.64089895351627        1.20739246555655       -1.00440346692160
H           -2.47836488550934       -0.34529748955282       -0.91921987967728
15
 energy: -17.722657012437 gnorm: 0.000040781297 xtb: 6.7.1 (edcfbbe)
C            2.06969148449652        0.47177041550914        0.32884955860481
C            1.01937183166546       -0.06810105611464       -0.63973179019799
O           -0.00001060728265       -0.82103108040160        0.00047647690162
C           -1.01936205593949       -0.06737123713871        0.63987513992164
C           -2.06966543174810        0.47149250728751       -0.32928475767724
H            2.47800431167926       -0.34356359837441        0.92018460689999
H            2.87067316870948        0.94082828469895       -0.23414886917720
H            1.64019702824847        1.20910072131694        1.00255364717343
H            1.48333460640370       -0.77511822293094       -1.33199477142429
H            0.58214532229802        0.75262177947312       -1.22049782128206
H           -1.48334852795609       -0.77362175721767        1.33290447731959
H           -0.58210209555195        0.75396248360007        1.21975150131034
H           -2.87062341352673        0.94119575099791        0.23320912478029
H           -1.64014386961169        1.20807221084895       -1.00379219803678
H           -2.47801699262047       -0.34446569958354       -0.91973131929145
15
 energy: -17.722657258869 gnorm: 0.000039032764 xtb: 6.7.1 (edcfbbe)
C            2.06929695182291        0.47217944716973        0.32877748750017
C            1.01938956726450       -0.06853529045898       -0.63977977218974
O           -0.00001089377190       -0.82139918009068        0.00047694117236
C           -1.01938011945408       -0.06780521705294        0.63992407231723
C           -2.06927059193113        0.47190154828380       -0.32921354600167
H            2.47760801319908       -0.34269673926753        0.92074772441300
H            2.87034795063262        0.94100578683885       -0.23431683654031
H            1.63950820854964        1.20988827331730        1.00187844320586
H            1.48373683321273       -0.77585720436204       -1.33147693267995
H            0.58214634913959        0.75173759011405       -1.22117024621811
H           -1.48375113888625       -0.77436107139316        1.33238792588058
H           -0.58210319538082        0.75307916683145        1.22042530311212
H           -2.87029829018066        0.94137251658830        0.23337652218872
H           -1.63945501476778        1.20886123032415       -1.00311761644521
H           -2.47761987018471       -0.34359935487120       -0.92029646389034
15
 energy: -17.722657510376 gnorm: 0.000038572022 xtb: 6.7.1 (edcfbbe)
C            2.06891118694203        0.47258844488686        0.32869495719915
C            1.01940058880310       -0.06897029959852       -0.63982182288836
O           -0.00001059550945       -0.82177955177276        0.00047745970322
C           -1.01939102912595       -0.06823998692993        0.63996643037835
C           -2.06888490040160        0.47231087636780       -0.32913127528352
H            2.47714987036580       -0.34178726843649        0.92140916950483
H            2.87008397242214        0.94109388789475       -0.23449948221408
H            1.63882101152302        1.21076163446338        1.00108812109190
H            1.48413712940383       -0.77661066525266       -1.33092921494889
H            0.58214592984515        0.75083521242103       -1.22186721971294
H           -1.48415169768908       -0.77511459889770        1.33184090597463
H           -0.58210320561739        0.75217801062067        1.22112302935331
H           -2.87003541011003        0.94146021996740        0.23355871115258
H           -1.63876771219471        1.20973614265652       -1.00232737661238
H           -2.47716037939312       -0.34269055641929       -0.92095938687310
15
 energy: -17.722657766361 gnorm: 0.000037944011 xtb: 6.7.1 (edcfbbe)
C            2.06848905089523        0.47301053918223        0.32861173777116
C            1.01940069346570       -0.06942159567036       -0.63987709348953
O           -0.00001076065989       -0.82217946179886        0.00047808059274
C           -1.01939144889897       -0.06869101771454        0.64002266228176
C           -2.06846242988087        0.47273304191432       -0.32904890063958
H            2.47657910049884       -0.34085391128009        0.92212981613572
H            2.86983539290748        0.94110019910846       -0.23468007454301
H            1.63812652261855        1.21172225897083        1.00023896968555
H            1.48452697311357       -0.77736445379689       -1.33041132394382
H            0.58211865685327        0.74991724550545       -1.22256139773787
H           -1.48454209768362       -0.77586870362941        1.33132419439509
H           -0.58207621061812        0.75126098273214        1.22181872445087
H           -2.86978710796241        0.94146578666058        0.23373875139238
H           -1.63807308213986        1.21069846716326       -1.00147894376962
H           -2.47658849324515       -0.34175787537604       -0.92168219675715
15
 energy: -17.722658026302 gnorm: 0.000037324657 xtb: 6.7.1 (edcfbbe)
C            2.06805030937032        0.47343148109771        0.32852028295709
C            1.01938832026496       -0.06987535738134       -0.63993932225512
O           -0.00001059526487       -0.82259340397394        0.00047873759226
C           -1.01937916543612       -0.06914453645504        0.64008547058780
C           -2.06802359597443        0.47315420893687       -0.32895793706375
H            2.47591857168144       -0.33990278844994        0.92292219191128
H            2.86961563442056        0.94103813843513       -0.23486340823379
H            1.63740891549547        1.21274300474787        0.99930461860912
H            1.48492249721531       -0.77810656853318       -1.32990212911048
H            0.58205700965652        0.74898841318138       -1.22325614431525
H           -1.48493810160040       -0.77661094877064        1.33081583684186
H           -0.58201510151662        0.75033325876001        1.22251459887435
H           -2.86956820147341        0.94140320822009        0.23392160276266
H           -1.63735519641216        1.21172092067068       -1.00054494611065
H           -2.47592654116279       -0.34080752851458       -0.92247644722270
15
 energy: -17.722658289115 gnorm: 0.000036304254 xtb: 6.7.1 (edcfbbe)
C            2.06758632069515        0.47386525400740        0.32842804283899
C            1.01936401371782       -0.07034278982869       -0.64000567628495
O           -0.00001084268932       -0.82303426222393        0.00047951683804
C           -1.01935533208122       -0.06961169555581        0.64015302361773
C           -2.06755914544406        0.47358801462686       -0.32886667099869
H            2.47518525778009       -0.33891982450298        0.92376478052847
H            2.86940860870320        0.94092402437747       -0.23504145403430
H            1.63668100473921        1.21382976356967        0.99832113520713
H            1.48530117167367       -0.77885662923342       -1.32940358111112
H            0.58197355281483        0.74803637440533       -1.22395815948910
H           -1.48531757164026       -0.77736135157743        1.33031859121285
H           -0.58193208631481        0.74938215918662        1.22321842986106
H           -2.86936144863935        0.94128817784903        0.23409897165624
H           -1.63662696633770        1.21280959975033       -0.99956228638983
H           -2.47519177771349       -0.33982531287935       -0.92332165762784
15
 energy: -17.722658550945 gnorm: 0.000035580231 xtb: 6.7.1 (edcfbbe)
C            2.06711454217150        0.47430129133138        0.32832917511072
C            1.01934185826431       -0.07081409334043       -0.64007831361054
O           -0.00001051410794       -0.82347169197520        0.00048027060981
C           -1.01933315962242       -0.07008269455486        0.64022612215322
C           -2.06708733900425        0.47402437568051       -0.32876821195962
H            2.47441114758214       -0.33792164951412        0.92464401671085
H            2.86921191772376        0.94077754239850       -0.23523124287806
H            1.63593624261085        1.21495253343371        0.99728464656914
H            1.48570554211926       -0.77961444184234       -1.32889269412125
H            0.58188751086726        0.74707256956960       -1.22467417064718
H           -1.48572248028758       -0.77811919705976        1.32980834780382
H           -0.58184674273239        0.74841955409906        1.22393560856120
H           -2.86916593470220        0.94114120619193        0.23428822732541
H           -1.63588183516917        1.21393427099818       -0.99852605788463
H           -2.47441599644938       -0.33882807344506       -0.92420271791818
15
 energy: -17.722658806295 gnorm: 0.000034882782 xtb: 6.7.1 (edcfbbe)
C            2.06664450069883        0.47474694370002        0.32823121132680
C            1.01931913283512       -0.07129215307253       -0.64014488079858
O           -0.00001102929071       -0.82392069848221        0.00048100340850
C           -1.01931115425344       -0.07056059753285        0.64029418538431
C           -2.06661661828513        0.47446993317758       -0.32867155380674
H            2.47363795039311       -0.33690860146900        0.92552478276320
H            2.86902326688512        0.94063318739521       -0.23541546267270
H            1.63520625011224        1.21608743765853        0.99625202607738
H            1.48609312633386       -0.78038420290714       -1.32837816269567
H            0.58180663891883        0.74609554712636       -1.22539453477028
H           -1.48611087363153       -0.77888966340141        1.32929539554793
H           -0.58176617558519        0.74744319872679        1.22465809976179
H           -2.86897688311605        0.94099602948536        0.23447182273572
H           -1.63515148468532        1.21507097159832       -0.99749481214844
H           -2.47364188806597       -0.33781583003194       -0.92508611428854
15
 energy: -17.722659049747 gnorm: 0.000034439449 xtb: 6.7.1 (edcfbbe)
C            2.06618332309730        0.47517850200472        0.32813497715849
C            1.01930315916753       -0.07175575704147       -0.64021560401338
O           -0.00001024686977       -0.82434365413083        0.00048149426879
C           -1.01929464433582       -0.07102396307339        0.64036463673638
C           -2.06615589306836        0.47490193735893       -0.32857509190539
H            2.47289745088238       -0.33592079775122        0.92637827125639
H            2.86882257476726        0.94050073296214       -0.23560531581063
H            1.63447803008561        1.21718569530244        0.99524091027877
H            1.48649808016360       -0.78114237971791       -1.32785945291592
H            0.58173865939919        0.74514226697822       -1.22611255336810
H           -1.48651593669781       -0.77964775635203        1.32877667856773
H           -0.58169886732348        0.74649131500086        1.22537646614585
H           -2.86877779067706        0.94086379890025        0.23466159523686
H           -1.63442297793050        1.21617061092608       -0.99648362386895
H           -2.47290016139631       -0.33682904939571       -0.92594038194220
15
 energy: -17.722659277417 gnorm: 0.000034013248 xtb: 6.7.1 (edcfbbe)
C            2.06574801709314        0.47560404167057        0.32804094567612
C            1.01929054525510       -0.07221140987893       -0.64027190703256
O           -0.00001136176216       -0.82476480892965        0.00048197852149
C           -1.01928315548194       -0.07147954694025        0.64042293094632
C           -2.06571960422895        0.47532712047969       -0.32848288878585
H            2.47221829471890       -0.33496372158459        0.92716975444382
H            2.86862354666176        0.94042270817331       -0.23577998262633
H            1.63378047238868        1.21821675023742        0.99429853385833
H            1.48687806103308       -0.78188087115276       -1.32735439033383
H            0.58168141544304        0.74421192040405       -1.22679662248263
H           -1.48689653457225       -0.78038734323835        1.32827380749831
H           -0.58164145024745        0.74556117774410        1.22606304684370
H           -2.86857717972536        0.94078488733735        0.23483578587647
H           -1.63372531406399        1.21720330538257       -0.99554336797628
H           -2.47222099324785       -0.33587270773347       -0.92673461860240
15
 energy: -17.722659487705 gnorm: 0.000033535443 xtb: 6.7.1 (edcfbbe)
C            2.06532557523838        0.47599764250278        0.32795971446661
C            1.01927892472022       -0.07263529863698       -0.64033506354545
O           -0.00000986119361       -0.82514899082896        0.00048206960079
C           -1.01927012132747       -0.07190318103273        0.64048462337914
C           -2.06529838277203        0.47572148462841       -0.32840034690246
H            2.47161354905670       -0.33406650468779        0.92789669647755
H            2.86839176683791        0.94038027354132       -0.23594592237130
H            1.63309592387683        1.21915595284698        0.99343747655742
H            1.48724881527446       -0.78257938628773       -1.32687309921697
H            0.58162675027328        0.74333679848030       -1.22745902294139
H           -1.48726669934067       -0.78108527434611        1.32779155924197
H           -0.58158725891476        0.74468774692448        1.22672446051221
H           -2.86834804655140        0.94074342608308        0.23500224097567
H           -1.63304090984871        1.21814322569148       -0.99468152053497
H           -2.47161526606536       -0.33497641290746       -0.92746085987416
15
 energy: -17.722659681222 gnorm: 0.000033067693 xtb: 6.7.1 (edcfbbe)
C            2.06493725168770        0.47637858526006        0.32787640076723
C            1.01927143048029       -0.07304665412704       -0.64037907937155
O           -0.00001168973453       -0.82553008795461        0.00048231507846
C           -1.01926427317309       -0.07231466802564        0.64053129337084
C           -2.06490864275426        0.47610170506748       -0.32831945474470
H            2.47107992445566       -0.33322367384747        0.92853430864896
H            2.86816292329981        0.94040880905967       -0.23609555748479
H            1.63243675802912        1.21999807862206        0.99265913925168
H            1.48760082386888       -0.78323832482815       -1.32641369904533
H            0.58158341853373        0.74250470967080       -1.22806039068119
H           -1.48761923132765       -0.78174578763037        1.32733514482204
H           -0.58154322892867        0.74385531542606        1.22732868203756
H           -2.86811617004938        0.94077087628252        0.23515151770570
H           -1.63238180289414        1.21898663755253       -0.99390609385751
H           -2.47108273222971       -0.33413401855680       -0.92810152067271
15
 energy: -17.722659859979 gnorm: 0.000032308376 xtb: 6.7.1 (edcfbbe)
C            2.06455740113107        0.47672792319716        0.32781103851728
C            1.01926051193927       -0.07342665003093       -0.64043258099852
O           -0.00000992460480       -0.82587819427491        0.00048215489248
C           -1.01925154545971       -0.07269436702795        0.64058275782440
C           -2.06453038931283        0.47645189874341       -0.32825229523433
H            2.47061805460878       -0.33243426604705        0.92911975515350
H            2.86789928274829        0.94046972663153       -0.23622935795676
H            1.63179725208009        1.22075358241482        0.99196842807138
H            1.48792521938103       -0.78385781287334       -1.32598900687182
H            0.58153036288283        0.74172090657628       -1.22864559673518
H           -1.48794269916650       -0.78236452369519        1.32690884437401
H           -0.58149049501107        0.74307324011183        1.22791229658938
H           -2.86785549554650        0.94083324487745        0.23528606411481
H           -1.63174254814674        1.21974235512890       -0.99321419635611
H           -2.47062022825944       -0.33334556176094       -0.92868529955984
15
 energy: -17.722660026526 gnorm: 0.000031534157 xtb: 6.7.1 (edcfbbe)
C            2.06420177874413        0.47706590472672        0.32774102733180
C            1.01925292310043       -0.07379598258655       -0.64047165645869
O           -0.00001136268855       -0.82622265731105        0.00048225533390
C           -1.01924524066096       -0.07306392696009        0.64062393512319
C           -2.06417367417137        0.47678933858501       -0.32818417294897
H            2.47020403191551       -0.33169178241398        0.92963311067777
H            2.86763679531828        0.94057929543213       -0.23635622435817
H            1.63116709000200        1.22143617039447        0.99133201130221
H            1.48824752259395       -0.78444395657891       -1.32557655523707
H            0.58148995051343        0.74097736504363       -1.22917965657678
H           -1.48826529883917       -0.78295212136751        1.32649880724190
H           -0.58144947229386        0.74232930249764        1.22844866018912
H           -2.86759044318703        0.94094229927185        0.23541266687007
H           -1.63111251487195        1.22042570208026       -0.99258038577064
H           -2.47020732621109       -0.33260344884253       -0.92920081689495
15
 energy: -17.722660183221 gnorm: 0.000030764539 xtb: 6.7.1 (edcfbbe)
C            2.06385556188504        0.47738726467253        0.32768199885886
C            1.01924424102763       -0.07414863135860       -0.64051424134445
O           -0.00001034862368       -0.82654970337052        0.00048211086152
C           -1.01923543747434       -0.07341638681307        0.64066539477161
C           -2.06382844746983        0.47711110053476       -0.32812416572925
H            2.46983423466271       -0.33097764830979        0.93011844234175
H            2.86736086106739        0.94071102409240       -0.23647005805604
H            1.63055867699531        1.22206785736494        0.99075094873505
H            1.48854572046478       -0.78500753997918       -1.32518840368929
H            0.58144171308542        0.74025703603766       -1.22970302471233
H           -1.48856291128504       -0.78351547686336        1.32610978374298
H           -0.58140130885071        0.74161017743408        1.22897132527218
H           -2.86731599936753        0.94107508795905        0.23552702810814
H           -1.63050416438379        1.22105741303012       -0.99199889264289
H           -2.46983763246961       -0.33189007245994       -0.92968524069314
15
 energy: -17.722660331955 gnorm: 0.000030045891 xtb: 6.7.1 (edcfbbe)
C            2.06351995685145        0.47769898137408        0.32762153103707
C            1.01923593730935       -0.07449097111153       -0.64055177898594
O           -0.00001135259175       -0.82686936265329        0.00048225883416
C           -1.01922813786513       -0.07375901554121        0.64070453376297
C           -2.06349202407855        0.47742250922094       -0.32806515827234
H            2.46948505415917       -0.33029244950897        0.93056869591073
H            2.86708489886714        0.94085497333353       -0.23658342451540
H            1.62995579531810        1.22266562246075        0.99019414553918
H            1.48884406150811       -0.78555139368263       -1.32480548424514
H            0.58140187095148        0.73956542584722       -1.23020178059565
H           -1.48886136717346       -0.78406062998560        1.32572885503332
H           -0.58136118370194        0.74091834083225        1.22947182846139
H           -2.86703818114695        0.94121882028214        0.23564005645873
H           -1.62990135607282        1.22165587997581       -0.99144418222312
H           -2.46948921307043       -0.33120522887242       -0.93013709037527
15
 energy: -17.722660474144 gnorm: 0.000029369150 xtb: 6.7.1 (edcfbbe)
C            2.06319396425020        0.47800324103824        0.32756496056925
C            1.01922971823984       -0.07482580056666       -0.64058985996565
O           -0.00001000691754       -0.82717996573426        0.00048221648740
C           -1.01922045967078       -0.07409341012770        0.64074112162644
C           -2.06316727368094        0.47772721175951       -0.32800730226904
H            2.46915125293721       -0.32962050413983        0.93101050382768
H            2.86681462280672        0.94100136825941       -0.23669010230439
H            1.62937355285145        1.22324475794273        0.98965831630167
H            1.48913002031379       -0.78608361676084       -1.32443627441785
H            0.58135979922171        0.73888442414306       -1.23069218152909
H           -1.48914692965421       -0.78459213407414        1.32535817180596
H           -0.58131930512291        0.74023878175103        1.22996144380837
H           -2.86677013601258        0.94136618949936        0.23574713533823
H           -1.62931900282974        1.22223502614780       -0.99090718577388
H           -2.46915505746845       -0.33053406716663       -0.93057795768043
15
 energy: -17.722660610960 gnorm: 0.000028775015 xtb: 6.7.1 (edcfbbe)
C            2.06287420227216        0.47830087292552        0.32750688122765
C            1.01922119166450       -0.07515176077246       -0.64062519014321
O           -0.00001216258304       -0.82748367253279        0.00048266929943
C           -1.01921429120664       -0.07442000718262        0.64077971574115
C           -2.06284548808173        0.47802430693669       -0.32795210810055
H            2.46881624195621       -0.32896483029573        0.93144248722616
H            2.86655383423523        0.94113557915373       -0.23679854177850
H            1.62880111789351        1.22381763185321        0.98912416380439
H            1.48941265935501       -0.78660295575396       -1.32406919718361
H            0.58132221042276        0.73822328815694       -1.23116996695492
H           -1.48943027320170       -0.78511368060819        1.32499485770674
H           -0.58128150326192        0.73957671255039        1.23044226453728
H           -2.86650567964516        0.94149916353605        0.23585466940758
H           -1.62874668696179        1.22280930104261       -0.99037658680002
H           -2.46882061359366       -0.32987844703828       -0.93101311216489
15
 energy: -17.722660743611 gnorm: 0.000028248204 xtb: 6.7.1 (edcfbbe)
C            2.06255954513539        0.47859421145202        0.32745151595897
C            1.01921689429350       -0.07547435260695       -0.64066366324092
O           -0.00000865202256       -0.82778179590351        0.00048246429698
C           -1.01920613591748       -0.07474128181399        0.64081380311809
C           -2.06253409612533        0.47831867545767       -0.32789292362523
H            2.46847603504217       -0.32831421796779        0.93188240327636
H            2.86630493865432        0.94125306280116       -0.23690384522135
H            1.62824670763216        1.22439410602880        0.98859065064897
H            1.48969019302095       -0.78711704685159       -1.32371328479475
H            0.58128387034099        0.73756691490546       -1.23164407833841
H           -1.48970678712441       -0.78562495956670        1.32463420025626
H           -0.58124356137420        0.73892335405275        1.23091341153990
H           -2.86626288856183        0.94161862464629        0.23596110884477
H           -1.62819214950065        1.22338519322261       -0.98983876390082
H           -2.46847915422927       -0.32922898588515       -0.93144999299414
15
 energy: -17.722660873268 gnorm: 0.000027833059 xtb: 6.7.1 (edcfbbe)
C            2.06225049051708        0.47888481712397        0.32739110659484
C            1.01920635605026       -0.07578993541579       -0.64069729408242
O           -0.00001416701887       -0.82807511382442        0.00048334586676
C           -1.01920175368748       -0.07505876759847        0.64085524844186
C           -2.06221981058155        0.47860787922961       -0.32783938987966
H            2.46811955141472       -0.32766980100677        0.93232691552508
H            2.86607572197879        0.94134739049277       -0.23701264437294
H            1.62770284158087        1.22498105855361        0.98803992834253
H            1.48996267994298       -0.78762143974504       -1.32335366380673
H            0.58124652226455        0.73692298814056       -1.23211097107037
H           -1.48998102822300       -0.78613456634502        1.32428356756734
H           -0.58120585398309        0.73827628670593        1.23138661136597
H           -2.86602429130061        0.94170965249362        0.23606777752032
H           -1.62764848220305        1.22397501294691       -0.98929611832640
H           -2.46812401748784       -0.32858395978040       -0.93190141386150
15
 energy: -17.722661001029 gnorm: 0.000027445735 xtb: 6.7.1 (edcfbbe)
C            2.06193807919915        0.47917403955331        0.32733592198478
C            1.01920370737665       -0.07610754964876       -0.64073924050870
O           -0.00000666382543       -0.82836793743331        0.00048261671303
C           -1.01919067689872       -0.07537346686963        0.64088737251398
C           -2.06191455635303        0.47889908701534       -0.32777560640075
H            2.46774521118675       -0.32702261133735        0.93279138706026
H            2.86585295408014        0.94141469524200       -0.23712015674781
H            1.62716971326257        1.22558760626056        0.98748059402592
H            1.49023653416919       -0.78812962950853       -1.32300568853597
H            0.58120956580089        0.73627628042804       -1.23258115177744
H           -1.49025252024082       -0.78663624732403        1.32392466995591
H           -0.58116936375587        0.73763529946342        1.23184989187111
H           -2.86581460464217        0.94178129695186        0.23617788465375
H           -1.62711510186414        1.22457931956004       -0.98872688768887
H           -2.46774751823140       -0.32793868038188       -0.93235860129452
15
 energy: -17.722661107309 gnorm: 0.000027572431 xtb: 6.7.1 (edcfbbe)
C            2.06162450469419        0.47941881511931        0.32729304801605
C            1.01917006869624       -0.07639982578177       -0.64077307788454
O           -0.00001383885726       -0.82866811716397        0.00048345498725
C           -1.01916506650293       -0.07566852859448        0.64093103946594
C           -2.06159417389943        0.47914216829849       -0.32774136036483
H            2.46747170041700       -0.32647840893133        0.93311673787956
H            2.86554888926376        0.94162678436869       -0.23717690330867
H            1.62658043546995        1.22598716290471        0.98708148606923
H            1.49044736519926       -0.78852734172666       -1.32276149731465
H            0.58111639079372        0.73572362033879       -1.23292466093786
H           -1.49046547562680       -0.78704084355351        1.32369183796227
H           -0.58107567381264        0.73707796130047        1.23220093839275
H           -2.86549810041984        0.94198933871860        0.23623214701379
H           -1.62652627225525        1.22498217398725       -0.98833822753682
H           -2.46747599389622       -0.32739345731353       -0.93269195661480
15
 energy: -17.722661212457 gnorm: 0.000026663018 xtb: 6.7.1 (edcfbbe)
C            2.06135216448521        0.47966596116051        0.32724838586687
C            1.01915779986307       -0.07666919465047       -0.64080136104343
O           -0.00001185969497       -0.82893132477166        0.00048348580797
C           -1.01915060100974       -0.07593706573126        0.64095714625012
C           -2.06132370859803        0.47938971779474       -0.32769472928687
H            2.46720184568840       -0.32592842088764        0.93347419038585
H            2.86531666561606        0.94175674100416       -0.23725762294838
H            1.62608853571430        1.22644992525241        0.98664622545244
H            1.49068533013403       -0.78895477421683       -1.32244682948532
H            0.58106796034888        0.73515992794515       -1.23333481230906
H           -1.49070302661076       -0.78746680886807        1.32337454893781
H           -0.58102740772255        0.73651605194733        1.23261007548768
H           -2.86526933275000        0.94212054227402        0.23631312256952
H           -1.62603400037108        1.22544445709324       -0.98790059946908
H           -2.46720560582907       -0.32684423337456       -0.93304822039146
15
 energy: -17.722661323617 gnorm: 0.000025777822 xtb: 6.7.1 (edcfbbe)
C            2.06108740490834        0.47993917906088        0.32719405636850
C            1.01916878024745       -0.07695477248165       -0.64083048534474
O           -0.00001249133484       -0.82917631856569        0.00048372251712
C           -1.01916244706630       -0.07622304318477        0.64098742206523
C           -2.06105823213691        0.47966295795526       -0.32764146247481
H            2.46688271779201       -0.32533839705625        0.93387883301644
H            2.86513381244555        0.94181944601968       -0.23736829155592
H            1.62564238626978        1.22701083233475        0.98614495694898
H            1.49095416575743       -0.78943858241501       -1.32209097742949
H            0.58107210900889        0.73456560711176       -1.23378353343720
H           -1.49097218566534       -0.78795174920634        1.32302024343329
H           -0.58103183836939        0.73592166225038        1.23305999526562
H           -2.86508532388468        0.94218309585635        0.23642346731594
H           -1.62558771262333        1.22600618956893       -0.98740096700317
H           -2.46688638608490       -0.32625460527720       -0.93345397386112
15
 energy: -17.722661442176 gnorm: 0.000025557898 xtb: 6.7.1 (edcfbbe)
C            2.06081375047946        0.48022219103150        0.32713294423673
C            1.01917909289097       -0.07725355585959       -0.64086343723094
O           -0.00001113216811       -0.82943178908796        0.00048375010306
C           -1.01917112162686       -0.07652109815223        0.64101888498219
C           -2.06078590318196        0.47994619030274       -0.32757909199534
H            2.46650218882995       -0.32469534856191        0.93437115870756
H            2.86498139968676        0.94181671304709       -0.23749350569472
H            1.62518105881409        1.22765585774053        0.98554504191678
H            1.49123236993349       -0.78995451337675       -1.32171092128517
H            0.58107849489375        0.73393804778615       -1.23426570026409
H           -1.49125005443530       -0.78846677570987        1.32263841674409
H           -0.58103819441460        0.73529553693639        1.23354188958442
H           -2.86493512032230        0.94218135698013        0.23654911501753
H           -1.62512627832913        1.22665105518221       -0.98679987075215
H           -2.46650579178646       -0.32561236628736       -0.93394566824525
15
 energy: -17.722661567171 gnorm: 0.000025408174 xtb: 6.7.1 (edcfbbe)
C            2.06051051420527        0.48052458794201        0.32706707956354
C            1.01918140968577       -0.07757343809298       -0.64090213633072
O           -0.00000980140792       -0.82971459673640        0.00048384216701
C           -1.01917222123248       -0.07684081521774        0.64105627984160
C           -2.06048365216560        0.48024919743029       -0.32751206896051
H            2.46603636176119       -0.32401090257318        0.93492050801144
H            2.86484018345223        0.94176131560929       -0.23762024314697
H            1.62469846520117        1.22838166750643        0.98487880666765
H            1.49151446059310       -0.79048895966440       -1.32132959723407
H            0.58106686905956        0.73327510319196       -1.23476505242001
H           -1.49153187543796       -0.78900089798357        1.32225585507211
H           -0.58102717875643        0.73463388136518        1.23404057796975
H           -2.86479597395324        0.94212709836948        0.23667624487227
H           -1.62464345089251        1.22737706111173       -0.98613307034096
H           -2.46603935084839       -0.32492880028705       -0.93449401990747
15
 energy: -17.722661695776 gnorm: 0.000025204233 xtb: 6.7.1 (edcfbbe)
C            2.06018661529997        0.48083194901375        0.32699545284132
C            1.01917339560978       -0.07790116502385       -0.64094722428785
O           -0.00001131915796       -0.83001018747277        0.00048416401746
C           -1.01916567691408       -0.07716869378124        0.64110370352436
C           -2.06015848911367        0.48055587879235       -0.32744254929656
H            2.46550526132172       -0.32330305869619        0.93552054766707
H            2.86470644530711        0.94166783946230       -0.23774960355474
H            1.62418701696613        1.22915357692340        0.98415142704103
H            1.49180371023788       -0.79102469037973       -1.32094998346479
H            0.58103025693964        0.73259432043243       -1.23527239911907
H           -1.49182177843309       -0.78953816006978        1.32187855678814
H           -0.58099008306641        0.73395250519063        1.23455077136138
H           -2.86465951569004        0.94203297987099        0.23680519284490
H           -1.62413181963688        1.22814981550848       -0.98540838912182
H           -2.46550926040633       -0.32422140779969       -0.93509666141614
15
 energy: -17.722661824639 gnorm: 0.000024753795 xtb: 6.7.1 (edcfbbe)
C            2.05984642299214        0.48114753983900        0.32692445975891
C            1.01915993754098       -0.07824042035038       -0.64099431947898
O           -0.00000849222414       -0.83032944750073        0.00048411224388
C           -1.01914962064783       -0.07750764561465        0.64114758716160
C           -2.05982058948456        0.48087272159647       -0.32736868728775
H            2.46493925467030       -0.32257695031877        0.93614209495292
H            2.86457236573173        0.94155889547793       -0.23787153362536
H            1.62366164480014        1.22995368131861        0.98340454474928
H            1.49208410689425       -0.79156465372680       -1.32058059059426
H            0.58097853376387        0.73189724852893       -1.23577938167607
H           -1.49210117576892       -0.79007680182896        1.32150625864593
H           -0.58093943012884        0.73325771313572        1.23505508105539
H           -2.86453003699228        0.94192619350168        0.23692803451799
H           -1.62360626220560        1.22894990409076       -0.98465919625534
H           -2.46494189967747       -0.32349647617774       -0.93571545834345
15
 energy: -17.722661950163 gnorm: 0.000024450183 xtb: 6.7.1 (edcfbbe)
C            2.05950478871515        0.48145727108825        0.32685071739046
C            1.01914171022141       -0.07857285041156       -0.64104341453499
O           -0.00001324024005       -0.83063749025221        0.00048462517810
C           -1.01913598184112       -0.07784079237051        0.64120311429752
C           -2.05947494705654        0.48118060204771       -0.32730069817308
H            2.46436966745394       -0.32185738657907        0.93676306913975
H            2.86443526000259        0.94144792836624       -0.23799639688040
H            1.62312723574268        1.23074564989326        0.98265009697678
H            1.49237026023365       -0.79209496096393       -1.32020931747159
H            0.58092146761033        0.73120860550462       -1.23628604085490
H           -1.49238907106793       -0.79061088371530        1.32114147393229
H           -0.58088100455006        0.73256648636143        1.23556821920817
H           -2.86438486851593        0.94181241319480        0.23705167448487
H           -1.62307181746442        1.22974374852545       -0.98391136303750
H           -2.46437469997992       -0.32277683871809       -0.93634275383079
15
 energy: -17.722662069566 gnorm: 0.000024169884 xtb: 6.7.1 (edcfbbe)
C            2.05917223804426        0.48176545601053        0.32678171425021
C            1.01913084058278       -0.07890630473621       -0.64108872187426
O           -0.00000806774090       -0.83095213374756        0.00048438096797
C           -1.01912016696992       -0.07817348736295        0.64124215582617
C           -2.05914674591423        0.48149097683933       -0.32722610996375
H            2.46383008325603       -0.32115028463656        0.93735696336254
H            2.86429320052520        0.94136384344866       -0.23811279825622
H            1.62260500353792        1.23150881307817        0.98193302340116
H            1.49264731641069       -0.79262175391813       -1.31984953767209
H            0.58087101264420        0.73052610445660       -1.23677692925673
H           -1.49266413355062       -0.79113454574624        1.32077587226629
H           -0.58083210090539        0.73188776875566        1.23605357010645
H           -2.86425149118130        0.94173190733166        0.23716963732463
H           -1.62254960067760        1.23050637173260       -0.98318901882204
H           -2.46383262879735       -0.32207122953450       -0.93693119583565
15
 energy: -17.722662181335 gnorm: 0.000023826180 xtb: 6.7.1 (edcfbbe)
C            2.05885383671786        0.48205786545190        0.32671535862590
C            1.01911637985676       -0.07921919466995       -0.64113169575641
O           -0.00001306095050       -0.83124017981672        0.00048497045409
C           -1.01911059803798       -0.07848713067619        0.64129186419852
C           -2.05882409484878        0.48178146670214       -0.32716576939943
H            2.46333825616358       -0.32047646269692        0.93790819667220
H            2.86414150692161        0.94130329689758       -0.23822721553929
H            1.62209804625355        1.23221922471204        0.98126069445257
H            1.49291577940550       -0.79312593477279       -1.31949269439676
H            0.58082667071598        0.72987611460131       -1.23725733370480
H           -1.49293461580101       -0.79164254924084        1.32042586123351
H           -0.58078653760183        0.73123521235219        1.23654057318486
H           -2.86409154141379        0.94166811260566        0.23728263887974
H           -1.62204243728852        1.23121887818496       -0.98252321198949
H           -2.46334283082866       -0.32139721766331       -0.93748923109052
15
 energy: -17.722662285162 gnorm: 0.000023489942 xtb: 6.7.1 (edcfbbe)
C            2.05855609623449        0.48233832930296        0.32665320515173
C            1.01911233718656       -0.07952276242221       -0.64116955432613
O           -0.00000986584207       -0.83151942156836        0.00048495257416
C           -1.01910344026875       -0.07879002507116        0.64132599599749
C           -2.05852903827839        0.48206332618022       -0.32710030585823
H            2.46290262639858       -0.31983947389490        0.93840677013855
H            2.86398162770422        0.94128660680378       -0.23833530748038
H            1.62160750307644        1.23286613823059        0.98064768094227
H            1.49318154334486       -0.79361145821320       -1.31915000290571
H            0.58079441947180        0.72925339957171       -1.23770843552981
H           -1.49319925924918       -0.79212609540654        1.32007959733890
H           -0.58075513067044        0.73061499094014        1.23698875828587
H           -2.86393723025748        0.94165347651315        0.23739146721962
H           -1.62155199221901        1.23186580049370       -0.98190702632624
H           -2.46290543736786       -0.32076132948882       -0.93798478939739
15
 energy: -17.722662381509 gnorm: 0.000023151231 xtb: 6.7.1 (edcfbbe)
C            2.05827283291776        0.48260341125609        0.32659813179416
C            1.01910520314894       -0.07980804094757       -0.64120412328591
O           -0.00001118774540       -0.83178131375200        0.00048533818678
C           -1.01909771070607       -0.07907550575634        0.64136266357509
C           -2.05824454605853        0.48232791782159       -0.32704709465810
H            2.46252369358253       -0.31923858134633        0.93885546305497
H            2.86380837072598        0.94130442528661       -0.23843322060083
H            1.62113806041038        1.23345104269870        0.98009930227800
H            1.49342508231788       -0.79407225310734       -1.31882300437163
H            0.58076393522387        0.72866292535214       -1.23814088094268
H           -1.49344360819248       -0.79258811830447        1.31975482098367
H           -0.58072455725659        0.73002420644831        1.23742348545310
H           -2.86376185804940        0.94167032656371        0.23748882373462
H           -1.62108226387361        1.23245175847232       -0.98136065394061
H           -2.46252668718149       -0.32016069871435       -0.93843604543595
