----------------------------------------------- 
  Element       SASA      Sigma Z        Total  
     Z         Ang**2 cal/Ang**2/mol   kcal/mol 
----------------------------------------------- 
      H        115.548      48.690       5.626
      C         27.585     129.740       3.579
      O         12.783       0.000       0.000

 Subtotal:     155.916                   9.205
 -----------------------------------------------

  Elements    COT*SASA   Sigma Z,Z'     Total   
    Z,Z'       Ang**2  cal/Ang**2/mol kcal/mol  
 ---------------------------------------------- 
  H   C         77.879     -60.770      -4.733
  H   O          0.000       0.000       0.000
  C   C         16.907     -72.950      -1.233
  O   C          0.002      68.690       0.000

 Subtotal:                              -5.966
 ---------------------------------------------- 

 NONAQUEOUS SOLVENT CONTRIBUTION (kcal/mol):
 (proportional to SASA, atomic number independent)
 ---------------------------------------------- 
 Subtotal:                               0.000
 ---------------------------------------------- 

 CDS TOTAL (kcal/mol):                   3.239
...............................................................................
