15
 energy: -17.722198602553 gnorm: 0.029759307103 xtb: 6.7.1 (edcfbbe)
C            2.38785802670136        0.40452753722985       -0.00578893850698
C            1.18546928511034       -0.50457917295713        0.10797403858416
O           -0.00148104543247        0.28357889716626       -0.05285724154578
C           -1.18754302568676       -0.51811971400256        0.02998098597366
C           -2.39117838981669        0.38203394235422       -0.13183717949836
H            3.30532572976897       -0.17789558002138        0.12185722736887
H            2.42182502367937        0.88703245401904       -0.98765120706886
H            2.36431022165317        1.18047885349459        0.76580334857444
H            1.16378093421290       -1.00343896498520        1.08982174585269
H            1.21327971819131       -1.28813737483323       -0.66547094245035
H           -1.16578652812293       -1.28789618250472       -0.75736581388236
H           -1.21390929217937       -1.03430134550109        1.00260286007354
H           -3.30840516031431       -0.21167317463875       -0.07136402789205
H           -2.42028673664678        1.13949910640292        0.65777778593597
H           -2.37322040396892        0.88745900124258       -1.10264644527428
15
 energy: -17.722962419439 gnorm: 0.012029402552 xtb: 6.7.1 (edcfbbe)
C            2.39086331515959        0.40557704365859       -0.00558135876751
C            1.18542647469023       -0.50517251851092        0.10770054415866
O           -0.00153544199753        0.26546009281232       -0.05020295731756
C           -1.18753341670198       -0.51860309975936        0.03057635166309
C           -2.39412230457586        0.38309689608437       -0.13216656089289
H            3.30432133977086       -0.17325539945082        0.12075355634520
H            2.40809035837775        0.88730407082114       -0.98118505894998
H            2.35142017424001        1.17795031876093        0.75996619705068
H            1.16285492851858       -1.00058069385863        1.09005578926008
H            1.21257228789782       -1.28515867096723       -0.66793101804730
H           -1.16477137769938       -1.28518733646056       -0.75848294345284
H           -1.21311069810726       -1.03075416665999        1.00415702328755
H           -3.30712139215271       -0.20704030725245       -0.07221513306886
H           -2.40741614551768        1.13799585515578        0.65149449234774
H           -2.35989974475323        0.88693619809222       -1.09610272737175
15
 energy: -17.723118244755 gnorm: 0.003205156511 xtb: 6.7.1 (edcfbbe)
C            2.38544295516386        0.40960461769216       -0.00616028580593
C            1.18115059425060       -0.50822809164335        0.10770344048669
O           -0.00151548709371        0.25616144871242       -0.04882164825046
C           -1.18322887484887       -0.52141268251141        0.03168952714010
C           -2.38869561112944        0.38713844573554       -0.13283268720675
H            3.29593105494212       -0.16741499165319        0.11902783813643
H            2.39291678312716        0.89020252796900       -0.97948051807161
H            2.33676566152450        1.17875312327141        0.75829712668635
H            1.16380245580055       -1.00422470421954        1.09019819165407
H            1.21376164127648       -1.28782277992954       -0.66859232130068
H           -1.16578824261945       -1.28864859476342       -0.75737057070917
H           -1.21423013791279       -1.03299184411759        1.00575719478110
H           -3.29862585121689       -0.20111775699909       -0.07309277701353
H           -2.39291807233994        1.14004706816011        0.64912186249940
H           -2.34473051177496        0.88852249676189       -1.09460817678171
15
 energy: -17.723141030308 gnorm: 0.001141055287 xtb: 6.7.1 (edcfbbe)
C            2.38234661961660        0.41201876135765       -0.00645200658489
C            1.18012703322904       -0.51080743943816        0.10770341532788
O           -0.00150357701053        0.25134971470806       -0.04807327931504
C           -1.18218700801666       -0.52383064492723        0.03257420933613
C           -2.38560250576792        0.38952355433051       -0.13335129188055
H            3.29496207104550       -0.16142876383622        0.11751410255497
H            2.38541412015837        0.89296648821280       -0.97977181275488
H            2.32956482074524        1.18011044336436        0.75898223447633
H            1.16693467628849       -1.00864394221884        1.08988278048626
H            1.21698522905963       -1.29113871453478       -0.66837556501362
H           -1.16894288365958       -1.29284830757605       -0.75554051537494
H           -1.21744603845857       -1.03607343097104        1.00670716753192
H           -3.29763655467211       -0.19507514022944       -0.07415817071871
H           -2.38585698864191        1.14248285696358        0.64875722989265
H           -2.33712065676639        0.88996284726020       -1.09556230171920
15
 energy: -17.723148240633 gnorm: 0.001113969115 xtb: 6.7.1 (edcfbbe)
C            2.37895160656775        0.41444504142227       -0.00663352038010
C            1.18049111671936       -0.51432235145775        0.10758299168323
O           -0.00149648841964        0.24560426551311       -0.04716735416225
C           -1.18253735371257       -0.52711732509835        0.03390287022398
C           -2.38221042556420        0.39187192289258       -0.13405232992274
H            3.29583459259018       -0.15348339919509        0.11534312910377
H            2.37833588064451        0.89685481772888       -0.97985255583626
H            2.32303655425806        1.18150050090533        0.76040776009490
H            1.17118441283135       -1.01429183982291        1.08930090530659
H            1.22132011728059       -1.29499428869768       -0.66868807485315
H           -1.17316400539166       -1.29823902415836       -0.75293173978772
H           -1.22182280216060       -1.03940327350455        1.00844770192269
H           -3.29849460461107       -0.18701825880122       -0.07566621612702
H           -2.37945392076345        1.14570620275649        0.64799073201097
H           -2.32993632311941        0.89145529198264       -1.09714810303257
15
 energy: -17.723149861531 gnorm: 0.000348762343 xtb: 6.7.1 (edcfbbe)
C            2.37843325886693        0.41455769967289       -0.00652494899385
C            1.18120790944638       -0.51501563330338        0.10739226991970
O           -0.00150108235319        0.24464704370605       -0.04700405628646
C           -1.18326048884161       -0.52772058913667        0.03436461846992
C           -2.38169028741795        0.39193726671139       -0.13425063630391
H            3.29610232573693       -0.15229726328342        0.11472582495877
H            2.37728571961393        0.89775953438778       -0.97928060987315
H            2.32233203016341        1.18113992192665        0.76088819760489
H            1.17166049590050       -1.01505240683640        1.08892995420362
H            1.22180172219699       -1.29499716357466       -0.66940872301203
H           -1.17359669109759       -1.29892188464041       -0.75220182965784
H           -1.22235057045689       -1.03909265905378        1.00926068773044
H           -3.29875093895962       -0.18576781044583       -0.07594286709896
H           -2.37870149347842        1.14619241521374        0.64729920262676
H           -2.32893355217060        0.89119981112145       -1.09741088804358
15
 energy: -17.723150392296 gnorm: 0.000101735481 xtb: 6.7.1 (edcfbbe)
C            2.37782949010383        0.41484569771070       -0.00636522726636
C            1.18162100839402       -0.51576523980509        0.10703042650450
O           -0.00150344959062        0.24373278247843       -0.04680916102370
C           -1.18367870773604       -0.52830925269141        0.03507689607889
C           -2.38108456317296        0.39214866854675       -0.13459318891772
H            3.29614645377309       -0.15105747800093        0.11375562258282
H            2.37547298932169        0.89916948168813       -0.97847740821252
H            2.32112698805996        1.18049374317904        0.76183081145688
H            1.17207935371386       -1.01633042703115        1.08817714244417
H            1.22222844969892       -1.29496703114468       -0.67040627934752
H           -1.17394848246095       -1.29999893889798       -0.75085810688841
H           -1.22285219913485       -1.03861965902488        1.01040841446627
H           -3.29877117963923       -0.18441608181464       -0.07625577479409
H           -2.37741293665453        1.14696250606303        0.64630747392406
H           -2.32721485752700        0.89067951121009       -1.09798544476295
15
 energy: -17.723150542818 gnorm: 0.000096160532 xtb: 6.7.1 (edcfbbe)
C            2.37754923377492        0.41504478094568       -0.00622754264082
C            1.18175132054534       -0.51618839765268        0.10672744335816
O           -0.00150553479550        0.24328013678005       -0.04666772248452
C           -1.18381234096989       -0.52860405435527        0.03561981140107
C           -2.38080232254538        0.39228369653428       -0.13487599269428
H            3.29622893729276       -0.15042608761705        0.11297346301676
H            2.37446660239635        0.90028155050308       -0.97787806308810
H            2.32070457184298        1.17995053139459        0.76269351025462
H            1.17235392428887       -1.01727291543142        1.08758933532419
H            1.22248261160705       -1.29489337733816       -0.67118279810887
H           -1.17414635429319       -1.30078071311080       -0.74981347915041
H           -1.22318988967567       -1.03820377082542        1.01129861145609
H           -3.29883189393224       -0.18368818942146       -0.07644346226342
H           -2.37685919535491        1.14756959881259        0.64556420139153
H           -2.32635131303227        0.89021549324738       -1.09854111952770
15
 energy: -17.723150634044 gnorm: 0.000050478696 xtb: 6.7.1 (edcfbbe)
C            2.37745260529950        0.41514576693617       -0.00612344154939
C            1.18177000768250       -0.51634805754488        0.10651348942931
O           -0.00150746370065        0.24311313624436       -0.04654801156805
C           -1.18383375477214       -0.52867120728777        0.03600465591939
C           -2.38070355833158        0.39233395506549       -0.13510133401101
H            3.29626289179823       -0.15026840213699        0.11229013364354
H            2.37386337304520        0.90112565005327       -0.97740646928404
H            2.32071929064238        1.17943562014922        0.76342579784160
H            1.17251926970815       -1.01786147345565        1.08715582321607
H            1.22261099576489       -1.29472657301561       -0.67171942227709
H           -1.17421859785059       -1.30125001012937       -0.74903286586519
H           -1.22341941169839       -1.03779118013496        1.01192527355011
H           -3.29884454257876       -0.18344064789299       -0.07655775008928
H           -2.37669292753449        1.14797200846717        0.64500627300247
H           -2.32593982032505        0.88979969714794       -1.09899595571414
