----------------------------------------------- 
  Element       SASA      Sigma Z        Total  
     Z         Ang**2 cal/Ang**2/mol   kcal/mol 
----------------------------------------------- 
      H        113.668      48.690       5.534
      C         21.241     129.740       2.756
      O         17.806       0.000       0.000

 Subtotal:     152.716                   8.290
 -----------------------------------------------

  Elements    COT*SASA   Sigma Z,Z'     Total   
    Z,Z'       Ang**2  cal/Ang**2/mol kcal/mol  
 ---------------------------------------------- 
  H   C         70.221     -60.770      -4.267
  H   O          6.688       0.000       0.000
  C   C         17.872     -72.950      -1.304
  O   C          0.052      68.690       0.004

 Subtotal:                              -5.568
 ---------------------------------------------- 

 NONAQUEOUS SOLVENT CONTRIBUTION (kcal/mol):
 (proportional to SASA, atomic number independent)
 ---------------------------------------------- 
 Subtotal:                               0.000
 ---------------------------------------------- 

 CDS TOTAL (kcal/mol):                   2.723
...............................................................................
