----------------------------------------------- 
  Element       SASA      Sigma Z        Total  
     Z         Ang**2 cal/Ang**2/mol   kcal/mol 
----------------------------------------------- 
      H        112.411      48.690       5.473
      C         20.640     129.740       2.678
      O         18.700       0.000       0.000

 Subtotal:     151.752                   8.151
 -----------------------------------------------

  Elements    COT*SASA   Sigma Z,Z'     Total   
    Z,Z'       Ang**2  cal/Ang**2/mol kcal/mol  
 ---------------------------------------------- 
  H   C         70.052     -60.770      -4.257
  H   O          5.969       0.000       0.000
  C   C         17.349     -72.950      -1.266
  O   C          0.040      68.690       0.003

 Subtotal:                              -5.520
 ---------------------------------------------- 

 NONAQUEOUS SOLVENT CONTRIBUTION (kcal/mol):
 (proportional to SASA, atomic number independent)
 ---------------------------------------------- 
 Subtotal:                               0.000
 ---------------------------------------------- 

 CDS TOTAL (kcal/mol):                   2.631
...............................................................................
