----------------------------------------------- 
  Element       SASA      Sigma Z        Total  
     Z         Ang**2 cal/Ang**2/mol   kcal/mol 
----------------------------------------------- 
      H        115.544      48.690       5.626
      C         21.712     129.740       2.817
      O         17.106       0.000       0.000

 Subtotal:     154.362                   8.443
 -----------------------------------------------

  Elements    COT*SASA   Sigma Z,Z'     Total   
    Z,Z'       Ang**2  cal/Ang**2/mol kcal/mol  
 ---------------------------------------------- 
  H   C         69.242     -60.770      -4.208
  H   O          9.056       0.000       0.000
  C   C         18.137     -72.950      -1.323
  O   C          0.054      68.690       0.004

 Subtotal:                              -5.527
 ---------------------------------------------- 

 NONAQUEOUS SOLVENT CONTRIBUTION (kcal/mol):
 (proportional to SASA, atomic number independent)
 ---------------------------------------------- 
 Subtotal:                               0.000
 ---------------------------------------------- 

 CDS TOTAL (kcal/mol):                   2.916
...............................................................................
