15
 energy: -17.722152495577 gnorm: 0.026394845032 xtb: 6.7.1 (edcfbbe)
C            1.80615660898107        0.66971289215953        0.29281231562736
C            1.02729964726253       -0.23351484355286       -0.64587837874295
O           -0.00002351956327       -1.00704182479880       -0.00010300131110
C           -1.02730046238017       -0.23340333606745        0.64560717722530
C           -1.80643886912653        0.66941613966672       -0.29325596989312
H            1.19755318572534        1.49148506943629        0.68137468867473
H            2.21006803179192        0.10132112891278        1.13724883508487
H            2.64551619286041        1.10997276262127       -0.25556261367108
H            1.69540597516327       -0.98068010666681       -1.08553719345027
H            0.59808625151319        0.35036936175240       -1.47220532770897
H           -1.69525322589565       -0.98048336771411        1.08566474034842
H           -0.59797844549358        0.35080851240615        1.47164575262395
H           -1.19782145120489        1.49078521832693       -0.68263304968731
H           -2.21087553548336        0.10061565505679       -1.13714634075750
H           -2.64540762277843        1.11021758264897        0.25523958528250
15
 energy: -17.723024605108 gnorm: 0.011745268128 xtb: 6.7.1 (edcfbbe)
C            1.81992930649238        0.67393289962285        0.29127825620797
C            1.02711409658170       -0.22938734966634       -0.64058997078700
O           -0.00002304643553       -0.98807769507429       -0.00009186288807
C           -1.02712545870133       -0.22927434631567        0.64032203878721
C           -1.82019309653871        0.67363738347260       -0.29172949980241
H            1.20995357716508        1.49147812607929        0.67150494490285
H            2.20571070050612        0.10282432132027        1.13476169707552
H            2.65882032854435        1.10169115812451       -0.25540697086566
H            1.68135605260673       -0.99394089938024       -1.06835255223065
H            0.59649099354012        0.35258077025676       -1.46536356816363
H           -1.68121968292623       -0.99373912511786        1.06847594577042
H           -0.59641142735333        0.35303074520212        1.46480663885924
H           -1.21021048621210        1.49081524777729       -0.67273442789879
H           -2.20647132113953        0.10210361745467       -1.13469298781390
H           -2.65873377475789        1.10190599043182        0.25508353849175
15
 energy: -17.723198029854 gnorm: 0.002828309669 xtb: 6.7.1 (edcfbbe)
C            1.83025728077485        0.67479999264026        0.29086546491103
C            1.02681430998060       -0.22703005534054       -0.63963861495736
O           -0.00001921130903       -0.97375612028342       -0.00007370749100
C           -1.02683287444857       -0.22691058374143        0.63937945613632
C           -1.83050669322725        0.67450464113086       -0.29132450610487
H            1.22361432841570        1.49558474799882        0.66376345009451
H            2.20406800477147        0.10119316888001        1.13496996911846
H            2.67094925570462        1.08908788238494       -0.25655956410935
H            1.67315602819762       -1.00077410797174       -1.06141216250838
H            0.60289123680404        0.35914195779896       -1.46438782760390
H           -1.67303577145566       -1.00056333635938        1.06153188768987
H           -0.60283994899820        0.35960289337970        1.46384641608800
H           -1.22386718999580        1.49496046692500       -0.66495513715036
H           -2.20476406617208        0.10047257019673       -1.13494391476459
H           -2.67089792767049        1.08926672654901        0.25621001029644
15
 energy: -17.723223600142 gnorm: 0.000952973575 xtb: 6.7.1 (edcfbbe)
C            1.83534650800047        0.67375604381151        0.29065187256811
C            1.02670276231836       -0.22607467910355       -0.63983429120251
O           -0.00001743600280       -0.96970797921017       -0.00005914473510
C           -1.02672865524185       -0.22595070397363        0.63958359939126
C           -1.83558685447273        0.67346162823778       -0.29111707365522
H            1.23259096925585        1.49899407263344        0.66036186922678
H            2.20395413191591        0.09919793054469        1.13641632173891
H            2.67921035917818        1.08089918421245       -0.25707442990789
H            1.67118635056484       -1.00066631659505       -1.06225695790356
H            0.60691404823731        0.36386328219907       -1.46447153964012
H           -1.67108020949318       -1.00044961107101        1.06237624594267
H           -0.60688473823243        0.36433120763023        1.46394387748848
H           -1.23284101610120        1.49839663841048       -0.66152231705083
H           -2.20459441164994        0.09848205776189       -1.13642252472485
H           -2.67918504690498        1.08104808869965        0.25669571210874
15
 energy: -17.723242764366 gnorm: 0.002150961330 xtb: 6.7.1 (edcfbbe)
C            1.84312270419386        0.67059877493253        0.29077165161716
C            1.02623674571154       -0.22363837520333       -0.64047989475943
O           -0.00001495958516       -0.96477415555767       -0.00002678462340
C           -1.02628010605328       -0.22350408127120        0.64024887535579
C           -1.84334441869402        0.67030712748319       -0.29125107803369
H            1.24952935362701        1.50538647253902        0.65550798790990
H            2.20274894565513        0.09468098237482        1.14006117386669
H            2.69413862215683        1.06488581950382       -0.25647625470077
H            1.66794534149174       -0.99764728123405       -1.06801380831377
H            0.61004603054357        0.37321448319445       -1.46283366832825
H           -1.66787253385760       -0.99741516266248        1.06813377288584
H           -0.61006562328033        0.37369663847967        1.46233670312024
H           -1.24977243994092        1.50484729778819       -0.65659363821002
H           -2.20325821000475        0.09397744631598       -1.14014130931497
H           -2.69417269059181        1.06496485750486        0.25602749117355
15
 energy: -17.723251689032 gnorm: 0.001727110080 xtb: 6.7.1 (edcfbbe)
C            1.84490758452558        0.66913401624606        0.29107701847796
C            1.02581810806789       -0.22206475573388       -0.64070477655322
O           -0.00001465291421       -0.96394636783035       -0.00001465308418
C           -1.02586850219754       -0.22192677523129        0.64048157877684
C           -1.84512208739525        0.66884374454611       -0.29156192295722
H            1.25457406118142        1.50649351470052        0.65509097713663
H            2.20160458105224        0.09223154200271        1.14097729501012
H            2.69820381918785        1.06002121983770       -0.25514354796596
H            1.66622432238369       -0.99553567210809       -1.07145729448008
H            0.60811865939392        0.37677892942554       -1.46081492510088
H           -1.66616489823940       -0.99529674567175        1.07157844656840
H           -0.60815644225695        0.37726571966069        1.46032908198934
H           -1.25481582068531        1.50597568063555       -0.65614657161526
H           -2.20206189076682        0.09153464467999       -1.14108529133984
H           -2.69826007996529        1.06007214902828        0.25466580478219
15
 energy: -17.723272453781 gnorm: 0.000977880802 xtb: 6.7.1 (edcfbbe)
C            1.85190994412490        0.66282728693088        0.29245683472635
C            1.02372181555306       -0.21445528910746       -0.64231790070636
O           -0.00001350759212       -0.95990979858290        0.00004039878289
C           -1.02380338273969       -0.21429858837672        0.64212981782247
C           -1.85209172728636        0.66254461108740       -0.29296709157348
H            1.27480293484820        1.51042281864958        0.65357393659327
H            2.19435416550307        0.08012824793256        1.14435549494919
H            2.71511551650932        1.03926391158988       -0.24832019364565
H            1.65745859082116       -0.98606746013400       -1.08716242726439
H            0.59811459385544        0.39287843532098       -1.45165027370574
H           -1.65746050999213       -0.98579415764979        1.08728895672398
H           -0.59823404592249        0.39338949980995        1.45121442622170
H           -1.27503982716402        1.51000706122032       -0.65448815154363
H           -2.19457090867749        0.07946208682548       -1.14459279298420
H           -2.71527689046906        1.03918217867164        0.24771018524846
15
 energy: -17.723275589967 gnorm: 0.000308730050 xtb: 6.7.1 (edcfbbe)
C            1.85473993408403        0.66136793253736        0.29275133979161
C            1.02337759320564       -0.21244283087446       -0.64300572112243
O           -0.00001383838219       -0.95749547537770        0.00005006952913
C           -1.02346517657468       -0.21228295631760        0.64282485531458
C           -1.85491503727235        0.66108588845686       -0.29326619832505
H            1.28025686707348        1.51032587854236        0.65436671165844
H            2.19413514653658        0.07633567852946        1.14397603339340
H            2.71935599358548        1.03503234646066       -0.24705116489850
H            1.65484469101266       -0.98418159260036       -1.09014958942324
H            0.59764044021437        0.39734510006936       -1.45020504848732
H           -1.65485801068356       -0.98390226178991        1.09027938030405
H           -0.59777264248405        0.39786057464568        1.44977870601339
H           -1.28049823425664        1.50992830049191       -0.65525564122381
H           -2.19430730971775        0.07568058687718       -1.14423493043577
H           -2.71953365496919        1.03492367453700        0.24641241755637
15
 energy: -17.723277510061 gnorm: 0.000304086364 xtb: 6.7.1 (edcfbbe)
C            1.85631674305450        0.66064290269968        0.29306931280199
C            1.02349376346925       -0.21144100064098       -0.64333604523944
O           -0.00001398247273       -0.95607070625040        0.00005138719704
C           -1.02358144191145       -0.21127788994785        0.64315515214605
C           -1.85649218525801        0.66036275684779       -0.29358440522817
H            1.28229507725924        1.50899605175151        0.65677807521922
H            2.19600813408058        0.07370640715650        1.14273657876265
H            2.72036535242395        1.03478295768256       -0.24703930924989
H            1.65377087790721       -0.98334236247061       -1.09140986043865
H            0.59817557192841        0.39971854176945       -1.44958178540566
H           -1.65378596332448       -0.98305776550029        1.09154032243899
H           -0.59830891589519        0.40023752641961        1.44915535479754
H           -1.28253997385537        1.50860469434672       -0.65765865659516
H           -2.19616625746384        0.07305403263662       -1.14299952292988
H           -2.72055003857025        1.03466469768747        0.24639462136822
15
 energy: -17.723279458922 gnorm: 0.000478164589 xtb: 6.7.1 (edcfbbe)
C            1.85775705344918        0.65994802407611        0.29355967952350
C            1.02364262402755       -0.21061554665398       -0.64331962595731
O           -0.00001536738266       -0.95504573555092        0.00005038147395
C           -1.02373035682728       -0.21045128861805        0.64313916232470
C           -1.85793260408342        0.65966812480851       -0.29407488867097
H            1.28346753746818        1.50672124065179        0.66055662986630
H            2.19963465022720        0.07116321123764        1.14102350521656
H            2.72022475649047        1.03634923373014       -0.24744515538806
H            1.65299956757312       -0.98265756274757       -1.09222074999671
H            0.59863186846640        0.40163993935533       -1.44884400195318
H           -1.65301443191260       -0.98237054696270        1.09235412580661
H           -0.59876192472936        0.40215982029821        1.44841575058424
H           -1.28371590985118        1.50633193655224       -0.66143511916864
H           -2.19978978781362        0.07051322199658       -1.14128704712029
H           -2.72041091373016        1.03622677201446        0.24679857310416
15
 energy: -17.723281591817 gnorm: 0.000392884616 xtb: 6.7.1 (edcfbbe)
C            1.85926315509921        0.65905660918269        0.29425185342265
C            1.02390414371253       -0.20975309510002       -0.64307639475545
O           -0.00001498171745       -0.95403308839585        0.00004993803279
C           -1.02399031436479       -0.20958667877481        0.64289439516355
C           -1.85944019551832        0.65877772890666       -0.29476571396645
H            1.28471365601520        1.50382763422448        0.66562689928645
H            2.20452749109160        0.06809936490162        1.13887489025314
H            2.71958139699289        1.03859155754154       -0.24814003833534
H            1.65238044603639       -0.98172641637899       -1.09341424442584
H            0.59892868542726        0.40394157590788       -1.44752275424550
H           -1.65239427438298       -0.98143479258565        1.09354775727059
H           -0.59905743249668        0.40446447352477        1.44709110702070
H           -1.28496381295989        1.50343994703378       -0.66649953519098
H           -2.20467738888536        0.06744946773088       -1.13913891014729
H           -2.71977381267779        1.03846655646883        0.24749197026184
15
 energy: -17.723283298237 gnorm: 0.000180850649 xtb: 6.7.1 (edcfbbe)
C            1.86087829948662        0.65800910274275        0.29495100104575
C            1.02393394348186       -0.20873836074875       -0.64274260322604
O           -0.00001645585625       -0.95324408231237        0.00005146647978
C           -1.02402281393765       -0.20857224676041        0.64256307649058
C           -1.86105271251864        0.65772895302212       -0.29546679273010
H            1.28652536358098        1.50124951857527        0.67016748940005
H            2.20904465857640        0.06518136642413        1.13716298671924
H            2.71946501833988        1.04007441127257       -0.24861186705186
H            1.65157242713264       -0.98050065448362       -1.09478261646290
H            0.59877769332177        0.40636892319031       -1.44607239302491
H           -1.65158871069057       -0.98020883365976        1.09491881541552
H           -0.59890844431260        0.40689118092843        1.44564192723493
H           -1.28677465965608        1.50086352902702       -0.67103599679624
H           -2.20918826060807        0.06453350801332       -1.13743188460997
H           -2.71965858496847        1.03994452895679        0.24795861076105
15
 energy: -17.723284458012 gnorm: 0.000122520874 xtb: 6.7.1 (edcfbbe)
C            1.86215088345766        0.65717530500129        0.29541208632024
C            1.02398541915947       -0.20793147520383       -0.64255962829383
O           -0.00001479659418       -0.95247091571679        0.00005456446457
C           -1.02407456745167       -0.20776450089039        0.64238045682380
C           -1.86232463292440        0.65689533355001       -0.29592781454844
H            1.28855969165419        1.49996690277549        0.67283582669909
H            2.21154422035697        0.06302050080286        1.13621794857240
H            2.72008137320511        1.04005985887214       -0.24872142200028
H            1.65086373643483       -0.97949994022793       -1.09622749784920
H            0.59846313224329        0.40846461165753       -1.44474071832640
H           -1.65088208562777       -0.97920595227695        1.09636179858968
H           -0.59859910822807        0.40898835828216        1.44431167613524
H           -1.28880755293046        1.49958274506829       -0.67369713078795
H           -2.21167773946554        0.06237309445924       -1.13649109909554
H           -2.72028121191764        1.03992691803467        0.24806217294148
15
 energy: -17.723285391318 gnorm: 0.000194170454 xtb: 6.7.1 (edcfbbe)
C            1.86322793020439        0.65646363097541        0.29568799661643
C            1.02389795539636       -0.20716162694821       -0.64252215511839
O           -0.00001488316207       -0.95184081119499        0.00005750436914
C           -1.02398968056844       -0.20699507991218        0.64234516433106
C           -1.86339898744169        0.65618284741460       -0.29620542189962
H            1.29061515035002        1.49948371153185        0.67405124351717
H            2.21260082532377        0.06140341020600        1.13589220026485
H            2.72124407710327        1.03905649638668       -0.24856823956252
H            1.65012115693086       -0.97855394918511       -1.09747862896515
H            0.59807833381544        0.41025116353054       -1.44377985790796
H           -1.65014345972313       -0.97826029931177        1.09761238615964
H           -0.59821991517657        0.41077418176726        1.44335420183788
H           -1.29086031343613        1.49910111384568       -0.67490872670487
H           -2.21272609614613        0.06075650788315       -1.13617011246829
H           -2.72144533209812        1.03891954719887        0.24790366517548
15
 energy: -17.723286290074 gnorm: 0.000198945397 xtb: 6.7.1 (edcfbbe)
C            1.86429608881510        0.65580485396331        0.29588111859854
C            1.02380656429302       -0.20639695687358       -0.64260721364991
O           -0.00001392152209       -0.95111618473354        0.00005978350123
C           -1.02389909174043       -0.20623052003364        0.64243096146240
C           -1.86446616515210        0.65552369272308       -0.29639896193141
H            1.29286179852963        1.49941775071304        0.67467159340099
H            2.21295583303968        0.05992999733854        1.13579686421403
H            2.72279119854368        1.03749229553543       -0.24823230540208
H            1.64927241537068       -0.97768984799804       -1.09879779536224
H            0.59769807881040        0.41202323491390       -1.44292232067270
H           -1.64929662062971       -0.97739608897851        1.09893017107971
H           -0.59784365875829        0.41254582820066        1.44249874529157
H           -1.29310564178494        1.49903509942879       -0.67552689891456
H           -2.21307629879987        0.05928361752236       -1.13607665827870
H           -2.72299381764297        1.03735407246601        0.24756413630799
15
 energy: -17.723287157723 gnorm: 0.000146676872 xtb: 6.7.1 (edcfbbe)
C            1.86544800916146        0.65511478985059        0.29605484815268
C            1.02371106790810       -0.20555802672306       -0.64275566993864
O           -0.00001433203998       -0.95029101586115        0.00005986015628
C           -1.02380462544254       -0.20539214973602        0.64257965946476
C           -1.86561710848435        0.65483298786312       -0.29657306208001
H            1.29518302301197        1.49933535936165        0.67520616308728
H            2.21320180142222        0.05832247975073        1.13568201920685
H            2.72447911891330        1.03578789788600       -0.24786937691249
H            1.64836549606516       -0.97676302219400       -1.10013344674955
H            0.59739399177615        0.41393184107485       -1.44210452450302
H           -1.64839105132597       -0.97646967896884        1.10026513138311
H           -0.59754105570387        0.41445344759046        1.44168122805764
H           -1.29542541580311        1.49895096803681       -0.67606341273892
H           -2.21332297189628        0.05767511158463       -1.13596048498090
H           -2.72467918619042        1.03564985467201        0.24720228803981
15
 energy: -17.723287911946 gnorm: 0.000074657631 xtb: 6.7.1 (edcfbbe)
C            1.86656287155577        0.65446663186812        0.29625296001603
C            1.02363701810035       -0.20476263165306       -0.64290672343861
O           -0.00001376467906       -0.94947282752974        0.00005828194900
C           -1.02372887545469       -0.20459683915103        0.64272889638927
C           -1.86673374631496        0.65418452384536       -0.29676964635706
H            1.29734670824398        1.49911289085889        0.67600088707330
H            2.21366478744619        0.05673391769917        1.13544357241872
H            2.72595394069630        1.03440636992782       -0.24753617495669
H            1.64744946271023       -0.97593454627417       -1.10141023643870
H            0.59716281122028        0.41574041167609       -1.44134830835028
H           -1.64747241463179       -0.97564096293665        1.10154101343404
H           -0.59730714906063        0.41626105027295        1.44092259449054
H           -1.29759000114144        1.49872390817480       -0.67686277730235
H           -2.21379366102384        0.05608561540406       -1.13571637549780
H           -2.72615122629489        1.03427333200520        0.24687325621546
15
 energy: -17.723288531525 gnorm: 0.000070028240 xtb: 6.7.1 (edcfbbe)
C            1.86756314529718        0.65389026596779        0.29644077378789
C            1.02360786065997       -0.20406732741514       -0.64300706177215
O           -0.00001486510342       -0.94873958802951        0.00005481155760
C           -1.02369909800744       -0.20390251305861        0.64282752672762
C           -1.86773485477983        0.65360743209848       -0.29695638564341
H            1.29908977809649        1.49868584245816        0.67694255113727
H            2.21436654875748        0.05523007269303        1.13507924836143
H            2.72707431894884        1.03349769888361       -0.24734750019665
H            1.64672940306369       -0.97518932247091       -1.10245571025763
H            0.59703697231084        0.41735223784860       -1.44065749797455
H           -1.64675008398053       -0.97489655437547        1.10258686254078
H           -0.59717724325940        0.41787170843579        1.44022783703038
H           -1.29933297223916        1.49829154226143       -0.67781210581904
H           -2.21450696219277        0.05457947114513       -1.13534464958662
H           -2.72726518620013        1.03336987774542        0.24669251975195
15
 energy: -17.723289057490 gnorm: 0.000100095917 xtb: 6.7.1 (edcfbbe)
C            1.86840079281532        0.65339048363279        0.29665422150437
C            1.02358847029629       -0.20348429086721       -0.64306433121375
O           -0.00001427479334       -0.94813825373299        0.00005130435291
C           -1.02367647128795       -0.20331942262623        0.64288146923565
C           -1.86857584043438        0.65310738658098       -0.29716722235004
H            1.30049475853298        1.49814338775904        0.67809865290001
H            2.21529830812497        0.05390463757605        1.13464268756966
H            2.72781732315399        1.03301845234047       -0.24723485746673
H            1.64610466313871       -0.97457403916552       -1.10334789020664
H            0.59694151956507        0.41870052035438       -1.44005612817952
H           -1.64612015952531       -0.97428076427379        1.10347813890414
H           -0.59707586938503        0.41921933542630        1.43962150547825
H           -1.30073948230502        1.49774227888952       -0.67897538627746
H           -2.21545284954464        0.05325212040843       -1.13489914777302
H           -2.72800412697986        1.03289901188558        0.24658820316703
15
 energy: -17.723289538272 gnorm: 0.000102625765 xtb: 6.7.1 (edcfbbe)
C            1.86918411083395        0.65293192112742        0.29685700734158
C            1.02359830093892       -0.20296823119081       -0.64306362260153
O           -0.00001563276351       -0.94760902217741        0.00004714522244
C           -1.02368564573018       -0.20280487794903        0.64287889093137
C           -1.86936009167730        0.65264788946377       -0.29736881093275
H            1.30168200878872        1.49748969102951        0.67933262609913
H            2.21638521943565        0.05263606338864        1.13414302412205
H            2.72837763241350        1.03281398439449       -0.24721543180695
H            1.64561050846530       -0.97400088409676       -1.10411203724603
H            0.59688338823549        0.41993579265487       -1.43944892184600
H           -1.64562282599073       -0.97370925769308        1.10424339684340
H           -0.59701246144826        0.42045294793551        1.43900954037928
H           -1.30192679053551        1.49708230482225       -0.68021867713141
H           -2.21655431594453        0.05198114435179       -1.13439093477312
H           -2.72855664364973        1.03270137812665        0.24657802504341
15
 energy: -17.723289994981 gnorm: 0.000089714098 xtb: 6.7.1 (edcfbbe)
C            1.86990846649052        0.65247037331395        0.29709431613456
C            1.02360115467732       -0.20247051125580       -0.64305017985042
O           -0.00001442192606       -0.94711640144666        0.00004418611784
C           -1.02368476741524       -0.20230663789652        0.64286188813106
C           -1.87008811659187        0.65218619333941       -0.29760325300140
H            1.30278921064864        1.49677866580134        0.68070536422737
H            2.21761240376620        0.05140654245297        1.13362085154014
H            2.72878509246241        1.03273730318562       -0.24721889080110
H            1.64513405950156       -0.97344164464392       -1.10486558735413
H            0.59679776833599        0.42111111066343       -1.43885577828879
H           -1.64514136447746       -0.97314899097604        1.10499454905871
H           -0.59692195253084        0.42162804036387        1.43841207802569
H           -1.30303475361465        1.49636423008205       -0.68159716263401
H           -2.21779447557120        0.05074916387074       -1.13386029273255
H           -2.72896154238351        1.03263340733336        0.24658913107189
15
 energy: -17.723290368745 gnorm: 0.000050389508 xtb: 6.7.1 (edcfbbe)
C            1.87062940281789        0.65208041166132        0.29724812492852
C            1.02362710626054       -0.20202798682443       -0.64299179801125
O           -0.00001565865607       -0.94668287950869        0.00004463625217
C           -1.02371317042901       -0.20186546240690        0.64280510480945
C           -1.87080678611067        0.65179568085736       -0.29775839005853
H            1.30400180127173        1.49637567159506        0.68161928029405
H            2.21854585675119        0.05041645989851        1.13328475668391
H            2.72943092543159        1.03238291450120       -0.24722005408589
H            1.64477660635866       -0.97296014974678       -1.10545448598065
H            0.59672830189340        0.42211052352834       -1.43832865194495
H           -1.64478598799722       -0.97266916225281        1.10558511685207
H           -0.59685428332563        0.42262626005101        1.43788567111882
H           -1.30424603269000        1.49596197259323       -0.68251146793254
H           -2.21872585911404        0.04975942057990       -1.13352570826885
H           -2.72960546109055        1.03227716966150        0.24658908498853
15
 energy: -17.723290716485 gnorm: 0.000056955297 xtb: 6.7.1 (edcfbbe)
C            1.87123860114602        0.65167933813956        0.29743967638338
C            1.02362211600749       -0.20161030107216       -0.64297037664910
O           -0.00001471220470       -0.94627918681844        0.00004547767285
C           -1.02370739447736       -0.20144683273597        0.64278313018492
C           -1.87141652286999        0.65139448094217       -0.29794940078087
H            1.30504965411020        1.49589845847028        0.68263320907550
H            2.21941894843462        0.04940761372677        1.13293508927703
H            2.72988307589440        1.03211848756955       -0.24719824887770
H            1.64433884331766       -0.97247141122963       -1.10616772780142
H            0.59661540115490        0.42315237579199       -1.43775529868471
H           -1.64434853449756       -0.97217862912133        1.10629680128136
H           -0.59674254250847        0.42366882338579        1.43731258977172
H           -1.30529379300841        1.49548469808750       -0.68352237632254
H           -2.21959607726905        0.04875092852527       -1.13317677155500
H           -2.73006030185794        1.03201200052646        0.24656544666946
15
 energy: -17.723291045957 gnorm: 0.000052323662 xtb: 6.7.1 (edcfbbe)
C            1.87185666429123        0.65127479733110        0.29762018504218
C            1.02358844507854       -0.20117386533937       -0.64296873934765
O           -0.00001556815303       -0.94588471929827        0.00004654251756
C           -1.02367590181398       -0.20101111106868        0.64278308410876
C           -1.87203264452340        0.65098992739481       -0.29813110746359
H            1.30599860846672        1.49533574813482        0.68364310414764
H            2.22026980520129        0.04836289767495        1.13254993056996
H            2.73032115247057        1.03192925418367       -0.24714709401443
H            1.64388914494004       -0.97194460460715       -1.10685331003400
H            0.59648796967421        0.42419455619529       -1.43721931641477
H           -1.64390093420440       -0.97165278494652        1.10698351941063
H           -0.59661736440019        0.42471011491677        1.43677795674965
H           -1.30624203370523        1.49492366411999       -0.68453125067910
H           -2.22044243158173        0.04770676310870       -1.13279388570478
H           -2.73049815036883        1.03182020638769        0.24651160075681
15
 energy: -17.723291353436 gnorm: 0.000043679481 xtb: 6.7.1 (edcfbbe)
C            1.87244698811204        0.65090057786426        0.29779717871606
C            1.02357829305044       -0.20075407933464       -0.64299486712571
O           -0.00001466415296       -0.94545657733085        0.00004751873880
C           -1.02366488351522       -0.20059001410382        0.64280882403883
C           -1.87262355781370        0.65061574112743       -0.29830767465027
H            1.30693979222498        1.49481052057743        0.68467026750252
H            2.22108773824761        0.04731898155615        1.13214109085974
H            2.73073859385076        1.03174819456979       -0.24708991744270
H            1.64346011634539       -0.97146187724143       -1.10753697433601
H            0.59638717892788        0.42520033652193       -1.43672316014973
H           -1.64347252032410       -0.97116772219183        1.10766555022017
H           -0.59651771184168        0.42571697730267        1.43628232983612
H           -1.30718331977040        1.49439896562135       -0.68555454847455
H           -2.22125632951186        0.04666343428733       -1.13238647972592
H           -2.73091895245739        1.03163738496204        0.24645208163754
15
 energy: -17.723291633394 gnorm: 0.000041706963 xtb: 6.7.1 (edcfbbe)
C            1.87303812670473        0.65053488058968        0.29796020238808
C            1.02356473330767       -0.20034037718754       -0.64300158177851
O           -0.00001502891393       -0.94505335174606        0.00004837493615
C           -1.02365256613950       -0.20017658274579        0.64281642180459
C           -1.87321355655634        0.65025025849053       -0.29847134569705
H            1.30786935734680        1.49430836695874        0.68561159374342
H            2.22189139792660        0.04634251864416        1.13176993689181
H            2.73116803438295        1.03155582281919       -0.24705232350622
H            1.64304700947544       -0.97099930287776       -1.10814339472342
H            0.59631311506838        0.42615913480111       -1.43625764079039
H           -1.64306050370564       -0.97070530939052        1.10827299548277
H           -0.59644512819386        0.42667568919672        1.43581722727513
H           -1.30811299217783        1.49389859682957       -0.68649435887294
H           -2.22205604402502        0.04568787065278       -1.13201716541205
H           -2.73134919312866        1.03144262915299        0.24641227790349
15
 energy: -17.723291886490 gnorm: 0.000040165829 xtb: 6.7.1 (edcfbbe)
C            1.87360471852748        0.65019500910722        0.29810797994751
C            1.02356905338461       -0.19996075867449       -0.64300112012190
O           -0.00001487732688       -0.94466747635733        0.00004880650948
C           -1.02365659112972       -0.19979604760805        0.64281594368380
C           -1.87378028961360        0.64991023285390       -0.29861910854491
H            1.30877652758610        1.49386697868403        0.68647991822596
H            2.22264542589501        0.04543535972129        1.13142505894390
H            2.73160463821573        1.03134255226636       -0.24702121291589
H            1.64267693637188       -0.97057337174105       -1.10871970368400
H            0.59625252458486        0.42706123512078       -1.43580331910345
H           -1.64269104228259       -0.97027774430014        1.10884855816941
H           -0.59638496288389        0.42757840572991        1.43536326582293
H           -1.30902028112751        1.49345772221907       -0.68736014672351
H           -2.22280743617595        0.04478112668378       -1.13167355592256
H           -2.73178758265374        1.03122762048253        0.24637985535810
15
 energy: -17.723292115613 gnorm: 0.000038082930 xtb: 6.7.1 (edcfbbe)
C            1.87413998242395        0.64986699414720        0.29825141544426
C            1.02356342273407       -0.19959221161940       -0.64300197393918
O           -0.00001512831821       -0.94430170846926        0.00004916092524
C           -1.02365193787540       -0.19942808610362        0.64281716789229
C           -1.87431474506721        0.64958254338891       -0.29876276867695
H            1.30966290009996        1.49347393935855        0.68727059283084
H            2.22333888093948        0.04459132679032        1.13113013018082
H            2.73203344501112        1.03109826311555       -0.24698834802421
H            1.64231541566060       -0.97016527409635       -1.10926117083998
H            0.59618429890757        0.42791123032902       -1.43538708283997
H           -1.64232990934984       -0.96987015410184        1.10939121124349
H           -0.59631762093147        0.42842824019076        1.43494650358948
H           -1.30990690672470        1.49306591134435       -0.68815032989854
H           -2.22349861956057        0.04393763519518       -1.13137912462032
H           -2.73221671657755        1.03098219471844        0.24634583637760
15
 energy: -17.723292324757 gnorm: 0.000036552983 xtb: 6.7.1 (edcfbbe)
C            1.87465311409574        0.64956124674108        0.29837512835141
C            1.02356405726061       -0.19924994966622       -0.64299772008826
O           -0.00001491660949       -0.94396177161765        0.00004912887408
C           -1.02365160195943       -0.19908459256372        0.64281259114669
C           -1.87482857847333        0.64927621579168       -0.29888628013472
H            1.31051568532634        1.49312210196715        0.68798733801130
H            2.22395315263917        0.04378697767772        1.13084697150393
H            2.73247496525750        1.03083772254574       -0.24695036767403
H            1.64197820237480       -0.96977562509735       -1.10978683195875
H            0.59612475514525        0.42873104290750       -1.43496632119433
H           -1.64199285332808       -0.96947852682452        1.10991539237993
H           -0.59625758084981        0.42924843991455        1.43452623796598
H           -1.31075962434707        1.49271316149929       -0.68886532498281
H           -2.22411270471155        0.04313340501405       -1.13109649386118
H           -2.73265931044884        1.03072099589851        0.24630777130562
15
 energy: -17.723292516443 gnorm: 0.000035253895 xtb: 6.7.1 (edcfbbe)
C            1.87513560877256        0.64925638174688        0.29850413637685
C            1.02354965651495       -0.19890641742430       -0.64301211875039
O           -0.00001533558570       -0.94362050005129        0.00004909326175
C           -1.02363869383934       -0.19874256577913        0.64282720988151
C           -1.87530995838443        0.64897194349889       -0.29901533619911
H            1.31134224320745        1.49280042007503        0.68864856103153
H            2.22451546360205        0.04302806972911        1.13061480571722
H            2.73290236084910        1.03054491965699       -0.24689840215564
H            1.64163769943067       -0.96939178626036       -1.11030115057726
H            0.59603910236533        0.42951242067271       -1.43459323415850
H           -1.64165243704702       -0.96909653646036        1.11043147718658
H           -0.59617290165635        0.43002928591101        1.43415170151381
H           -1.31158629543312        1.49239237047654       -0.68952796604894
H           -2.22467411236478        0.04237456945273       -1.13086334852978
H           -2.73308563905958        1.03042826894336        0.24625579109523
15
 energy: -17.723292693638 gnorm: 0.000033715322 xtb: 6.7.1 (edcfbbe)
C            1.87560367908741        0.64897525361220        0.29861266354521
C            1.02354168029486       -0.19858902099380       -0.64301441862178
O           -0.00001489986647       -0.94331318935223        0.00004879948039
C           -1.02362908331955       -0.19842370603268        0.64282887701466
C           -1.87577930461929        0.64868995445433       -0.29912346522008
H            1.31214550675781        1.49251034463971        0.68925990543855
H            2.22501283073003        0.04229063609711        1.13037573373742
H            2.73334116725882        1.03025351802505       -0.24684396743374
H            1.64131063093524       -0.96902665350676       -1.11080225948840
H            0.59597259689109        0.43027564859435       -1.43420273655746
H           -1.64132493003732       -0.96872917620000        1.11093054510486
H           -0.59610515198180        0.43079256579113        1.43376185922376
H           -1.31238948262692        1.49210019641918       -0.69013821552581
H           -2.22517337590070        0.04163711540443       -1.13062414600013
H           -2.73352510223141        1.03013735723580        0.24620204494742
15
 energy: -17.723292856887 gnorm: 0.000032042674 xtb: 6.7.1 (edcfbbe)
C            1.87604888083609        0.64869222080247        0.29872586098516
C            1.02352676688448       -0.19827004320546       -0.64303241916876
O           -0.00001528962629       -0.94299564789261        0.00004837070236
C           -1.02361525684344       -0.19810605810145        0.64284675695992
C           -1.87622372034114        0.64840731071352       -0.29923651420477
H            1.31291740812949        1.49223191962062        0.68983277963848
H            2.22548422384365        0.04158890452033        1.13017319053611
H            2.73376216452844        1.02994425005200       -0.24678544579487
H            1.64099431285368       -0.96866409710140       -1.11129006984908
H            0.59588749620153        0.43100920668815       -1.43384968129315
H           -1.64100860039133       -0.96836824033588        1.11141938167941
H           -0.59602059232641        0.43152561503086        1.43340723851006
H           -1.31316118159134        1.49182168426792       -0.69071306561120
H           -2.22564541291113        0.04093491684512       -1.13041979336890
H           -2.73394443787449        1.02982890228362        0.24614462992411
15
 energy: -17.723293007394 gnorm: 0.000030673750 xtb: 6.7.1 (edcfbbe)
C            1.87647898155505        0.64842866277684        0.29882959625321
C            1.02351349762101       -0.19797116187193       -0.64304082865261
O           -0.00001496600147       -0.94270738203963        0.00004791634719
C           -1.02360081213196       -0.19780648042918        0.64285454433406
C           -1.87665478755508        0.64814323631127       -0.29933979671346
H            1.31366992076080        1.49197578316291        0.69038404529441
H            2.22592909411736        0.04091443648192        1.12996957099702
H            2.73417569982778        1.02965230844944       -0.24672638305478
H            1.64068236126193       -0.96832336366009       -1.11175889640225
H            0.59581473778308        0.43171150515566       -1.43349966397430
H           -1.64069580783140       -0.96802642801467        1.11188699425662
H           -0.59594660185725        0.43222750353750        1.43305726193550
H           -1.31391388830280        1.49156362808026       -0.69126469078695
H           -2.22609287693714        0.04026033060271       -1.13021510233181
H           -2.73435779093812        1.02953826564480        0.24608665214301
15
 energy: -17.723293145885 gnorm: 0.000029431774 xtb: 6.7.1 (edcfbbe)
C            1.87689130319776        0.64817000660468        0.29892992871718
C            1.02350329672109       -0.19767995528828       -0.64305271654915
O           -0.00001533371781       -0.94241804162050        0.00004729278499
C           -1.02359137440200       -0.19751637482581        0.64286616780832
C           -1.87706658498630        0.64788475402350       -0.29943990133766
H            1.31438181360672        1.49171888454341        0.69090946114604
H            2.22636115517103        0.04026414534777        1.12977559724377
H            2.73456663755757        1.02936956875126       -0.24667681890556
H            1.64039625696766       -0.96798946435273       -1.11220489925637
H            0.59574466610708        0.43239175648494       -1.43316521461571
H           -1.64040963312092       -0.96769382040640        1.11233361382273
H           -0.59587669959721        0.43290731165709        1.43272129372961
H           -1.31462542710303        1.49130605505498       -0.69179212615180
H           -2.22652642493946        0.03960943439011       -1.13001915835735
H           -2.73474689009037        1.02925658382381        0.24603869956581
15
 energy: -17.723293273321 gnorm: 0.000028282917 xtb: 6.7.1 (edcfbbe)
C            1.87728675893154        0.64792748047056        0.29902796015001
C            1.02349256362162       -0.19740539107434       -0.64305955581713
O           -0.00001485527223       -0.94215150374045        0.00004680371983
C           -1.02357901642796       -0.19724076292508        0.64287224517593
C           -1.87746337296356        0.64764153579111       -0.29953736808975
H            1.31506893442215        1.49147328553911        0.69143249517336
H            2.22679008189356        0.03964573730930        1.12958349626265
H            2.73493610493022        1.02911688820601       -0.24662571540451
H            1.64011083027684       -0.96767823158122       -1.11263191289763
H            0.59567932888264        0.43303156243376       -1.43284695781443
H           -1.64012314491977       -0.96738103658464        1.11275901825848
H           -0.59580978759736        0.43354680284998        1.43240328546672
H           -1.31531277662939        1.49105809950404       -0.69231525524820
H           -2.22695844076299        0.03899100949086       -1.12982609327320
H           -2.73511644701350        1.02900536849883        0.24598877398275
15
 energy: -17.723293390855 gnorm: 0.000027171625 xtb: 6.7.1 (edcfbbe)
C            1.87766553666017        0.64769059763605        0.29912151103602
C            1.02348539700993       -0.19713913303024       -0.64306676591634
O           -0.00001555765383       -0.94188719398660        0.00004626849674
C           -1.02357368886323       -0.19697655166071        0.64287951694515
C           -1.87784079484978        0.64740528668282       -0.29963093875572
H            1.31571102074242        1.49121926029598        0.69193835741711
H            2.22721330175721        0.03904265028324        1.12939098159340
H            2.73527721470108        1.02888537297392       -0.24658848366076
H            1.63985284820199       -0.96737274365187       -1.11303362632656
H            0.59562217003942        0.43365516535442       -1.43253852856826
H           -1.63986533802208       -0.96707816382186        1.11316262937418
H           -0.59575354869989        0.43416982236084        1.43209270717109
H           -1.31595455041218        1.49080454918608       -0.69282380483050
H           -2.22738212418988        0.03838728706598       -1.12963144455198
H           -2.73545512504956        1.02877463849977        0.24595284022130
15
 energy: -17.723293499509 gnorm: 0.000026102928 xtb: 6.7.1 (edcfbbe)
C            1.87802862303287        0.64746796274587        0.29921444832176
C            1.02347918535507       -0.19688868557782       -0.64307077360568
O           -0.00001458854566       -0.94164137017280        0.00004590534022
C           -1.02356425510159       -0.19672330739360        0.64288245328289
C           -1.87820641652146        0.64718127266205       -0.29972315329975
H            1.31632868092376        1.49097101233301        0.69245035659828
H            2.22763922161183        0.03846864284047        1.12919819236873
H            2.73559530082802        1.02868630451252       -0.24654881369723
H            1.63959500447671       -0.96708896747460       -1.11342172584420
H            0.59556765100845        0.43424021901322       -1.43224482334554
H           -1.63960635546935       -0.96679040263201        1.11354721437779
H           -0.59569655029276        0.43475515851345        1.43180053749105
H           -1.31657247933758        1.49055298491584       -0.69333369820006
H           -2.22781128298151        0.03781350134260       -1.12943887091172
H           -2.73577497761499        1.02857651855964        0.24591397076832
15
 energy: -17.723293600327 gnorm: 0.000025128387 xtb: 6.7.1 (edcfbbe)
C            1.87837885237305        0.64724949270414        0.29930361897638
C            1.02347280165312       -0.19664298426261       -0.64307393971789
O           -0.00001605369562       -0.94139946154550        0.00004567388146
C           -1.02356241278527       -0.19648211823030        0.64288652392649
C           -1.87855319910436        0.64696466902389       -0.29981281840479
H            1.31690842941673        1.49071433761640        0.69294749684416
H            2.22806237235912        0.03790519255990        1.12900442340914
H            2.73588960235585        1.02850661386441       -0.24652109205605
H            1.63935810225220       -0.96680710366188       -1.11378576109523
H            0.59551929312083        0.43481348174564       -1.43196053061408
H           -1.63937022824836       -0.96651458207927        1.11391636968122
H           -0.59565104220942        0.43532730242040        1.43151255933770
H           -1.31715201455453        1.49029942856003       -0.69383554580588
H           -2.22823230050449        0.03724953483650       -1.12924251748508
H           -2.73606544105704        1.02839704063607        0.24588675876732
15
 energy: -17.723293693979 gnorm: 0.000024202123 xtb: 6.7.1 (edcfbbe)
C            1.87871383948746        0.64704311351358        0.29939214210830
C            1.02347172459720       -0.19641322591622       -0.64307642550568
O           -0.00001391942375       -0.94116977442013        0.00004544106643
C           -1.02355423504514       -0.19624550806884        0.64288709800486
C           -1.87889363502399        0.64675514085445       -0.29990019708383
H            1.31746777595714        1.49046478202316        0.69344891404189
H            2.22848221156893        0.03736582000471        1.12881068676360
H            2.73616432463970        1.02834951323641       -0.24649178169148
H            1.63912487578392       -0.96654643663800       -1.11414342869447
H            0.59547484854736        0.43535592778870       -1.43168499340442
H           -1.63913555252654       -0.96624429830959        1.11426576160559
H           -0.59560182478502        0.43587114943099        1.43124162691858
H           -1.31771154215675        1.49004366449164       -0.69433027207475
H           -2.22865688437142        0.03671067634742       -1.12905124725086
H           -2.73634524587729        1.02824029984954        0.24585789484111
