----------------------------------------------- 
  Element       SASA      Sigma Z        Total  
     Z         Ang**2 cal/Ang**2/mol   kcal/mol 
----------------------------------------------- 
      H        115.258      48.690       5.612
      C         28.384     129.740       3.683
      O         12.613       0.000       0.000

 Subtotal:     156.255                   9.294
 -----------------------------------------------

  Elements    COT*SASA   Sigma Z,Z'     Total   
    Z,Z'       Ang**2  cal/Ang**2/mol kcal/mol  
 ---------------------------------------------- 
  H   C         77.686     -60.770      -4.721
  H   O          0.000       0.000       0.000
  C   C         17.394     -72.950      -1.269
  O   C          0.001      68.690       0.000

 Subtotal:                              -5.990
 ---------------------------------------------- 

 NONAQUEOUS SOLVENT CONTRIBUTION (kcal/mol):
 (proportional to SASA, atomic number independent)
 ---------------------------------------------- 
 Subtotal:                               0.000
 ---------------------------------------------- 

 CDS TOTAL (kcal/mol):                   3.305
...............................................................................
