----------------------------------------------- 
  Element       SASA      Sigma Z        Total  
     Z         Ang**2 cal/Ang**2/mol   kcal/mol 
----------------------------------------------- 
      H        118.328      48.690       5.761
      C         21.473     129.740       2.786
      O         14.061       0.000       0.000

 Subtotal:     153.862                   8.547
 -----------------------------------------------

  Elements    COT*SASA   Sigma Z,Z'     Total   
    Z,Z'       Ang**2  cal/Ang**2/mol kcal/mol  
 ---------------------------------------------- 
  H   C         70.343     -60.770      -4.275
  H   O          9.850       0.000       0.000
  C   C         18.063     -72.950      -1.318
  O   C          0.014      68.690       0.001

 Subtotal:                              -5.591
 ---------------------------------------------- 

 NONAQUEOUS SOLVENT CONTRIBUTION (kcal/mol):
 (proportional to SASA, atomic number independent)
 ---------------------------------------------- 
 Subtotal:                               0.000
 ---------------------------------------------- 

 CDS TOTAL (kcal/mol):                   2.956
...............................................................................
