15
 energy: -17.725707502355 gnorm: 0.026566880429 xtb: 6.7.1 (edcfbbe)
C            1.91328793297790       -0.68028527830968       -0.18290812099903
C            1.13191161235984        0.32707782105178        0.65922820747814
C            0.00350946850615        1.02604256275828       -0.10598354259772
C           -1.03661208030268        0.08358745251926       -0.69365271677203
O           -1.71179003689959       -0.70357996306338        0.30982709625841
H            2.77635030916989       -1.06546643623421        0.36868830283408
H            1.29636563708924       -1.53932462816807       -0.46550799354371
H            2.28308250152013       -0.21824501208341       -1.10478783689701
H            0.72433245874798       -0.17363925611549        1.54739679819968
H            1.81724534583890        1.09490610740372        1.03639963025719
H           -0.50007141600428        1.74237763294038        0.55517334716101
H            0.43098163259608        1.60241091968387       -0.93814462219558
H           -1.82133512272061        0.66036949430107       -1.19330121137231
H           -0.58310354467703       -0.57835641236718       -1.44438449153422
H           -1.05328405660536       -1.28373613392628        0.71374583262729
15
 energy: -17.726457235940 gnorm: 0.012651576435 xtb: 6.7.1 (edcfbbe)
C            1.91707026262534       -0.67558721115800       -0.18519921941081
C            1.13424385480852        0.32262947054952        0.65947134417147
C            0.01109114752547        1.02202100787395       -0.10928020243075
C           -1.03779839665904        0.07917313292380       -0.69195174078246
O           -1.72143730513841       -0.69233066476271        0.29576258410057
H            2.77232214511636       -1.05264105377961        0.37360326153253
H            1.30311550967014       -1.52865989797375       -0.47035964032437
H            2.28540340902152       -0.20275433840027       -1.09531880756875
H            0.72165229674694       -0.18118368403730        1.53895994565358
H            1.81898878774263        1.09102402456878        1.02827711917591
H           -0.48806566468692        1.72751472930989        0.56065514563777
H            0.43874615263867        1.59451552589398       -0.93784060089259
H           -1.82241297416733        0.65649284666911       -1.18688531719758
H           -0.58873543962713       -0.59238352715748       -1.43328529305459
H           -1.07331314402018       -1.27369149012926        0.71518010029425
15
 energy: -17.726651902049 gnorm: 0.003379750564 xtb: 6.7.1 (edcfbbe)
C            1.92686327432350       -0.67325811113103       -0.18792645253754
C            1.13523158700445        0.31724727546655        0.65839161577433
C            0.01210205714418        1.01853630784335       -0.10976266724878
C           -1.04217589392537        0.07402392240430       -0.69017856291171
O           -1.73354153163387       -0.67984983280195        0.28926042238828
H            2.77714898137665       -1.04817221928438        0.37508216465133
H            1.31739648818906       -1.52276104268163       -0.48198783205489
H            2.29662015392797       -0.18944930421960       -1.08822410682424
H            0.72006267567715       -0.19074781815036        1.53114841953408
H            1.81556685082696        1.08678349408788        1.02803695452530
H           -0.48675350162549        1.71879197304222        0.56273103656903
H            0.43842281658553        1.58640050782440       -0.93778666833118
H           -1.81827052439961        0.65737647858180       -1.19025919839028
H           -0.59024674004236       -0.60027684190059       -1.42647818621195
H           -1.09755605183213       -1.26050591869035        0.72974173997238
15
 energy: -17.726714353935 gnorm: 0.002523865440 xtb: 6.7.1 (edcfbbe)
C            1.93403830436459       -0.66996573323214       -0.19123253228202
C            1.13560002393037        0.31353369410492        0.65876202485193
C            0.01209265561504        1.01508542986989       -0.10986483281920
C           -1.04529588429248        0.06998290155605       -0.68915327376566
O           -1.74522375226553       -0.67110809337624        0.28834370370874
H            2.78155367282099       -1.04650518266582        0.37472890118116
H            1.32786800182755       -1.51849944175715       -0.49478686437405
H            2.30802613133984       -0.17827332115780       -1.08552543451580
H            0.71987188698680       -0.20053869885281        1.52731198227223
H            1.81216873115436        1.08364095380939        1.03384660402594
H           -0.48659036233697        1.71470051497513        0.56296707884243
H            0.43761286763113        1.58158516151115       -0.93848310570606
H           -1.81260414252398        0.65743268190702       -1.19914971822219
H           -0.59004093726515       -0.60745268599721       -1.42149881787464
H           -1.11820655538992       -1.24947931030379        0.74552296358135
15
 energy: -17.726759000912 gnorm: 0.002612624404 xtb: 6.7.1 (edcfbbe)
C            1.94008465082192       -0.66651236866885       -0.19419639702149
C            1.13569800083523        0.31057686467616        0.65863108926606
C            0.01142121017827        1.01225934598298       -0.10915875203557
C           -1.04698749295606        0.06694430342657       -0.68851166615890
O           -1.75595048637785       -0.66380469964618        0.28875685843294
H            2.78542253100689       -1.04699596500267        0.37351798748186
H            1.33587913852740       -1.51392387672574       -0.50700692716453
H            2.31867483135371       -0.16868090204546       -1.08382893360221
H            0.72031086393232       -0.21018657896789        1.52378396582304
H            1.80876107156761        1.08091075844021        1.04058767041959
H           -0.48737834018946        1.71277707615545        0.56324517616565
H            0.43637737579517        1.57870838473118       -0.93855772170847
H           -1.80659661402630        0.65605278751995       -1.20945668945135
H           -0.58885396007392       -0.61541646241761       -1.41578698721125
H           -1.13599213879826       -1.23856979706752        0.75977000566879
15
 energy: -17.726795131266 gnorm: 0.002169814303 xtb: 6.7.1 (edcfbbe)
C            1.94474138885105       -0.66297372174719       -0.19695155162898
C            1.13568042103654        0.30791266669821        0.65848005720740
C            0.01103599207226        1.00950479211393       -0.10846317504743
C           -1.04745284377700        0.06477529230722       -0.68832843972086
O           -1.76551361492198       -0.65717437891049        0.28927912998991
H            2.78797544902911       -1.04767628582470        0.37193149037316
H            1.34205788716230       -1.50900518914378       -0.51806492755875
H            2.32766486528660       -0.16008605243658       -1.08238070998195
H            0.72069255394661       -0.21900435445471        1.52062505553255
H            1.80555767382206        1.07832807390879        1.04684092477107
H           -0.48803086013750        1.71078073158628        0.56359330130509
H            0.43573572687501        1.57680977985382       -0.93808076140797
H           -1.80100588678440        0.65356323306239       -1.21898869642241
H           -0.58739468870435       -0.62392562272671       -1.40920993635413
H           -1.15087342215961       -1.22769009389594        0.77150691784745
15
 energy: -17.726829615502 gnorm: 0.001646400489 xtb: 6.7.1 (edcfbbe)
C            1.94896367537422       -0.65953079956579       -0.19962560147903
C            1.13548503351919        0.30498480309894        0.65817455678538
C            0.01076739593774        1.00674057957161       -0.10787425413350
C           -1.04724544504050        0.06300137570112       -0.68855587597668
O           -1.77474303482626       -0.65030810277596        0.28960074625117
H            2.79006107940917       -1.04807804201775        0.37017533221505
H            1.34793670484558       -1.50389585613759       -0.52877220223582
H            2.33571261038577       -0.15136718211679       -1.08053787908426
H            0.72064366701559       -0.22766476800755        1.51718315162490
H            1.80223637456396        1.07539783571306        1.05236913465981
H           -0.48869493864116        1.70818343371794        0.56414036060332
H            0.43565649850837        1.57523183883115       -0.93704526495073
H           -1.79549974674022        0.65045447950802       -1.22800565524809
H           -0.58593158273645       -0.63309042874327       -1.40172551536409
H           -1.16447764997828       -1.21592029638661        0.78228764523669
15
 energy: -17.726880358216 gnorm: 0.001364078820 xtb: 6.7.1 (edcfbbe)
C            1.95566444678384       -0.65423539559241       -0.20394797497000
C            1.13497836527800        0.29968851045484        0.65782386974302
C            0.01055117093401        1.00216330541290       -0.10735197097889
C           -1.04676402435630        0.06032495481698       -0.68939643901153
O           -1.78946037621676       -0.63856268040660        0.28981891385087
H            2.79335676891324       -1.04763425351610        0.36734619092445
H            1.35812749146755       -1.49591570746570       -0.54578287211336
H            2.34764413801611       -0.13668952853421       -1.07693379487040
H            0.71969964521679       -0.24162517870839        1.51130327501246
H            1.79678340611411        1.06998002915764        1.06052515558608
H           -0.48959137171781        1.70284191503004        0.56512181321852
H            0.43636040410050        1.57248529266973       -0.93500143087000
H           -1.78691876880344        0.64527615757890       -1.24186846169098
H           -0.58412424102627       -0.64822007279781       -1.38895732869273
H           -1.18543641310679       -1.19573847770932        0.79908973376659
15
 energy: -17.726922881958 gnorm: 0.001111265455 xtb: 6.7.1 (edcfbbe)
C            1.96263298548856       -0.64968273178570       -0.20776453793518
C            1.13425169816274        0.29416981763747        0.65763303484974
C            0.01041363697213        0.99807276994024       -0.10739044202995
C           -1.04727250053083        0.05767052727106       -0.69002272520009
O           -1.80282845343866       -0.62680238862339        0.29023211688201
H            2.79750709138906       -1.04601853590896        0.36513245844676
H            1.36941103825634       -1.48925796336576       -0.56122944821068
H            2.35847137187056       -0.12250847996383       -1.07292829446849
H            0.71775098158622       -0.25509011746600        1.50520811969923
H            1.79143020943732        1.06409397529353        1.06810125390832
H           -0.49006902986217        1.69785482521083        0.56553065153931
H            0.43753161321885        1.56897126995734       -0.93365605421099
H           -1.77966733806937        0.64112421857154       -1.25378536564044
H           -0.58404427233675       -0.66165290392833       -1.37737306755128
H           -1.20464839054719       -1.17680541244957        0.81410097882585
15
 energy: -17.726958778745 gnorm: 0.000840203237 xtb: 6.7.1 (edcfbbe)
C            1.96927022917102       -0.64527635215771       -0.21111216534579
C            1.13350865193845        0.28904811333731        0.65771512812413
C            0.01071205997528        0.99432325949395       -0.10791572337746
C           -1.04844483961063        0.05508931040032       -0.68995674566496
O           -1.81478669976197       -0.61562129940806        0.29135818088218
H            2.80196059014182       -1.04356556064746        0.36329813154439
H            1.38065838988338       -1.48338912327015       -0.57496805159459
H            2.36818254803642       -0.10929026290656       -1.06919321710497
H            0.71524951888458       -0.26785945829068        1.49920100564967
H            1.78622382971285        1.05830574817076        1.07617077308433
H           -0.48956669088688        1.69420881319424        0.56479863574911
H            0.43923351472193        1.56457470878210       -0.93359709529847
H           -1.77355596595606        0.63785614429772       -1.26351989488274
H           -0.58517555977770       -0.67332856536525       -1.36714073206882
H           -1.22259893487564       -1.16093660524006        0.82665044920808
15
 energy: -17.726989317022 gnorm: 0.000582129230 xtb: 6.7.1 (edcfbbe)
C            1.97568029510320       -0.64110636825228       -0.21382427852421
C            1.13260397942027        0.28426203816505        0.65766223090227
C            0.01104666346154        0.99115699519465       -0.10841235303890
C           -1.04985377987349        0.05292085958444       -0.68939688841966
O           -1.82528248785558       -0.60522747984300        0.29282763406905
H            2.80685309314741       -1.04110180746769        0.36155336662557
H            1.39129528258426       -1.47802646208980       -0.58686751109781
H            2.37689541614944       -0.09716536830984       -1.06572623555328
H            0.71250575037934       -0.27998926335719        1.49321161823367
H            1.78104226833901        1.05260910409933        1.08417779803826
H           -0.48857138509873        1.69245518986321        0.56327500893440
H            0.44099328979382        1.55963602048616       -0.93441232864541
H           -1.76841635731381        0.63516138191489       -1.27165442658457
H           -0.58681491881264       -0.68341617032275       -1.35800962984237
H           -1.23910646782714       -1.14802979927475        0.83738467380709
15
 energy: -17.727015785528 gnorm: 0.000480092359 xtb: 6.7.1 (edcfbbe)
C            1.98137642471283       -0.63679906257131       -0.21632297188732
C            1.13187639021183        0.28004227024849        0.65801290156808
C            0.01195647501023        0.98792825513275       -0.10942894346199
C           -1.05145500643849        0.05099162574433       -0.68835510477078
O           -1.83486283680523       -0.59550861677230        0.29499030143595
H            2.81110563376278       -1.03828298959690        0.36014753014691
H            1.40126933938669       -1.47289194792007       -0.59806195918142
H            2.38506390270035       -0.08574655522952       -1.06254806066216
H            0.70966030088046       -0.29125851824000        1.48771152623406
H            1.77605937751001        1.04741750104063        1.09276810597251
H           -0.48652286840951        1.69135701640407        0.56085222294648
H            0.44327178651947        1.55424584414992       -0.93624630538865
H           -1.76408487337188        0.63286372293939       -1.27827975090351
H           -0.58911484938793       -0.69238343719458       -1.34965459177178
H           -1.25472855468469       -1.13783623774450        0.84620377862772
15
 energy: -17.727039225404 gnorm: 0.000353707771 xtb: 6.7.1 (edcfbbe)
C            1.98745968515363       -0.63274722256092       -0.21834481145356
C            1.13097076063930        0.27581354118069        0.65775081588811
C            0.01238497208060        0.98525029523496       -0.11006506567830
C           -1.05300394166617        0.04933714028257       -0.68725825436317
O           -1.84397661814847       -0.58598313301049        0.29705316857113
H            2.81584438955237       -1.03613362246329        0.35890026699536
H            1.41105536531609       -1.46757304241051       -0.60836240952568
H            2.39327527324174       -0.07491000018055       -1.05911436845547
H            0.70700450179986       -0.30232261374444        1.48177685012265
H            1.77100734346082        1.04206432673355        1.10044193422238
H           -0.48480531821278        1.69136241398871        0.55850510672071
H            0.44515816756483        1.54886653972003       -0.93799370938899
H           -1.76009988134177        0.63072497417430       -1.28437325503691
H           -0.59152613081364       -0.70094417751093       -1.34156920791423
H           -1.26987792702946       -1.12866654904329        0.85444161820002
15
 energy: -17.727059647777 gnorm: 0.000390126623 xtb: 6.7.1 (edcfbbe)
C            1.99284389080456       -0.62870673728321       -0.22043170947156
C            1.13029699936154        0.27191464359782        0.65787949145067
C            0.01321570798560        0.98233046986267       -0.11110852212515
C           -1.05462393713499        0.04782283956114       -0.68613645860241
O           -1.85248684482203       -0.57675355886762        0.29938477227147
H            2.81935310706354       -1.03424480311104        0.35807061542233
H            1.42016985467193       -1.46216258714813       -0.61922457965441
H            2.40172474108493       -0.06413006044151       -1.05538484351415
H            0.70441213538568       -0.31276246237701        1.47632692818559
H            1.76624349005747        1.03715639461997        1.10824101082410
H           -0.48266515536473        1.69081042297462        0.55593260424089
H            0.44716655869705        1.54356804237902       -0.94010220655645
H           -1.75658082524945        0.62848076131561       -1.29008788122265
H           -0.59421262161890       -0.70916608008549       -1.33354027549211
H           -1.28398645932523       -1.12001841460648        0.86196973314790
15
 energy: -17.727078586811 gnorm: 0.000374785108 xtb: 6.7.1 (edcfbbe)
C            1.99861535897233       -0.62455678074188       -0.22251852684758
C            1.12949069848569        0.26786787460491        0.65767003923953
C            0.01382727374634        0.97950626093052       -0.11215223492085
C           -1.05615573697808        0.04604924831765       -0.68495100711331
O           -1.86131559339272       -0.56724078170387        0.30182170006137
H            2.82271654701021       -1.03307083733913        0.35737370164382
H            1.42950147258438       -1.45587562767542       -0.63069850573499
H            2.41100866292685       -0.05321983145094       -1.05107286347695
H            0.70177804908146       -0.32326629242793        1.47048373332956
H            1.76129090315351        1.03199119787262        1.11563975583731
H           -0.48076243898054        1.69018485968735        0.55353279699722
H            0.44910406214962        1.53847198277047       -0.94200373128344
H           -1.75275987099829        0.62592554356428       -1.29580220001924
H           -0.59700924898045       -0.71775539546496       -1.32519622000190
H           -1.29845949718333       -1.11087255055332        0.86966224119352
15
 energy: -17.727096686571 gnorm: 0.000514754997 xtb: 6.7.1 (edcfbbe)
C            2.00439513972629       -0.62034422466419       -0.22476357843145
C            1.12883352164794        0.26363464536728        0.65745179852787
C            0.01434365724349        0.97639795173936       -0.11307487299539
C           -1.05777848060946        0.04423538047011       -0.68401702236820
O           -1.87026935317393       -0.55709898135951        0.30400507816491
H            2.82536982009247       -1.03281000474626        0.35679190605341
H            1.43876690694258       -1.44873181955156       -0.64393607788201
H            2.42137278589515       -0.04098879125116       -1.04562539628835
H            0.69937761082102       -0.33443841989068        1.46424150063036
H            1.75637114929439        1.02649947345518        1.12331859289309
H           -0.47910652211679        1.68914042379816        0.55123284224139
H            0.45069712373863        1.53312464693794       -0.94380379601264
H           -1.74886153624539        0.62267511984901       -1.30254893292060
H           -0.59965651148982       -0.72722402062911       -1.31588426810833
H           -1.31298467016956       -1.09993250913426        0.87840090540000
15
 energy: -17.727116263701 gnorm: 0.000426449329 xtb: 6.7.1 (edcfbbe)
C            2.01177683236277       -0.61486578410377       -0.22766576908142
C            1.12774794954969        0.25828132727890        0.65708382245053
C            0.01500441780030        0.97267305927762       -0.11441233384293
C           -1.05952271417649        0.04156678747024       -0.68255553098925
O           -1.88169398671719       -0.54487599773934        0.30672647879245
H            2.82842698398747       -1.03298508109212        0.35593256349906
H            1.45029006474070       -1.43899257342143       -0.66037840982241
H            2.43477560844517       -0.02656398816636       -1.03885691654569
H            0.69633194891515       -0.34795159415383        1.45671241302365
H            1.74991443111430        1.01972995856483        1.13231446398855
H           -0.47718313532552        1.68755576763478        0.54851511935088
H            0.45279556132330        1.52712060696346       -0.94592558635264
H           -1.74348708712954        0.61835226578104       -1.31041908505762
H           -0.60299003819820       -0.73876329034947       -1.30442827559680
H           -1.33131619509485       -1.08614259355424        0.88914572508769
15
 energy: -17.727137673713 gnorm: 0.000767738448 xtb: 6.7.1 (edcfbbe)
C            2.02117749525880       -0.60779535345005       -0.23141271596892
C            1.12687658605589        0.25144852769560        0.65644339666390
C            0.01553854318826        0.96728933816843       -0.11575276118754
C           -1.06201017986386        0.03796655499563       -0.68117688554750
O           -1.89655638673963       -0.52842203898832        0.30960654544086
H            2.83165057448405       -1.03424230883355        0.35486144531775
H            1.46500824144212       -1.42547043670086       -0.68353485909059
H            2.45280318416997       -0.00614483055109       -1.02854398592588
H            0.69306380132774       -0.36615539021879        1.44607671581118
H            1.74204827208802        1.01059073031614        1.14454646294374
H           -0.47496376088184        1.68507147890987        0.54530592640215
H            0.45500520273162        1.51871008672837       -0.94828442434808
H           -1.73652622188581        0.61182048920340       -1.32200386615588
H           -0.60706167288812       -0.75478982937524       -1.28869558312686
H           -1.35518303689012       -1.06573814750927        0.90435326767568
15
 energy: -17.727154904635 gnorm: 0.003160526800 xtb: 6.7.1 (edcfbbe)
C            2.04708710724619       -0.58808343571933       -0.24164198565333
C            1.12349363645512        0.23188303767077        0.65515025605603
C            0.01738992083577        0.95315913438366       -0.11971540838952
C           -1.06840209314652        0.02830098432615       -0.67672486758098
O           -1.93661395510862       -0.48459716465099        0.31666812898280
H            2.84150849962362       -1.03663729176067        0.35071862129353
H            1.50579416621893       -1.38834266740248       -0.74349452935744
H            2.50084621656369        0.04670259859823       -1.00174863324341
H            0.68409329920271       -0.41576037512419        1.41847029900972
H            1.71935489063485        0.98506203214157        1.17686856941573
H           -0.46902128980464        1.67845928137678        0.53626725899974
H            0.46087364378636        1.49685980798834       -0.95533300886598
H           -1.71717419589218        0.59399398707320       -1.35210925845432
H           -0.61853307561020       -0.79668152169395       -1.24626723130937
H           -1.41982612940785       -1.01017953681691        0.94468046800080
15
 energy: -17.727165314637 gnorm: 0.001011181221 xtb: 6.7.1 (edcfbbe)
C            2.04451963416170       -0.59032831944524       -0.23972228307106
C            1.12425040636472        0.23416548793840        0.65495806797848
C            0.01705400509562        0.95433457086079       -0.11929290184345
C           -1.06845462035971        0.02961980806957       -0.67713964038191
O           -1.93178766928604       -0.48971103611979        0.31526440200775
H            2.84139617618193       -1.03575073692561        0.35112056527769
H            1.50209202304071       -1.39243701628662       -0.73464938846247
H            2.49457741391681        0.03963113364043       -1.00413922717462
H            0.68596601192505       -0.40999881490762        1.42097323929223
H            1.72207599933863        0.98758152346132        1.17303915877029
H           -0.46933332874779        1.67921207010539        0.53719148982266
H            0.46001047359029        1.49873434671369       -0.95474440162133
H           -1.72032350209389        0.59588038054022       -1.34761147379907
H           -0.61896421697028       -0.79059206331815       -1.25168718856212
H           -1.41220816456054       -1.01620246393661        0.93822826067092
15
 energy: -17.727168849945 gnorm: 0.000599847454 xtb: 6.7.1 (edcfbbe)
C            2.04557683117039       -0.58848527992877       -0.24070810381353
C            1.12382745894292        0.23225517987190        0.65481629151897
C            0.01728840004274        0.95317352589080       -0.11943850790041
C           -1.06787126251655        0.02784561289391       -0.67679056053213
O           -1.93450016179362       -0.48615188741436        0.31467027484343
H            2.84134362158769       -1.03616605753147        0.34976970719075
H            1.50462042841945       -1.38807256429111       -0.74027386818939
H            2.49674610153086        0.04514749589414       -1.00085815619051
H            0.68518011783291       -0.41449958711431        1.41771537127963
H            1.71974190436657        0.98443676148489        1.17582008035385
H           -0.46870871854264        1.67859941822733        0.53667748844796
H            0.46080889586244        1.49696008606399       -0.95490543807639
H           -1.71717713321421        0.59270544352561       -1.35028370903857
H           -0.61856670908310       -0.79459075072044       -1.24744363660511
H           -1.41743913300862       -1.00901852646195        0.94302144561544
15
 energy: -17.727170310112 gnorm: 0.000187225924 xtb: 6.7.1 (edcfbbe)
C            2.04493351203174       -0.58842162117829       -0.24133894056949
C            1.12345226878895        0.23198126513482        0.65520924709655
C            0.01729418178620        0.95348979399736       -0.11922902709617
C           -1.06693591836005        0.02745884620771       -0.67709443143345
O           -1.93403667836706       -0.48638693167445        0.31410661842649
H            2.84020774198459       -1.03718847991916        0.34881003351545
H            1.50342651938177       -1.38693338568336       -0.74190916903282
H            2.49662137030835        0.04591231818135       -1.00051489652845
H            0.68401246193827       -0.41477766996190        1.41772136584007
H            1.71978878934811        0.98398436620214        1.17608446781941
H           -0.46955662348112        1.67803855139161        0.53702035284258
H            0.46107857466403        1.49776216640210       -0.95407299939058
H           -1.71625408421428        0.59120797275290       -1.35155695310006
H           -0.61644004251544       -0.79576915649181       -1.24563379775948
H           -1.41672143169684       -1.00621916497087        0.94418680827393
15
 energy: -17.727171208587 gnorm: 0.000241428748 xtb: 6.7.1 (edcfbbe)
C            2.04457748105247       -0.58830020439184       -0.24190095786100
C            1.12330947772900        0.23181977701433        0.65527857778939
C            0.01693758902274        0.95358218802367       -0.11881741712784
C           -1.06605472058944        0.02669031534476       -0.67758456072996
O           -1.93430235487662       -0.48636788218610        0.31325878341952
H            2.83910620009377       -1.03878080610975        0.34787353609405
H            1.50246772086481       -1.38536303849824       -0.74403588145436
H            2.49697986082037        0.04707255638858       -0.99971510917260
H            0.68382223509465       -0.41540179700137        1.41728078361072
H            1.71990003635958        0.98329850324545        1.17654293660559
H           -0.47078834295617        1.67709390379253        0.53786926173062
H            0.46077897199060        1.49885425452532       -0.95286163713752
H           -1.71473108611319        0.58906308041143       -1.35367056843215
H           -0.61442849307660       -0.79719704623091       -1.24418829482820
H           -1.41670393381873       -1.00192493393768        0.94645922639774
15
 energy: -17.727171804713 gnorm: 0.000192640086 xtb: 6.7.1 (edcfbbe)
C            2.04470039739675       -0.58777398230777       -0.24258041182742
C            1.12328424981207        0.23133520491119        0.65535939902401
C            0.01666479990616        0.95305826231450       -0.11840802323961
C           -1.06553152189048        0.02584825300221       -0.67800881195081
O           -1.93546703053086       -0.48597938669439        0.31214870906335
H            2.83830960885203       -1.03992310844790        0.34711810898705
H            1.50238088726365       -1.38361723096069       -0.74642000555289
H            2.49826120539560        0.04840590552261       -0.99904963010288
H            0.68420342443261       -0.41655324231606        1.41706196764010
H            1.71960984993963        0.98271858989427        1.17700349753526
H           -0.47177952766859        1.67555707146099        0.53887995348131
H            0.46029425444904        1.49962091398431       -0.95174782210145
H           -1.71302218342720        0.58727397411880       -1.35596070310225
H           -0.61313560632502       -0.79883620686107       -1.24282033981998
H           -1.41790216600816       -0.99699614723086        0.94921279087019
15
 energy: -17.727172112293 gnorm: 0.000093306471 xtb: 6.7.1 (edcfbbe)
C            2.04533358929465       -0.58743640840259       -0.24283400189249
C            1.12342215076696        0.23094177142232        0.65513470960394
C            0.01637866044945        0.95251799940632       -0.11809203078760
C           -1.06558555290034        0.02536986944807       -0.67816078200049
O           -1.93672484693611       -0.48540502709873        0.31142531137251
H            2.83853754222876       -1.04033265504079        0.34690078843766
H            1.50321862995317       -1.38270455163316       -0.74785812609425
H            2.49950425616028        0.04937436505269       -0.99840201265156
H            0.68481428260236       -0.41762851818522        1.41655002742589
H            1.71927641883950        0.98242789627622        1.17720436723978
H           -0.47227446683671        1.67469182623043        0.53948083099035
H            0.45982055599939        1.49964679161196       -0.95118779689792
H           -1.71213548166388        0.58665341494779       -1.35716150389607
H           -0.61312047822947       -0.79996009937301       -1.24205812404351
H           -1.41959461813079       -0.99401780427214        0.95084702209775
15
 energy: -17.727172273663 gnorm: 0.000057283010 xtb: 6.7.1 (edcfbbe)
C            2.04582807181518       -0.58710534197395       -0.24294316946579
C            1.12349911605990        0.23063214137005        0.65510185388845
C            0.01639861129851        0.95209476395438       -0.11811925329238
C           -1.06584150645833        0.02519960381731       -0.67810213919900
O           -1.93755270321745       -0.48485418576899        0.31127141980323
H            2.83892076274201       -1.04005207230989        0.34692512396135
H            1.50409377096769       -1.38233428880587       -0.74845979848845
H            2.50019419116126        0.05004436774693       -0.99812778665936
H            0.68510321131319       -0.41838475896517        1.41627247823559
H            1.71900102833514        0.98216626247063        1.17752908167047
H           -0.47209560860285        1.67434145149011        0.53950892612117
H            0.45975565422978        1.49924557229126       -0.95127920698326
H           -1.71187460770438        0.58662891983011       -1.35749425548728
H           -0.61361535021715       -0.80045652044768       -1.24175435660054
H           -1.42094400012527       -0.99302704430909        0.95145976139978
15
 energy: -17.727172385057 gnorm: 0.000056262342 xtb: 6.7.1 (edcfbbe)
C            2.04623699162437       -0.58687375099987       -0.24299460380205
C            1.12346382809444        0.23035486253137        0.65506396371044
C            0.01645122962694        0.95191000911920       -0.11818513236403
C           -1.06604282995906        0.02516903134844       -0.67797402730690
O           -1.93801980212502       -0.48431576709095        0.31138866650247
H            2.83935959021491       -1.03972500230289        0.34692062870595
H            1.50483022548339       -1.38214117467924       -0.74880046563516
H            2.50058640210886        0.05056497860408       -0.99795139597314
H            0.68499281360042       -0.41899457858958        1.41590854637036
H            1.71866310468008        0.98185169953075        1.17789241890393
H           -0.47185505708688        1.67441568824156        0.53930442560816
H            0.45987288770353        1.49876805936104       -0.95150497811491
H           -1.71181057899895        0.58668385826523       -1.35756775412365
H           -0.61401548609285       -0.80076267857230       -1.24141148594862
H           -1.42184267727695       -0.99276636437668        0.95169987237113
15
 energy: -17.727172491176 gnorm: 0.000058006626 xtb: 6.7.1 (edcfbbe)
C            2.04653445025671       -0.58663019388871       -0.24305989424762
C            1.12340028922620        0.23011287840642        0.65507990360738
C            0.01655952827482        0.95178529013205       -0.11831873352101
C           -1.06618507350081        0.02514856182374       -0.67784433265306
O           -1.93836920709003       -0.48371688772085        0.31162065043730
H            2.83968033597945       -1.03942755059717        0.34686178714703
H            1.50542344149647       -1.38187869636693       -0.74921878391927
H            2.50083655028300        0.05119054892835       -0.99771724925260
H            0.68472188275165       -0.41965687538871        1.41543834359830
H            1.71834310265729        0.98143624293719        1.17845610726097
H           -0.47156247579073        1.67456906320159        0.53898500149024
H            0.46010596976280        1.49830572570783       -0.95178652803352
H           -1.71176427374247        0.58658754260651       -1.35768668391505
H           -0.61429959573560       -0.80111238915110       -1.24091439237884
H           -1.42255428323152       -0.99257439024004        0.95189348328374
15
 energy: -17.727172594122 gnorm: 0.000045462328 xtb: 6.7.1 (edcfbbe)
C            2.04681893702841       -0.58635154950088       -0.24317171649235
C            1.12326167802249        0.22981812105372        0.65508288412267
C            0.01664516094666        0.95171673669804       -0.11843773943803
C           -1.06623093329334        0.02507591997602       -0.67771488123118
O           -1.93869703508667       -0.48306186086832        0.31189001434732
H            2.83990244111762       -1.03926969240462        0.34673029140785
H            1.50594652709044       -1.38145626777215       -0.74979658867020
H            2.50116885542760        0.05188581508683       -0.99744739691435
H            0.68432938477405       -0.42037175688383        1.41493229203460
H            1.71794564398072        0.98091334387262        1.17905576430109
H           -0.47134738992891        1.67474458268185        0.53868274996327
H            0.46033685513236        1.49793361517265       -0.95201851741828
H           -1.71157349765124        0.58631827077107       -1.35792727084138
H           -0.61444070415054       -0.80157747921259       -1.24027151109206
H           -1.42319528181240       -0.99217892828026        0.95220030482501
15
 energy: -17.727172684503 gnorm: 0.000033487736 xtb: 6.7.1 (edcfbbe)
C            2.04706269587399       -0.58610007826177       -0.24329925421067
C            1.12318759367475        0.22958150629950        0.65509070325044
C            0.01670003596880        0.95159696715533       -0.11851269574675
C           -1.06627202866295        0.02498517780663       -0.67764536218977
O           -1.93905123737384       -0.48245196642626        0.31207629665837
H            2.84000495633023       -1.03926987695472        0.34658884386266
H            1.50637732678834       -1.38096252314639       -0.75050803339828
H            2.50157315671388        0.05257690600236       -0.99710016499555
H            0.68404387453993       -0.42102192801655        1.41445839732163
H            1.71762983400524        0.98047804050310        1.17961795963463
H           -0.47124045670418        1.67476798749077        0.53847787591825
H            0.46050573709103        1.49763718389299       -0.95213743535024
H           -1.71136394863301        0.58596701361548       -1.35830443631950
H           -0.61450669110202       -0.80208398119809       -1.23959082931191
H           -1.42378020691296       -0.99156155837220        0.95257681378068
