15
 energy: -17.721583522468 gnorm: 0.026611956663 xtb: 6.7.1 (edcfbbe)
C            2.05576428946543        0.46226754060130        0.33325620483056
C            1.02079521912384       -0.06815594757891       -0.64364768642251
O           -0.00000126163947       -0.85338551696922        0.00029250113608
C           -1.02079598523848       -0.06769285194148        0.64366814231190
C           -2.05580032189773        0.46197404060562       -0.33360743264645
H            2.82717753521972        1.01204870313159       -0.21560758181803
H            1.61427203476100        1.14796733865052        1.06192591031231
H            2.53758220882929       -0.35926378433017        0.87214830827296
H            1.49507605827484       -0.74358219768530       -1.36363652867325
H            0.56614466052206        0.75464689284230       -1.21177902294080
H           -1.49504459919142       -0.74258679854438        1.36417764965477
H           -0.56615195944654        0.75554645556019        1.21117123523209
H           -1.61432799068257        1.14706878124322       -1.06285403656949
H           -2.53767115872898       -0.35997135714092       -0.87181197753332
H           -2.82716350852694        1.01222490260978        0.21485044480991
15
 energy: -17.722423501628 gnorm: 0.011994343973 xtb: 6.7.1 (edcfbbe)
C            2.06565605286517        0.46573996159365        0.33233530806623
C            1.02100434783016       -0.06464292782785       -0.63836704521209
O           -0.00000083222404       -0.83390761580688        0.00028811888112
C           -1.02100743236371       -0.06418411889732        0.63838699249942
C           -2.06569088150917        0.46544714779254       -0.33269103363924
H            2.83533231960793        1.00337760125503       -0.21912755526835
H            1.62316409923820        1.14837646016966        1.05587092199445
H            2.52852515267117       -0.35806093894332        0.87280143101922
H            1.48367675671935       -0.75659438249739       -1.34779170155597
H            0.56829104561324        0.75800182493664       -1.20417406114004
H           -1.48365073914800       -0.75560927117196        1.34834399982357
H           -0.56829900856900        0.75889554611772        1.20356414955975
H           -1.62321165251804        1.14748681437239       -1.05679676258316
H           -2.52861091493665       -0.35877259243532       -0.87247274768003
H           -2.83532309243256        1.00355269239655        0.21837611519183
15
 energy: -17.722591695739 gnorm: 0.002980785538 xtb: 6.7.1 (edcfbbe)
C            2.07216894918737        0.46612530326500        0.33234175234222
C            1.02000695702242       -0.06225483843598       -0.63737283499504
O           -0.00000058224548       -0.81988394843797        0.00028628047326
C           -1.02001213785522       -0.06179605523759        0.63739390090657
C           -2.07220195089989        0.46583267238686       -0.33269949253400
H            2.84246382086483        0.99187191073385       -0.22288329629146
H            1.63136593555744        1.15288866534037        1.05024990305081
H            2.52240591775281       -0.35988472800304        0.87571381116911
H            1.47798155760346       -0.76318287870087       -1.33965517714470
H            0.57664266495038        0.76362173654048       -1.20495499958175
H           -1.47796048509079       -0.76220202175290        1.34021422165213
H           -0.57665292740609        0.76451693855296        1.20434358300360
H           -1.63140843610040        1.15200838161645       -1.05117582978208
H           -2.52248409817645       -0.36059976421049       -0.87539229819947
H           -2.84245996432033        0.99204482739700        0.22213660588751
15
 energy: -17.722613614758 gnorm: 0.000887730160 xtb: 6.7.1 (edcfbbe)
C            2.07478934670430        0.46573476656318        0.33211702138238
C            1.01988157814054       -0.06188089925425       -0.63755706056243
O           -0.00000067010299       -0.81646535330352        0.00028713992134
C           -1.01988797546627       -0.06142089186699        0.63757952487386
C           -2.07482116877554        0.46544259610764       -0.33247562244043
H            2.84816946019338        0.98485924073467       -0.22487241261509
H            1.63605069057384        1.15762010416084        1.04660399510276
H            2.51961216786423       -0.36111494064420        0.87883909596552
H            1.47786218642846       -0.76370798440433       -1.33868108061656
H            0.58171171185079        0.76596193288899       -1.20695689868292
H           -1.47784365328930       -0.76272626382171        1.33924176956033
H           -0.58172417858491        0.76685998626017        1.20634582280794
H           -1.63609143832005        1.15674672313117       -1.04753085847682
H           -2.51968378191651       -0.36183231671097       -0.87852239432116
H           -2.84816905445591        0.98502950121343        0.22412808805800
15
 energy: -17.722626909950 gnorm: 0.001794880221 xtb: 6.7.1 (edcfbbe)
C            2.07762653253859        0.46471931196133        0.33181828942530
C            1.01981403629828       -0.06129283325104       -0.63791569952165
O           -0.00000091197365       -0.81347823601920        0.00029059122729
C           -1.01982276798559       -0.06082992333716        0.63794093761006
C           -2.07765606148914        0.46442812608402       -0.33217858300463
H            2.85793349269927        0.97186053454212       -0.22764295358888
H            1.64363788614160        1.16716059522965        1.03962936971350
H            2.51372668386691       -0.36243938661430        0.88603141600056
H            1.47818692136033       -0.76280936777271       -1.33926244646599
H            0.58675847594543        0.76877200844117       -1.20905946584194
H           -1.47817370298436       -0.76182334003977        1.33982491711497
H           -0.58677535705705        0.76967511183406        1.20845001477808
H           -1.64367589519256        1.16630236260418       -1.04055740729394
H           -2.51378369723980       -0.36316222506914       -0.88572576014610
H           -2.85794041408419        0.97202346246090        0.22690290995008
15
 energy: -17.722635286587 gnorm: 0.001231122850 xtb: 6.7.1 (edcfbbe)
C            2.07752966655822        0.46438945091802        0.33165778890315
C            1.01973822252431       -0.06089962421228       -0.63782425078380
O           -0.00000082704246       -0.81387979362706        0.00029320558648
C           -1.01974778782459       -0.06043532311558        0.63785063430825
C           -2.07755811133147        0.46409883264512       -0.33201906181457
H            2.86105278068965        0.96635183607713       -0.22811902686720
H            1.64568572044517        1.17128736731568        1.03622815757113
H            2.50967188931753       -0.36231346216316        0.88964963154949
H            1.47783490370566       -0.76178666665155       -1.34021757300837
H            0.58552918666956        0.76913911169303       -1.20801177280060
H           -1.47782425931912       -0.76079739985608        1.34078062616236
H           -0.58554792517138        0.77004350154523        1.20740346706955
H           -1.64572326096571        1.17043734486274       -1.03715602532597
H           -2.50972150799821       -0.36303856187254       -0.88935039524194
H           -2.86106346941310        0.96650958749543        0.22738072464875
15
 energy: -17.722648280947 gnorm: 0.000516406523 xtb: 6.7.1 (edcfbbe)
C            2.07718543511729        0.46383345812166        0.33104736120234
C            1.01933731544109       -0.05948811965441       -0.63807772327792
O           -0.00000089347682       -0.81381402295585        0.00030073030468
C           -1.01934973609678       -0.05901890755894        0.63810764865044
C           -2.07721062102195        0.46354483129286       -0.33141205368284
H            2.87005579290904        0.94964354704519       -0.22970137531893
H            1.65048992782848        1.18370415079559        1.02541766052825
H            2.49561768884152       -0.36218811320993        0.90041390965835
H            1.47613482070509       -0.75982803705980       -1.34198689398872
H            0.58236289428073        0.77044602653243       -1.20583667479169
H           -1.47613251046973       -0.75882915512092        1.34255298271104
H           -0.58238725301430        0.77135572587835        1.20523123057587
H           -1.65052553207264        1.18288045173232       -1.02634400153186
H           -2.49564342121378       -0.36292034508650       -0.90013543912180
H           -2.87007868691317        0.94978471030209        0.22896876803949
15
 energy: -17.722650407610 gnorm: 0.000218433476 xtb: 6.7.1 (edcfbbe)
C            2.07727078999453        0.46399812544711        0.33061853161479
C            1.01935061167073       -0.05935830782613       -0.63852187200575
O           -0.00000087083180       -0.81363963467507        0.00030350142140
C           -1.01936409711582       -0.05888727357085        0.63855362754521
C           -2.07729462210859        0.46371033377687       -0.33098478008960
H            2.87394162541022        0.94312487992192       -0.23009812230451
H            1.65257242302212        1.18922069247248        1.02044075206347
H            2.49019076338180       -0.36112825162272        0.90494177031098
H            1.47597967494824       -0.76007235486384       -1.34206156177924
H            0.58238801974374        0.77024591363714       -1.20668233894896
H           -1.47598023888607       -0.75907060700619        1.34262995945372
H           -0.58241431406503        0.77115851012334        1.20607861246480
H           -1.65260791789637        1.18840715900771       -1.02136669629826
H           -2.49020774520627       -0.36186221373732       -0.90467142053738
H           -2.87396888121739        0.94325922996966        0.22936616704605
15
 energy: -17.722651298050 gnorm: 0.000101954756 xtb: 6.7.1 (edcfbbe)
C            2.07702065739676        0.46457693089105        0.33039501114145
C            1.01947269687785       -0.05973837305957       -0.63876062677502
O           -0.00000103374829       -0.81364087683500        0.00030447365214
C           -1.01948659885239       -0.05926616743829        0.63879328819685
C           -2.07704415878441        0.46428983433743       -0.33076219840825
H            2.87521514864714        0.94060646114983       -0.23068811741091
H            1.65260307724197        1.19244404116396        1.01754658669297
H            2.48756645520077       -0.35981413410960        0.90741470641805
H            1.47646186992589       -0.76129551025373       -1.34119410487705
H            0.58283089774535        0.76924894646782       -1.20805024447386
H           -1.47646363344735       -0.76029288346557        1.34176406378182
H           -0.58285795317658        0.77016386476865        1.20744779684515
H           -1.65263860357259        1.19163567577299       -1.01847302031603
H           -2.48757899958260       -0.36054960071720       -0.90714857992573
H           -2.87524460102747        0.94073799238134        0.22995709541515
15
 energy: -17.722652202237 gnorm: 0.000117356666 xtb: 6.7.1 (edcfbbe)
C            2.07650565957971        0.46557444357512        0.33010932976352
C            1.01964073839115       -0.06062020351511       -0.63895013476129
O           -0.00000119208549       -0.81408811283548        0.00030548284725
C           -1.01965500657903       -0.06014712993747        0.63898414066881
C           -2.07652884888283        0.46528784172020       -0.33047780447498
H            2.87614289889790        0.93860187860152       -0.23139702315132
H            1.65216408211905        1.19626276405317        1.01425292983221
H            2.48510014897566       -0.35753249117508        0.91029224719570
H            1.47736294262728       -0.76332894690392       -1.33970434730521
H            0.58337699050018        0.76729185383838       -1.21010709499884
H           -1.47736549852896       -0.76232619527008        1.34027680962268
H           -0.58340443303162        0.76820930389181        1.20950649649205
H           -1.65219995371013        1.19545977704878       -1.01518033545415
H           -2.48510917432628       -0.35826961275867       -0.91003080085919
H           -2.87617413310254        0.93873103072094        0.23066623453947
15
 energy: -17.722652928447 gnorm: 0.000111802431 xtb: 6.7.1 (edcfbbe)
C            2.07576990326483        0.46652358383772        0.32989081821496
C            1.01975805360573       -0.06158190114599       -0.63908447306768
O           -0.00000122629251       -0.81474574618561        0.00030599168505
C           -1.01977233590704       -0.06110823529998        0.63911926912428
C           -2.07579308388893        0.46623745275222       -0.33026010208757
H            2.87629075194745        0.93758541703506       -0.23204135716492
H            1.65117363877118        1.19929480731147        1.01164481293152
H            2.48332122073298       -0.35534376156862        0.91260958132657
H            1.47836199764670       -0.76518714478688       -1.33836084560492
H            0.58362519521129        0.76528519216105       -1.21187061377592
H           -1.47836479894076       -0.76418458347703        1.33893496360002
H           -0.58365268579681        0.76620470340898        1.21127132287786
H           -1.65120976760977        1.19849539269408       -1.01257335539933
H           -2.48332840566049       -0.35608246783657       -0.91235104640945
H           -2.87632323623978        0.93771349215426        0.23131116370625
15
 energy: -17.722653466744 gnorm: 0.000093706090 xtb: 6.7.1 (edcfbbe)
C            2.07513067353880        0.46719867704590        0.32978692209408
C            1.01976581065616       -0.06232997350770       -0.63910077557738
O           -0.00000129393170       -0.81543828350859        0.00030600146775
C           -1.01977999518276       -0.06185635574911        0.63913603959303
C           -2.07515395656110        0.46691259255869       -0.33015664146572
H            2.87578547940035        0.93782366021458       -0.23233139625142
H            1.65007701549058        1.20067574996719        1.01046416062123
H            2.48270650684980       -0.35383760363696        0.91366017637127
H            1.47902064340062       -0.76640546776803       -1.33747857528452
H            0.58357848969516        0.76379725546310       -1.21292468813006
H           -1.47902307950636       -0.76540369406022        1.33805365048560
H           -0.58360559838119        0.76471745580253        1.21232630076742
H           -1.65011347321947        1.19987706060978       -1.01139391824444
H           -2.48271430698520       -0.35457703243580       -0.91340248027464
H           -2.87581769441965        0.93795216005876        0.23160135378451
15
 energy: -17.722653941249 gnorm: 0.000066059928 xtb: 6.7.1 (edcfbbe)
C            2.07445704392600        0.46772574839381        0.32974336255413
C            1.01971459106330       -0.06297083019297       -0.63914171029212
O           -0.00000119792171       -0.81611021200506        0.00030575654056
C           -1.01972846571143       -0.06249742475893        0.63917702435561
C           -2.07448060393453        0.46743967325017       -0.33011316100227
H            2.87489788223833        0.93865747812764       -0.23245312780159
H            1.64877583252955        1.20127554179522        1.00995828733356
H            2.48253521936748       -0.35271022713444        0.91413379339171
H            1.47954422046605       -0.76728790536433       -1.33690963980736
H            0.58333898363019        0.76256873621266       -1.21367144987413
H           -1.47954601886032       -0.76628695478697        1.33748503108909
H           -0.58336565723832        0.76348922390862        1.21307352767763
H           -1.64881249678954        1.20047641578583       -1.01088908836518
H           -2.48254454878925       -0.35345018691319       -0.91387570678544
H           -2.87492956313174        0.93878712473609        0.23172323094250
15
 energy: -17.722654379339 gnorm: 0.000052679376 xtb: 6.7.1 (edcfbbe)
C            2.07375502671532        0.46825526345876        0.32969527172814
C            1.01961266837342       -0.06360625102447       -0.63917459149212
O           -0.00000128167804       -0.81685820835434        0.00030547541478
C           -1.01962642481721       -0.06313329924827        0.63921019064721
C           -2.07377872650958        0.46796894843199       -0.33006527333533
H            2.87390093602036        0.93971334533769       -0.23249704533151
H            1.64732535449832        1.20167659339546        1.00958986451702
H            2.48241201178144       -0.35163950440547        0.91444804685454
H            1.48000329340417       -0.76812210262770       -1.33637002729667
H            0.58302224387796        0.76135626698982       -1.21437434209338
H           -1.48000452574924       -0.76712242622422        1.33694578718084
H           -0.58304846145020        0.76227657074711        1.21377723411398
H           -1.64736197809059        1.20087621869645       -1.01052202368470
H           -2.48242357479026       -0.35237977605315       -0.91418937580450
H           -2.87393134074180        0.93984456193447        0.23176693853842
15
 energy: -17.722654749326 gnorm: 0.000048894848 xtb: 6.7.1 (edcfbbe)
C            2.07307249364912        0.46874554697303        0.32965997922161
C            1.01953521937497       -0.06420349702828       -0.63925322528416
O           -0.00000107002490       -0.81748842888448        0.00030520177480
C           -1.01954870532782       -0.06373101143748        0.63928878066555
C           -2.07309651453062        0.46845919920628       -0.33002994081871
H            2.87297217692849        0.94060439831005       -0.23254297619164
H            1.64599243829236        1.20212735601813        1.00919797149896
H            2.48222966939287       -0.35060936264656        0.91481164724270
H            1.48044885611774       -0.76892511148162       -1.33590138248660
H            0.58273909396922        0.76021023659203       -1.21507982898827
H           -1.48044951555491       -0.76792663866058        1.33647713321020
H           -0.58276514239055        0.76113041616554        1.21448335215847
H           -1.64602890358174        1.20132576092563       -1.01013141281279
H           -2.48224316462762       -0.35135023558714       -0.91455197668462
H           -2.87300171084257        0.94073757258959        0.23181280745121
15
 energy: -17.722655059379 gnorm: 0.000055674123 xtb: 6.7.1 (edcfbbe)
C            2.07252064491033        0.46919039868974        0.32959880889516
C            1.01947154472946       -0.06471615926199       -0.63929594042432
O           -0.00000116119772       -0.81805956028855        0.00030503936554
C           -1.01948499743948       -0.06424400159525        0.63933180716087
C           -2.07254468035467        0.46890389750083       -0.32996907996584
H            2.87234975137316        0.94115744078653       -0.23263905489812
H            1.64490565025749        1.20273120542097        1.00864349642543
H            2.48189415660914       -0.34968908041887        0.91528677401364
H            1.48085225458058       -0.76964555126354       -1.33542095307508
H            0.58253819897695        0.75920779129338       -1.21572354550965
H           -1.48085267748147       -0.76864821420001        1.33599692313631
H           -0.58256397350398        0.76012780264700        1.21512804632138
H           -1.64494190466100        1.20192880999829       -1.00957845905710
H           -2.48190939474283       -0.35043047779316       -0.91502666280067
H           -2.87237819121190        0.94129189953878        0.23190893036917
15
 energy: -17.722655347030 gnorm: 0.000052713344 xtb: 6.7.1 (edcfbbe)
C            2.07204131855586        0.46960404767429        0.32954150460879
C            1.01944093523100       -0.06518306277324       -0.63935360952685
O           -0.00000104242683       -0.81851341297604        0.00030486684607
C           -1.01945419852051       -0.06471118038245        0.63938952868044
C           -2.07206553218207        0.46931755968072       -0.32991183223796
H            2.87189876600418        0.94144331366502       -0.23275365553131
H            1.64404889704102        1.20346478921436        1.00800006648930
H            2.48147748374315       -0.34878838099164        0.91585634142467
H            1.48122662931102       -0.77036053939133       -1.33496042088627
H            0.58241863755885        0.75828326019520       -1.21636752469620
H           -1.48122669287432       -0.76936405504222        1.33553655894797
H           -0.58244423384606        0.75920332177280        1.21577258184076
H           -1.64408514795895        1.20266189328535       -1.00893620465853
H           -2.48149399210124       -0.34953033186680       -0.91559580523496
H           -2.87192660669105        0.94157897899012        0.23202373389078
15
 energy: -17.722655653228 gnorm: 0.000053287940 xtb: 6.7.1 (edcfbbe)
C            2.07159735426621        0.47003050028665        0.32946352379474
C            1.01943046020302       -0.06564528258792       -0.63941069740350
O           -0.00000111559879       -0.81894043776025        0.00030461948928
C           -1.01944362970980       -0.06517356568587        0.63944678992588
C           -2.07162170624645        0.46974398576413       -0.32983404726658
H            2.87162408617222        0.94147479235823       -0.23292529212509
H            1.64329407035986        1.20442901484856        1.00714253959989
H            2.48088973536930       -0.34784342304003        0.91660798431144
H            1.48162830066305       -0.77111344445104       -1.33444645006951
H            0.58235779479773        0.75734506701002       -1.21706686714842
H           -1.48162802465588       -0.77011766289293        1.33502305816940
H           -0.58238306908345        0.75826531028286        1.21647248982222
H           -1.64333035836975        1.20362611524472       -1.00807990493713
H           -2.48090730502337       -0.34858605808794       -0.91634741320437
H           -2.87165137229987        0.94161128976495        0.23219579699846
15
 energy: -17.722656004408 gnorm: 0.000048671541 xtb: 6.7.1 (edcfbbe)
C            2.07112877883718        0.47051663135386        0.32936638719481
C            1.01943597952271       -0.06615778605573       -0.63947822428098
O           -0.00000105633250       -0.81938388059077        0.00030439696607
C           -1.01944891353678       -0.06568619756069        0.63951437842757
C           -2.07115340751631        0.47023020203186       -0.32973696979883
H            2.87144806786006        0.94130705383930       -0.23314845068487
H            1.64255675091112        1.20568145080824        1.00603836784990
H            2.48010779070967       -0.34675024799637        0.91757123649723
H            1.48208305389723       -0.77199462258164       -1.33383901249552
H            0.58234509613575        0.75629645737346       -1.21788643275358
H           -1.48208224912134       -0.77099957857336        1.33441607858492
H           -0.58236994853631        0.75721711423790        1.21729240626510
H           -1.64259333116732        1.20487877702408       -1.00697699689610
H           -2.48012633531142       -0.34749364564377       -0.91731059617005
H           -2.87147505550768        0.94144447338776        0.23241956125104
15
 energy: -17.722656402924 gnorm: 0.000043921696 xtb: 6.7.1 (edcfbbe)
C            2.07060975932264        0.47107517460195        0.32924483319560
C            1.01945120733726       -0.06673829139260       -0.63956080539780
O           -0.00000125640914       -0.81986938779372        0.00030424073283
C           -1.01946407323035       -0.06626658312700        0.63959731590910
C           -2.07063443366186        0.47078880902407       -0.32961588062237
H            2.87132794310312        0.94099479539398       -0.23342528405212
H            1.64175765980134        1.20721503091851        1.00466822232267
H            2.47913154710605       -0.34547499801699        0.91876583918710
H            1.48261562915606       -0.77301698988321       -1.33312142388794
H            0.58235316239578        0.75508668496013       -1.21885999282961
H           -1.48261450156669       -0.77202251555115        1.33369928174641
H           -0.58237762421702        0.75600808177972        1.21826667323558
H           -1.64179445310327        1.20641336956688       -1.00560834309006
H           -2.47915078277053       -0.34621935239156       -0.91850584113258
H           -2.87135456241934        0.94113237296516        0.23269729463988
15
 energy: -17.722656825092 gnorm: 0.000041301355 xtb: 6.7.1 (edcfbbe)
C            2.07002779955181        0.47170290091316        0.32911052404769
C            1.01947024690504       -0.06738974720821       -0.63965010445847
O           -0.00000094657918       -0.82041596052118        0.00030417942749
C           -1.01948269895260       -0.06691808678213        0.63968658357041
C           -2.07005293303934        0.47141679623446       -0.32948154004035
H            2.87120011605741        0.94063628329933       -0.23373070311253
H            1.64087953866140        1.20893418726399        1.00314784310878
H            2.47802870425372       -0.34405783289814        0.92007970826011
H            1.48320195366524       -0.77415981551581       -1.33232779553273
H            0.58237341316021        0.75374803763032       -1.21992656004956
H           -1.48320014155284       -0.77316585290327        1.33290639703379
H           -0.58239744262343        0.75467026239622        1.21933345741674
H           -1.64091702064145        1.20813350937967       -1.00408898520423
H           -2.47804837004158       -0.34480307319132       -0.91982017858960
H           -2.87122699798035        0.94077459295707        0.23300330407918
15
 energy: -17.722657064257 gnorm: 0.000040686466 xtb: 6.7.1 (edcfbbe)
C            2.06956160183061        0.47206784376098        0.32905451706409
C            1.01942487100734       -0.06782936852304       -0.63971134969056
O           -0.00000132240077       -0.82086268156889        0.00030441452193
C           -1.01943762291155       -0.06735747560478        0.63974857762086
C           -2.06958642274484        0.47178169472060       -0.32942622752520
H            2.87071681873001        0.94098062644114       -0.23382192534914
H            1.63999281266404        1.20952167450038        1.00257660748543
H            2.47766327744528       -0.34324153198241        0.92057050693906
H            1.48352430092393       -0.77477367826565       -1.33196382205306
H            0.58222979220509        0.75291165754120       -1.22046934745657
H           -1.48352285969516       -0.77377995498401        1.33254314304645
H           -0.58225383752608        0.75383436953667        1.21987734886414
H           -1.64003008692141        1.20872184961260       -1.00351835548215
H           -2.47768262259907       -0.34398713330865       -0.92031219557518
H           -2.87074347916337        0.94111830917801        0.23309423754660
15
 energy: -17.722657297064 gnorm: 0.000039892333 xtb: 6.7.1 (edcfbbe)
C            2.06916632391883        0.47244520916709        0.32898968953186
C            1.01940942971784       -0.06823688244812       -0.63975031436155
O           -0.00000119214524       -0.82125685218661        0.00030478265649
C           -1.01942213458928       -0.06776479142701        0.63978783330918
C           -2.06919116114697        0.47215926362516       -0.32936164904687
H            2.87034778937187        0.94122984572027       -0.23395143958768
H            1.63925841161520        1.21019156610902        1.00197156825434
H            2.47732006695791       -0.34242514196459        0.92107478539660
H            1.48388558480428       -0.77543652007107       -1.33148083596661
H            0.58216484166210        0.75206546128037       -1.22109846991252
H           -1.48388428489562       -0.77444280173616        1.33206071446202
H           -0.58218907962654        0.75298896590461        1.22050702950936
H           -1.63929570196383        1.20939283332576       -1.00291325787333
H           -2.47733848673640       -0.34317104077359       -0.92081757632255
H           -2.87037518610010        0.94136708652906        0.23322326990797
15
 energy: -17.722657534228 gnorm: 0.000038244784 xtb: 6.7.1 (edcfbbe)
C            2.06878051126563        0.47284746851989        0.32891803606921
C            1.01942793265327       -0.06866295683379       -0.63979682260712
O           -0.00000135878829       -0.82161695689527        0.00030526426303
C           -1.01944089643222       -0.06819060195325        0.63983507900626
C           -2.06880509888263        0.47256158454261       -0.32929064697975
H            2.87003568411084        0.94139479887296       -0.23411776845475
H            1.63858736599447        1.21097253545452        1.00130151386011
H            2.47692454240870       -0.34157249882851        0.92163237798121
H            1.48428094048577       -0.77616350169733       -1.33096978457564
H            0.58216919525040        0.75119711749076       -1.22175961678201
H           -1.48428005148471       -0.77516986588777        1.33155062915581
H           -0.58219358360946        0.75212137562051        1.22116920178614
H           -1.63862465401891        1.21017519631682       -1.00224336112742
H           -2.47694189604163       -0.34231869651002       -0.92137697058360
H           -2.87006341206718        0.94153120284203        0.23338899894522
15
 energy: -17.722657776696 gnorm: 0.000037767599 xtb: 6.7.1 (edcfbbe)
C            2.06840022495940        0.47324903724418        0.32883664165320
C            1.01943824941039       -0.06908985234059       -0.63983866226630
O           -0.00000115974176       -0.82198999997846        0.00030583000996
C           -1.01945122230751       -0.06861725050429        0.63987729359662
C           -2.06842477422400        0.47296339864650       -0.32920955680866
H            2.86978062761822        0.94147127832969       -0.23429773753572
H            1.63791451167535        1.21183806154782        1.00051742080511
H            2.47646548994414       -0.34067717397481        0.92228905398597
H            1.48467383414599       -0.77690295334979       -1.33043189691776
H            0.58216771054257        0.75031010338289       -1.22244483834792
H           -1.48467334036243       -0.77590922534948        1.33101337552748
H           -0.58219249527363        0.75123532045979        1.22185510659180
H           -1.63795172796488        1.21104220139276       -1.00145908934809
H           -2.47648140081087       -0.34142374336505       -0.92203520854269
H           -2.86980930676694        0.94160699891300        0.23356839755371
15
 energy: -17.722658023807 gnorm: 0.000037180282 xtb: 6.7.1 (edcfbbe)
C            2.06798413661203        0.47366431734585        0.32875404668189
C            1.01943752116725       -0.06953363948111       -0.63989279765320
O           -0.00000123640093       -0.82238475384480        0.00030650301695
C           -1.01945079343745       -0.06906077699347        0.63993223060828
C           -2.06800839249020        0.47337879002097       -0.32912763738996
H            2.86954086843943        0.94146903566830       -0.23447510097066
H            1.63723232667257        1.21278922755573        0.99967452741271
H            2.47589486967320       -0.33975752061894        0.92300352815398
H            1.48505641639103       -0.77764289521787       -1.32992276749228
H            0.58213917447851        0.74940661230903       -1.22312684645775
H           -1.48505648565019       -0.77664921205088        1.33050522759674
H           -0.58216434821132        0.75033262746573        1.22253829287222
H           -1.63726938365249        1.21199500046676       -1.00061632444559
H           -2.47590932373387       -0.34050443335359       -0.92275176705978
H           -2.86957012901351        0.94160382178247        0.23374501508318
15
 energy: -17.722658274776 gnorm: 0.000036571034 xtb: 6.7.1 (edcfbbe)
C            2.06755044919996        0.47407828082151        0.32866374795434
C            1.01942446490624       -0.06997996203716       -0.63995483831746
O           -0.00000115617216       -0.82279233205843        0.00030720540558
C           -1.01943790498149       -0.06950676333565        0.63999488785929
C           -2.06757452486704        0.47379295734435       -0.32903781816308
H            2.86932698026729        0.94140075536992       -0.23465492535578
H            1.63652596086535        1.21379856656994        0.99874892370323
H            2.47523653113322       -0.33882038961935        0.92378791428794
H            1.48544499337315       -0.77837171800035       -1.32942296354658
H            0.58207671072458        0.74849240958518       -1.22381022966976
H           -1.48544570878871       -0.77737794892624        1.33000611207165
H           -0.58210241649965        0.74941941745218        1.22322270600654
H           -1.63656277518673        1.21300606504040       -0.99969064689969
H           -2.47524923236294       -0.33956777046309       -0.92353813079082
H           -2.86935715076703        0.94153463331094        0.23392418541130
15
 energy: -17.722658528196 gnorm: 0.000035560616 xtb: 6.7.1 (edcfbbe)
C            2.06709333579277        0.47450534047183        0.32857229716447
C            1.01940041746317       -0.07044029712648       -0.64001993886293
O           -0.00000126895252       -0.82322722575862        0.00030795466694
C           -1.01941422651479       -0.06996682911278        0.64006090380319
C           -2.06711702314979        0.47422014050106       -0.32894715449292
H            2.86912578212039        0.94128490586370       -0.23482933168022
H            1.63580954914055        1.21487039277954        0.99777671266066
H            2.47450940210637       -0.33785200327411        0.92461923951991
H            1.48581739687497       -0.77910875953558       -1.32893283744410
H            0.58199441455808        0.74755511911395       -1.22449984899815
H           -1.48581878073652       -0.77811508139797        1.32951698809298
H           -0.58202058294467        0.74848286631283        1.22391372189379
H           -1.63584613224504        1.21407967152114       -0.99871875903971
H           -2.47452059635908       -0.33859982506529       -0.92437163433903
H           -2.86915646630984        0.94141778576095        0.23409781701182
15
 energy: -17.722658780096 gnorm: 0.000034878885 xtb: 6.7.1 (edcfbbe)
C            2.06662863613076        0.47493335430686        0.32847532087698
C            1.01937843743874       -0.07090276282168       -0.64009204670638
O           -0.00000108051449       -0.82365594697572        0.00030855842978
C           -1.01939228798369       -0.07042903356853        0.64013343076557
C           -2.06665224965860        0.47464836121195       -0.32885053962238
H            2.86893241513354        0.94113853358097       -0.23501511509430
H            1.63507750397799        1.21597426600081        0.99675646562698
H            2.47374612234514       -0.33687064263735        0.92548426135868
H            1.48621452095375       -0.77985284682812       -1.32843084791936
H            0.58190995601307        0.74660828535899       -1.22520429482117
H           -1.48621645805086       -0.77885914120100        1.32901547686063
H           -0.58193662736755        0.74753696060753        1.22461905377643
H           -1.63511377689295        1.21518503088942       -0.99769855512094
H           -2.47375594374648       -0.33761907207124       -0.92523820296086
H           -2.86896394693433        0.94127085520127        0.23428316450703
15
 energy: -17.722659025108 gnorm: 0.000034232280 xtb: 6.7.1 (edcfbbe)
C            2.06616845058872        0.47537087216846        0.32837847475165
C            1.01935703710075       -0.07137219901995       -0.64015631446489
O           -0.00000136191867       -0.82409721322580        0.00030908032179
C           -1.01937131563046       -0.07089836186959        0.64019867398728
C           -2.06619164720636        0.47508590987390       -0.32875454109144
H            2.86874825503268        0.94099930316802       -0.23519498306393
H            1.63436115835474        1.21708517898084        0.99574338927240
H            2.47298786043690       -0.33587694960543        0.92634565919624
H            1.48659584740395       -0.78060735303394       -1.32792520301748
H            0.58183256941549        0.74564971635568       -1.22590912912765
H           -1.48659820609745       -0.77961412213945        1.32851092637787
H           -0.58185946201767        0.74657891437835        1.22532526717810
H           -1.63439732926686        1.21629732876753       -0.99668638745054
H           -2.47299698599383       -0.33662587405749       -0.92610136591951
H           -2.86877964935790        0.94113105031302        0.23446258300680
15
 energy: -17.722659258181 gnorm: 0.000033822834 xtb: 6.7.1 (edcfbbe)
C            2.06571596776847        0.47579232511529        0.32828535309436
C            1.01934106317133       -0.07182471736908       -0.64022637704617
O           -0.00000093073296       -0.82450920797420        0.00030932864349
C           -1.01935496563779       -0.07135062183483        0.64026856374124
C           -2.06573951767440        0.47550759328299       -0.32866134218187
H            2.86854864737016        0.94087159123562       -0.23537946620455
H            1.63364824361931        1.21815634293302        0.99475737498038
H            2.47226570701820       -0.33491053763587        0.92717893509555
H            1.48699092404717       -0.78134869886708       -1.32741786439869
H            0.58176602043825        0.74471734012708       -1.22661324551728
H           -1.48699329614423       -0.78035536685186        1.32800359196407
H           -0.58179313123566        0.74564745879063        1.22602970824228
H           -1.63368429971908        1.21736945804538       -0.99570034799823
H           -2.47227425107474       -0.33566022519522       -0.92693520962901
H           -2.86858096036999        0.94100346725231        0.23464712717113
15
 energy: -17.722659475961 gnorm: 0.000033464214 xtb: 6.7.1 (edcfbbe)
C            2.06529194293803        0.47620845878654        0.32819249196484
C            1.01933007963433       -0.07227053814329       -0.64027985905911
O           -0.00000151798917       -0.82492199585013        0.00030954943993
C           -1.01934459331425       -0.07179659210399        0.64032321517928
C           -2.06531493608399        0.47592364617818       -0.32856946334850
H            2.86835350891144        0.94080144578144       -0.23554964591049
H            1.63296436015640        1.21915856347236        0.99383817345189
H            2.47160514830012       -0.33397653648341        0.92794681479946
H            1.48736521804147       -0.78206953266496       -1.32692238176737
H            0.58171263504890        0.74380852001394       -1.22727901531622
H           -1.48736774061643       -0.78107711052470        1.32750956783245
H           -0.58173962433983        0.74473879536236        1.22669678979860
H           -1.63300056684237        1.21837259543910       -0.99478275033233
H           -2.47161384948714       -0.33472658241656       -0.92770451201544
H           -2.86838484351345        0.94093306420729        0.23481715523972
15
 energy: -17.722659677162 gnorm: 0.000032956794 xtb: 6.7.1 (edcfbbe)
C            2.06487819148762        0.47659254237896        0.32811449550114
C            1.01931795353062       -0.07268388263415       -0.64034194016417
O           -0.00000076638712       -0.82529627184793        0.00030945200262
C           -1.01933157301313       -0.07220968416393        0.64038445543840
C           -2.06490200723615        0.47630797801655       -0.32849081852415
H            2.86812316190469        0.94076489548446       -0.23570938933951
H            1.63229588452305        1.22007085254326        0.99300337664468
H            2.47101862577174       -0.33310016690932        0.92865370190109
H            1.48772390240015       -0.78275118156902       -1.32645371346646
H            0.58165835245647        0.74295343666455       -1.22792688908738
H           -1.48772590311324       -0.78175843851454        1.32704037954635
H           -0.58168523391233        0.74388465406786        1.22734429695905
H           -1.63233217407224        1.21928515085506       -0.99394766602452
H           -2.47102753368585       -0.33385090256711       -0.92841104229612
H           -2.86815565981024        0.94089721924946        0.23497743086571
15
 energy: -17.722659862528 gnorm: 0.000032402300 xtb: 6.7.1 (edcfbbe)
C            2.06449849891016        0.47696344785257        0.32803318121289
C            1.01931156772313       -0.07308484541312       -0.64038530448557
O           -0.00000155893406       -0.82566763156455        0.00030942812554
C           -1.01932590897479       -0.07261094029825        0.64042899437329
C           -2.06452171379796        0.47667874012812       -0.32841054302636
H            2.86789584620333        0.94079680119032       -0.23585581051359
H            1.63164800207032        1.22088804994019        0.99224508177884
H            2.47050093286125       -0.33227894852460        0.92927241715333
H            1.48807168907239       -0.78339370196370       -1.32600328392842
H            0.58161754439551        0.74214213926768       -1.22851416824022
H           -1.48807369002634       -0.78240213180462        1.32659144394437
H           -0.58164409500808        0.74307324546344        1.22793271322725
H           -1.63168450126539        1.22010291516377       -0.99319127443530
H           -2.47051060341577       -0.33303009326073       -0.92903066276312
H           -2.86792678896968        0.94092915487763        0.23512391753379
15
 energy: -17.722660033930 gnorm: 0.000031637804 xtb: 6.7.1 (edcfbbe)
C            2.06412829065919        0.47730658160544        0.32796845991239
C            1.01930094195127       -0.07345787108547       -0.64043531860409
O           -0.00000092470891       -0.82601039400716        0.00030922348567
C           -1.01931442175407       -0.07298378115841        0.64047828603044
C           -2.06415226219875        0.47702205219173       -0.32834519587125
H            2.86763805772505        0.94086418243442       -0.23598470464278
H            1.63102264093160        1.22162185946488        0.99157392108541
H            2.47005227848371       -0.33150688837834        0.92983929031323
H            1.48838700391332       -0.78399889755209       -1.32558826455165
H            0.58156656287343        0.74137468465378       -1.22908272146074
H           -1.48838838952048       -0.78300724578106        1.32617583709733
H           -0.58159283114980        0.74230647027556        1.22850105006940
H           -1.63105934680841        1.22083653591942       -0.99252015250074
H           -2.47006258793828       -0.33225858605392       -0.92959689814995
H           -2.86766979161482        0.94099749852539        0.23525331774404
15
 energy: -17.722660193893 gnorm: 0.000030912165 xtb: 6.7.1 (edcfbbe)
C            2.06377838940970        0.47763560470857        0.32790157723482
C            1.01929342779127       -0.07381772018422       -0.64047546898588
O           -0.00000139038313       -0.82634534926855        0.00030910219571
C           -1.01930733316290       -0.07334394003063        0.64051910258557
C           -2.06380205063027        0.47735098444036       -0.32827895621266
H            2.86737616803489        0.94097269207834       -0.23610822754944
H            1.63040369655382        1.22228635441521        0.99095416903573
H            2.46965011800169       -0.33078108755199        0.93034113828794
H            1.48870275891369       -0.78457181739670       -1.32518504101985
H            0.58152624024260        0.74064772179882       -1.22960819285158
H           -1.48870401021414       -0.78358109693659        1.32577363980013
H           -0.58155229373477        0.74157946722461        1.22902715331497
H           -1.63044047227322        1.22150124603808       -0.99190185809256
H           -2.46966133183016       -0.33153319748776       -0.93009909484791
H           -2.86740669587502        0.94110633920663        0.23537708706171
15
 energy: -17.722660344619 gnorm: 0.000030186465 xtb: 6.7.1 (edcfbbe)
C            2.06343970727937        0.47795128470702        0.32784276548734
C            1.01928517099653       -0.07416409105575       -0.64051583218159
O           -0.00000098202353       -0.82666702845844        0.00030899878361
C           -1.01929847651310       -0.07369014200783        0.64055908081930
C           -2.06346389132473        0.47766670449117       -0.32821983285312
H            2.86710581654969        0.94110567709180       -0.23621939376701
H            1.62980626145876        1.22290263157643        0.99038569822220
H            2.46928852146754       -0.33008154579947        0.93081321647272
H            1.48899563248012       -0.78512361041641       -1.32480383830482
H            0.58148031053379        0.73994179655662       -1.23011858141206
H           -1.48899649266893       -0.78413291868228        1.32539211639312
H           -0.58150608884800        0.74087409688399        1.22953764971400
H           -1.62984312787396        1.22211746005342       -0.99133345156632
H           -2.46930030755504       -0.33083412285202       -0.93057092688226
H           -2.86713683311445        0.94124000896591        0.23548846103161
15
 energy: -17.722660487845 gnorm: 0.000029490507 xtb: 6.7.1 (edcfbbe)
C            2.06311003220466        0.47825657947383        0.32778400626500
C            1.01927717714107       -0.07449951973235       -0.64055311313232
O           -0.00000149850043       -0.82698011890289        0.00030906926380
C           -1.01929111397398       -0.07402592821614        0.64059723538195
C           -2.06313371230866        0.47797204207373       -0.32816185904823
H            2.86683378680240        0.94124756912668       -0.23632996837010
H            1.62921456730914        1.22348761046585        0.98984061820354
H            2.46894689811153       -0.32940940863640        0.93125465359071
H            1.48928796914782       -0.78565679161361       -1.32442846415477
H            0.58144116614517        0.73926320286194       -1.23060857143440
H           -1.48928887478700       -0.78466706092048        1.32501798508944
H           -0.58146699847336        0.74019541496331        1.23002843148238
H           -1.62925147285841        1.22270293607452       -0.99078981398388
H           -2.46895894066282       -0.33016226400038       -0.93101301538747
H           -2.86686376445309        0.94138193803657        0.23559893619107
15
 energy: -17.722660624903 gnorm: 0.000028834890 xtb: 6.7.1 (edcfbbe)
C            2.06279008225033        0.47855529737127        0.32772803097512
C            1.01927102408468       -0.07482810822218       -0.64059007292929
O           -0.00000072239490       -0.82728479136799        0.00030906096930
C           -1.01928389036765       -0.07435393114942        0.64063335819550
C           -2.06281462680405        0.47827080255789       -0.32810517235017
H            2.86656895769133        0.94139138702785       -0.23643459160053
H            1.62864269663427        1.22405553867840        0.98931403570869
H            2.46861837848558       -0.32875004244166        0.93168741367158
H            1.48956889817894       -0.78617871155689       -1.32406551551341
H            0.58140065442579        0.73859517609917       -1.23108910035130
H           -1.48956961743342       -0.78518835189582        1.32465391868361
H           -0.58142621798478        0.73952833384858        1.23050899300860
H           -1.62867956272176        1.22327075864009       -0.99026241799452
H           -2.46863059099645       -0.32950342318756       -0.93144558642590
H           -2.86660024220387        0.94152626665244        0.23570377590941
15
 energy: -17.722660756956 gnorm: 0.000028258133 xtb: 6.7.1 (edcfbbe)
C            2.06247579871628        0.47884740776893        0.32767131440268
C            1.01926314404991       -0.07514818398270       -0.64062515335840
O           -0.00000197182378       -0.82758312686605        0.00030936251302
C           -1.01927771858293       -0.07467491206975        0.64067043601439
C           -2.06249893493943        0.47856299457388       -0.32805021216033
H            2.86631304509076        0.94152200120527       -0.23654067057859
H            1.62808080102280        1.22461869787451        0.98878870423837
H            2.46828844370340       -0.32810562478954        0.93211284481253
H            1.48984668331268       -0.78668871554758       -1.32370515344831
H            0.58136398491125        0.73794539903402       -1.23155889962845
H           -1.48984764040276       -0.78570017493483        1.32429636935971
H           -0.58138992423384        0.73887796289498        1.23098002459819
H           -1.62811788166447        1.22383517721011       -0.98973967553083
H           -2.46830053784431       -0.32885902395655       -0.93187249770802
H           -2.86634207047152        0.94165632263947        0.23580933643075
15
 energy: -17.722660885171 gnorm: 0.000027733729 xtb: 6.7.1 (edcfbbe)
C            2.06216663796256        0.47913601456179        0.32761614820153
C            1.01925846646878       -0.07546509771726       -0.64066240412412
O            0.00000012295122       -0.82787556406743        0.00030918039848
C           -1.01927013039758       -0.07499013648941        0.64070496151696
C           -2.06219217205107        0.47885157004965       -0.32799270843656
H            2.86607029243236        0.94163565215541       -0.23664437149199
H            1.62753639785415        1.22518664132846        0.98826202019803
H            2.46795143669878       -0.32746584675528        0.93254560606686
H            1.49011932853064       -0.78719354741969       -1.32335447602741
H            0.58132699376690        0.73730063089637       -1.23202428700915
H           -1.49011982803307       -0.78620257781111        1.32394198802607
H           -0.58135226269320        0.73823531477592        1.23144460879667
H           -1.62757319166836        1.22440224031053       -0.98920965831483
H           -2.46796371075816       -0.32822003195746       -0.93230423587831
H           -2.86610316021990        0.94177093919367        0.23591375803449
15
 energy: -17.722661010639 gnorm: 0.000027297547 xtb: 6.7.1 (edcfbbe)
C            2.06186208584773        0.47942144476320        0.32755737153145
C            1.01924888677029       -0.07577538122697       -0.64069628535460
O           -0.00000333078213       -0.82816459578944        0.00030987598848
C           -1.01926542646736       -0.07530315512619        0.64074405303391
C           -2.06188361870557        0.47913723225753       -0.32793843008119
H            2.86584509845513        0.94172551197035       -0.23675112044992
H            1.62700171857553        1.22576575720358        0.98771861026609
H            2.46759888590803       -0.32683142475028        0.93298533855010
H            1.49038806646725       -0.78768976141605       -1.32300100532083
H            0.58129028330964        0.73666673614597       -1.23248455426266
H           -1.49038927926677       -0.78670350375188        1.32359588246988
H           -0.58131679878964        0.73759902210510        1.23190738200024
H           -1.62703900740382        1.22498422601826       -0.98867270312187
H           -2.46761055841556       -0.32758507423648       -0.93274725726488
H           -2.86587178465871        0.94185916688746        0.23601897197250
15
 energy: -17.722661134398 gnorm: 0.000026924898 xtb: 6.7.1 (edcfbbe)
C            2.06155472230419        0.47970688052045        0.32750204379159
C            1.01924582369543       -0.07608830117640       -0.64073699325135
O            0.00000198659089       -0.82845174936321        0.00030920817289
C           -1.01925481535196       -0.07561156667722        0.64077739168217
C           -2.06158244876203        0.47942237787163       -0.32787677920939
H            2.86562871415965        0.94178937406323       -0.23685695325997
H            1.62647837431981        1.22636513246716        0.98716522949240
H            2.46722659936358       -0.32619349577915        0.93344339804906
H            1.49065662723870       -0.78818995865899       -1.32265830009496
H            0.58125465554421        0.73603010708293       -1.23294644736319
H           -1.49065691939912       -0.78719681793319        1.32324275505049
H           -0.58127920672750        0.73696713170012        1.23236685652463
H           -1.62651483963443        1.22558052243606       -0.98811013101906
H           -2.46723880699235       -0.32694879482468       -0.93320199065645
H           -2.86566524550502        0.94192535932543        0.23612684204785
15
 energy: -17.722661237105 gnorm: 0.000027087517 xtb: 6.7.1 (edcfbbe)
C            2.06124618739952        0.47994676134166        0.32746035210730
C            1.01921294814186       -0.07637498588499       -0.64077053588643
O           -0.00000346350185       -0.82874762988587        0.00031005776288
C           -1.01922970544106       -0.07590288615328        0.64081885443100
C           -2.06126754646345        0.47966275799527       -0.32784187683825
H            2.86532904789587        0.94199715231651       -0.23691269140557
H            1.62589828018211        1.22675747521962        0.98677239444945
H            2.46695795559705       -0.32565877724778        0.93376396794963
H            1.49086475734040       -0.78858030327460       -1.32241764333608
H            0.58116271596684        0.73548691427503       -1.23328496289162
H           -1.49086597486811       -0.78759477802535        1.32301348384821
H           -0.58118922590822        0.73641966160707        1.23270859704427
H           -1.62593576475363        1.22597701090692       -0.98772744204501
H           -2.46696941762429       -0.32641294401866       -0.93352682583014
H           -2.86535557311900        0.94213077188263        0.23618040059709
15
 energy: -17.722661338770 gnorm: 0.000026222491 xtb: 6.7.1 (edcfbbe)
C            2.06097802712175        0.48018983933774        0.32741625554661
C            1.01920079290561       -0.07663992085363       -0.64079829803543
O           -0.00000191579141       -0.82900627138722        0.00031002149938
C           -1.01921532231878       -0.07616642525937        0.64084479012536
C           -2.06100119736494        0.47990563704181       -0.32779621577362
H            2.86510088504537        0.94212458452595       -0.23699179759754
H            1.62541428512310        1.22721255020373        0.98634392082814
H            2.46669135102221       -0.32511796159618        0.93411526863336
H            1.49109845196959       -0.78900031408430       -1.32210845455532
H            0.58111538417700        0.73493283338570       -1.23368768568750
H           -1.49109948066254       -0.78801290052072        1.32270138981641
H           -0.58114132690517        0.73586711373332        1.23311122975323
H           -1.62545137592098        1.22643123751650       -0.98729646201168
H           -2.46670313139681       -0.32587274792691       -0.93387766294505
H           -2.86513020615995        0.94225894693774        0.23625983036036
15
 energy: -17.722661446346 gnorm: 0.000025345550 xtb: 6.7.1 (edcfbbe)
C            2.06071747477530        0.48045845022229        0.32736272976820
C            1.01921157014700       -0.07692069045098       -0.64082696095418
O           -0.00000238687909       -0.82924736083272        0.00031023540669
C           -1.01922693639289       -0.07644778756411        0.64087437436143
C           -2.06073994656847        0.48017449551054       -0.32774352039361
H            2.86492131502179        0.94218580580759       -0.23710030460907
H            1.62497527526621        1.22776424131019        0.98585005006976
H            2.46637667178597       -0.32453732582913        0.93451368765417
H            1.49136292180875       -0.78947578683322       -1.32175828038768
H            0.58111933799538        0.73434798099113       -1.23412921410485
H           -1.49136413192335       -0.78848951413663        1.32235267912822
H           -0.58114580919419        0.73528215270712        1.23355338511799
H           -1.62501234047389        1.22698378103138       -0.98680406104020
H           -2.46638807689391       -0.32529233395478       -0.93427671846033
H           -2.86494971763058        0.94232009307551        0.23636804840017
15
 energy: -17.722661561181 gnorm: 0.000025135635 xtb: 6.7.1 (edcfbbe)
C            2.06044782376597        0.48073719165418        0.32730238161449
C            1.01922175277515       -0.07721496111515       -0.64085933558332
O           -0.00000136763491       -0.82949864820572        0.00031028337947
C           -1.01923556023783       -0.07674095615355        0.64090557787627
C           -2.06047151479314        0.48045301467007       -0.32768217290732
H            2.86477150204874        0.94218275072402       -0.23722342362217
H            1.62452119965519        1.22839935891461        0.98525895416495
H            2.46600088119697       -0.32390416614928        0.93499808340178
H            1.49163657361220       -0.78998348490777       -1.32138432941334
H            0.58112602833884        0.73373028269334       -1.23460326236559
H           -1.49163782650243       -0.78899599246167        1.32197676538188
H           -0.58115196715604        0.73466562712633        1.23402784444430
H           -1.62455795219092        1.22761842932306       -0.98621148333478
H           -2.46601257866496       -0.32465979542829       -0.93476114934935
H           -2.86480177336878        0.94231755037001        0.23649139626944
15
 energy: -17.722661682329 gnorm: 0.000024989760 xtb: 6.7.1 (edcfbbe)
C            2.06014909794453        0.48103509127435        0.32723729431654
C            1.01922401667261       -0.07752999399319       -0.64089733808433
O           -0.00000035022463       -0.82977697075386        0.00031034014925
C           -1.01923670054879       -0.07705552534227        0.64094249871387
C           -2.06017373750404        0.48075115294062       -0.32761617180520
H            2.86463292638865        0.94212777348687       -0.23734796600865
H            1.62404604737906        1.22911429125880        0.98460198542850
H            2.46554117740632       -0.32322967146875        0.93553918407546
H            1.49191433255481       -0.79050974219323       -1.32100841807924
H            0.58111490029205        0.73307715749290       -1.23509504712023
H           -1.49191540152884       -0.78952161944196        1.32159959003428
H           -0.58114096287335        0.73401355422785        1.23451934957717
H           -1.62408257384166        1.22833337353462       -0.98555364671968
H           -2.46555265663093       -0.32398595092687       -0.93530178201855
H           -2.86466489464175        0.94226328095827        0.23661625749751
15
 energy: -17.722661807017 gnorm: 0.000024792924 xtb: 6.7.1 (edcfbbe)
C            2.05982971010510        0.48133785133787        0.32716671540943
C            1.01921632138989       -0.07785293188505       -0.64094184512685
O           -0.00000152519335       -0.83006836059224        0.00031060066584
C           -1.01923034297208       -0.07737888121075        0.64098885936303
C           -2.05985320693894        0.48105365138689       -0.32754722008788
H            2.86450104745291        0.94203548456347       -0.23747515139629
H            1.62354184662369        1.22987465223380        0.98388476164446
H            2.46501726101062       -0.32253200994852        0.93613041950989
H            1.49219963252504       -0.79103744211937       -1.32063423553932
H            0.58107910649287        0.73240616658658       -1.23559496993011
H           -1.49220110042103       -0.79005075553928        1.32122756987169
H           -0.58110510909005        0.73334211489191        1.23502102643039
H           -1.62357839935987        1.22909471415040       -0.98483864588006
H           -2.46502909968273       -0.32328848483121       -0.93589483462233
H           -2.86453092109804        0.94217043202967        0.23674307964483
15
 energy: -17.722661931966 gnorm: 0.000024337983 xtb: 6.7.1 (edcfbbe)
C            2.05949442643449        0.48164901736238        0.32709651536202
C            1.01920306569226       -0.07818723829863       -0.64098804818680
O            0.00000072651388       -0.83038252590592        0.00031050963422
C           -1.01921451837880       -0.07771217957829        0.64103234853778
C           -2.05952011320999        0.48136534385159       -0.32747465861400
H            2.86436930903713        0.94192802828357       -0.23759503479289
H            1.62302442991129        1.23066297730101        0.98314843284769
H            2.46445880714355       -0.32181627604672        0.93674231132136
H            1.49247573516012       -0.79156958721292       -1.32026977247334
H            0.58102884918907        0.73171922961547       -1.23609447215938
H           -1.49247653698064       -0.79058103538165        1.32085998445542
H           -0.58105493865340        0.73265711292437        1.23551905743678
H           -1.62306078534740        1.22988262124705       -0.98409972206467
H           -2.46447014495314       -0.32257366168094       -0.93650505122520
H           -2.86440309071439        0.94206437457379        0.23686372987772
15
 energy: -17.722662053675 gnorm: 0.000024046077 xtb: 6.7.1 (edcfbbe)
C            2.05915770830400        0.48195370733941        0.32702396084787
C            1.01918530294966       -0.07851446826053       -0.64103661538522
O           -0.00000318015152       -0.83068624680855        0.00031103098444
C           -1.01920142578221       -0.07804133541867        0.64108640570037
C           -2.05917946044400        0.48166947266189       -0.32740691223303
H            2.86423367656246        0.94181903644040       -0.23771775465761
H            1.62249715612220        1.23144220239230        0.98240472993390
H            2.46389785216215       -0.32110734082124        0.93735416429374
H            1.49275838105028       -0.79209150848898       -1.31990371932554
H            0.58097249308760        0.73104064708960       -1.23659395621963
H           -1.49276029753493       -0.79110727672389        1.32050070564820
H           -0.58099873413971        0.73197608241356        1.23602238312115
H           -1.62253384045081        1.23066429603786       -0.98336242837642
H           -2.46390982704117       -0.32186439994501       -0.93712113339170
H           -2.86426058384996        0.94195333314604        0.23698526901619
15
 energy: -17.722662169432 gnorm: 0.000023802244 xtb: 6.7.1 (edcfbbe)
C            2.05882982688812        0.48225791271497        0.32695586189461
C            1.01917473492212       -0.07884342328643       -0.64108094458428
O            0.00000141405602       -0.83099615807957        0.00031073899380
C           -1.01918541274223       -0.07836796124290        0.64112489284864
C           -2.05885620206950        0.48197448157894       -0.32733368664208
H            2.86409375993005        0.94173676155988       -0.23783198399911
H            1.62198320142799        1.23219391324976        0.98169912454187
H            2.46336569725285       -0.32041057107442        0.93793777242117
H            1.49303050299603       -0.79261095804666       -1.31954931273227
H            0.58092380069802        0.73036809543233       -1.23707697174074
H           -1.49303113051153       -0.79162225854605        1.32013929644838
H           -0.58094991170647        0.73130724616773        1.23650202612671
H           -1.62201948062461        1.23141445962762       -0.98265041945820
H           -2.46337670183286       -0.32116893679645       -0.93770115921164
H           -2.86412887783994        0.94187359779543        0.23710089504986
15
 energy: -17.722662277807 gnorm: 0.000023485261 xtb: 6.7.1 (edcfbbe)
C            2.05851626948509        0.48254498403240        0.32689036176266
C            1.01916008680160       -0.07915067982361       -0.64112340507598
O           -0.00000343564547       -0.83127944660597        0.00031143392119
C           -1.01917671996442       -0.07867774458689        0.64117411228561
C           -2.05853763681975        0.48226104327232       -0.32727413442730
H            2.86394385728487        0.94167734597926       -0.23794460737692
H            1.62148275651241        1.23289200074246        0.98103596904717
H            2.46288179263067       -0.31974710604696        0.93848101440682
H            1.49329571009574       -0.79310623400661       -1.31919718452751
H            0.58087941355952        0.72972835632637       -1.23755062085937
H           -1.49329787834475       -0.79212287843244        1.31979557490073
H           -0.58090602139932        0.73066435557708        1.23698018351273
H           -1.62151936526701        1.23211572004316       -0.98199504351662
H           -2.46289301970206       -0.32050500075729       -0.93824939608548
H           -2.86397058838307        0.94181148534087        0.23721187198898
15
 energy: -17.722662378520 gnorm: 0.000023150868 xtb: 6.7.1 (edcfbbe)
C            2.05822243626015        0.48282190218732        0.32682928576135
C            1.01915674029588       -0.07945053164820       -0.64116072797912
O            0.00000009423265       -0.83155496750859        0.00031127862010
C           -1.01916896797577       -0.07897543903042        0.64120703587979
C           -2.05824743366915        0.48253832413064       -0.32720918370226
H            2.86378607365241        0.94166140868425       -0.23805055563004
H            1.62099963758719        1.23352945912161        0.98043295886782
H            2.46245164351131       -0.31911949211510        0.93897115360692
H            1.49355709302803       -0.79358514086101       -1.31886037024396
H            0.58084856080793        0.72911448952627       -1.23799417032964
H           -1.49355841601583       -0.79259809073493        1.31945311828856
H           -0.58087472019449        0.73005347081880        1.23742172356386
H           -1.62103593700917        1.23275186387217       -0.98138692274422
H           -2.46246242262434       -0.31987835052741       -0.93873726711496
H           -2.86381916104275        0.94179729513876        0.23731877311249
15
 energy: -17.722662472016 gnorm: 0.000022805051 xtb: 6.7.1 (edcfbbe)
C            2.05794360188730        0.48308276217242        0.32677469739457
C            1.01914919659301       -0.07973098139160       -0.64119447359887
O           -0.00000162538272       -0.83181290011457        0.00031170995044
C           -1.01916386925861       -0.07925717802852        0.64124343831199
C           -2.05796657908430        0.48279921215821       -0.32715692964328
H            2.86361585065820        0.94167902950022       -0.23814677050376
H            1.62053678480639        1.23410497956149        0.97989175431315
H            2.46207817174577       -0.31852744701677        0.93941325885879
H            1.49379719037550       -0.79403825345461       -1.31853727684165
H            0.58081813248612        0.72853281608740       -1.23842056512142
H           -1.49379903451280       -0.79305359586084        1.31913375699445
H           -0.58084505021448        0.72947092978472        1.23784956356006
H           -1.62057310890769        1.23332909767585       -0.98084888495961
H           -2.46208860526034       -0.31928620721804       -0.93918148504617
H           -2.86364583508731        0.94181393719882        0.23741433628803
