15
 energy: -17.724515679603 gnorm: 0.026903044412 xtb: 6.7.1 (edcfbbe)
C            1.64172626431869       -0.71422568365940       -0.56746010578711
C            1.36694058367862        0.52157527855823        0.28934997869760
C           -0.02830354225433        0.58143213559058        0.91998097870746
C           -1.19586884346211        0.52418535408010       -0.06075364481514
O           -1.57603374581955       -0.81618065800049       -0.43906371961220
H            2.69510369255742       -0.75295371461564       -0.86448578547622
H            1.41602841706473       -1.63881286462182       -0.02330636378708
H            1.05787378246497       -0.70634129654532       -1.49597681509994
H            2.10812616600925        0.56659201132345        1.09646616536265
H            1.51924612513788        1.42157311520806       -0.31996273727953
H           -0.15144511773571       -0.22852512973794        1.65091462822474
H           -0.11182009027397        1.52157892811823        1.47915755883026
H           -2.09198038722551        0.94685412626480        0.40310894645648
H           -0.97254884555885        1.12087349477842       -0.95838059674344
H           -0.82991217841181       -1.22163037688524       -0.89674343583911
15
 energy: -17.725403976632 gnorm: 0.012561389591 xtb: 6.7.1 (edcfbbe)
C            1.64060491856079       -0.71086483235930       -0.56554042441209
C            1.36737295141224        0.52440144346441        0.28371967767409
C           -0.02417438777104        0.57082223851718        0.91947534925326
C           -1.19104649112037        0.52566170197260       -0.06622323013807
O           -1.58633110716261       -0.79579205447075       -0.43285099400213
H            2.69252734413691       -0.74300379832324       -0.84844383014376
H            1.41219367979266       -1.62259126973380       -0.01337489062141
H            1.05924712821386       -0.69436540100230       -1.48784759231995
H            2.10319272408610        0.56397274719968        1.09180159421956
H            1.51059885692164        1.41911860592675       -0.32994928278209
H           -0.14317252988495       -0.25063717859127        1.63262237111357
H           -0.10319700692687        1.50556625882667        1.48138954847308
H           -2.08604269626197        0.94785568076227        0.39682313870232
H           -0.96095144670161        1.10782903990857       -0.96850649349637
H           -0.84368965680504       -1.22197846224144       -0.88024988968062
15
 energy: -17.725656227170 gnorm: 0.003525262152 xtb: 6.7.1 (edcfbbe)
C            1.64291321498080       -0.70869273625651       -0.56526634418454
C            1.36801555940403        0.52895198419455        0.28082891869992
C           -0.02288471754683        0.56393465935454        0.91940424280970
C           -1.18912164380427        0.52563807892559       -0.07215004189061
O           -1.59871905333161       -0.78127035981725       -0.42943040246409
H            2.69349442549994       -0.74014479370661       -0.84212182898448
H            1.41247819267201       -1.61253365170156       -0.00765879137881
H            1.06271634100737       -0.69106390451976       -1.48375179659767
H            2.10224763299490        0.57330649740935        1.08764276411802
H            1.49937970431649        1.42112610646700       -0.33516281602080
H           -0.13851487994363       -0.27288765437737        1.61151387726330
H           -0.10354612784459        1.48810389722659        1.49424731079667
H           -2.07860522175217        0.96243778506476        0.38750922426430
H           -0.94398976805697        1.10220694636430       -0.97292978984758
H           -0.85873137810574       -1.23311813477159       -0.85982947474390
15
 energy: -17.725745331748 gnorm: 0.003815870838 xtb: 6.7.1 (edcfbbe)
C            1.64592751107296       -0.70666364691230       -0.56449162339429
C            1.36777465364402        0.53333223255300        0.27940501899030
C           -0.02293910932513        0.55654374278264        0.92015181299096
C           -1.18765316729534        0.52707592547739       -0.07722944358517
O           -1.61040748019313       -0.77289633181383       -0.42742538119527
H            2.69635705643008       -0.73709730581477       -0.84107180258067
H            1.41672527167484       -1.60840200666673       -0.00329454525489
H            1.06452234844547       -0.69189257947303       -1.48183812832501
H            2.10390245110317        0.58495673681308        1.08367012645598
H            1.48983069012768        1.42474083517310       -0.33902343892457
H           -0.13631035082520       -0.29181435609722        1.59818378506340
H           -0.10678008555487        1.47117729827837        1.50860985788055
H           -2.07171070879389        0.98175068164622        0.37721002804440
H           -0.92918339148028        1.10002859939160       -0.97762770283966
H           -0.87292340854063       -1.24484510548148       -0.84238351148663
15
 energy: -17.725809689240 gnorm: 0.004427835552 xtb: 6.7.1 (edcfbbe)
C            1.65095447035816       -0.70381063436924       -0.56287737658356
C            1.36681005955229        0.53770772994300        0.27860244353662
C           -0.02323574489653        0.54754582155898        0.92098663773858
C           -1.18562226210740        0.53034350687810       -0.08227822672617
O           -1.62678402390179       -0.76396781391087       -0.42542586130131
H            2.70100804555329       -0.73086879323644       -0.84337783691193
H            1.42765049815827       -1.60552979369514        0.00219033909107
H            1.06542693020685       -0.69625101172736       -1.47863095710132
H            2.10662178319559        0.59994179294729        1.07917451072669
H            1.47758911615095        1.42864936209515       -0.34316373730984
H           -0.13450010678600       -0.31401808618131        1.58313046909884
H           -0.11123197032286        1.44993528924371        1.52790608085921
H           -2.06351714865288        1.00763266112999        0.36305155488030
H           -0.91122900990286        1.09566770259499       -0.98444273838879
H           -0.89280835611536       -1.25698301341482       -0.82200024976895
15
 energy: -17.725841963193 gnorm: 0.003024760669 xtb: 6.7.1 (edcfbbe)
C            1.65509399678128       -0.70165870236411       -0.56118845444090
C            1.36572156352952        0.53985978271934        0.27838447589752
C           -0.02360568381228        0.54111736561478        0.92095901853518
C           -1.18385026632158        0.53410168564065       -0.08506448063387
O           -1.63920671126435       -0.75782275822625       -0.42370530126947
H            2.70419641923758       -0.72318320343687       -0.84768153609220
H            1.44050398018163       -1.60466676874558        0.00656311785961
H            1.06438200995697       -0.70181793756338       -1.47457760843466
H            2.10761792037506        0.60918455857062        1.07686968832673
H            1.46989436156389        1.43061338446296       -0.34539640366769
H           -0.13432503072069       -0.32848011993635        1.57293051416594
H           -0.11381720277638        1.43488692151461        1.54051120931871
H           -2.05750412492137        1.02552485175332        0.35304283226595
H           -0.89982283200130        1.09073544911029       -0.99020494362173
H           -0.90814611931823       -1.26239978925798       -0.80859707636969
15
 energy: -17.725862458356 gnorm: 0.001322133804 xtb: 6.7.1 (edcfbbe)
C            1.65859660333893       -0.69995815312119       -0.56003630210059
C            1.36486225313122        0.54030246229246        0.27866376998337
C           -0.02423400664924        0.53685314787728        0.92013694625949
C           -1.18253510513803        0.53795837036668       -0.08681439131063
O           -1.64906661008766       -0.75304122346005       -0.42215014457954
H            2.70615675590865       -0.71437524031892       -0.85346492647487
H            1.45431207110960       -1.60435840542355        0.00992040813707
H            1.06200567388525       -0.70718964902311       -1.46999389923067
H            2.10688502333010        0.61293332856872        1.07681083490936
H            1.46626196422316        1.43110619574162       -0.34565665670778
H           -0.13556189245878       -0.33764364573909        1.56524190784035
H           -0.11490101742894        1.42476028716136        1.54776335702646
H           -2.05308008783290        1.03775263479636        0.34600648192290
H           -0.89276314377506        1.08560313561245       -0.99513320694431
H           -0.91980620106659       -1.26470852547498       -0.79844912689117
15
 energy: -17.725874177570 gnorm: 0.001298468180 xtb: 6.7.1 (edcfbbe)
C            1.66208506028398       -0.69824586246283       -0.55973829662939
C            1.36444473071060        0.53969691488130        0.27958442972392
C           -0.02543463918381        0.53315924335435        0.91874852526422
C           -1.18141152407623        0.54221950878022       -0.08922509495169
O           -1.65933026955914       -0.74771293439193       -0.42034172689345
H            2.70698666192592       -0.70252221698391       -0.86235735983961
H            1.47176993121638       -1.60382729953649        0.01286497022404
H            1.05743877299041       -0.71265396693144       -1.46400738270364
H            2.10464671286928        0.61220631296265        1.07917553663032
H            1.46546175710524        1.43123991909792       -0.34351778104165
H           -0.13847598233033       -0.34547080632890        1.55757045166205
H           -0.11528265598991        1.41648725853539        1.55233684140182
H           -2.04893124554059        1.04949093301283        0.33884525017514
H           -0.88600835461810        1.07972313172048       -1.00075288232177
H           -0.93082667531397       -1.26779541585360       -0.78634042886086
15
 energy: -17.725879184066 gnorm: 0.000781335556 xtb: 6.7.1 (edcfbbe)
C            1.66254578972791       -0.69791946023467       -0.56036667877247
C            1.36485800185086        0.53899559064680        0.28071249169009
C           -0.02610370028859        0.53282737681525        0.91849485755978
C           -1.18115115798760        0.54268040203277       -0.09068288835091
O           -1.66118556839005       -0.74657144244524       -0.41974938135278
H            2.70571890834758       -0.69781101271333       -0.86807623160836
H            1.47871924925461       -1.60369499747513        0.01344163767046
H            1.05333294090350       -0.71429058521000       -1.46113981291132
H            2.10383602264950        0.60920639302985        1.08156532039921
H            1.46712697647342        1.43146124988580       -0.34073101822019
H           -0.14012452088913       -0.34609046595303        1.55652547165686
H           -0.11566023765614        1.41606405122203        1.55211552468777
H           -2.04797150918850        1.05246802197726        0.33613017779504
H           -0.88386627521210        1.07793832614957       -1.00262621738476
H           -0.93294263910555       -1.26926872787188       -0.78276820101899
15
 energy: -17.725883651341 gnorm: 0.000413075723 xtb: 6.7.1 (edcfbbe)
C            1.66236909716341       -0.69719738345865       -0.56133671427305
C            1.36560308545559        0.53791586447935        0.28303560308805
C           -0.02680250610759        0.53306972587008        0.91849405584256
C           -1.18040810395391        0.54230938147042       -0.09288209870952
O           -1.66282834862557       -0.74615701146880       -0.41909373180353
H            2.70311762213137       -0.69150057474001       -0.87707134143076
H            1.48722625301403       -1.60402410853635        0.01329618309993
H            1.04632878542201       -0.71532132755648       -1.45726350570201
H            2.10319666171193        0.60373962245948        1.08554557321258
H            1.47101730254361        1.43204616052777       -0.33543905924559
H           -0.14247321705270       -0.34497740248707        1.55730281942337
H           -0.11661246582608        1.41729822856564        1.55071137692479
H           -2.04656584528511        1.05545171001070        0.33181409578804
H           -0.88057723861869        1.07564019571693       -1.00524242678849
H           -0.93545880148256       -1.27229836099697       -0.77902577758692
15
 energy: -17.725884837777 gnorm: 0.000281881866 xtb: 6.7.1 (edcfbbe)
C            1.66204276067362       -0.69630366623380       -0.56193938957387
C            1.36594157264782        0.53743018490165        0.28461956597345
C           -0.02703390193580        0.53285377116928        0.91860698122002
C           -1.17957632321434        0.54231119601260       -0.09427271858432
O           -1.66398701583817       -0.74564246511596       -0.41831943018746
H            2.70141919203387       -0.68815711746745       -0.88198140090279
H            1.49125628276489       -1.60401301299790        0.01254836566607
H            1.04236709944808       -0.71520715653474       -1.45534184899931
H            2.10308936248332        0.60120309213047        1.08778937924972
H            1.47262525103352        1.43261919075268       -0.33220963602891
H           -0.14357007924936       -0.34522673401087        1.55745958487260
H           -0.11757615654251        1.41717709117806        1.55077567014148
H           -2.04528107410131        1.05839758787045        0.32802065684330
H           -0.87724030146303        1.07336238143487       -1.00741010743861
H           -0.93734438825086       -1.27480962323331       -0.77550062041193
15
 energy: -17.725885315219 gnorm: 0.000146606696 xtb: 6.7.1 (edcfbbe)
C            1.66177525637753       -0.69552882634357       -0.56227685126660
C            1.36606733926210        0.53731406513387        0.28558586344906
C           -0.02713277906744        0.53256538629391        0.91880483569363
C           -1.17860898529355        0.54220426739377       -0.09530994963306
O           -1.66525809083751       -0.74535485367101       -0.41768181959108
H            2.70039685292610       -0.68595322544166       -0.88477013508675
H            1.49329528870501       -1.60393550586913        0.01191479334357
H            1.04004247216746       -0.71450273806626       -1.45427023289272
H            2.10306014824314        0.59977308899423        1.08900479505864
H            1.47349397660310        1.43323360390813       -0.33012103199086
H           -0.14434680186250       -0.34562825569208        1.55742533167193
H           -0.11818961287538        1.41661187474660        1.55131923086435
H           -2.04373692297122        1.06072346968733        0.32495161809884
H           -0.87435645778898        1.07123631586726       -1.00899373595974
H           -0.93936940309812       -1.27676394708535       -0.77273765991975
15
 energy: -17.725885569882 gnorm: 0.000122683387 xtb: 6.7.1 (edcfbbe)
C            1.66163339361441       -0.69492046011763       -0.56259803797168
C            1.36617008463361        0.53730000206380        0.28619323537550
C           -0.02719274592271        0.53219807887541        0.91888472559564
C           -1.17809158368594        0.54231938679197       -0.09590248000897
O           -1.66618196878657       -0.74504970934753       -0.41697722673649
H            2.70008333746977       -0.68514222985194       -0.88558216728355
H            1.49343700332883       -1.60368464293591        0.01111136250208
H            1.03943642720451       -0.71347441047243       -1.45429143690706
H            2.10318765783465        0.59926042275635        1.08963776136668
H            1.47364575190418        1.43360467215007       -0.32894617458666
H           -0.14458931962365       -0.34631783346165        1.55706524022173
H           -0.11860392638900        1.41585960471276        1.55186341940253
H           -2.04286131427910        1.06257883537319        0.32284177469096
H           -0.87230306087394        1.06954471059478       -1.01013299483493
H           -0.94063745593930       -1.27808170727519       -0.77032194898631
15
 energy: -17.725885715426 gnorm: 0.000059782481 xtb: 6.7.1 (edcfbbe)
C            1.66152217699257       -0.69463713478162       -0.56282774518436
C            1.36618431902897        0.53736598148549        0.28634688797517
C           -0.02721147458204        0.53215679983018        0.91896473844164
C           -1.17781529033516        0.54231054896992       -0.09611701328397
O           -1.66650979463431       -0.74506652783644       -0.41645475732383
H            2.70015061896719       -0.68526790632752       -0.88522884319133
H            1.49255701891650       -1.60359166811565        0.01036295197793
H            1.03977623317814       -0.71245719104611       -1.45485198286670
H            2.10311964713255        0.59893379723824        1.08987719890092
H            1.47377343950469        1.43388872469375       -0.32844717927704
H           -0.14464086044568       -0.34652681667412        1.55690830002353
H           -0.11875702805251        1.41566308666927        1.55213034919653
H           -2.04239567123791        1.06328596219912        0.32196987367904
H           -0.87151849812288        1.06855404541350       -1.01065309945855
H           -0.94110255582037       -1.27861698186198       -0.76913462776952
15
 energy: -17.725885808862 gnorm: 0.000049762954 xtb: 6.7.1 (edcfbbe)
C            1.66136574944081       -0.69441039331883       -0.56307706564274
C            1.36630343956682        0.53735678281355        0.28653817794831
C           -0.02722489524386        0.53222884139048        0.91894841475613
C           -1.17772037162965        0.54219410654444       -0.09625044378964
O           -1.66665202170421       -0.74527742012898       -0.41601080873658
H            2.70025349096171       -0.68553177669542       -0.88470604411016
H            1.49139708735599       -1.60352530952783        0.00958368272474
H            1.04023129888575       -0.71132711412550       -1.45555714914222
H            2.10313812810233        0.59841268094360        1.09019395731224
H            1.47419779100683        1.43405021026261       -0.32793171644115
H           -0.14472830482530       -0.34633467492109        1.55697561598013
H           -0.11876034217594        1.41580080410724        1.55197985498943
H           -2.04222967581405        1.06354966021647        0.32148106642512
H           -0.87120877578589        1.06785278465806       -1.01098782470376
H           -0.94123031765162       -1.27904446236277       -0.76833466573040
