15
 energy: -17.721627174326 gnorm: 0.026330705886 xtb: 6.7.1 (edcfbbe)
C            1.95365966649312        0.56302125941398        0.31862986647133
C            1.02326298488497       -0.14653115324809       -0.65036876428722
O           -0.00001683149075       -0.92199074449833        0.00032339102190
C           -1.02323747632666       -0.14601941846730        0.65049840596861
C           -1.95365674688181        0.56284408566051       -0.31898142939387
H            2.38596910089528       -0.14772988692196        1.03065862209918
H            2.77215328657664        1.02538820534994       -0.24311656993299
H            1.44688396324700        1.35548491988800        0.87656211599280
H            1.58714287461676       -0.87385258067969       -1.24329898701252
H            0.57293696398900        0.57080449040505       -1.34970803651774
H           -1.58710836362261       -0.87288430067641        1.24399688813605
H           -0.57284681159491        0.57181826058123        1.34927713667651
H           -2.38605920791673       -0.14842485408889       -1.03043562535310
H           -2.77208458701889        1.02569489036514        0.24246190284770
H           -1.44686155092508        1.35484403363266       -0.87755543872801
15
 energy: -17.722471493766 gnorm: 0.011744886565 xtb: 6.7.1 (edcfbbe)
C            1.96435913064011        0.56640600979348        0.31760347895228
C            1.02284999829120       -0.14310765249227       -0.64443558734045
O           -0.00001338474146       -0.90401895049999        0.00032233902355
C           -1.02282639542376       -0.14260230097591        0.64456491576812
C           -1.96435156872183        0.56622980836574       -0.31795991701042
H            2.37940750430074       -0.14514896872934        1.02991214886669
H            2.78013064588041        1.01767382512389       -0.24493536691984
H            1.45482839934634        1.35480172411468        0.86861619325552
H            1.57420390943570       -0.88655590315763       -1.22665188493712
H            0.57225405365030        0.57354064527827       -1.34138627229480
H           -1.57417821428356       -0.88560180290266        1.22735567530593
H           -0.57217664795442        0.57454645395344        1.34096318793759
H           -2.37948811334557       -0.14584519861897       -1.02969703766575
H           -2.78006059147794        1.01798175016930        0.24428113465498
H           -1.45480146067091        1.35416776729385       -0.86960952960764
15
 energy: -17.722627010429 gnorm: 0.003002433299 xtb: 6.7.1 (edcfbbe)
C            1.97111258029504        0.56713919005157        0.31753339043515
C            1.02187897264671       -0.14148020460670       -0.64324660316979
O           -0.00001094945816       -0.89133175080740        0.00032492135744
C           -1.02185864850837       -0.14097726572432        0.64337861269160
C           -1.97110012689529        0.56696241026682       -0.31789395996955
H            2.37544133658277       -0.14539393548978        1.03142569643754
H            2.78661212891579        1.00741026831950       -0.24736185333508
H            1.46284769855384        1.35819590469218        0.86226742948000
H            1.56754502674623       -0.89309898165879       -1.21901950583294
H            0.57881470004399        0.57849889233285       -1.34096796153856
H           -1.56752952781676       -0.89215341585642        1.21972435549833
H           -0.57874946978491        0.57950244630358        1.34055320997087
H           -2.37551136635303       -0.14609242278626       -1.03121856182276
H           -2.78654188896805        1.00771836488242        0.24670683415556
H           -1.46281320107446        1.35756770679661       -0.86326252636918
15
 energy: -17.722645208965 gnorm: 0.000918438913 xtb: 6.7.1 (edcfbbe)
C            1.97384519173043        0.56680066571067        0.31722509174599
C            1.02167218912152       -0.14133665875820       -0.64338327632350
O           -0.00000988373824       -0.88845988383988        0.00032864286958
C           -1.02165429903285       -0.14083426765142        0.64351788137190
C           -1.97382990219740        0.56662387488880       -0.31758762843548
H            2.37389516706703       -0.14592146497751        1.03344239029980
H            2.79161313579301        1.00149696871342       -0.24857121031498
H            1.46762066958659        1.36153646134245        0.85878925756166
H            1.56701906708504       -0.89351674377137       -1.21837444153191
H            0.58313549136949        0.58077657072558       -1.34231615510107
H           -1.56700942924133       -0.89257336176905        1.21907776623833
H           -0.58307755982152        0.58178026477763        1.34190649995316
H           -2.37395727613215       -0.14662168312776       -1.03324058243831
H           -2.79154437730069        1.00180408907361        0.24791420120995
H           -1.46758091936359        1.36091237537888       -0.85978495911649
15
 energy: -17.722653649873 gnorm: 0.001407838244 xtb: 6.7.1 (edcfbbe)
C            1.97689461686781        0.56575633272592        0.31686500192437
C            1.02145752349598       -0.14084760968672       -0.64375133823314
O           -0.00000850315973       -0.88594250058193        0.00033607111057
C           -1.02144408091069       -0.14034556053733        0.64389070455840
C           -1.97687444806839        0.56557940731147       -0.31723084667192
H            2.37046611055862       -0.14653705049246        1.03774389993823
H            2.79975716782881        0.99118125147515       -0.24956305515711
H            1.47541564832583        1.36760853438586        0.85318214845969
H            1.56672432610757       -0.89244814504659       -1.21966703524544
H            0.58698879049061        0.58386424679784       -1.34339836672284
H           -1.56672460345744       -0.89150606570903        1.22036727447288
H           -0.58694343940658        0.58486775416719        1.34299772622051
H           -2.37051245926553       -0.14724047531138       -1.03755311293250
H           -2.79969240710020        0.99148427425741        0.24890163968301
H           -1.47536697738132        1.36699281296046       -0.85417723341608
15
 energy: -17.722658556341 gnorm: 0.000893974257 xtb: 6.7.1 (edcfbbe)
C            1.97714607745519        0.56521909290133        0.31677080221012
C            1.02128155975925       -0.14016711712533       -0.64373314174365
O           -0.00000803554778       -0.88601172111844        0.00033923015150
C           -1.02126965959909       -0.13966484902566        0.64387400316618
C           -1.97712412878778        0.56504232565598       -0.31713776099829
H            2.36783543067271       -0.14684996627183        1.03944434219999
H            2.80224848391921        0.98722878908559       -0.24904325097043
H            1.47771691156228        1.36957425214189        0.85110848274894
H            1.56603487951611       -0.89127247346676       -1.22100879332212
H            0.58558080971538        0.58487912032667       -1.34217672462060
H           -1.56603879701479       -0.89032922799501        1.22170802748794
H           -0.58553991024332        0.58588206542358        1.34177893006611
H           -2.36787406387695       -0.14755404286910       -1.03925877802206
H           -2.80218653075728        0.98752784393846        0.24837986070843
H           -1.47766576184777        1.36896311511449       -0.85210175107345
15
 energy: -17.722665922559 gnorm: 0.000384330249 xtb: 6.7.1 (edcfbbe)
C            1.97854331365856        0.56338167298321        0.31637697513277
C            1.02047827764029       -0.13748355685790       -0.64430283920099
O           -0.00000708443570       -0.88462528627606        0.00034910730421
C           -1.02047175890800       -0.13697916109882        0.64444868341344
C           -1.97851543998264        0.56320580655359       -0.31674808855523
H            2.35726718134828       -0.14881365453892        1.04526723766640
H            2.81145691823320        0.97250872979392       -0.24734972648705
H            1.48556834461894        1.37648428125444        0.84327424900642
H            1.56274772729902       -0.88761027830671       -1.22534941483166
H            0.58196529170701        0.58944688643535       -1.33871716982636
H           -1.56276389754278       -0.88666195452073        1.22604665780724
H           -0.58193857172964        0.59044983783313        1.33832799359993
H           -2.35727702905681       -0.14952008308326       -1.04510074742535
H           -2.81140617931023        0.97279192619840        0.24668001114636
H           -1.48550982861417        1.37589204034623       -0.84425945076150
15
 energy: -17.722666281968 gnorm: 0.000090494814 xtb: 6.7.1 (edcfbbe)
C            1.97905506400032        0.56303037937885        0.31620181856619
C            1.02034914508760       -0.13699256051297       -0.64466948335811
O           -0.00000719101880       -0.88422021490291        0.00034988151660
C           -1.02034290646700       -0.13648701235310        0.64481570196532
C           -1.97902686524909        0.56285508127915       -0.31657298412428
H            2.35528369300433       -0.14914695933935        1.04619689382480
H            2.81346623136764        0.96974532925098       -0.24673342150542
H            1.48733983047000        1.37765545221493        0.84173254549587
H            1.56208110035590       -0.88695889094466       -1.22625443877368
H            0.58185534870373        0.59037545735298       -1.33858164592862
H           -1.56209802300960       -0.88600805153591        1.22695280591078
H           -0.58182871925681        0.59137986427968        1.33819180393297
H           -2.35528796601668       -0.14985226646226       -1.04603381402533
H           -2.81341875423276        0.97002371912630        0.24606295904483
H           -1.48728272281345        1.37706787988416       -0.84271514455328
15
 energy: -17.722666304739 gnorm: 0.000022054583 xtb: 6.7.1 (edcfbbe)
C            1.97919522484444        0.56297676556394        0.31618422542612
C            1.02036330528520       -0.13684206682351       -0.64476964695908
O           -0.00000764156928       -0.88395151860644        0.00034929346764
C           -1.02035675363713       -0.13633537206493        0.64491549491077
C           -1.97916751030544        0.56280192718220       -0.31655526980871
H            2.35476699809378       -0.14933199433312        1.04640792981556
H            2.81393776032504        0.96905384320363       -0.24673373400344
H            1.48763507185215        1.37797290144270        0.84133321774960
H            1.56194493218757       -0.88690044007371       -1.22635745287384
H            0.58193697655817        0.59064213389095       -1.33858601213664
H           -1.56196116091418       -0.88594768392995        1.22705686953806
H           -0.58190892049784        0.59164805163247        1.33819450800543
H           -2.35476929409312       -0.15003712891871       -1.04624599383968
H           -2.81389215889081        0.96932963292906        0.24606409604295
H           -1.48757956431322        1.37738815562128       -0.84231404734613
