----------------------------------------------- 
  Element       SASA      Sigma Z        Total  
     Z         Ang**2 cal/Ang**2/mol   kcal/mol 
----------------------------------------------- 
      H        116.147      48.690       5.655
      C         26.532     129.740       3.442
      O         13.017       0.000       0.000

 Subtotal:     155.696                   9.097
 -----------------------------------------------

  Elements    COT*SASA   Sigma Z,Z'     Total   
    Z,Z'       Ang**2  cal/Ang**2/mol kcal/mol  
 ---------------------------------------------- 
  H   C         78.014     -60.770      -4.741
  H   O          0.000       0.000       0.000
  C   C         16.389     -72.950      -1.196
  O   C          0.000      68.690       0.000

 Subtotal:                              -5.937
 ---------------------------------------------- 

 NONAQUEOUS SOLVENT CONTRIBUTION (kcal/mol):
 (proportional to SASA, atomic number independent)
 ---------------------------------------------- 
 Subtotal:                               0.000
 ---------------------------------------------- 

 CDS TOTAL (kcal/mol):                   3.161
...............................................................................
