15
 energy: -233.587652690312 gnorm: 0.001172704186 xtb: 6.7.1 (edcfbbe)
C            1.66698604556043        0.79003144630042        0.40610660129166
C            1.27767414489873       -0.56304288523665       -0.16272151338243
O           -0.04500582597325       -0.59394246465696       -0.72330902471633
C           -1.10503904403110       -0.47743459687561        0.24773899095169
C           -1.80817377373572        0.86387124571035        0.14866417191484
H            1.59108314430427        1.57057573299462       -0.35762606810917
H            1.03724911794211        1.06689441993900        1.25638250331465
H            2.70354655129783        0.75089101378545        0.75687140859881
H            1.36741164904239       -1.34352989651059        0.60786777014987
H            1.94319745114423       -0.83065292148347       -0.98997694724623
H           -1.81628997358643       -1.28693583629209        0.04085734220482
H           -0.70638210948349       -0.63797749802294        1.25745828611853
H           -2.64706367392140        0.89530934811022        0.85200218200451
H           -1.13008437776383        1.68912676623620        0.38349773597161
H           -2.20467515200391        1.01619057237378       -0.85999804735869
15
 energy: -233.587657827494 gnorm: 0.000286616450 xtb: 6.7.1 (edcfbbe)
C            1.66832212474207        0.78970652413877        0.40671027777392
C            1.27704183526808       -0.56245388111205       -0.16233865575380
O           -0.04509961518912       -0.59149859019472       -0.72417755744345
C           -1.10517844292123       -0.47685435171845        0.24718420298038
C           -1.80937248415514        0.86331419845334        0.14812276849911
H            1.59230663884734        1.57086571317293       -0.35659413796183
H            1.04159477162134        1.06784874948398        1.25956714474898
H            2.70648389353993        0.74927444279815        0.75430891692319
H            1.36465138186005       -1.34334424393381        0.60822218832349
H            1.94358777771475       -0.83111973606528       -0.98857403724522
H           -1.81559755786563       -1.28747492603160        0.04068784093041
H           -0.70576482284770       -0.63769114458964        1.25697561091316
H           -2.64843845897724        0.89417335897569        0.85209377628456
H           -1.13228772821719        1.69007608838319        0.38189775031588
H           -2.20781532726371        1.01455215101142       -0.86027083559667
15
 energy: -233.587662298372 gnorm: 0.000857185170 xtb: 6.7.1 (edcfbbe)
C            1.67257732549541        0.78889147249879        0.40793189553188
C            1.27657473595169       -0.56155883689247       -0.16119378242199
O           -0.04458503344670       -0.58559378051581       -0.72537452770268
C           -1.10546799609826       -0.47506692529148        0.24593140449161
C           -1.81368508874024        0.86216953767816        0.14704302643782
H            1.59463865910033        1.57147785039474       -0.35390678548142
H            1.05178686732069        1.06805054956404        1.26518307500544
H            2.71313599407218        0.74587068164483        0.74920262284385
H            1.35950555463184       -1.34319284316384        0.60919468643075
H            1.94412980669170       -0.83258095047532       -0.98592967081695
H           -1.81330799156946       -1.28824419740813        0.03986012342659
H           -0.70527819176470       -0.63494528691711        1.25568289870241
H           -2.65181429771273        0.89170481033837        0.85255505019309
H           -1.13862114138042        1.69138459898249        0.37829005569337
H           -2.21515567089764        1.01100744090095       -0.86065513168512
15
 energy: -233.587662298372 gnorm: 0.000857185170 xtb: 6.7.1 (edcfbbe)
C            1.67257732549541        0.78889147249879        0.40793189553188
C            1.27657473595169       -0.56155883689247       -0.16119378242199
O           -0.04458503344670       -0.58559378051581       -0.72537452770268
C           -1.10546799609826       -0.47506692529148        0.24593140449161
C           -1.81368508874024        0.86216953767816        0.14704302643782
H            1.59463865910033        1.57147785039474       -0.35390678548142
H            1.05178686732069        1.06805054956404        1.26518307500544
H            2.71313599407218        0.74587068164483        0.74920262284385
H            1.35950555463184       -1.34319284316384        0.60919468643075
H            1.94412980669170       -0.83258095047532       -0.98592967081695
H           -1.81330799156946       -1.28824419740813        0.03986012342659
H           -0.70527819176470       -0.63494528691711        1.25568289870241
H           -2.65181429771273        0.89170481033837        0.85255505019309
H           -1.13862114138042        1.69138459898249        0.37829005569337
H           -2.21515567089764        1.01100744090095       -0.86065513168512
