15
 energy: -17.722106614651 gnorm: 0.028320025545 xtb: 6.7.1 (edcfbbe)
C            2.08199681988571        0.37466353870369       -0.47887310151115
C            1.25129683443395       -0.53649719381137        0.40806920019444
O           -0.07227798948869       -0.03996396490989        0.66773117970316
C           -0.92970855920548       -0.08168454284073       -0.48344804537205
C           -2.33205036600076        0.27108322472614       -0.04175736218117
H            3.10950187841523       -0.00164120213641       -0.52017888972404
H            1.70015177256032        0.41396803505702       -1.50277292668023
H            2.10717377476529        1.39102906646290       -0.07243046184384
H            1.71905469197351       -0.62946533096569        1.39342460016425
H            1.18103280730350       -1.54349590543792       -0.03128643021422
H           -0.58020269813256        0.62826260740089       -1.24613390475002
H           -0.89929380105601       -1.09141650471190       -0.92189073036104
H           -2.69922815510979       -0.44218169901041        0.70253654855493
H           -2.36276660315757        1.27584862121808        0.39098102801321
H           -3.00754599360133        0.24924849622081       -0.90224058285752
15
 energy: -17.722911970554 gnorm: 0.012210222647 xtb: 6.7.1 (edcfbbe)
C            2.09217008858251        0.37468264236975       -0.47996156038698
C            1.24816964847392       -0.53371007686368        0.40163693029445
O           -0.06743526722304       -0.04361001212719        0.65009128113318
C           -0.93166075162450       -0.08301416397744       -0.48434398311267
C           -2.33711691538744        0.27057345409883       -0.04148324695852
H            3.11357276866795       -0.00100989579284       -0.51158737534025
H            1.70908148577225        0.40952778570300       -1.49806919195577
H            2.10242506413408        1.38531810899315       -0.07445143932279
H            1.69736553929003       -0.61650825454670        1.39493491591096
H            1.17809793849036       -1.53915048339419       -0.03839869495214
H           -0.58329181980068        0.63105805178065       -1.24182821398181
H           -0.90336493475223       -1.09325403606157       -0.91901141446230
H           -2.68803084946371       -0.43886061554745        0.70536702086831
H           -2.35243837031433        1.26701751267677        0.39572940707145
H           -3.01040921125985        0.24869722865412       -0.89689431367041
15
 energy: -17.723076539807 gnorm: 0.003024847046 xtb: 6.7.1 (edcfbbe)
C            2.09759571080594        0.37531866116811       -0.47977869425773
C            1.24167262023009       -0.53141767100199        0.39874546342363
O           -0.06694423430791       -0.04240241985041        0.63714820166174
C           -0.93101479966354       -0.08351075225204       -0.48918369016590
C           -2.33765497394942        0.27003037577619       -0.03724777291759
H            3.11482516555206       -0.00226033493145       -0.50019203127237
H            1.71846640040919        0.40539485646943       -1.49747255997906
H            2.10008982489892        1.38371564180675       -0.07541149715262
H            1.68007535911680       -0.60879457903104        1.39648799879217
H            1.17862988406997       -1.53683464559525       -0.04267260438554
H           -0.58969984138021        0.63165297425935       -1.24887561082032
H           -0.90751874289452       -1.09398928712620       -0.92389786286329
H           -2.67720735201626       -0.43932823328711        0.71140153052669
H           -2.34384907163273        1.26317852975005        0.40122012592780
H           -3.01033153565306        0.24700412981083       -0.88854087538287
15
 energy: -17.723096334224 gnorm: 0.001026661199 xtb: 6.7.1 (edcfbbe)
C            2.09996593566120        0.37537261736949       -0.47880580992427
C            1.23934284006227       -0.53050990569592        0.39870827840096
O           -0.06764456410417       -0.04040161083926        0.63212131948919
C           -0.93158652918195       -0.08316404855447       -0.49235296721307
C           -2.33817294750413        0.26968193142896       -0.03538420162422
H            3.11692414297545       -0.00302414691340       -0.49332306564557
H            1.72473437588137        0.40289368908038       -1.49825514222304
H            2.10043326035372        1.38457510918872       -0.07609967880984
H            1.67653108768186       -0.60770194339732        1.39691252645236
H            1.18009533217383       -1.53642404709930       -0.04310682097506
H           -0.59482288169790        0.63146654083996       -1.25512777612053
H           -0.90985001457379       -1.09353419434828       -0.92820383043652
H           -2.67284555551063       -0.44070278227566        0.71469883383891
H           -2.34167164973406        1.26267114662904        0.40369903630587
H           -3.01429841889775        0.24655889055228       -0.88375058038043
15
 energy: -17.723102459629 gnorm: 0.001110363255 xtb: 6.7.1 (edcfbbe)
C            2.10343834192393        0.37495982982334       -0.47731219903679
C            1.23695459570812       -0.52915166588474        0.39816927446865
O           -0.06882856838341       -0.03629029261301        0.62640730769490
C           -0.93310634324844       -0.08226220088346       -0.49655661946361
C           -2.33882880097212        0.26870186171315       -0.03301223691040
H            3.12096721868477       -0.00366461828194       -0.48380818668615
H            1.73492555718429        0.39940408781544       -1.49978702094980
H            2.10192549127657        1.38592009851289       -0.07768819231032
H            1.67324969085374       -0.60759522027625        1.39683292036749
H            1.18006664354980       -1.53570049108678       -0.04365303655825
H           -0.60144681043611        0.63166482549649       -1.26304495755899
H           -0.91195759062564       -1.09271933983522       -0.93321810184169
H           -2.66826950722126       -0.44288783988006        0.71890497965615
H           -2.34100617977214        1.26195479249817        0.40659408351475
H           -3.02094932493678        0.24542341884720       -0.87709789325121
15
 energy: -17.723104419120 gnorm: 0.000351111995 xtb: 6.7.1 (edcfbbe)
C            2.10390291878670        0.37460873246081       -0.47737151655184
C            1.23729899025593       -0.52895322835358        0.39756032630939
O           -0.06847310196547       -0.03508649514650        0.62655352411150
C           -0.93348781815771       -0.08172974465566       -0.49629364044300
C           -2.33898942356684        0.26830893650807       -0.03303913831806
H            3.12154241461985       -0.00358349872623       -0.48316122043207
H            1.73632327375304        0.39890758082112       -1.50005142063912
H            2.10210837625447        1.38564611936522       -0.07812854744835
H            1.67306651851363       -0.60806272719407        1.39647459763795
H            1.17841483071824       -1.53519291022999       -0.04435206848167
H           -0.60158915623212        0.63231746310899       -1.26241891254037
H           -0.91131292405046       -1.09235075010265       -0.93226696728657
H           -2.66835073113486       -0.44320783905953        0.71885378757583
H           -2.34214046072008        1.26157337735876        0.40642228620242
H           -3.02117929348899        0.24456222981045       -0.87705096856131
15
 energy: -17.723105409903 gnorm: 0.000146192153 xtb: 6.7.1 (edcfbbe)
C            2.10521944448216        0.37401246987628       -0.47729738282564
C            1.23715014789345       -0.52848521858497        0.39668177226372
O           -0.06805669527300       -0.03255272632242        0.62567834243207
C           -0.93402608674278       -0.08053970488874       -0.49662126862175
C           -2.33945728329992        0.26759936899919       -0.03253046347549
H            3.12302479058386       -0.00358595456035       -0.48024197062821
H            1.73998318657538        0.39699699695711       -1.50077908532531
H            2.10198737392406        1.38546467263638       -0.07925878776526
H            1.67192384403041       -0.60864706108686        1.39594294879565
H            1.17615746675214       -1.53433778893877       -0.04558630191267
H           -0.60305774990802        0.63373337148833       -1.26287729310276
H           -0.91054359204817       -1.09132010257535       -0.93196251860509
H           -2.66727924227560       -0.44422244269606        0.71965368890664
H           -2.34370633711138        1.26080218979382        0.40692752083475
H           -3.02218485399727        0.24283917586761       -0.87599907983590
15
 energy: -17.723105664308 gnorm: 0.000137747827 xtb: 6.7.1 (edcfbbe)
C            2.10594771773478        0.37362026413578       -0.47728475827493
C            1.23698223555457       -0.52829379790234        0.39643526954543
O           -0.06784226441854       -0.03110878894530        0.62523588536882
C           -0.93417651739303       -0.07961960737340       -0.49683089180546
C           -2.33980683359320        0.26714012060053       -0.03219224230017
H            3.12390287702577       -0.00353289998164       -0.47838915015434
H            1.74217362865743        0.39546219229685       -1.50131764101186
H            2.10178097251370        1.38547343212782       -0.08027437925396
H            1.67153643032213       -0.60907406990243        1.39572031451618
H            1.17503913344337       -1.53398773945222       -0.04601992504878
H           -0.60407002051880        0.63504053505620       -1.26309570762424
H           -0.90998309862635       -1.09030758873196       -0.93229666682356
H           -2.66656035370456       -0.44505098628187        0.72010932206546
H           -2.34492779641984        1.26032904374208        0.40730245304883
H           -3.02286169699210        0.24166713657710       -0.87537176111269
15
 energy: -17.723105782168 gnorm: 0.000051672264 xtb: 6.7.1 (edcfbbe)
C            2.10626646885108        0.37330261211645       -0.47738325841017
C            1.23680373550324       -0.52821053133578        0.39639569608481
O           -0.06775431403277       -0.03041042980580        0.62511875740162
C           -0.93409958082515       -0.07886405324474       -0.49689313397947
C           -2.33999919273731        0.26679514236020       -0.03197246199904
H            3.12435303241644       -0.00350604528666       -0.47730329456673
H            1.74326470251779        0.39417270606405       -1.50171473424013
H            2.10137097144587        1.38545188538215       -0.08113016155888
H            1.67138023560413       -0.60917146279676        1.39564254651337
H            1.17449499500996       -1.53387634979049       -0.04608295981536
H           -0.60453040404608        0.63637101691984       -1.26286000459305
H           -0.90941336863518       -1.08931482256316       -0.93286865744520
H           -2.66604770221855       -0.44571894886515        0.72033590361802
H           -2.34587685797265        1.25996681501187        0.40755632707784
H           -3.02307830729549        0.24076971179919       -0.87511044295289
15
 energy: -17.723105863465 gnorm: 0.000046615293 xtb: 6.7.1 (edcfbbe)
C            2.10619657748835        0.37307503420133       -0.47752841376264
C            1.23675333241345       -0.52826762958638        0.39655246170049
O           -0.06770498114401       -0.03031508914812        0.62527477113433
C           -0.93391073116120       -0.07828692012484       -0.49683810123007
C           -2.34006062400229        0.26657624086692       -0.03192761302055
H            3.12438580028532       -0.00343665342998       -0.47691717695712
H            1.74349965776278        0.39324251773844       -1.50198688186175
H            2.10089424368724        1.38544619787009       -0.08183699908709
H            1.67149676074073       -0.60913304704902        1.39573214084819
H            1.17436854921044       -1.53399911068523       -0.04579614570361
H           -0.60455767565657        0.63757069935310       -1.26232299626021
H           -0.90889361994763       -1.08842396206952       -0.93352851595045
H           -2.66570780440278       -0.44620062690807        0.72031530309185
H           -2.34655695471641        1.25972478359076        0.40766454096084
H           -3.02306811697207        0.24018481134573       -0.87512625276747
