----------------------------------------------- 
  Element       SASA      Sigma Z        Total  
     Z         Ang**2 cal/Ang**2/mol   kcal/mol 
----------------------------------------------- 
      H         76.943      48.690       3.746
      C         70.363     129.740       9.129
      O         36.323       0.000       0.000

 Subtotal:     183.629                  12.875
 -----------------------------------------------

  Elements    COT*SASA   Sigma Z,Z'     Total   
    Z,Z'       Ang**2  cal/Ang**2/mol kcal/mol  
 ---------------------------------------------- 
  H   C         51.927     -60.770      -3.156
  H   O          0.000       0.000       0.000
  C   C         75.897     -72.950      -5.537
  O   C         18.594      68.690       1.277
  O   O          0.000       0.000       0.000

 Subtotal:                              -7.415
 ---------------------------------------------- 

 NONAQUEOUS SOLVENT CONTRIBUTION (kcal/mol):
 (proportional to SASA, atomic number independent)
 ---------------------------------------------- 
 Subtotal:                               0.000
 ---------------------------------------------- 

 CDS TOTAL (kcal/mol):                   5.460
...............................................................................
