----------------------------------------------- 
  Element       SASA      Sigma Z        Total  
     Z         Ang**2 cal/Ang**2/mol   kcal/mol 
----------------------------------------------- 
      H        119.472      48.690       5.817
      C         27.016     129.740       3.505
      O         12.523       0.000       0.000

 Subtotal:     159.010                   9.322
 -----------------------------------------------

  Elements    COT*SASA   Sigma Z,Z'     Total   
    Z,Z'       Ang**2  cal/Ang**2/mol kcal/mol  
 ---------------------------------------------- 
  H   C         80.250     -60.770      -4.877
  H   O          0.000       0.000       0.000
  C   C         16.711     -72.950      -1.219
  O   C          0.000      68.690       0.000

 Subtotal:                              -6.096
 ---------------------------------------------- 

 NONAQUEOUS SOLVENT CONTRIBUTION (kcal/mol):
 (proportional to SASA, atomic number independent)
 ---------------------------------------------- 
 Subtotal:                               0.000
 ---------------------------------------------- 

 CDS TOTAL (kcal/mol):                   3.226
...............................................................................
