15
 energy: -233.588998084555 gnorm: 0.028548019802 xtb: 6.7.1 (edcfbbe)
C            2.10430456883247        0.37800417906750       -0.47495880851047
C            1.23773921624848       -0.53150422303552        0.39354277767439
O           -0.06832544753028       -0.03884810171721        0.62514078107702
C           -0.93518897031441       -0.08657205213836       -0.49639470011997
C           -2.33823192723613        0.27122289532019       -0.03226630161430
H            3.12392611368429        0.00554330720246       -0.47580251501084
H            1.74239265037210        0.40270443727845       -1.49956585296450
H            2.09477919952825        1.38807011381509       -0.07351159043257
H            1.67276285284125       -0.61694831067339        1.39225370141694
H            1.17867575182230       -1.53484100858013       -0.05458963732419
H           -0.60116463666639        0.62273936037595       -1.26589047106095
H           -0.91746216830655       -1.09918548778708       -0.92779058751113
H           -2.66800967398227       -0.43428091019244        0.72502007002128
H           -2.33655994853539        1.26726984436156        0.40090569467765
H           -3.02250389663935        0.24438205690829       -0.87436570008745
15
 energy: -233.589790600631 gnorm: 0.011769493541 xtb: 6.7.1 (edcfbbe)
C            2.09453344817647        0.37732229438907       -0.47403244769352
C            1.24107735545976       -0.53411696394585        0.40096900369796
O           -0.07296116296627       -0.03549458309654        0.63978472354996
C           -0.93359660635058       -0.08485338643957       -0.49675302813657
C           -2.33340485148413        0.27144064037944       -0.03338531236375
H            3.12121724129075        0.00376457796963       -0.48432683113720
H            1.73389704165068        0.40680858824802       -1.50469931018401
H            2.09948172290225        1.39416598157551       -0.07230109876658
H            1.69467374723421       -0.62857041405148        1.39228932209743
H            1.18169243365928       -1.53958839535908       -0.04484762404477
H           -0.59838289168951        0.62120308383857       -1.27034067809275
H           -0.91367779543580       -1.09688684140699       -0.93174461252509
H           -2.67828425108109       -0.43817665395776        0.72276127319879
H           -2.34717418311291        1.27526805364627        0.39835263424305
H           -3.02195739777380        0.24547028961681       -0.87999841606945
15
 energy: -233.589953251601 gnorm: 0.003673748240 xtb: 6.7.1 (edcfbbe)
C            2.08949540083888        0.37622639656800       -0.47505403728890
C            1.24666298973735       -0.53541586723649        0.40375259878418
O           -0.07322715180180       -0.03599729038085        0.65386598355736
C           -0.93360767308424       -0.08360126291420       -0.49087469326024
C           -2.33309717966188        0.27134144680864       -0.03747762727043
H            3.11958923936093        0.00297730022743       -0.49729471980606
H            1.72405583338532        0.41019365353105       -1.50597707612583
H            2.10473362217894        1.39517685411234       -0.07193837622719
H            1.71024714790823       -0.63364425748491        1.39113322806211
H            1.18111481443848       -1.54194617935905       -0.03901203358816
H           -0.59195900928121        0.62206065820727       -1.26234671979878
H           -0.90851951064014       -1.09488666324113       -0.92750950675164
H           -2.68976664310710       -0.43988611307479        0.71537543122577
H           -2.35745736774063        1.27815802195423        0.39353922484237
H           -3.02113049412703        0.24699987667659       -0.88845300908820
15
 energy: -233.589979780126 gnorm: 0.001669530419 xtb: 6.7.1 (edcfbbe)
C            2.08670381754372        0.37557239973127       -0.47643712573484
C            1.24911708639242       -0.53588809895092        0.40479441927348
O           -0.07294960300474       -0.03703442673737        0.66023390197550
C           -0.93275133385009       -0.08294353639160       -0.48778718419724
C           -2.33271400332804        0.27121452654221       -0.03917042016911
H            3.11656121746565        0.00195582257054       -0.50536363725430
H            1.71647609012180        0.41192333232119       -1.50539508903365
H            2.10582600019268        1.39372155180708       -0.07199060366674
H            1.71466924274734       -0.63342395927812        1.39121310878026
H            1.18025008808447       -1.54232184239304       -0.03700984142043
H           -0.58704524193686        0.62392180831442       -1.25594952650734
H           -0.90500525335869       -1.09400027415857       -0.92421444037846
H           -2.69459879810531       -0.44015200299240        0.71083571803240
H           -2.36079700322601        1.27781879323748        0.39167338165387
H           -3.01660815108581        0.24739269612180       -0.89370338169722
15
 energy: -233.589991409334 gnorm: 0.001670190474 xtb: 6.7.1 (edcfbbe)
C            2.08254069635361        0.37485082537098       -0.47868807476768
C            1.25197128059329       -0.53666655501303        0.40696778172604
O           -0.07204831404363       -0.03944663886836        0.66803667674564
C           -0.93059005457263       -0.08192080225014       -0.48329452766487
C           -2.33230282247868        0.27122173804978       -0.04167627030950
H            3.11064089375250       -0.00045756088755       -0.51819428928642
H            1.70276171956945        0.41403842468367       -1.50339680121518
H            2.10673055173007        1.39121948254546       -0.07223352691197
H            1.71929269848667       -0.63099443006605        1.39238808100427
H            1.17993365728064       -1.54314526022687       -0.03312880158721
H           -0.58038663054332        0.62739660264344       -1.24624188639151
H           -0.89984883605095       -1.09213473122580       -0.92042393371798
H           -2.69961764552943       -0.44112310524310        0.70345635635583
H           -2.36343645979915        1.27642489776818        0.38994351866364
H           -3.00850634748600        0.24849427247029       -0.90178417637794
15
 energy: -233.589995085358 gnorm: 0.000552996132 xtb: 6.7.1 (edcfbbe)
C            2.08199681988571        0.37466353870369       -0.47887310151115
C            1.25129683443396       -0.53649719381137        0.40806920019444
O           -0.07227798948869       -0.03996396490989        0.66773117970316
C           -0.92970855920547       -0.08168454284073       -0.48344804537206
C           -2.33205036600076        0.27108322472615       -0.04175736218117
H            3.10950187841523       -0.00164120213641       -0.52017888972404
H            1.70015177256032        0.41396803505702       -1.50277292668023
H            2.10717377476528        1.39102906646290       -0.07243046184384
H            1.71905469197351       -0.62946533096569        1.39342460016425
H            1.18103280730350       -1.54349590543792       -0.03128643021422
H           -0.58020269813256        0.62826260740089       -1.24613390475002
H           -0.89929380105601       -1.09141650471190       -0.92189073036104
H           -2.69922815510979       -0.44218169901041        0.70253654855493
H           -2.36276660315757        1.27584862121808        0.39098102801321
H           -3.00754599360133        0.24924849622081       -0.90224058285752
15
 energy: -233.589995085358 gnorm: 0.000552996132 xtb: 6.7.1 (edcfbbe)
C            2.08199681988571        0.37466353870369       -0.47887310151115
C            1.25129683443396       -0.53649719381137        0.40806920019444
O           -0.07227798948869       -0.03996396490989        0.66773117970316
C           -0.92970855920547       -0.08168454284073       -0.48344804537206
C           -2.33205036600076        0.27108322472615       -0.04175736218117
H            3.10950187841523       -0.00164120213641       -0.52017888972404
H            1.70015177256032        0.41396803505702       -1.50277292668023
H            2.10717377476528        1.39102906646290       -0.07243046184384
H            1.71905469197351       -0.62946533096569        1.39342460016425
H            1.18103280730350       -1.54349590543792       -0.03128643021422
H           -0.58020269813256        0.62826260740089       -1.24613390475002
H           -0.89929380105601       -1.09141650471190       -0.92189073036104
H           -2.69922815510979       -0.44218169901041        0.70253654855493
H           -2.36276660315757        1.27584862121808        0.39098102801321
H           -3.00754599360133        0.24924849622081       -0.90224058285752
