15
 energy: -17.725186708056 gnorm: 0.028427103717 xtb: 6.7.1 (edcfbbe)
C            1.65080359723888       -0.85953816209431        0.39744709796557
C            1.31211009721411        0.57278985660874       -0.01551717817297
C            0.00046946406917        0.74230842006700       -0.79009376595726
C           -1.27689186475662        0.53810032908133        0.00375639392907
O           -1.48202842993084       -0.86799612388957        0.26331955792258
H            1.59854984760676       -1.53773906544736       -0.46280204946051
H            2.66727358701164       -0.91437546191828        0.80254835933630
H            0.96756456050562       -1.23789908280874        1.16290790869422
H            1.28412968978840        1.21571140835659        0.87470282187172
H            2.12493013208820        0.95651288709273       -0.64466136033877
H           -0.03948885278195        1.76576294286478       -1.18364236933880
H           -0.01218750447131        0.07387397642763       -1.66269636578705
H           -1.22358687319902        1.09232679624338        0.95297108852894
H           -2.12993219603701        0.92996170223204       -0.56821746699850
H           -2.29143594471592       -0.94757104851658        0.78333563478267
15
 energy: -17.726313982367 gnorm: 0.013005567017 xtb: 6.7.1 (edcfbbe)
C            1.63050528670502       -0.85167266977362        0.39042487295496
C            1.31416814577993        0.58213189779967       -0.01490943119553
C            0.01016704661857        0.74370070666419       -0.79733615585568
C           -1.26105251248322        0.52896311327272        0.01221950808004
O           -1.46708093384023       -0.86158042159444        0.27183536314049
H            1.58222945595381       -1.51478325572057       -0.47312018336020
H            2.63553863274128       -0.90754386935493        0.80983778181034
H            0.92533226895202       -1.21872193683341        1.13381372837710
H            1.27734029172863        1.21359715971310        0.87862133662980
H            2.12768138498423        0.95373437159378       -0.64517295728199
H           -0.02682013356169        1.76365254946314       -1.19263500324071
H            0.00060129369948        0.05509777092088       -1.64797894945157
H           -1.20260874811642        1.07713654390516        0.96201351161386
H           -2.11657063423667        0.91152364789809       -0.56049744429080
H           -2.27915153529466       -0.95300623365437        0.78624232904708
15
 energy: -17.726652905252 gnorm: 0.003064473637 xtb: 6.7.1 (edcfbbe)
C            1.61475728723253       -0.84740616182091        0.38704215944667
C            1.31753634346283        0.59048764283459       -0.01738380694365
C            0.01481319870891        0.74510982658473       -0.80281339191858
C           -1.25198183431998        0.52392779379531        0.02022031565325
O           -1.44565410923316       -0.85658162554459        0.27665604681252
H            1.57914838354812       -1.49830373296168       -0.48202364072313
H            2.60521395913423       -0.91382919563991        0.83221740865659
H            0.88204856551286       -1.20782726973233        1.10397835440924
H            1.27406239337225        1.21731389625384        0.87557623926793
H            2.13381731812258        0.95648977494362       -0.64381272978592
H           -0.03016520699486        1.75872615193622       -1.20557714366088
H            0.00620538419805        0.04034387903076       -1.63582019757133
H           -1.18008587069219        1.07362239907328        0.96729399530180
H           -2.11013298257143        0.90844859464268       -0.54781186953373
H           -2.25930351985062       -0.96829259909621        0.78561656756643
15
 energy: -17.726731559646 gnorm: 0.002415921248 xtb: 6.7.1 (edcfbbe)
C            1.60942642813919       -0.84601268672313        0.38592474826667
C            1.31845328903077        0.59378025691991       -0.01955937803639
C            0.01535359545947        0.74444140529076       -0.80603490189228
C           -1.24840955964933        0.52264121258984        0.02539428678503
O           -1.43798933084190       -0.85534821858136        0.27824840482342
H            1.59197897931572       -1.49269113103214       -0.48751265072180
H            2.58934684906996       -0.91653118314590        0.85361106258453
H            0.85936566091893       -1.20739652925235        1.08447794475147
H            1.27384732178932        1.22189167230790        0.87218785964538
H            2.13658487867888        0.95822446728989       -0.64405538521154
H           -0.03423958886501        1.75459287983700       -1.21509366230290
H            0.00578196276845        0.03366210463574       -1.63317767144845
H           -1.16797273227627        1.07461254157275        0.97134673291163
H           -2.10869013306304        0.91379203240067       -0.53585388251638
H           -2.25255831084506       -0.97742944981017        0.78345479933881
15
 energy: -17.726783056586 gnorm: 0.002916555303 xtb: 6.7.1 (edcfbbe)
C            1.60866402410205       -0.84492866332428        0.38541135232700
C            1.31915178319709        0.59479333103015       -0.02279896758637
C            0.01435751569657        0.74222929570172       -0.80748816287894
C           -1.24688357949586        0.52306505179081        0.03029187374153
O           -1.43779407172942       -0.85409116382804        0.27873775132234
H            1.61742062497276       -1.48908974625572       -0.49168801186738
H            2.57666061176869       -0.91430901185605        0.87861447068485
H            0.84228505789018       -1.21220105552222        1.06319439409896
H            1.27510905906602        1.22568482204530        0.86756649867189
H            2.13808825195031        0.95880426283823       -0.64701098122940
H           -0.03805886662782        1.74954985781342       -1.22310760461573
H            0.00259044576525        0.02741554899351       -1.63126170154918
H           -1.15780719156493        1.07477599127440        0.97684393450291
H           -2.10926614585029        0.92279900084970       -0.52279016966082
H           -2.25423820951050       -0.98226814725153        0.77884363101555
15
 energy: -17.726818665045 gnorm: 0.002475900303 xtb: 6.7.1 (edcfbbe)
C            1.61157922061981       -0.84433803298900        0.38512686726132
C            1.31940261974073        0.59416482532395       -0.02488911611709
C            0.01282907900567        0.73964725648387       -0.80681866817779
C           -1.24702893834467        0.52443039307221        0.03352486777088
O           -1.44303505648271       -0.85307755214994        0.27901596011807
H            1.64151707162560       -1.48743187657409       -0.49312158119902
H            2.57087194247026       -0.90901168967012        0.89543597821355
H            0.83613418479589       -1.21877968992924        1.04787609889628
H            1.27758778327156        1.22746568725775        0.86452867105940
H            2.13715282359590        0.95831654286813       -0.65117190284323
H           -0.03989087890216        1.74548566500924       -1.22675331862197
H           -0.00115393849938        0.02273195537320       -1.62928162957962
H           -1.15340667383315        1.07392205137508        0.98150567413428
H           -2.10970519418700        0.92999700207954       -0.51508677082726
H           -2.26257473524624       -0.98129316323119        0.77346717688941
15
 energy: -17.726855407377 gnorm: 0.002105673602 xtb: 6.7.1 (edcfbbe)
C            1.61660389891400       -0.84356059840627        0.38446700715343
C            1.31984930493908        0.59289490507730       -0.02783916980393
C            0.01081084150276        0.73586252699933       -0.80562114116256
C           -1.24704117585245        0.52638973772730        0.03775278995454
O           -1.45174516785892       -0.85169899353989        0.28008971939316
H            1.67510247198586       -1.48401264610902       -0.49463961967124
H            2.56402403284074       -0.89963291275836        0.91735930253800
H            0.82908260828137       -1.22838089999859        1.02658592952693
H            1.28032868401431        1.22813438860300        0.86075643446106
H            2.13508953747643        0.95756395353223       -0.65757561541042
H           -0.04120280298884        1.74014909969517       -1.23015234345825
H           -0.00650097585683        0.01584620711979       -1.62588314319687
H           -1.14805693774459        1.07083945225575        0.98822922810218
H           -2.10936017532465        0.93817561458135       -0.50630957916212
H           -2.27670483469814       -0.97634046047970        0.76613850771331
15
 energy: -17.726873605322 gnorm: 0.001574960075 xtb: 6.7.1 (edcfbbe)
C            1.62028093072639       -0.84294980332282        0.38330905487017
C            1.32005167617877        0.59227237549839       -0.03013943337820
C            0.00938893025072        0.73262192980364       -0.80547882858804
C           -1.24638176607729        0.52769905567269        0.04130345405709
O           -1.45848024957032       -0.85070860965773        0.28137268358696
H            1.70304974671144       -1.48001302899736       -0.49583476721916
H            2.55668935956677       -0.89170200640383        0.93574407202482
H            0.82267425573260       -1.23637797445295        1.00739084555919
H            1.28062522867001        1.22800355956053        0.85800906634714
H            2.13336584637576        0.95768653020273       -0.66183447063091
H           -0.04207592301004        1.73555159219380       -1.23335351158348
H           -0.01066930606287        0.00935265788732       -1.62286146552090
H           -1.14195839863422        1.06719636900418        0.99371296421264
H           -2.10830110820546        0.94414312483499       -0.49901613189439
H           -2.28797991302217       -0.97054639752416        0.76103477513427
15
 energy: -17.726880402969 gnorm: 0.000467154507 xtb: 6.7.1 (edcfbbe)
C            1.62232893803299       -0.84260784020251        0.38185996195689
C            1.31990800315635        0.59231562306066       -0.03154171887941
C            0.00864883286572        0.73009423594248       -0.80657367867827
C           -1.24539178735489        0.52833028057400        0.04365686661999
O           -1.46273878554750       -0.85011777057187        0.28238683694718
H            1.72379460275321       -1.47536006352289       -0.49694574810386
H            2.54900195024359       -0.88674779651460        0.94956529167981
H            0.81714692993980       -1.24250532190617        0.99119139163708
H            1.27791429600367        1.22704077362141        0.85674051734709
H            2.13259060135312        0.95922785038714       -0.66266990001305
H           -0.04285357530978        1.73168693791586       -1.23708480611728
H           -0.01294892836500        0.00365481256934       -1.62065313616522
H           -1.13556198446526        1.06400941882830        0.99701135434129
H           -2.10722037759451        0.94807362176955       -0.49331209563883
H           -2.29433940608140       -0.96486538765129        0.75972717004379
15
 energy: -17.726882330124 gnorm: 0.000325775964 xtb: 6.7.1 (edcfbbe)
C            1.62177952656563       -0.84285303933726        0.38108433111408
C            1.31953749151625        0.59270564997716       -0.03087301941070
C            0.00895239874473        0.72986792706764       -0.80733435284098
C           -1.24526245026383        0.52826356599348        0.04319856705781
O           -1.46198044961402       -0.84989148129942        0.28284928449222
H            1.72513490712142       -1.47394305463485       -0.49868496703195
H            2.54719659243559       -0.88758460254375        0.95076577805569
H            0.81523887468953       -1.24344917750218        0.98835180041777
H            1.27559789492129        1.22638535486727        0.85800027701243
H            2.13303730858714        0.96075852701788       -0.66016783473547
H           -0.04287916397708        1.73101334617185       -1.23865524747305
H           -0.01202850072147        0.00264798951939       -1.62056540054645
H           -1.13501466799342        1.06493110294211        0.99582152633558
H           -2.10725848472638        0.94761104839994       -0.49376712361197
H           -2.29177196765526       -0.96423378233986        0.76333468814219
15
 energy: -17.726884695505 gnorm: 0.000443918703 xtb: 6.7.1 (edcfbbe)
C            1.62167505755493       -0.84348812697708        0.37964497086380
C            1.31845648271670        0.59301380991311       -0.02909344697353
C            0.00937005195929        0.72943142417618       -0.80834586162662
C           -1.24576059333655        0.52861362235179        0.04146193269272
O           -1.46160710952267       -0.84916411618744        0.28335189206679
H            1.72736701923190       -1.47188549175419       -0.50154093792070
H            2.54556171035202       -0.88938982993109        0.95113387545306
H            0.81446377289124       -1.24627259166844        0.98400233803628
H            1.27086036147465        1.22421673134395        0.86134815552286
H            2.13324137565470        0.96429001562410       -0.65483261575723
H           -0.04243472490173        1.72985917071972       -1.24116132224227
H           -0.01025157152248        0.00114899898562       -1.62052046632588
H           -1.13599789315429        1.06760455027333        0.99275888745550
H           -2.10768487081158        0.94667915753495       -0.49673591245643
H           -2.28697975895601       -0.96242795010512        0.77188681818886
15
 energy: -17.726886039070 gnorm: 0.000572182058 xtb: 6.7.1 (edcfbbe)
C            1.62254831000365       -0.84410644249343        0.37782342350714
C            1.31754401682270        0.59295983355525       -0.02756437862999
C            0.00953858311533        0.72835756856485       -0.80879227888390
C           -1.24651323124736        0.52941888110893        0.04012823333647
O           -1.46253045220392       -0.84780055087372        0.28484602157247
H            1.73587373741135       -1.46889165738795       -0.50569697642629
H            2.54320956101267       -0.88927939798997        0.95547567025976
H            0.81175496793555       -1.25138858138850        0.97534161668898
H            1.26680309453693        1.22161729626323        0.86454602164794
H            2.13300389503223        0.96766897461606       -0.65045076123122
H           -0.04171593101518        1.72789968973101       -1.24373044472431
H           -0.00931197772016       -0.00152793533627       -1.61959574408467
H           -1.13767197405873        1.07059428621710        0.99027195062721
H           -2.10815749812574        0.94618523627404       -0.49968175940624
H           -2.28409579186920       -0.95947782656124        0.78043771272387
15
 energy: -17.726887099884 gnorm: 0.000199828726 xtb: 6.7.1 (edcfbbe)
C            1.62310682833881       -0.84452810962915        0.37725705832623
C            1.31709053708651        0.59266590860657       -0.02651853371261
C            0.00959321542900        0.72830339548851       -0.80848747507000
C           -1.24725909765291        0.52981518904819        0.03901707107714
O           -1.46276409887831       -0.84715747214989        0.28562283142277
H            1.73621901091886       -1.46854513582208       -0.50646996205326
H            2.54407717992180       -0.88974843110381        0.95384304441414
H            0.81350608379293       -1.25303059827930        0.97487038582894
H            1.26569103271151        1.22026347160362        0.86630667731719
H            2.13248650257442        0.96864327813947       -0.64871386537460
H           -0.04099736735229        1.72788440108286       -1.24346809746068
H           -0.00879334842257       -0.00150852511466       -1.61942872806475
H           -1.14044663055058        1.07253911908287        0.98850368156086
H           -2.10847749800996        0.94499577411972       -0.50282707155809
H           -2.28275304027708       -0.95836289077352        0.78385129032394
15
 energy: -17.726887781401 gnorm: 0.000121734355 xtb: 6.7.1 (edcfbbe)
C            1.62411524221273       -0.84501409517513        0.37662200958730
C            1.31675608288471        0.59218505664339       -0.02585148916153
C            0.00943426076909        0.72815792578923       -0.80805640465570
C           -1.24801944340264        0.53033454788531        0.03840468782621
O           -1.46302570542535       -0.84635139150803        0.28749582019824
H            1.73920553623257       -1.46790929463761       -0.50750659536382
H            2.54450572839061       -0.88972686407449        0.95417648938951
H            0.81455235933788       -1.25542179663169        0.97276654176689
H            1.26490990970808        1.21881062730314        0.86761547187379
H            2.13186826612846        0.96936070216899       -0.64769454498960
H           -0.04052889400976        1.72779622571831       -1.24306649821521
H           -0.00878548033142       -0.00164402245297       -1.61904899537402
H           -1.14304760973049        1.07497281044868        0.98704677124128
H           -2.10885057840018        0.94367729742483       -0.50560874803783
H           -2.28281036473419       -0.95699835460255        0.78606379089171
15
 energy: -17.726888279844 gnorm: 0.000146327938 xtb: 6.7.1 (edcfbbe)
C            1.62467490316945       -0.84542770648239        0.37599402937540
C            1.31661005762396        0.59193238782739       -0.02528744465281
C            0.00940826542780        0.72794672374326       -0.80773723955266
C           -1.24850287850581        0.53067087939111        0.03806209844323
O           -1.46252406268063       -0.84565500554082        0.28997987092239
H            1.74160808741941       -1.46731116056818       -0.50859265913041
H            2.54446737598510       -0.88970303328238        0.95452869785057
H            0.81483313947905       -1.25732080549751        0.97075955914980
H            1.26440440383297        1.21780502995893        0.86869167777627
H            2.13158736134816        0.96996192238770       -0.64681190539978
H           -0.04017342522363        1.72767674779337       -1.24260499730473
H           -0.00872076867288       -0.00174545815176       -1.61886042443666
H           -1.14502572593932        1.07740418364436        0.98569823074695
H           -2.10922639063113        0.94203720392748       -0.50770163173094
H           -2.28314103300240       -0.95604253485116        0.78724044492061
15
 energy: -17.726888863674 gnorm: 0.000150219500 xtb: 6.7.1 (edcfbbe)
C            1.62536024070796       -0.84604994905325        0.37509027566517
C            1.31627872590631        0.59155184485957       -0.02456421018960
C            0.00941133383286        0.72791845328271       -0.80753821401689
C           -1.24897276891333        0.53103715461342        0.03763993148156
O           -1.46114449110316       -0.84473354615135        0.29399175828443
H            1.74434637601571       -1.46640797245396       -0.51026658642708
H            2.54430794064857       -0.89023151529076        0.95510264135679
H            0.81488439575213       -1.25955627419041        0.96794836735360
H            1.26316955065765        1.21621103498175        0.87019790726565
H            2.13133245589221        0.97094385182888       -0.64516891653869
H           -0.03991788317288        1.72775000701683       -1.24228359231186
H           -0.00837477965280       -0.00169470969529       -1.61873964318772
H           -1.14739529560083        1.08112870880127        0.98359376079707
H           -2.10972098498799        0.93927174682532       -0.51046264200037
H           -2.28328550635230       -0.95490946107533        0.78881746944517
15
 energy: -17.726889293827 gnorm: 0.000099924949 xtb: 6.7.1 (edcfbbe)
C            1.62571722599779       -0.84668769884066        0.37390497625676
C            1.31591392292486        0.59144642766433       -0.02351785359137
C            0.00957383882337        0.72758807251214       -0.80746718137918
C           -1.24939210929733        0.53140133603808        0.03706209812452
O           -1.45945613239024       -0.84373493409346        0.29839219804848
H            1.74699807346888       -1.46522155025343       -0.51250896094996
H            2.54368207624063       -0.89092875225549        0.95541058385638
H            0.81463122879601       -1.26207700808216        0.96462329616363
H            1.26127289260640        1.21452970966497        0.87225746088614
H            2.13127583949961        0.97267217419199       -0.64262147123172
H           -0.03956096196111        1.72737398592226       -1.24231800456377
H           -0.00769431523543       -0.00207837431483       -1.61862043454013
H           -1.14956975274565        1.08525422126374        0.98105070184740
H           -2.11022139514939        0.93622833178733       -0.51341702194126
H           -2.28289112194826       -0.95353656690540        0.79112791999131
15
 energy: -17.726889455372 gnorm: 0.000048017663 xtb: 6.7.1 (edcfbbe)
C            1.62608609451995       -0.84699344380708        0.37322110234875
C            1.31557296145279        0.59137849849763       -0.02284309177634
C            0.00966717811193        0.72740249988407       -0.80756807528182
C           -1.24959372668817        0.53163451682221        0.03668499031643
O           -1.45877098652764       -0.84312728891148        0.30051183870281
H            1.74853690758379       -1.46437016168813       -0.51382153227664
H            2.54346366385314       -0.89144818876624        0.95560986965308
H            0.81451111235909       -1.26343806235228        0.96256038866754
H            1.25981831996000        1.21344259772231        0.87355900952887
H            2.13119034806318        0.97381104372688       -0.64083250160982
H           -0.03941240675285        1.72700800974917       -1.24285600100752
H           -0.00721431198291       -0.00259763090544       -1.61841799089757
H           -1.15057410681274        1.08729546078808        0.97965641482558
H           -2.11046713858542        0.93483938470982       -0.51483688932348
H           -2.28253459892402       -0.95260786117010        0.79273077510736
15
 energy: -17.726889531127 gnorm: 0.000035477528 xtb: 6.7.1 (edcfbbe)
C            1.62628541703384       -0.84710867589617        0.37285868233526
C            1.31539298166059        0.59138923530992       -0.02250049343657
C            0.00970181342429        0.72717688004787       -0.80761274887794
C           -1.24970948577414        0.53179118471412        0.03652286561119
O           -1.45875340916429       -0.84282530691593        0.30120062297773
H            1.74944813028246       -1.46386169720059       -0.51454681434062
H            2.54336244528496       -0.89157800976111        0.95571400188172
H            0.81460342349572       -1.26420046513356        0.96153074931713
H            1.25889667870061        1.21287695513833        0.87424260501615
H            2.13112114090959        0.97459550304440       -0.63985637448307
H           -0.03930702526995        1.72657093208824       -1.24337180094370
H           -0.00697591276165       -0.00319013998698       -1.61811902574627
H           -1.15082335025347        1.08808227333285        0.97911893534029
H           -2.11051049268892        0.93455918109515       -0.51539165768236
H           -2.28245304524951       -0.95204847557712        0.79356876000828
