----------------------------------------------- 
  Element       SASA      Sigma Z        Total  
     Z         Ang**2 cal/Ang**2/mol   kcal/mol 
----------------------------------------------- 
      H        120.609      48.690       5.872
      C         20.771     129.740       2.695
      O         16.254       0.000       0.000

 Subtotal:     157.633                   8.567
 -----------------------------------------------

  Elements    COT*SASA   Sigma Z,Z'     Total   
    Z,Z'       Ang**2  cal/Ang**2/mol kcal/mol  
 ---------------------------------------------- 
  H   C         71.873     -60.770      -4.368
  H   O          9.863       0.000       0.000
  C   C         16.989     -72.950      -1.239
  O   C          0.018      68.690       0.001

 Subtotal:                              -5.606
 ---------------------------------------------- 

 NONAQUEOUS SOLVENT CONTRIBUTION (kcal/mol):
 (proportional to SASA, atomic number independent)
 ---------------------------------------------- 
 Subtotal:                               0.000
 ---------------------------------------------- 

 CDS TOTAL (kcal/mol):                   2.961
...............................................................................
