CONF#         E (xTB)          ΔE (xTB)          E (DFT)          ΔE (DFT)        ΔGsolv (xTB)          Gtot             ΔGtot          Boltzmann weight   
                [Eh]          [kcal/mol]          [Eh]           [kcal/mol]        [kcal/mol]           [Eh]           [kcal/mol]        % at 298.15 K     
CONF1        -17.720393          0.03          -233.091011          0.00           -0.592373         -233.091955          0.00               79.93         
CONF2        -17.720445          0.00          -233.089133          1.18           -0.530563         -233.089978          1.24                9.85         
CONF3        -17.720048          0.25          -233.087229          2.37           -0.503377         -233.088032          2.46                1.25         
CONF4        -17.720045          0.25          -233.087255          2.36           -0.504234         -233.088058          2.44                1.29         
CONF5        -17.720045          0.25          -233.087242          2.36           -0.503986         -233.088045          2.45                1.27         
CONF6        -17.720073          0.23          -233.086667          2.73           -0.488196         -233.087444          2.83                0.67         
CONF7        -17.720071          0.23          -233.086709          2.70           -0.489914         -233.087490          2.80                0.71         
CONF8        -17.720070          0.24          -233.086713          2.70           -0.491066         -233.087495          2.80                0.71         
CONF9        -17.720066          0.24          -233.086782          2.65           -0.493341         -233.087568          2.75                0.77         
CONF10       -17.720063          0.24          -233.086847          2.61           -0.495121         -233.087636          2.71                0.82         
CONF11       -17.720071          0.23          -233.086653          2.73           -0.485702         -233.087427          2.84                0.66         
CONF12       -17.720068          0.24          -233.086653          2.73           -0.484178         -233.087424          2.84                0.66         
CONF13       -17.719505          0.59          -233.086603          2.77           -0.473916         -233.087359          2.88                0.61         
CONF14       -17.719288          0.73          -233.086507          2.83           -0.447077         -233.087220          2.97                0.53         
CONF15       -17.717245          2.01          -233.085540          3.43           -0.594861         -233.086488          3.43                0.24         

Boltzmann averaged free energy/enthalpy of ensemble on input geometries (not DFT optimized):
temperature /K:   avE(T) /a.u.   avG(T) /a.u.
    298.15        -233.0849122    -233.0858305     <<==part0==
----------------------------------------------------------------------------------------------------