CONF#         G (xTB)          ΔG (xTB)          E (DFT)          ΔGsolv         GmRRHO          Gtot             ΔGtot          Boltzmann weight   
                [Eh]          [kcal/mol]          [Eh]             [Eh]           [Eh]           [Eh]           [kcal/mol]        % at 298.15 K     
CONF1        -17.721337          ---           -233.588553       -0.002119        ---         -233.590672          0.00               69.89         
CONF2        -17.721290          ---           -233.586573       -0.002425        ---         -233.588998          1.05               11.88         
CONF3        -17.720850          ---           -233.584312       -0.002832        ---         -233.587144          2.21                1.67         
CONF4        -17.720848          ---           -233.584325       -0.002832        ---         -233.587157          2.21                1.69         
CONF5        -17.720849          ---           -233.584321       -0.002832        ---         -233.587153          2.21                1.68         
CONF6        -17.720851          ---           -233.584300       -0.002881        ---         -233.587181          2.19                1.73         
CONF7        -17.720852          ---           -233.584276       -0.002869        ---         -233.587145          2.21                1.67         
CONF8        -17.720853          ---           -233.584253       -0.002859        ---         -233.587112          2.23                1.61         
CONF9        -17.720853          ---           -233.584241       -0.002849        ---         -233.587090          2.25                1.57         
CONF10       -17.720852          ---           -233.584238       -0.002841        ---         -233.587079          2.25                1.56         
CONF11       -17.720845          ---           -233.584364       -0.002900        ---         -233.587263          2.14                1.89         
CONF12       -17.720839          ---           -233.584401       -0.002910        ---         -233.587310          2.11                1.99         
CONF13       -17.720261          ---           -233.583617       -0.002742        ---         -233.586359          2.71                0.73         
CONF14       -17.720000          ---           -233.582666       -0.002622        ---         -233.585287          3.38                0.23         
CONF15       -17.718193          ---           -233.583515       -0.001662        ---         -233.585177          3.45                0.21         

Boltzmann averaged free energy/enthalpy of ensemble on input geometries (not DFT optimized):
temperature /K:   avE(T) /a.u.   avG(T) /a.u.
    298.15        -233.5875330    -233.5898198     <<==part1==
----------------------------------------------------------------------------------------------------

