
         ______________________________________________________________
        |                                                              |
        |                                                              |
        |                   CENSO - Commandline ENSO                   |
        |                           v 2.1.2                            |
        |    energetic sorting of CREST Conformer Rotamer Ensembles    |
        |                    University of Bonn, MCTC                  |
        |                           Oct 2024                           |
        |                 based on ENSO version 2.0.1                  |
        |             L. M. Seidler, F. Bohle and S. Grimme            |
        |                                                              |
        |______________________________________________________________|

        Please cite:
        (TBA)
        S. Grimme, F. Bohle, A. Hansen, P. Pracht, S. Spicher, and M. Stahn
        J. Phys. Chem. A 2021, 125, 19, 4039-4054.
        DOI: https://doi.org/10.1021/acs.jpca.1c00971

        This program is distributed in the hope that it will be useful,
        but WITHOUT ANY WARRANTY; without even the implied warranty of
        MERCHANTABILITY or FITNESS FOR A PARTICULAR PURPOSE.

Reading configuration file from /home/z5358697/.censo2rc.
CALL: /srv/scratch/z5358697/.censo/bin/censo -i crest_conformers.xyz --maxcores 16 -O 1 --loglevel DEBUG
Read 16 conformers.
Number of atoms:              15
Charge:                       0
Unpaired electrons:           0


----------------------------------------------------------------------------------------------------
                                          GENERAL SETTINGS                                          
----------------------------------------------------------------------------------------------------
    
imagthr:                      -100.0
sthr:                         0.0
scale:                        1.0
temperature:                  298.15
solvent:                      h2o
sm_rrho:                      alpb
multitemp:                    False
evaluate_rrho:                False
consider_sym:                 False
bhess:                        False
rmsdbias:                     False
balance:                      False
gas-phase:                    False
copy_mo:                      True
retry_failed:                 True
trange:                       [273.15, 373.15, 5]



----------------------------------------------------------------------------------------------------
                                            PRESCREENING                                            
----------------------------------------------------------------------------------------------------
    
threshold:                    4.0
func:                         pbe-d4
basis:                        def2-sv(p)
prog:                         orca
gfnv:                         gfn2
run:                          True
template:                     False


Running xtb_gsolv calculation for CONF1.
Running xtb_gsolv calculation for CONF10.
Running xtb_gsolv calculation for CONF16.
Running xtb_gsolv calculation for CONF11.
Running xtb_gsolv calculation for CONF5.
Running xtb_gsolv calculation for CONF2.
Running xtb_gsolv calculation for CONF4.
Running xtb_gsolv calculation for CONF9.
Running xtb_gsolv calculation for CONF12.
Running xtb_gsolv calculation for CONF15.
Running xtb_gsolv calculation for CONF14.
Running xtb_gsolv calculation for CONF13.
Running xtb_gsolv calculation for CONF3.
Running xtb_gsolv calculation for CONF8.
Running xtb_gsolv calculation for CONF7.
Running xtb_gsolv calculation for CONF6.
Running sp calculation for CONF1.
Running sp calculation for CONF2.
Running sp calculation for CONF3.
Running sp calculation for CONF5.
Running sp calculation for CONF4.
Running sp calculation for CONF6.
Running sp calculation for CONF7.
Running sp calculation for CONF8.
Running sp calculation for CONF9.
Running sp calculation for CONF10.
Running sp calculation for CONF11.
Running sp calculation for CONF12.
Running sp calculation for CONF13.
Running sp calculation for CONF14.
Running sp calculation for CONF15.
Running sp calculation for CONF16.


No longer considering CONF16.

-------------------------------- PRESCREENING SINGLE-POINT RESULTS ---------------------------------

CONF#         E (xTB)          ΔE (xTB)          E (DFT)          ΔE (DFT)        ΔGsolv (xTB)          Gtot             ΔGtot          Boltzmann weight   
                [Eh]          [kcal/mol]          [Eh]           [kcal/mol]        [kcal/mol]           [Eh]           [kcal/mol]        % at 298.15 K     
CONF1        -17.720393          0.03          -233.091011          0.00           -0.592373         -233.091955          0.00               79.93         
CONF2        -17.720445          0.00          -233.089133          1.18           -0.530563         -233.089978          1.24                9.85         
CONF3        -17.720048          0.25          -233.087229          2.37           -0.503377         -233.088032          2.46                1.25         
CONF4        -17.720045          0.25          -233.087255          2.36           -0.504234         -233.088058          2.44                1.29         
CONF5        -17.720045          0.25          -233.087242          2.36           -0.503986         -233.088045          2.45                1.27         
CONF6        -17.720073          0.23          -233.086667          2.73           -0.488196         -233.087444          2.83                0.67         
CONF7        -17.720071          0.23          -233.086709          2.70           -0.489914         -233.087490          2.80                0.71         
CONF8        -17.720070          0.24          -233.086713          2.70           -0.491066         -233.087495          2.80                0.71         
CONF9        -17.720066          0.24          -233.086782          2.65           -0.493341         -233.087568          2.75                0.77         
CONF10       -17.720063          0.24          -233.086847          2.61           -0.495121         -233.087636          2.71                0.82         
CONF11       -17.720071          0.23          -233.086653          2.73           -0.485702         -233.087427          2.84                0.66         
CONF12       -17.720068          0.24          -233.086653          2.73           -0.484178         -233.087424          2.84                0.66         
CONF13       -17.719505          0.59          -233.086603          2.77           -0.473916         -233.087359          2.88                0.61         
CONF14       -17.719288          0.73          -233.086507          2.83           -0.447077         -233.087220          2.97                0.53         
CONF15       -17.717245          2.01          -233.085540          3.43           -0.594861         -233.086488          3.43                0.24         

Boltzmann averaged free energy/enthalpy of ensemble on input geometries (not DFT optimized):
temperature /K:   avE(T) /a.u.   avG(T) /a.u.
    298.15        -233.0849122    -233.0858305     <<==part0==
----------------------------------------------------------------------------------------------------

Number of conformers:         15
Highest ranked conformer:     CONF1


Ran prescreening in 7.33 seconds!

----------------------------------------------------------------------------------------------------
                                             SCREENING                                              
----------------------------------------------------------------------------------------------------
    
threshold:                    3.5
func:                         r2scan-3c
basis:                        def2-tzvp
prog:                         orca
sm:                           smd
gfnv:                         gfn2
run:                          True
implicit:                     False
template:                     False


Running gsolv calculation for CONF4.
Running gsolv calculation for CONF1.
Running gsolv calculation for CONF2.
Running gsolv calculation for CONF5.
Running gsolv calculation for CONF3.
Running gsolv calculation for CONF8.
Running gsolv calculation for CONF11.
Running gsolv calculation for CONF10.
Running gsolv calculation for CONF13.
Running gsolv calculation for CONF14.
Running gsolv calculation for CONF6.
Running gsolv calculation for CONF9.
Running gsolv calculation for CONF7.
Running gsolv calculation for CONF15.
Running gsolv calculation for CONF12.

----------------------------- SCREENING SINGLE-POINT (+ mRRHO) RESULTS -----------------------------

CONF#         G (xTB)          ΔG (xTB)          E (DFT)          ΔGsolv         GmRRHO          Gtot             ΔGtot          Boltzmann weight   
                [Eh]          [kcal/mol]          [Eh]             [Eh]           [Eh]           [Eh]           [kcal/mol]        % at 298.15 K     
CONF1        -17.721337          ---           -233.588553       -0.002119        ---         -233.590672          0.00               69.89         
CONF2        -17.721290          ---           -233.586573       -0.002425        ---         -233.588998          1.05               11.88         
CONF3        -17.720850          ---           -233.584312       -0.002832        ---         -233.587144          2.21                1.67         
CONF4        -17.720848          ---           -233.584325       -0.002832        ---         -233.587157          2.21                1.69         
CONF5        -17.720849          ---           -233.584321       -0.002832        ---         -233.587153          2.21                1.68         
CONF6        -17.720851          ---           -233.584300       -0.002881        ---         -233.587181          2.19                1.73         
CONF7        -17.720852          ---           -233.584276       -0.002869        ---         -233.587145          2.21                1.67         
CONF8        -17.720853          ---           -233.584253       -0.002859        ---         -233.587112          2.23                1.61         
CONF9        -17.720853          ---           -233.584241       -0.002849        ---         -233.587090          2.25                1.57         
CONF10       -17.720852          ---           -233.584238       -0.002841        ---         -233.587079          2.25                1.56         
CONF11       -17.720845          ---           -233.584364       -0.002900        ---         -233.587263          2.14                1.89         
CONF12       -17.720839          ---           -233.584401       -0.002910        ---         -233.587310          2.11                1.99         
CONF13       -17.720261          ---           -233.583617       -0.002742        ---         -233.586359          2.71                0.73         
CONF14       -17.720000          ---           -233.582666       -0.002622        ---         -233.585287          3.38                0.23         
CONF15       -17.718193          ---           -233.583515       -0.001662        ---         -233.585177          3.45                0.21         

Boltzmann averaged free energy/enthalpy of ensemble on input geometries (not DFT optimized):
temperature /K:   avE(T) /a.u.   avG(T) /a.u.
    298.15        -233.5875330    -233.5898198     <<==part1==
----------------------------------------------------------------------------------------------------


----------------------------------- SCREENING RANKING COMPARISON -----------------------------------

CONF#        ΔGtot prescreening       ΔGtot screening   
                 [kcal/mol]             [kcal/mol]      
CONF1               0.00                   0.00         
CONF2               1.24                   1.05         
CONF3               2.46                   2.21         
CONF4               2.44                   2.21         
CONF5               2.45                   2.21         
CONF6               2.83                   2.19         
CONF7               2.80                   2.21         
CONF8               2.80                   2.23         
CONF9               2.75                   2.25         
CONF10              2.71                   2.25         
CONF11              2.84                   2.14         
CONF12              2.84                   2.11         
CONF13              2.88                   2.71         
CONF14              2.97                   3.38         
CONF15              3.43                   3.45         
----------------------------------------------------------------------------------------------------



Number of conformers:         15
Highest ranked conformer:     CONF1


Ran screening in 33.18 seconds!

----------------------------------------------------------------------------------------------------
                                            OPTIMIZATION                                            
----------------------------------------------------------------------------------------------------
    
optcycles:                    8
maxcyc:                       200
threshold:                    1.5
hlow:                         0.01
gradthr:                      0.01
func:                         r2scan-3c
basis:                        def2-tzvp
prog:                         orca
sm:                           smd
gfnv:                         gfn2
optlevel:                     normal
run:                          True
macrocycles:                  True
crestcheck:                   True
template:                     False
constrain:                    False
xtb_opt:                      True


Optimization using macrocycles, 8 microcycles per step.
Running xtb_opt calculation for CONF5.
Running xtb_opt calculation for CONF6.
Running xtb_opt calculation for CONF1.
Running xtb_opt calculation for CONF12.
Running xtb_opt calculation for CONF4.
Running xtb_opt calculation for CONF11.
Running xtb_opt calculation for CONF2.
Running xtb_opt calculation for CONF3.
Running xtb_opt calculation for CONF14.
Running xtb_opt calculation for CONF7.
Running xtb_opt calculation for CONF9.
Running xtb_opt calculation for CONF8.
Running xtb_opt calculation for CONF13.
Running xtb_opt calculation for CONF10.
Running xtb_opt calculation for CONF15.
Running xtb_rrho calculation for CONF15.
Running xtb_rrho calculation for CONF1.
Running xtb_rrho calculation for CONF2.
Running xtb_rrho calculation for CONF12.
Running xtb_rrho calculation for CONF11.
Running xtb_rrho calculation for CONF6.
Running xtb_rrho calculation for CONF5.
Running xtb_rrho calculation for CONF4.
Running xtb_rrho calculation for CONF3.
Running xtb_rrho calculation for CONF7.
Running xtb_rrho calculation for CONF8.
Running xtb_rrho calculation for CONF9.
Running xtb_rrho calculation for CONF13.
Running xtb_rrho calculation for CONF10.
Running xtb_rrho calculation for CONF14.
CONF1 converged after 5 steps.
CONF2 converged after 5 steps.
CONF10 converged after 7 steps.

----------------------------------- OPTIMIZATION CYCLE 8 UPDATE ------------------------------------

CONF#           Gtot             ΔGtot          grad_norm       converged   
                [Eh]           [kcal/mol]        [Eh/a0]                    
CONF1        -233.488442          0.00          0.000488          True      
CONF2        -233.487163          0.80          0.000630          True      
CONF3        -233.485027          2.14          0.001491          False     
CONF4        -233.485074          2.11          0.000904          False     
CONF5        -233.485074          2.11          0.000955          False     
CONF6        -233.484893          2.23          0.001212          False     
CONF7        -233.484460          2.50          0.001719          False     
CONF8        -233.484401          2.54          0.004666          False     
CONF9        -233.485784          1.67          0.000629          False     
CONF10       -233.486180          1.42          0.000433          True      
CONF11       -233.484472          2.49          0.001077          False     
CONF12       -233.484468          2.49          0.000707          False     
CONF13       -233.484179          2.67          0.001174          False     
CONF14       -233.483886          2.86          0.000712          False     
CONF15       -233.484535          2.45          0.028290          False     
----------------------------------------------------------------------------------------------------
Running xtb_opt calculation for CONF12.
Running xtb_opt calculation for CONF11.
Running xtb_opt calculation for CONF6.
Running xtb_opt calculation for CONF4.
Running xtb_opt calculation for CONF5.
Running xtb_opt calculation for CONF3.
Running xtb_opt calculation for CONF8.
Running xtb_opt calculation for CONF7.
Running xtb_opt calculation for CONF9.
Running xtb_opt calculation for CONF13.
Running xtb_opt calculation for CONF14.
Running xtb_opt calculation for CONF15.
CONF12 converged after 17 steps.
CONF11 converged after 18 steps.
CONF6 converged after 21 steps.
CONF5 converged after 24 steps.
CONF7 converged after 21 steps.
CONF8 converged after 22 steps.
CONF9 converged after 17 steps.
CONF13 converged after 18 steps.
No longer considering CONF12 (gradient too small and ΔG = 3.07).
No longer considering CONF11 (gradient too small and ΔG = 3.06).
No longer considering CONF6 (gradient too small and ΔG = 2.77).
No longer considering CONF4 (gradient too small and ΔG = 2.62).
No longer considering CONF5 (gradient too small and ΔG = 2.62).
No longer considering CONF7 (gradient too small and ΔG = 3.03).
No longer considering CONF3 (gradient too small and ΔG = 2.63).
No longer considering CONF8 (gradient too small and ΔG = 3.01).
No longer considering CONF9 (gradient too small and ΔG = 2.24).
No longer considering CONF10 (gradient too small and ΔG = 1.99).
No longer considering CONF13 (gradient too small and ΔG = 3.24).

----------------------------------- OPTIMIZATION CYCLE 16 UPDATE -----------------------------------

CONF#           Gtot             ΔGtot          grad_norm       converged   
                [Eh]           [kcal/mol]        [Eh/a0]                    
CONF1        -233.488442          0.57          0.000488          True      
CONF2        -233.487163          1.38          0.000630          True      
CONF14       -233.483937          3.40          0.024074          False     
CONF15       -233.489358          0.00          0.008043          False     
----------------------------------------------------------------------------------------------------
Running xtb_opt calculation for CONF14.
Running xtb_opt calculation for CONF3.
Running xtb_opt calculation for CONF15.
Running xtb_opt calculation for CONF4.
CONF4 converged after 33 steps.
CONF3 converged after 33 steps.
No longer considering CONF2 (gradient too small and ΔG = 1.76).

----------------------------------- OPTIMIZATION CYCLE 24 UPDATE -----------------------------------

CONF#           Gtot             ΔGtot          grad_norm       converged   
                [Eh]           [kcal/mol]        [Eh/a0]                    
CONF1        -233.488442          0.96          0.000488          True      
CONF14       -233.485182          3.01          0.001023          False     
CONF15       -233.489974          0.00          0.002402          False     
----------------------------------------------------------------------------------------------------
Running xtb_opt calculation for CONF14.
Running xtb_opt calculation for CONF15.
CONF14 converged after 49 steps.
CONF15 converged after 53 steps.
No longer considering CONF14 (gradient too small and ΔG = 3.02).

----------------------------------- OPTIMIZATION CYCLE 32 UPDATE -----------------------------------

CONF#           Gtot             ΔGtot          grad_norm       converged   
                [Eh]           [kcal/mol]        [Eh/a0]                    
CONF1        -233.488442          0.98          0.000488          True      
CONF15       -233.490002          0.00          0.000402          True      
----------------------------------------------------------------------------------------------------
Running xtb_rrho calculation for CONF1.
Running xtb_rrho calculation for CONF15.

--------------------------------------- OPTIMIZATION RESULTS ---------------------------------------

CONF#        E (DFT) (+ ΔGsolv)       ΔE (DFT) (+ δΔGsolv)       GmRRHO          Gtot             ΔGtot          Boltzmann weight   
                    [Eh]                   [kcal/mol]             [Eh]           [Eh]           [kcal/mol]        % at 298.15 K     
CONF1           -233.591636                   0.00                ---         -233.488442          0.00               51.55         
CONF15          -233.591619                   0.01                ---         -233.488383          0.04               48.45         

Boltzmann averaged free energy/enthalpy of ensemble on optimized geometries:
temperature /K:   avE(T) /a.u.   avG(T) /a.u.
    298.15        -233.5916280    -233.4884134     <<==part2==
----------------------------------------------------------------------------------------------------


--------------------------------------- OPTIMIZATION RESULTS ---------------------------------------

CONF#        E (DFT) (+ ΔGsolv)       ΔE (DFT) (+ δΔGsolv)       GmRRHO          Gtot             ΔGtot          Boltzmann weight   
                    [Eh]                   [kcal/mol]             [Eh]           [Eh]           [kcal/mol]        % at 298.15 K     
CONF1           -233.591636                   0.00                ---         -233.488442          0.00               51.55         
CONF15          -233.591619                   0.01                ---         -233.488383          0.04               48.45         

Boltzmann averaged free energy/enthalpy of ensemble on optimized geometries:
temperature /K:   avE(T) /a.u.   avG(T) /a.u.
    298.15        -233.5916280    -233.4884134     <<==part2==
----------------------------------------------------------------------------------------------------


--------------------------------- OPTIMIZATION RANKING COMPARISON ----------------------------------

CONF#        ΔGtot prescreening       ΔGtot screening       ΔGtot optimization   
                 [kcal/mol]             [kcal/mol]              [kcal/mol]       
CONF1               0.00                   0.00                    0.00          
CONF15              3.43                   3.45                    0.04          
----------------------------------------------------------------------------------------------------



Number of conformers:         2
Highest ranked conformer:     CONF1


Ran optimization in 510.45 seconds!

----------------------------------------------------------------------------------------------------
                                             REFINEMENT                                             
----------------------------------------------------------------------------------------------------
    
threshold:                    0.95
func:                         wb97x-v
basis:                        def2-tzvp
prog:                         orca
sm:                           smd
gfnv:                         gfn2
run:                          True
implicit:                     False
template:                     False


Running gsolv calculation for CONF15.
Running gsolv calculation for CONF1.
No longer considering CONF1.
No longer considering CONF15.

---------------------------- REFINEMENT SINGLE-POINT (+ mRRHO) RESULTS -----------------------------

CONF#          E (DFT)          ΔGsolv         GmRRHO          Gtot             ΔGtot          Boltzmann weight   
                [Eh]             [Eh]           [Eh]           [Eh]           [kcal/mol]        % at 298.15 K     
CONF1        -233.668539       -0.002597        ---         -233.671135          0.01               49.76         
CONF15       -233.668566       -0.002579        ---         -233.671144          0.00               50.24         

Boltzmann averaged free energy/enthalpy of ensemble (high level single-points):
temperature /K:   avE(T) /a.u.   avG(T) /a.u.
    298.15        -233.6685522    -233.6711399     <<==part3==
----------------------------------------------------------------------------------------------------


---------------------------------- REFINEMENT RANKING COMPARISON -----------------------------------

CONF#        ΔGtot prescreening       ΔGtot screening       ΔGtot optimization       ΔGtot refinement   
                 [kcal/mol]             [kcal/mol]              [kcal/mol]              [kcal/mol]      
CONF1               0.00                   0.00                    0.00                    0.01         
CONF15              3.43                   3.45                    0.04                    0.00         
----------------------------------------------------------------------------------------------------



Number of conformers:         2
Highest ranked conformer:     CONF15


Ran refinement in 123.44 seconds!

Ran CENSO in 00:11:14

CENSO all done!
