----------------------------------------------- 
  Element       SASA      Sigma Z        Total  
     Z         Ang**2 cal/Ang**2/mol   kcal/mol 
----------------------------------------------- 
      H        122.239      48.690       5.952
      C         27.827     129.740       3.610
      O         11.252       0.000       0.000

 Subtotal:     161.318                   9.562
 -----------------------------------------------

  Elements    COT*SASA   Sigma Z,Z'     Total   
    Z,Z'       Ang**2  cal/Ang**2/mol kcal/mol  
 ---------------------------------------------- 
  H   C         82.292     -60.770      -5.001
  H   O          0.000       0.000       0.000
  C   C         17.154     -72.950      -1.251
  O   C          0.040      68.690       0.003

 Subtotal:                              -6.250
 ---------------------------------------------- 

 NONAQUEOUS SOLVENT CONTRIBUTION (kcal/mol):
 (proportional to SASA, atomic number independent)
 ---------------------------------------------- 
 Subtotal:                               0.000
 ---------------------------------------------- 

 CDS TOTAL (kcal/mol):                   3.313
...............................................................................
