----------------------------------------------- 
  Element       SASA      Sigma Z        Total  
     Z         Ang**2 cal/Ang**2/mol   kcal/mol 
----------------------------------------------- 
      H        120.279      48.690       5.856
      C         20.346     129.740       2.640
      O         17.720       0.000       0.000

 Subtotal:     158.345                   8.496
 -----------------------------------------------

  Elements    COT*SASA   Sigma Z,Z'     Total   
    Z,Z'       Ang**2  cal/Ang**2/mol kcal/mol  
 ---------------------------------------------- 
  H   C         72.244     -60.770      -4.390
  H   O          9.017       0.000       0.000
  C   C         16.556     -72.950      -1.208
  O   C          0.000      68.690       0.000

 Subtotal:                              -5.598
 ---------------------------------------------- 

 NONAQUEOUS SOLVENT CONTRIBUTION (kcal/mol):
 (proportional to SASA, atomic number independent)
 ---------------------------------------------- 
 Subtotal:                               0.000
 ---------------------------------------------- 

 CDS TOTAL (kcal/mol):                   2.898
...............................................................................
