15
 energy: -233.605542801534 gnorm: 0.005224565949 xtb: 6.7.1 (edcfbbe)
C            2.45903343538393       -0.01233456474187        0.10140201321552
C            0.98872780066168        0.35636284873389        0.31177457035121
C            0.05747584846355       -0.43647573032740       -0.60332211017830
C           -1.39565935898792        0.01068113414859       -0.53753511904333
O           -1.94813286793270       -0.05179625624303        0.79632084086741
H            2.61820986204001       -1.08617946559626        0.26151403225793
H            2.78225167097952        0.22394902205535       -0.91881651388468
H            3.10714847359035        0.52927822856786        0.79561927740970
H            0.71456819378507        0.17735276191376        1.35884124726363
H            0.84418366271854        1.43219560290962        0.13009396719151
H            0.38398181119599       -0.32561568142022       -1.64566983934653
H            0.12290317572417       -1.50652769745470       -0.36290428132779
H           -1.48384247361151        1.05986813988891       -0.83804974168420
H           -2.00809623042300       -0.59319910132702       -1.21807888905387
H           -1.91218042431308       -0.97610249018565        1.07485606883054
15
 energy: -233.605591551382 gnorm: 0.002090620115 xtb: 6.7.1 (edcfbbe)
C            2.45729113657674       -0.01310883777429        0.10279453502294
C            0.99004850229268        0.35877596952228        0.31015453786025
C            0.05646649795992       -0.43433350600149       -0.60258141331675
C           -1.39591696818438        0.01139268825017       -0.53515770094644
O           -1.94940657176051       -0.05923002583662        0.79709416438355
H            2.61532503067973       -1.08533320032726        0.26738427771981
H            2.78041704569984        0.21806078328421       -0.91835818731433
H            3.10881181841756        0.53100179091202        0.79360853117350
H            0.71437167144577        0.18425210572462        1.35677844424738
H            0.84987393934155        1.43266620442053        0.12475923809781
H            0.38343829905679       -0.32727233373935       -1.64599994018955
H            0.12056795654794       -1.50468329009545       -0.36178177713275
H           -1.48389446958276        1.06204967871797       -0.83173368562231
H           -2.00768534441194       -0.58821159946533       -1.22270661400783
H           -1.90913617375554       -0.98456906771347        1.07179071841756
15
 energy: -233.605641317529 gnorm: 0.002402891347 xtb: 6.7.1 (edcfbbe)
C            2.45400093623531       -0.01616097371747        0.10476486714007
C            0.99188586246714        0.36528062813198        0.30695588938671
C            0.05522183349942       -0.43030865366996       -0.60098185513733
C           -1.39590642854327        0.01394070768696       -0.53086710193815
O           -1.95158696648639       -0.07728961636715        0.79770794818549
H            2.60956295096618       -1.08568478608235        0.28247078485632
H            2.77864251334408        0.20135696828541       -0.91895529691152
H            3.11058292761531        0.53455448020302        0.78757378649819
H            0.71178632628837        0.20166962703462        1.35360116626322
H            0.85873398792900        1.43641522136817        0.11117787387668
H            0.38131060647502       -0.32957399006187       -1.64622466017765
H            0.11873823098063       -1.50067933146311       -0.35776297427862
H           -1.48512338660593        1.06872205523779       -0.81440494946471
H           -2.00604444479315       -0.57559213496342       -1.23181680216057
H           -1.90123310565133       -1.00519129653276        1.06280545779867
15
 energy: -233.605674971083 gnorm: 0.003807356887 xtb: 6.7.1 (edcfbbe)
C            2.45265156091147       -0.01952909425531        0.10733513598620
C            0.99355443766763        0.37246490332628        0.30219552136366
C            0.05393343103349       -0.42583158483860       -0.60069242394447
C           -1.39688921684226        0.01608890552830       -0.52673052846559
O           -1.95458847214092       -0.09765847736055        0.79857018297307
H            2.60323520222216       -1.08700186266248        0.30133706595481
H            2.77900232449517        0.18087702358666       -0.91970937770445
H            3.11291410657405        0.53832066304808        0.78145401629150
H            0.70889904296222        0.22128439906169        1.34958285630005
H            0.86719396031058        1.44199003796097        0.09471539383507
H            0.37814684504817       -0.32922340152113       -1.64709059702610
H            0.11821151382267       -1.49570050122223       -0.35419735753503
H           -1.48693281427310        1.07561148291936       -0.79366504761093
H           -2.00513106368527       -0.56206662227283       -1.23997078382528
H           -1.89362964881324       -1.02816516986569        1.05290897954026
15
 energy: -233.605709579092 gnorm: 0.003353038335 xtb: 6.7.1 (edcfbbe)
C            2.45206129559055       -0.02460296632617        0.11115642496648
C            0.99513437070574        0.38297943506082        0.29466569895956
C            0.05293980327945       -0.41961822347766       -0.60194963238594
C           -1.39858611858856        0.01849079250954       -0.52143449897985
O           -1.95798128179122       -0.12566996947182        0.80042371573269
H            2.59397464257662       -1.08943228778501        0.32931246863655
H            2.78168983991000        0.15021287763971       -0.92015314017483
H            3.11521243266800        0.54292652802247        0.77382987992531
H            0.70459605383692        0.24906012521590        1.34339427210453
H            0.87817560530558        1.45119884521244        0.07106673108696
H            0.37277398637634       -0.32530677825315       -1.64947480414542
H            0.11972783402539       -1.48863516496212       -0.35206660357730
H           -1.49020086126795        1.08403205850429       -0.76435384463002
H           -2.00462804748399       -0.54468912642456       -1.24796535826367
H           -1.88431927930588       -1.05948289769095        1.03959028030421
15
 energy: -233.605725804283 gnorm: 0.001396534354 xtb: 6.7.1 (edcfbbe)
C            2.45281224572957       -0.02760606189605        0.11392797402431
C            0.99568998084988        0.38857375015624        0.28957607721358
C            0.05287978535197       -0.41593925056933       -0.60425992593161
C           -1.40002027325980        0.01901138125275       -0.51880178898333
O           -1.95837830071061       -0.13973681440355        0.80231108567027
H            2.58850651492847       -1.09063637756466        0.34590934653945
H            2.78470792867605        0.13220610357446       -0.91890058711197
H            3.11602039168919        0.54488173826866        0.77088971814600
H            0.70211881123476        0.26392150546208        1.33882198426465
H            0.88415592105979        1.45634417184647        0.05769312848958
H            0.36886312663096       -0.31963914279045       -1.65219740487989
H            0.12274518431598       -1.48453779892270       -0.35423530000516
H           -1.49320860626508        1.08677562592294       -0.74879320553460
H           -2.00565288477934       -0.53716935655580       -1.24891261413322
H           -1.88067009605948       -1.07498485326632        1.03301244631936
15
 energy: -233.605733153180 gnorm: 0.001579311785 xtb: 6.7.1 (edcfbbe)
C            2.45345747203540       -0.03077095086542        0.11710982661361
C            0.99588976372483        0.39348683299016        0.28427412823357
C            0.05348285614856       -0.41216295685672       -0.60814244463173
C           -1.40120458290210        0.01889314906283       -0.51567994825763
O           -1.95576557835429       -0.15046148729209        0.80625637054112
H            2.58281709890410       -1.09138549266407        0.36255756125260
H            2.78833201039084        0.11456334034485       -0.91623505326316
H            3.11565097309197        0.54678297770473        0.76936488867176
H            0.69905073416846        0.27673038215562        1.33340131725377
H            0.89018804100295        1.46067638655448        0.04557243047769
H            0.36449610603399       -0.31077348707183       -1.65673011688442
H            0.12765017816607       -1.48093537744906       -0.36117482736814
H           -1.49670773039779        1.08743465156982       -0.73634258376870
H           -2.00726781849936       -0.53319933478014       -1.24639583181577
H           -1.87950032219012       -1.08741282695359        1.02820480025471
15
 energy: -233.605737967409 gnorm: 0.001125915467 xtb: 6.7.1 (edcfbbe)
C            2.45344689607780       -0.03084860420277        0.11771816414440
C            0.99599582170953        0.39267119576036        0.28418815954511
C            0.05380012087804       -0.41171809799060       -0.60936199132942
C           -1.40115984260622        0.01822259646609       -0.51547837343003
O           -1.95288096315776       -0.14736314893662        0.80794590384722
H            2.58306342797781       -1.09099736968005        0.36300003868038
H            2.78885227374542        0.11488813994317       -0.91507859505418
H            3.11529897869949        0.54686515526026        0.77049737916240
H            0.69849306742820        0.27451805468251        1.33272936276401
H            0.89047565120934        1.45975462529219        0.04674548738092
H            0.36392897780956       -0.30771867126503       -1.65814990460163
H            0.12900742812638       -1.48109669007650       -0.36536668829556
H           -1.49778314081461        1.08586646249398       -0.73952541445341
H           -2.00840425608364       -0.53679525925636       -1.24351162625090
H           -1.88156522299048       -1.08478275052112        1.02968882965733
15
 energy: -233.605741475284 gnorm: 0.000717840583 xtb: 6.7.1 (edcfbbe)
C            2.45266804326228       -0.03306673410852        0.12036841567696
C            0.99662800614984        0.39433064132918        0.28170359429293
C            0.05464986481129       -0.40822246262379       -0.61366412749578
C           -1.40097390376246        0.01718939992149       -0.51300583758413
O           -1.94600896085384       -0.14799069985005        0.81350446064216
H            2.58046775130630       -1.09169767968763        0.37349868575151
H            2.79100818282242        0.10554393290707       -0.91287433439638
H            3.11453973015639        0.54833970557627        0.77087686082281
H            0.69537156821907        0.27765443093326        1.32926174235118
H            0.89484088351967        1.46107991705628        0.04299710265474
H            0.36159556864810       -0.29758775794082       -1.66314874919457
H            0.13374835982653       -1.47901399139186       -0.37651467963303
H           -1.50260247815982        1.08455237425663       -0.73936417874426
H           -2.01028274032423       -0.54180064967326       -1.23775346530305
H           -1.88508091535855       -1.08784441225730        1.03015537169193
15
 energy: -233.605741475284 gnorm: 0.000717840583 xtb: 6.7.1 (edcfbbe)
C            2.45266804326228       -0.03306673410852        0.12036841567696
C            0.99662800614984        0.39433064132918        0.28170359429293
C            0.05464986481129       -0.40822246262379       -0.61366412749578
C           -1.40097390376246        0.01718939992149       -0.51300583758413
O           -1.94600896085384       -0.14799069985005        0.81350446064216
H            2.58046775130630       -1.09169767968763        0.37349868575151
H            2.79100818282242        0.10554393290707       -0.91287433439638
H            3.11453973015639        0.54833970557627        0.77087686082281
H            0.69537156821907        0.27765443093326        1.32926174235118
H            0.89484088351967        1.46107991705628        0.04299710265474
H            0.36159556864810       -0.29758775794082       -1.66314874919457
H            0.13374835982653       -1.47901399139186       -0.37651467963303
H           -1.50260247815982        1.08455237425663       -0.73936417874426
H           -2.01028274032423       -0.54180064967326       -1.23775346530305
H           -1.88508091535855       -1.08784441225730        1.03015537169193
