15
 energy: -233.604615463869 gnorm: 0.003389499778 xtb: 6.7.1 (edcfbbe)
C            1.93828396161805       -0.55570862954461       -0.41522438393246
C            1.11081903160238        0.03218438479258        0.72752541851755
C           -0.00319837957464        0.97616294683806        0.26375717658279
C           -1.04062124409288        0.33692058760320       -0.64165666610092
O           -1.69171946827334       -0.73114567288473        0.08272973219870
H            2.38673102140885        0.23991893360471       -1.02381024540444
H            2.74950204112164       -1.17922738065606       -0.02570613269858
H            1.33091946708555       -1.18204230260814       -1.07851795842279
H            0.67849845351100       -0.77825289822359        1.32365994278325
H            1.77352293563837        0.59005194154738        1.39819552032184
H           -0.51805374415812        1.39028003152314        1.14001148068071
H            0.43248078995673        1.82219127308731       -0.28225408981346
H           -1.78233617453229        1.08905853543614       -0.94223048217625
H           -0.57402694304896       -0.06133031560191       -1.55431025540366
H           -2.32697179645976       -1.14256782955892       -0.51522855601767
15
 energy: -233.604639367596 gnorm: 0.001225616212 xtb: 6.7.1 (edcfbbe)
C            1.93773431112562       -0.55535338092347       -0.41443660028930
C            1.11078231412102        0.03151135651115        0.72812596155960
C           -0.00363828874755        0.97495291509356        0.26386058347499
C           -1.04109889075966        0.33703153629994       -0.64063090460987
O           -1.69066301985742       -0.73319606612401        0.08047877478089
H            2.38187047341622        0.23870208047380       -1.02631013672811
H            2.75247402177848       -1.17550538678879       -0.02708222298161
H            1.33204967456052       -1.18548461691996       -1.07414013311175
H            0.67976853809186       -0.78015989261157        1.32517012416396
H            1.77289608425794        0.58971568869483        1.40035849480660
H           -0.51604160767145        1.39461433722311        1.13902403088366
H            0.43369244178756        1.81953230635317       -0.28405318686835
H           -1.78331346691152        1.08975014853785       -0.93988939355324
H           -0.57575381415703       -0.05790326205506       -1.55444210934331
H           -2.32692891848363       -1.14171427177456       -0.51909258664335
15
 energy: -233.604656094854 gnorm: 0.001937725926 xtb: 6.7.1 (edcfbbe)
C            1.93591048961882       -0.55556625093575       -0.41277251354178
C            1.11040585348762        0.02969224122941        0.72970698638295
C           -0.00357680108247        0.97316823457079        0.26410202246212
C           -1.04124841539331        0.33776647510416       -0.63894299963244
O           -1.68687900903231       -0.73850680058734        0.07445207643320
H            2.36743021148351        0.23744038297127       -1.03348213088349
H            2.76040395961721       -1.16488263266977       -0.02816392902663
H            1.33313523632167       -1.19709685890985       -1.06306457106743
H            0.68093031813169       -0.78346868626506        1.32786977220814
H            1.77081814959435        0.58845705413628        1.40460217533304
H           -0.51104515537048        1.40308318781644        1.13742285171000
H            0.43777101994445        1.81359368800109       -0.28847272838629
H           -1.78595040607290        1.09137087422092       -0.93203865098540
H           -0.57808356080295       -0.04857762279505       -1.55679729509790
H           -2.32619231051357       -1.13998015627574       -0.52747969342474
15
 energy: -233.604663126494 gnorm: 0.000927365834 xtb: 6.7.1 (edcfbbe)
C            1.93523934710817       -0.55672601505821       -0.41235132945861
C            1.11005334744715        0.02947734734765        0.73028884873572
C           -0.00300894982184        0.97383015088642        0.26449596040468
C           -1.04101293834847        0.33881549663692       -0.63924291440701
O           -1.68448058824372       -0.74010022770844        0.07251696905456
H            2.36187744191867        0.23669667653435       -1.03673445054411
H            2.76300389639264       -1.16134410070253       -0.02745033411612
H            1.33290895383530       -1.20261782492904       -1.05939822064871
H            0.67947701040027       -0.78282718538940        1.32806096091624
H            1.77098639520302        0.58781353921706        1.40440013092358
H           -0.51082523624633        1.40298766680483        1.13773717561685
H            0.43892964768474        1.81347713793990       -0.28837270314645
H           -1.78698101019523        1.09195122521869       -0.92976010435492
H           -0.57741973866732       -0.04482657144050       -1.55852690891437
H           -2.32491809899658       -1.14011437737855       -0.52872127571669
15
 energy: -233.604670185992 gnorm: 0.000595753642 xtb: 6.7.1 (edcfbbe)
C            1.93244597330690       -0.55964591450963       -0.41176125798690
C            1.10931365937525        0.02947696181912        0.73173879634855
C           -0.00197199230040        0.97563168852893        0.26600643282054
C           -1.03935576966750        0.34107423221813       -0.64030199284447
O           -1.67788207993589       -0.74393214528630        0.06711661930733
H            2.34731330148226        0.23303335797148       -1.04584904966942
H            2.76849403928408       -1.15256651015335       -0.02660526554502
H            1.33169718608555       -1.21675213234383       -1.04967693127937
H            0.67717542518163       -0.78110473138352        1.32980827481376
H            1.77221193082226        0.58705746604682        1.40382922894769
H           -0.51102936998130        1.40276217562473        1.13928094545756
H            0.44077817666048        1.81497162064524       -0.28607377998934
H           -1.78871529292707        1.09272531726331       -0.92510898251103
H           -0.57518975900882       -0.03607045270770       -1.56248088441702
H           -2.32145620127181       -1.14016851901032       -0.53297897891712
15
 energy: -233.604672732764 gnorm: 0.000648121416 xtb: 6.7.1 (edcfbbe)
C            1.93078101927509       -0.56112132017554       -0.41175053286981
C            1.10957622623770        0.03009863677970        0.73220715832033
C           -0.00202933855257        0.97610650255929        0.26705162618572
C           -1.03841544462841        0.34213763661149       -0.64090975541535
O           -1.67508917824195       -0.74549373002355        0.06426813738603
H            2.34075134504797        0.23028619430645       -1.05050149967578
H            2.76999408878687       -1.14957137986650       -0.02693372484562
H            1.32985595528469       -1.22279514519303       -1.04462560596237
H            0.67761394264226       -0.77944652855705        1.33174237569389
H            1.77389178173906        0.58782344353540        1.40275639423521
H           -0.51229220342875        1.40140121672107        1.14053770641194
H            0.44065353588166        1.81660299868142       -0.28325766444193
H           -1.78885459567657        1.09307690793873       -0.92444189664449
H           -0.57299020594653       -0.03239958720234       -1.56347500983530
H           -2.31961781236904       -1.14021369259697       -0.53572366052410
15
 energy: -233.604672732764 gnorm: 0.000648121416 xtb: 6.7.1 (edcfbbe)
C            1.93078101927509       -0.56112132017554       -0.41175053286981
C            1.10957622623770        0.03009863677970        0.73220715832033
C           -0.00202933855257        0.97610650255929        0.26705162618572
C           -1.03841544462841        0.34213763661149       -0.64090975541535
O           -1.67508917824195       -0.74549373002355        0.06426813738603
H            2.34075134504797        0.23028619430645       -1.05050149967578
H            2.76999408878687       -1.14957137986650       -0.02693372484562
H            1.32985595528469       -1.22279514519303       -1.04462560596237
H            0.67761394264226       -0.77944652855705        1.33174237569389
H            1.77389178173906        0.58782344353540        1.40275639423521
H           -0.51229220342875        1.40140121672107        1.14053770641194
H            0.44065353588166        1.81660299868142       -0.28325766444193
H           -1.78885459567657        1.09307690793873       -0.92444189664449
H           -0.57299020594653       -0.03239958720234       -1.56347500983530
H           -2.31961781236904       -1.14021369259697       -0.53572366052410
