----------------------------------------------- 
  Element       SASA      Sigma Z        Total  
     Z         Ang**2 cal/Ang**2/mol   kcal/mol 
----------------------------------------------- 
      H        113.900      48.690       5.546
      C         20.083     129.740       2.606
      O         19.168       0.000       0.000

 Subtotal:     153.151                   8.151
 -----------------------------------------------

  Elements    COT*SASA   Sigma Z,Z'     Total   
    Z,Z'       Ang**2  cal/Ang**2/mol kcal/mol  
 ---------------------------------------------- 
  H   C         70.191     -60.770      -4.266
  H   O          6.685       0.000       0.000
  C   C         16.682     -72.950      -1.217
  O   C          0.000      68.690       0.000

 Subtotal:                              -5.482
 ---------------------------------------------- 

 NONAQUEOUS SOLVENT CONTRIBUTION (kcal/mol):
 (proportional to SASA, atomic number independent)
 ---------------------------------------------- 
 Subtotal:                               0.000
 ---------------------------------------------- 

 CDS TOTAL (kcal/mol):                   2.669
...............................................................................
