----------------------------------------------- 
  Element       SASA      Sigma Z        Total  
     Z         Ang**2 cal/Ang**2/mol   kcal/mol 
----------------------------------------------- 
      H         76.580      48.690       3.729
      C         70.187     129.740       9.106
      O         36.291       0.000       0.000

 Subtotal:     183.058                  12.835
 -----------------------------------------------

  Elements    COT*SASA   Sigma Z,Z'     Total   
    Z,Z'       Ang**2  cal/Ang**2/mol kcal/mol  
 ---------------------------------------------- 
  H   C         51.809     -60.770      -3.148
  H   O          0.000       0.000       0.000
  C   C         76.285     -72.950      -5.565
  O   C         20.781      68.690       1.427
  O   O          0.000       0.000       0.000

 Subtotal:                              -7.286
 ---------------------------------------------- 

 NONAQUEOUS SOLVENT CONTRIBUTION (kcal/mol):
 (proportional to SASA, atomic number independent)
 ---------------------------------------------- 
 Subtotal:                               0.000
 ---------------------------------------------- 

 CDS TOTAL (kcal/mol):                   5.549
...............................................................................
