15
 energy: -233.591590486577 gnorm: 0.002405823031 xtb: 6.7.1 (edcfbbe)
C            2.38803803146620        0.40192271432585       -0.01691513535381
C            1.18366881571268       -0.49995819469055        0.12828503439701
O           -0.00241579243996        0.28805354610885       -0.02835447229243
C           -1.18509426802204       -0.51662470432842        0.02496980903476
C           -2.39120755343324        0.38194628488896       -0.13131803221884
H            3.30447032479361       -0.18272861151212        0.10943959163728
H            2.41051679692515        0.86715478845311       -1.00723605992268
H            2.37804757702594        1.19187706191877        0.74087803298060
H            1.17527743373853       -0.98385430766631        1.11841443784098
H            1.19856176918708       -1.29621445235397       -0.63270773805042
H           -1.15306291963217       -1.26990314673397       -0.77819112476979
H           -1.22267260813520       -1.05487260718005        0.98576949048083
H           -3.30472816822975       -0.21985112570183       -0.10681774637146
H           -2.44104796375276        1.11449354031870        0.68042848734663
H           -2.35831129158096        0.91713128214201       -1.08581869954995
15
 energy: -233.591597888489 gnorm: 0.001308606432 xtb: 6.7.1 (edcfbbe)
C            2.38813157322711        0.40234668435577       -0.01591502876066
C            1.18427364746253       -0.50059342581506        0.12729422799000
O           -0.00232189472454        0.28771711409983       -0.03060465617196
C           -1.18605738784203       -0.51733058019449        0.02529317212372
C           -2.39138719437106        0.38184462322146       -0.13115614555521
H            3.30491893426955       -0.18143456342454        0.11027784250983
H            2.41132322876014        0.86784740551258       -1.00618464920275
H            2.37728762581440        1.19141012499488        0.74253828717742
H            1.17432787042619       -0.98543844687820        1.11648199204725
H            1.20023760737793       -1.29547606055200       -0.63478286064198
H           -1.15457227564110       -1.27125489795791       -0.77708537626347
H           -1.22212630731214       -1.05374644614838        0.98685118082660
H           -3.30585124853509       -0.21838744063941       -0.10464955303798
H           -2.43923113226006        1.11609414270263        0.67904510820749
H           -2.35891299082186        0.91497361280751       -1.08657700818231
15
 energy: -233.591606286914 gnorm: 0.001675122655 xtb: 6.7.1 (edcfbbe)
C            2.38831025235700        0.40356795634727       -0.01201497393929
C            1.18589999056820       -0.50283962061053        0.12163993082895
O           -0.00215748381191        0.28638201337971       -0.03954981995943
C           -1.18885655619205       -0.51960995425229        0.02650559984934
C           -2.39160619291963        0.38182850526294       -0.13075328139583
H            3.30634684922181       -0.17785300852663        0.11456128726431
H            2.41450014988227        0.87223234705737       -1.00082201831601
H            2.37286107237036        1.18912213868386        0.74955220810721
H            1.17024488690793       -0.99104755312184        1.10820303657179
H            1.20657364615544       -1.29330294536134       -0.64434432310284
H           -1.16008307354259       -1.27738938586087       -0.77178835755090
H           -1.21919374766298       -1.04858212766142        0.99162799605890
H           -3.30893241999992       -0.21363120342683       -0.09449136019679
H           -2.43178742636294        1.12326859123505        0.67322872635287
H           -2.36208043236081        0.90642509464728       -1.09072520150974
15
 energy: -233.591610153822 gnorm: 0.001144784981 xtb: 6.7.1 (edcfbbe)
C            2.38821632082187        0.40358743354684       -0.01141104549099
C            1.18574069227496       -0.50301208319999        0.11975628117388
O           -0.00197887490632        0.28594655017644       -0.04136290755149
C           -1.18840070122200       -0.51921451235985        0.02679101624068
C           -2.39149608530680        0.38188985223314       -0.13090559191738
H            3.30612057602427       -0.17816372004491        0.11573544795475
H            2.41551936924363        0.87445136227857       -0.99911117371579
H            2.37135668838804        1.18801969109766        0.75149790560327
H            1.16935365045630       -0.99245458712889        1.10601261861412
H            1.20726525437608       -1.29297808379926       -0.64689625477099
H           -1.16070698047579       -1.27873279221317       -0.76996323939296
H           -1.21835757150443       -1.04665197745981        0.99292601375776
H           -3.30865424339234       -0.21360600048832       -0.09140162267156
H           -2.43029547230257        1.12521055985524        0.67143632006228
H           -2.36364324468464        0.90427884323756       -1.09227348177272
15
 energy: -233.591617346754 gnorm: 0.000457987585 xtb: 6.7.1 (edcfbbe)
C            2.38786678681410        0.40405932554395       -0.00775960621694
C            1.18506775467984       -0.50374439450364        0.11170963793049
O           -0.00177220361531        0.28450586065051       -0.04924882726063
C           -1.18729999284189       -0.51830509269254        0.02861607234269
C           -2.39104263572933        0.38206238661921       -0.13144299140467
H            3.30537166014999       -0.17816216818348        0.12026155295241
H            2.41975786696311        0.88254259236947       -0.99159910487894
H            2.36644964775941        1.18319621885221        0.76068590481676
H            1.16592672290984       -0.99914074414405        1.09540784865875
H            1.21098092538521       -1.29036457261209       -0.65871971166381
H           -1.16409680411368       -1.28482463299151       -0.76195179143415
H           -1.21545019401089       -1.03866366612598        0.99906204574821
H           -3.30795753189257       -0.21279343221949       -0.07816185487604
H           -2.42367267905984        1.13442645079612        0.66285425616044
H           -2.37009058759190        0.89377497440050       -1.09887935429275
15
 energy: -233.591619139760 gnorm: 0.000454749328 xtb: 6.7.1 (edcfbbe)
C            2.38785802670136        0.40452753722985       -0.00578893850698
C            1.18546928511034       -0.50457917295713        0.10797403858417
O           -0.00148104543246        0.28357889716626       -0.05285724154579
C           -1.18754302568676       -0.51811971400256        0.02998098597366
C           -2.39117838981669        0.38203394235421       -0.13183717949836
H            3.30532572976897       -0.17789558002138        0.12185722736887
H            2.42182502367937        0.88703245401904       -0.98765120706886
H            2.36431022165317        1.18047885349459        0.76580334857444
H            1.16378093421289       -1.00343896498520        1.08982174585269
H            1.21327971819131       -1.28813737483323       -0.66547094245035
H           -1.16578652812293       -1.28789618250472       -0.75736581388236
H           -1.21390929217937       -1.03430134550109        1.00260286007354
H           -3.30840516031431       -0.21167317463875       -0.07136402789205
H           -2.42028673664678        1.13949910640292        0.65777778593597
H           -2.37322040396892        0.88745900124258       -1.10264644527428
15
 energy: -233.591619139760 gnorm: 0.000454749328 xtb: 6.7.1 (edcfbbe)
C            2.38785802670136        0.40452753722985       -0.00578893850698
C            1.18546928511034       -0.50457917295713        0.10797403858417
O           -0.00148104543246        0.28357889716626       -0.05285724154579
C           -1.18754302568676       -0.51811971400256        0.02998098597366
C           -2.39117838981669        0.38203394235421       -0.13183717949836
H            3.30532572976897       -0.17789558002138        0.12185722736887
H            2.42182502367937        0.88703245401904       -0.98765120706886
H            2.36431022165317        1.18047885349459        0.76580334857444
H            1.16378093421289       -1.00343896498520        1.08982174585269
H            1.21327971819131       -1.28813737483323       -0.66547094245035
H           -1.16578652812293       -1.28789618250472       -0.75736581388236
H           -1.21390929217937       -1.03430134550109        1.00260286007354
H           -3.30840516031431       -0.21167317463875       -0.07136402789205
H           -2.42028673664678        1.13949910640292        0.65777778593597
H           -2.37322040396892        0.88745900124258       -1.10264644527428
