----------------------------------------------- 
  Element       SASA      Sigma Z        Total  
     Z         Ang**2 cal/Ang**2/mol   kcal/mol 
----------------------------------------------- 
      H        119.463      48.690       5.817
      C         19.840     129.740       2.574
      O         16.629       0.000       0.000

 Subtotal:     155.932                   8.391
 -----------------------------------------------

  Elements    COT*SASA   Sigma Z,Z'     Total   
    Z,Z'       Ang**2  cal/Ang**2/mol kcal/mol  
 ---------------------------------------------- 
  H   C         71.008     -60.770      -4.315
  H   O          9.765       0.000       0.000
  C   C         16.562     -72.950      -1.208
  O   C          0.000      68.690       0.000

 Subtotal:                              -5.523
 ---------------------------------------------- 

 NONAQUEOUS SOLVENT CONTRIBUTION (kcal/mol):
 (proportional to SASA, atomic number independent)
 ---------------------------------------------- 
 Subtotal:                               0.000
 ---------------------------------------------- 

 CDS TOTAL (kcal/mol):                   2.867
...............................................................................
