15
 energy: -233.605028560902 gnorm: 0.004077990037 xtb: 6.7.1 (edcfbbe)
C            1.94677384837290       -0.72483436158316       -0.04533350177027
C            1.13386922958688        0.49799939460763       -0.47151275788070
C            0.01768383421988        0.86719987428552        0.51075694489122
C           -1.05759272838510       -0.19685773131350        0.67684874623194
O           -1.76202006180486       -0.47030047460166       -0.55358846769706
H            1.32415605940984       -1.62511999821150        0.02168082209875
H            2.74487879296718       -0.93152166902688       -0.76545500540697
H            2.41068795726770       -0.56437311210415        0.93700837452984
H            1.80543794791587        1.35916717091210       -0.56910593398122
H            0.70212192489068        0.32678791525169       -1.46485519201745
H            0.44759933389312        1.06916112530631        1.50040688330874
H           -0.46760248449468        1.79595498354717        0.18114951270066
H           -0.62264424878780       -1.15518214428996        0.98242549396307
H           -1.76930147379607        0.10988513695611        1.45668184855730
H           -2.15932684841859        0.36274516753706       -0.84649031207820
15
 energy: -233.605080949360 gnorm: 0.001290289107 xtb: 6.7.1 (edcfbbe)
C            1.94655984244370       -0.72377721548252       -0.04759570338620
C            1.13300724858690        0.49745786068351       -0.47242610082169
C            0.01802435063975        0.86620692030789        0.51132582640982
C           -1.05901791989311       -0.19502474874008        0.67848582240637
O           -1.76021072047969       -0.47456384250990       -0.55181880667243
H            1.32678939525660       -1.62458131052855        0.01316394919425
H            2.74940231367179       -0.92744143840011       -0.76331121535590
H            2.40472161458598       -0.56693972517669        0.93621081146314
H            1.80390381445287        1.35895415002478       -0.57207401856791
H            0.70116973513089        0.32631938956692       -1.46588504847833
H            0.44987785328473        1.06368083032794        1.50183668820605
H           -0.46480169646594        1.79836506591193        0.18719190693950
H           -0.62781496292973       -1.15133726383078        0.99121160756738
H           -1.77325440749113        0.11656880571857        1.45355746555583
H           -2.15363556205500        0.35682380876510       -0.84925559063319
15
 energy: -233.605145799423 gnorm: 0.003584494846 xtb: 6.7.1 (edcfbbe)
C            1.94326593844886       -0.72211900991138       -0.05496959319088
C            1.12892114945417        0.49659487215455       -0.47573981572741
C            0.02026526157570        0.86430681376930        0.51500190504623
C           -1.06185777326734       -0.18950822206897        0.68511414343251
O           -1.74913508894867       -0.49101891095905       -0.54726506996569
H            1.33130918451475       -1.62760870147115       -0.01892456740015
H            2.76222522030390       -0.91041694728185       -0.75756653895912
H            2.38213654725205       -0.57686975539520        0.93726950508858
H            1.79683813063766        1.35996395641099       -0.58106874471389
H            0.69296639213057        0.32627991274618       -1.46799815487395
H            0.45992999869076        1.04704494420686        1.50658624578176
H           -0.45475039122503        1.80625406716427        0.20672787047373
H           -0.64031148992036       -1.13949892754820        1.02470609537691
H           -1.78553765125911        0.14150581293355        1.44333351669274
H           -2.13154563303586        0.33580149248941       -0.86458863965619
15
 energy: -233.605163472107 gnorm: 0.002046415096 xtb: 6.7.1 (edcfbbe)
C            1.94185275154155       -0.72288573319298       -0.05739664926269
C            1.12757844272020        0.49738213819714       -0.47581221532332
C            0.02093560771236        0.86557574759977        0.51685780977790
C           -1.06176880997892       -0.18802819596634        0.68765831679781
O           -1.74424797041998       -0.49603854654387       -0.54596647435216
H            1.33022212962102       -1.62973112570034       -0.02859567740435
H            2.76401749295967       -0.90633585205091       -0.75729918523269
H            2.37587892590457       -0.58152553743609        0.93840827997532
H            1.79605237207364        1.36022898320753       -0.58133960666723
H            0.68913782868322        0.32774444615068       -1.46704382854313
H            0.46240082850707        1.04691202273729        1.50743768074946
H           -0.45380013207485        1.80749043433326        0.20928346152310
H           -0.64061502864954       -1.13648090626816        1.03355511713814
H           -1.78818833704194        0.14663038960957        1.44171377319338
H           -2.12473689747922        0.32977315472140       -0.87084249413024
15
 energy: -233.605181014528 gnorm: 0.001246753565 xtb: 6.7.1 (edcfbbe)
C            1.93712978062577       -0.72514065515348       -0.06195580005486
C            1.12528820738607        0.50015033893247       -0.47567926599121
C            0.02206737494235        0.86933993251698        0.52017280442018
C           -1.05992129077686       -0.18578463102655        0.69323657851768
O           -1.73304567315477       -0.50627118566186       -0.54277268981508
H            1.32495468921161       -1.63348234862736       -0.04755472980421
H            2.76505535987007       -0.89961519448716       -0.75685301837379
H            2.36235918088428       -0.59292711095433        0.94037248617578
H            1.79645892620774        1.36082813062292       -0.58019489202130
H            0.68278241947342        0.33313583390542       -1.46534707649799
H            0.46579410840917        1.05070465131451        1.50874446066731
H           -0.45359743381208        1.80976211249601        0.21139716249659
H           -0.63807724185096       -1.13094512151745        1.04987300376292
H           -1.79220832295821        0.15406302477308        1.43931664622829
H           -2.11032237980799        0.31689366105459       -0.88213707729012
15
 energy: -233.605188909216 gnorm: 0.001324706486 xtb: 6.7.1 (edcfbbe)
C            1.93328394090297       -0.72692308832662       -0.06389343265677
C            1.12490019075650        0.50221903398114       -0.47497814631152
C            0.02208587932986        0.87220747561506        0.52094512709347
C           -1.05763321503240       -0.18548791807700        0.69536208166904
O           -1.72720346849192       -0.51150381836573       -0.54094908459615
H            1.31922202871382       -1.63411087511047       -0.05603235611140
H            2.76330540539683       -0.89901633346339       -0.75651598731602
H            2.35498641895907       -0.60001209372736        0.94073701902354
H            1.79874192952053        1.36102319426553       -0.57713614976855
H            0.68188916921078        0.33845841611867       -1.46480972081649
H            0.46584229821683        1.05680015854721        1.50869354776577
H           -0.45587624845465        1.81062479251536        0.20952396970178
H           -0.63326364579880       -1.12818954816189        1.05568781764480
H           -1.79193498498492        0.15469979263901        1.43914173406218
H           -2.10362900681399        0.30992220815244       -0.88515772832175
15
 energy: -233.605206221063 gnorm: 0.001676165698 xtb: 6.7.1 (edcfbbe)
C            1.91615455371335       -0.73349918809290       -0.07215022197921
C            1.12564012078263        0.51171879374399       -0.47284088943952
C            0.02150728927214        0.88252997211821        0.52116951826012
C           -1.04810982038707       -0.18460594075851        0.70553167869840
O           -1.70463263420240       -0.53493344179312       -0.53033709231518
H            1.29357441167066       -1.63475240941549       -0.09345117787313
H            2.75617578341958       -0.89811928638522       -0.75439853766082
H            2.32209376560887       -0.63084820900281        0.94197793847818
H            1.81080452065847        1.36315725596219       -0.56195561863536
H            0.68490378628795        0.36450588677209       -1.46615330351846
H            0.46353370109222        1.08195247926735        1.50679870227459
H           -0.46543416266857        1.81337429657852        0.19946096953484
H           -0.61379577793310       -1.11654344842076        1.08166645480369
H           -1.79099857909109        0.15737539848950        1.43999751452986
H           -2.07670464612298        0.27939891265699       -0.89469688460537
15
 energy: -233.605211439012 gnorm: 0.000973469787 xtb: 6.7.1 (edcfbbe)
C            1.91470856739680       -0.73381590593321       -0.07264430665797
C            1.12690134648987        0.51232154079651       -0.47202394937663
C            0.02068395811108        0.88347008413943        0.51964886169133
C           -1.04657714628875       -0.18485322659466        0.70498130232515
O           -1.70601797965028       -0.53682851290446       -0.52864826411512
H            1.29063466504487       -1.63279262797686       -0.09445459465175
H            2.75450832668864       -0.90148633807792       -0.75421912878551
H            2.32024575769763       -0.63295750987408        0.94066966357908
H            1.81312851694847        1.36325150020823       -0.55668929789478
H            0.69056209551603        0.36846020748778       -1.46782894049316
H            0.46133142167161        1.08579962846017        1.50567484789697
H           -0.46745524144506        1.81311773280012        0.19621259835042
H           -0.61115945177262       -1.11581729176404        1.08091804821546
H           -1.78799914803367        0.15598938416101        1.44113003944007
H           -2.07878372034776        0.27685226682006       -0.89210789584776
15
 energy: -233.605213990507 gnorm: 0.000240058068 xtb: 6.7.1 (edcfbbe)
C            1.91334407544414       -0.73389501621244       -0.07399647815205
C            1.12784905626076        0.51338687466970       -0.47230734412752
C            0.02055528634659        0.88337345648752        0.51870980000930
C           -1.04639166162272       -0.18415781650871        0.70686565429632
O           -1.70511415200786       -0.54061971797271       -0.52622435288151
H            1.28889651119215       -1.63271641771070       -0.10098721770666
H            2.75522656532066       -0.90016328662488       -0.75369154459155
H            2.31566327606996       -0.63692593743211        0.94108737368401
H            1.81458479672098        1.36415162402849       -0.55394592870237
H            0.69344349072845        0.37212001525531       -1.46939428038433
H            0.46115891920051        1.08597633798705        1.50470829658099
H           -0.46714748180958        1.81303656687546        0.19530980995601
H           -0.61125464627579       -1.11386725470998        1.08639832111125
H           -1.78852735359403        0.15906129685929        1.44147102305682
H           -2.07757514873080        0.27195008360776       -0.89338412075195
15
 energy: -233.605213990507 gnorm: 0.000240058068 xtb: 6.7.1 (edcfbbe)
C            1.91334407544414       -0.73389501621244       -0.07399647815205
C            1.12784905626076        0.51338687466970       -0.47230734412752
C            0.02055528634659        0.88337345648752        0.51870980000930
C           -1.04639166162272       -0.18415781650871        0.70686565429632
O           -1.70511415200786       -0.54061971797271       -0.52622435288151
H            1.28889651119215       -1.63271641771070       -0.10098721770666
H            2.75522656532066       -0.90016328662488       -0.75369154459155
H            2.31566327606996       -0.63692593743211        0.94108737368401
H            1.81458479672098        1.36415162402849       -0.55394592870237
H            0.69344349072845        0.37212001525531       -1.46939428038433
H            0.46115891920051        1.08597633798705        1.50470829658099
H           -0.46714748180958        1.81303656687546        0.19530980995601
H           -0.61125464627579       -1.11386725470998        1.08639832111125
H           -1.78852735359403        0.15906129685929        1.44147102305682
H           -2.07757514873080        0.27195008360776       -0.89338412075195
