----------------------------------------------- 
  Element       SASA      Sigma Z        Total  
     Z         Ang**2 cal/Ang**2/mol   kcal/mol 
----------------------------------------------- 
      H        119.014      48.690       5.795
      C         27.689     129.740       3.592
      O         11.992       0.000       0.000

 Subtotal:     158.695                   9.387
 -----------------------------------------------

  Elements    COT*SASA   Sigma Z,Z'     Total   
    Z,Z'       Ang**2  cal/Ang**2/mol kcal/mol  
 ---------------------------------------------- 
  H   C         80.169     -60.770      -4.872
  H   O          0.000       0.000       0.000
  C   C         17.015     -72.950      -1.241
  O   C          0.018      68.690       0.001

 Subtotal:                              -6.112
 ---------------------------------------------- 

 NONAQUEOUS SOLVENT CONTRIBUTION (kcal/mol):
 (proportional to SASA, atomic number independent)
 ---------------------------------------------- 
 Subtotal:                               0.000
 ---------------------------------------------- 

 CDS TOTAL (kcal/mol):                   3.275
...............................................................................
