----------------------------------------------- 
  Element       SASA      Sigma Z        Total  
     Z         Ang**2 cal/Ang**2/mol   kcal/mol 
----------------------------------------------- 
      H        114.421      48.690       5.571
      C         19.719     129.740       2.558
      O         18.963       0.000       0.000

 Subtotal:     153.103                   8.130
 -----------------------------------------------

  Elements    COT*SASA   Sigma Z,Z'     Total   
    Z,Z'       Ang**2  cal/Ang**2/mol kcal/mol  
 ---------------------------------------------- 
  H   C         71.567     -60.770      -4.349
  H   O          5.582       0.000       0.000
  C   C         16.508     -72.950      -1.204
  O   C          0.000      68.690       0.000

 Subtotal:                              -5.553
 ---------------------------------------------- 

 NONAQUEOUS SOLVENT CONTRIBUTION (kcal/mol):
 (proportional to SASA, atomic number independent)
 ---------------------------------------------- 
 Subtotal:                               0.000
 ---------------------------------------------- 

 CDS TOTAL (kcal/mol):                   2.576
...............................................................................
