15
 energy: -233.603067545570 gnorm: 0.001372778309 xtb: 6.7.1 (edcfbbe)
C            1.64172626431869       -0.71422568365940       -0.56746010578711
C            1.36694058367862        0.52157527855823        0.28934997869760
C           -0.02830354225433        0.58143213559058        0.91998097870746
C           -1.19586884346211        0.52418535408010       -0.06075364481514
O           -1.57603374581955       -0.81618065800049       -0.43906371961220
H            2.69510369255742       -0.75295371461564       -0.86448578547622
H            1.41602841706473       -1.63881286462182       -0.02330636378708
H            1.05787378246497       -0.70634129654532       -1.49597681509994
H            2.10812616600925        0.56659201132345        1.09646616536265
H            1.51924612513788        1.42157311520806       -0.31996273727953
H           -0.15144511773571       -0.22852512973794        1.65091462822474
H           -0.11182009027397        1.52157892811823        1.47915755883026
H           -2.09198038722551        0.94685412626480        0.40310894645648
H           -0.97254884555885        1.12087349477842       -0.95838059674344
H           -0.82991217841181       -1.22163037688524       -0.89674343583911
15
 energy: -233.603073222212 gnorm: 0.000577134112 xtb: 6.7.1 (edcfbbe)
C            1.64209415395928       -0.71498234712937       -0.56610243595038
C            1.36678889296650        0.52211476216896        0.28825565320711
C           -0.02782323391010        0.58086003864356        0.92004797961610
C           -1.19565173336077        0.52492722553488       -0.06009885365919
O           -1.57636441244666       -0.81584671836451       -0.44011731043932
H            2.69543611188195       -0.75408746176494       -0.86233875483675
H            1.41609367531662       -1.63840878568125       -0.02032173168322
H            1.05874544068195       -0.70896697255833       -1.49492956795503
H            2.10882551402193        0.56992828710091        1.09452633947620
H            1.51678760911849        1.42134530687670       -0.32297280619073
H           -0.15043541298483       -0.23092753198892        1.64960101107877
H           -0.11124472851677        1.52023096687103        1.48149310023263
H           -2.09219949097388        0.94629792869484        0.40441588975441
H           -0.97295830489731        1.12193275038826       -0.95753080575571
H           -0.83096214280524       -1.21842310007740       -0.90108245250924
15
 energy: -233.603081817497 gnorm: 0.001128246575 xtb: 6.7.1 (edcfbbe)
C            1.64404101195000       -0.71785721638513       -0.56183755983603
C            1.36588573430237        0.52365908548765        0.28484108464211
C           -0.02699548469857        0.57871525147935        0.92018303743946
C           -1.19632996967269        0.52755476138169       -0.05764797810797
O           -1.57643846674068       -0.81392433596451       -0.44357324202664
H            2.69766773289373       -0.75803922116800       -0.85655343850072
H            1.41773555457093       -1.63782996410528       -0.01045263485247
H            1.06156805021615       -0.71865205929465       -1.49126870670713
H            2.11034651431589        0.58067688649057        1.08840141140580
H            1.50906212216520        1.42005948679481       -0.33246408589757
H           -0.14731045869075       -0.23737497231205        1.64569568563745
H           -0.11012368022878        1.51492502622482        1.48748438115824
H           -2.09303222398476        0.94542708549651        0.40960771041920
H           -0.97557488137344        1.12671159059684       -0.95373993591781
H           -0.83337080549826       -1.20805835861154       -0.91582976326129
15
 energy: -233.603086762326 gnorm: 0.001259780072 xtb: 6.7.1 (edcfbbe)
C            1.64581163469967       -0.72056015827693       -0.55835399577069
C            1.36509570696144        0.52466298434793        0.28224725391752
C           -0.02648313456576        0.57762076506735        0.92036070728387
C           -1.19719249655433        0.52858528943665       -0.05577048609879
O           -1.57652364751473       -0.81175484426013       -0.44753093378196
H            2.69964042087977       -0.76049449553396       -0.85244312781952
H            1.42071880819166       -1.63801563353676       -0.00234905795427
H            1.06368232716364       -0.72754012380819       -1.48795222043424
H            2.11101952187686        0.58844489249731        1.08391493235162
H            1.50355483533583        1.41852047403389       -0.33981899328075
H           -0.14503639293684       -0.24100953147493        1.64316643752042
H           -0.10884270445948        1.51183314401017        1.49091332242118
H           -2.09370982940248        0.94319343894128        0.41468897483142
H           -0.97866989073106        1.13209225330911       -0.94944499734169
H           -0.83593545999740       -1.19958655951725       -0.92878120010288
15
 energy: -233.603098397446 gnorm: 0.001609690427 xtb: 6.7.1 (edcfbbe)
C            1.65227703465567       -0.73006364772509       -0.54710211195550
C            1.36293553599888        0.52657964901130        0.27419590477211
C           -0.02519882978998        0.57348252353212        0.91991436299260
C           -1.20168172561437        0.53271111154072       -0.04971389858380
O           -1.57485711646039       -0.80344327670558       -0.46049059147210
H            2.70642347540734       -0.76736651502216       -0.84060848584580
H            1.43317111578626       -1.63962083586646        0.02419502079947
H            1.06984039875471       -0.75751899924794       -1.47624354365067
H            2.11310153643862        0.61133480025050        1.07020684173705
H            1.48729582019680        1.41231835545537       -0.36273877663601
H           -0.13803658073858       -0.25118038086150        1.63665204129388
H           -0.10565878708036        1.50293475101302        1.49812878156210
H           -2.09770970141199        0.93483102625859        0.43303838006364
H           -0.99197514021209        1.15170599966447       -0.93518021826687
H           -0.84280088653362       -1.17071655451589       -0.97140485391455
15
 energy: -233.603106486839 gnorm: 0.001895730449 xtb: 6.7.1 (edcfbbe)
C            1.65991326214431       -0.73856649160283       -0.53783794860289
C            1.36091198574681        0.52667511785781        0.26734474849700
C           -0.02457663079716        0.57106851745815        0.91906943040394
C           -1.20662411142834        0.53496497159129       -0.04416351729024
O           -1.57478425172756       -0.79575297339817       -0.47328836196621
H            2.71420187984197       -0.77191515653227       -0.83170695797841
H            1.44750423943493       -1.64173896832657        0.04596542829962
H            1.07713482243126       -0.78335014931841       -1.46594734844293
H            2.11328612786475        0.62779162407805        1.05931696009230
H            1.47594210129740        1.40517119803340       -0.38123091940108
H           -0.13368814191568       -0.25597676438171        1.63330239957732
H           -0.10271998993621        1.49842913104595        1.50056206659299
H           -2.10126628011525        0.92530682307006        0.45100762474026
H           -1.00635028751478        1.17010378887739       -0.92068385051199
H           -0.85176165567595       -1.14622604358356       -1.00885899822402
15
 energy: -233.603112301132 gnorm: 0.001503954836 xtb: 6.7.1 (edcfbbe)
C            1.66062947068900       -0.73783464235267       -0.53956752585763
C            1.36166639996789        0.52481413239070        0.26869261354327
C           -0.02505877054799        0.57196388493828        0.91789023268532
C           -1.20756789518737        0.53361678854020       -0.04478658571242
O           -1.57577783332524       -0.79585677412339       -0.47269978526741
H            2.71504288136063       -0.76924220524764       -0.83349354401981
H            1.44939096597735       -1.64270654539876        0.04127808317296
H            1.07848595857574       -0.77968624956145       -1.46751617566573
H            2.11178038425414        0.62182439617793        1.06245322491996
H            1.48090412708653        1.40409404874094       -0.37689789748972
H           -0.13580670822135       -0.25090810156496        1.63638453813731
H           -0.10268857650623        1.50231010780655        1.49436220222086
H           -2.10142130670287        0.92348301570764        0.45133126596651
H           -1.00865293786975        1.16942318524474       -0.92059889420614
H           -0.85380269309696       -1.14930997836009       -1.00398129757699
15
 energy: -233.603115711860 gnorm: 0.000665043960 xtb: 6.7.1 (edcfbbe)
C            1.66144030230803       -0.73949373542423       -0.53822692513872
C            1.36181228858188        0.52429374385011        0.26785857490371
C           -0.02481031864523        0.57203495419586        0.91722616224132
C           -1.20861992840235        0.53398484404387       -0.04359180686736
O           -1.57451236384482       -0.79559950676987       -0.47391500689886
H            2.71596761626974       -0.76992233802014       -0.83168259724439
H            1.45145989281100       -1.64383870586566        0.04396229600776
H            1.07953366894430       -0.78373878939223       -1.46633345403075
H            2.11161072578389        0.62310688664495        1.06204367887782
H            1.48061292270770        1.40299820969343       -0.37901927426664
H           -0.13529929113334       -0.24976071735770        1.63744965938184
H           -0.10199959790300        1.50359473242630        1.49246365224647
H           -2.10236653661688        0.92021573573751        0.45580702532702
H           -1.01319625358590        1.17212473528376       -0.91841415248804
H           -0.85451025537555       -1.14401557607825       -1.01277695699332
15
 energy: -233.603115711860 gnorm: 0.000665043960 xtb: 6.7.1 (edcfbbe)
C            1.66144030230803       -0.73949373542423       -0.53822692513872
C            1.36181228858188        0.52429374385011        0.26785857490371
C           -0.02481031864523        0.57203495419586        0.91722616224132
C           -1.20861992840235        0.53398484404387       -0.04359180686736
O           -1.57451236384482       -0.79559950676987       -0.47391500689886
H            2.71596761626974       -0.76992233802014       -0.83168259724439
H            1.45145989281100       -1.64383870586566        0.04396229600776
H            1.07953366894430       -0.78373878939223       -1.46633345403075
H            2.11161072578389        0.62310688664495        1.06204367887782
H            1.48061292270770        1.40299820969343       -0.37901927426664
H           -0.13529929113334       -0.24976071735770        1.63744965938184
H           -0.10199959790300        1.50359473242630        1.49246365224647
H           -2.10236653661688        0.92021573573751        0.45580702532702
H           -1.01319625358590        1.17212473528376       -0.91841415248804
H           -0.85451025537555       -1.14401557607825       -1.01277695699332
