----------------------------------------------- 
  Element       SASA      Sigma Z        Total  
     Z         Ang**2 cal/Ang**2/mol   kcal/mol 
----------------------------------------------- 
      H        112.974      48.690       5.501
      C         21.599     129.740       2.802
      O         18.870       0.000       0.000

 Subtotal:     153.443                   8.303
 -----------------------------------------------

  Elements    COT*SASA   Sigma Z,Z'     Total   
    Z,Z'       Ang**2  cal/Ang**2/mol kcal/mol  
 ---------------------------------------------- 
  H   C         68.952     -60.770      -4.190
  H   O          7.549       0.000       0.000
  C   C         17.923     -72.950      -1.307
  O   C          0.039      68.690       0.003

 Subtotal:                              -5.495
 ---------------------------------------------- 

 NONAQUEOUS SOLVENT CONTRIBUTION (kcal/mol):
 (proportional to SASA, atomic number independent)
 ---------------------------------------------- 
 Subtotal:                               0.000
 ---------------------------------------------- 

 CDS TOTAL (kcal/mol):                   2.808
...............................................................................
