----------------------------------------------- 
  Element       SASA      Sigma Z        Total  
     Z         Ang**2 cal/Ang**2/mol   kcal/mol 
----------------------------------------------- 
      H        115.150      48.690       5.607
      C         25.932     129.740       3.364
      O         13.569       0.000       0.000

 Subtotal:     154.651                   8.971
 -----------------------------------------------

  Elements    COT*SASA   Sigma Z,Z'     Total   
    Z,Z'       Ang**2  cal/Ang**2/mol kcal/mol  
 ---------------------------------------------- 
  H   C         77.374     -60.770      -4.702
  H   O          0.000       0.000       0.000
  C   C         16.006     -72.950      -1.168
  O   C          0.000      68.690       0.000

 Subtotal:                              -5.870
 ---------------------------------------------- 

 NONAQUEOUS SOLVENT CONTRIBUTION (kcal/mol):
 (proportional to SASA, atomic number independent)
 ---------------------------------------------- 
 Subtotal:                               0.000
 ---------------------------------------------- 

 CDS TOTAL (kcal/mol):                   3.101
...............................................................................
