15
 energy: -233.588487572935 gnorm: 0.000723943595 xtb: 6.7.1 (edcfbbe)
C            1.80615660898107        0.66971289215953        0.29281231562736
C            1.02729964726253       -0.23351484355286       -0.64587837874295
O           -0.00002351956327       -1.00704182479880       -0.00010300131110
C           -1.02730046238017       -0.23340333606745        0.64560717722530
C           -1.80643886912653        0.66941613966672       -0.29325596989312
H            1.19755318572534        1.49148506943629        0.68137468867473
H            2.21006803179192        0.10132112891278        1.13724883508487
H            2.64551619286041        1.10997276262127       -0.25556261367108
H            1.69540597516327       -0.98068010666681       -1.08553719345027
H            0.59808625151319        0.35036936175240       -1.47220532770897
H           -1.69525322589565       -0.98048336771411        1.08566474034842
H           -0.59797844549358        0.35080851240615        1.47164575262395
H           -1.19782145120489        1.49078521832693       -0.68263304968731
H           -2.21087553548336        0.10061565505679       -1.13714634075750
H           -2.64540762277843        1.11021758264897        0.25523958528250
15
 energy: -233.588491231703 gnorm: 0.000289784989 xtb: 6.7.1 (edcfbbe)
C            1.80570269698215        0.66991923793923        0.29236430403200
C            1.02683504108604       -0.23335860747407       -0.64705614417979
O           -0.00002968704067       -1.00684993068685       -0.00008594846259
C           -1.02685475070788       -0.23323958026969        0.64679220838700
C           -1.80595930449662        0.66962520781348       -0.29282222636368
H            1.19684356032768        1.49276044788858        0.67814558585938
H            2.20651423517459        0.10168609651052        1.13834201296070
H            2.64689875111044        1.10842455789821       -0.25450703853124
H            1.69478428485307       -0.98116544443419       -1.08624708343246
H            0.59690152991968        0.35028424954216       -1.47314338209976
H           -1.69465287661566       -0.98094935760794        1.08637513092007
H           -0.59682408558839        0.35073984729236        1.47258762951993
H           -1.19709293456594        1.49211267024089       -0.67935134184000
H           -2.20725150253392        0.10096203671738       -1.13828743123346
H           -2.64682810565748        1.10862935916037        0.25416462702084
15
 energy: -233.588491231703 gnorm: 0.000289784989 xtb: 6.7.1 (edcfbbe)
C            1.80570269698215        0.66991923793923        0.29236430403200
C            1.02683504108604       -0.23335860747407       -0.64705614417979
O           -0.00002968704067       -1.00684993068685       -0.00008594846259
C           -1.02685475070788       -0.23323958026969        0.64679220838700
C           -1.80595930449662        0.66962520781348       -0.29282222636368
H            1.19684356032768        1.49276044788858        0.67814558585938
H            2.20651423517459        0.10168609651052        1.13834201296070
H            2.64689875111044        1.10842455789821       -0.25450703853124
H            1.69478428485307       -0.98116544443419       -1.08624708343246
H            0.59690152991968        0.35028424954216       -1.47314338209976
H           -1.69465287661566       -0.98094935760794        1.08637513092007
H           -0.59682408558839        0.35073984729236        1.47258762951993
H           -1.19709293456594        1.49211267024089       -0.67935134184000
H           -2.20725150253392        0.10096203671738       -1.13828743123346
H           -2.64682810565748        1.10862935916037        0.25416462702084
