15
 energy: -17.721612022854 gnorm: 0.026013565313 xtb: 6.7.1 (edcfbbe)
C            1.92697509267290        0.58362676954930        0.31413529364203
C            1.02316324209979       -0.16447208491143       -0.65098943132552
O           -0.00006397399667       -0.93903702992809        0.00054368760391
C           -1.02312758010293       -0.16359573005959        0.65129033496270
C           -1.92693206792753        0.58350218688787       -0.31461457932855
H            2.74668157061616        1.04391518316454       -0.24711479813554
H            1.39955842700686        1.38225025349221        0.84314241788976
H            2.35882166922159       -0.10145699757975        1.05103160880690
H            1.60716890409642       -0.89833491239214       -1.21553875076617
H            0.57467431452565        0.52820092284295       -1.37601772205241
H           -1.60716733771904       -0.89673465363539        1.21674569758710
H           -0.57447254046500        0.52985451149859        1.37546614161550
H           -2.74651017395868        1.04457227679463        0.24618312029098
H           -1.39944862035439        1.38142157395397       -0.84462329626019
H           -2.35896512806665       -0.10238079339944       -1.05065801368602
15
 energy: -17.722455451875 gnorm: 0.011611090408 xtb: 6.7.1 (edcfbbe)
C            1.93850998670178        0.58736116819716        0.31284401641169
C            1.02312819723451       -0.16112963096200       -0.64480834110231
O           -0.00005669913235       -0.92102349501026        0.00054487882084
C           -1.02309750769265       -0.16026568775922        0.64511004808089
C           -1.93845905152796        0.58723665158872       -0.31333191035737
H            2.75641535483614        1.03548881485858       -0.24898899663597
H            1.40882450759733        1.38269824570888        0.83399168092928
H            2.35251437136751       -0.09861910905413        1.05042580384183
H            1.59433358186017       -0.91146503679649       -1.19826504086722
H            0.57440734394455        0.53041092550493       -1.36800806928378
H           -1.59435184450233       -0.90989137065291        1.19947724387200
H           -0.57423201490540        0.53204960656381        1.36747370369135
H           -2.75624130194982        1.03615234592723        0.24805214163585
H           -1.40869751492705        1.38187475358707       -0.83546944193281
H           -2.35264161125594       -0.09954670542316       -1.05006600625980
15
 energy: -17.722616021497 gnorm: 0.002939920010 xtb: 6.7.1 (edcfbbe)
C            1.94591748749146        0.58826743307445        0.31256393112733
C            1.02244617228700       -0.15950972991334       -0.64353455943969
O           -0.00005172196136       -0.90802473523804        0.00055232931062
C           -1.02242419731030       -0.15865281509332        0.64384324556968
C           -1.94585628208425        0.58814130670751       -0.31306026900111
H            2.76449973082705        1.02389639422804       -0.25150384548909
H            1.41816117729816        1.38728173212811        0.82625245981909
H            2.34836749016045       -0.09841498098970        1.05245686937225
H            1.58760860849437       -0.91845851648921       -1.19016092071713
H            0.58126490624796        0.53519890351766       -1.36778050790994
H           -1.58764887769059       -0.91690470410600        1.19137183487552
H           -0.58111713406722        0.53683106638803        1.36726589945597
H           -2.76432345935126        1.02456425161927        0.25056056195222
H           -1.41801319669597        1.38646424106864       -0.82773368996635
H           -2.34847490599702       -0.09934837062387       -1.05211162811489
15
 energy: -17.722637066413 gnorm: 0.000893604142 xtb: 6.7.1 (edcfbbe)
C            1.94895590497402        0.58795120481081        0.31212802117322
C            1.02228794863879       -0.15935002076269       -0.64367266975832
O           -0.00004911749554       -0.90494827243977        0.00056048793943
C           -1.02227146315650       -0.15849546981785        0.64398688656164
C           -1.94888876595222        0.58782463107152       -0.31262847889720
H            2.77044786376599        1.01685558632956       -0.25271516328349
H            1.42372568181769        1.39140336719294        0.82177709829317
H            2.34627058617828       -0.09867294602144        1.05493276676464
H            1.58693781190256       -0.91904140235046       -1.18939927330121
H            0.58574238923198        0.53758161637106       -1.36914543786982
H           -1.58699022175412       -0.91749411737320        1.19060556867708
H           -0.58561134036570        0.53921205563431        1.36864324215544
H           -2.77027323778340        1.01752443595893        0.25176645578758
H           -1.42356474205720        1.39059123339195       -0.82326029592266
H           -2.34636350029613       -0.09961042571744       -1.05459749747501
15
 energy: -17.722648882719 gnorm: 0.001734480462 xtb: 6.7.1 (edcfbbe)
C            1.95252740566692        0.58679938878272        0.31155281008072
C            1.02200715794120       -0.15877457945687       -0.64417015287506
O           -0.00004515850111       -0.90208647836943        0.00057655432973
C           -1.02200028197960       -0.15792274461105        0.64449425809473
C           -1.95244962168170        0.58667209681743       -0.31206011038010
H            2.78065972419445        1.00382205098506       -0.25356187123035
H            1.43321335255993        1.39920586870465        0.81404945489576
H            2.34125902717150       -0.09893926700709        1.06039512966551
H            1.58636889239376       -0.91795598572224       -1.19093544593913
H            0.58982952966045        0.54114465076496       -1.37029590922601
H           -1.58644184559829       -0.91641518177868        1.19213265015811
H           -0.58972764644693        0.54277170819990        1.36981503721161
H           -2.78049049494527        1.00448739512965        0.25260366814014
H           -1.43303131309430        1.39840665811112       -0.81553441589004
H           -2.34132292969253       -0.09988410427188       -1.06007994619113
15
 energy: -17.722656182100 gnorm: 0.001134939437 xtb: 6.7.1 (edcfbbe)
C            1.95275987165116        0.58613360681126        0.31141821255909
C            1.02169242417907       -0.15796979689159       -0.64426931895133
O           -0.00004423424320       -0.90224903810677        0.00058254663745
C           -1.02168859450231       -0.15711800965157        0.64459624452605
C           -1.95267855938870        0.58600630835707       -0.31192760613676
H            2.78384759367320        0.99875535342665       -0.25267608563162
H            1.43605677174893        1.40176061987662        0.81119778294643
H            2.33765462308528       -0.09923800544684        1.06259049912783
H            1.58549988349337       -0.91648157468675       -1.19280950403878
H            0.58796880065567        0.54242373974467       -1.36892192765925
H           -1.58557948313908       -0.91493949011270        1.19400391670095
H           -0.58787604984292        0.54404874791887        1.36844694733965
H           -2.78368261751933        0.99941471699949        0.25171459962206
H           -1.43586948378320        1.40096925954839       -0.81268050231850
H           -2.33770514841945       -0.10018496150858       -1.06228409387878
15
 energy: -17.722666000108 gnorm: 0.000480869461 xtb: 6.7.1 (edcfbbe)
C            1.95416194028030        0.58413710773133        0.31089334953606
C            1.02058177058311       -0.15495245623268       -0.64514378624549
O           -0.00004211829638       -0.90088808925019        0.00059791681590
C           -1.02058611139921       -0.15409845829972        0.64547782931090
C           -1.95407131930406        0.58401072826342       -0.31140858039285
H            2.79474197544222        0.98153235324539       -0.24999488680662
H            1.44497490920024        1.41002784820940        0.80130627972233
H            2.32451963715269       -0.10118010996270        1.06943093254971
H            1.58161147947212       -0.91241958583149       -1.19817404248363
H            0.58320095946941        0.54755454503637       -1.36517980995636
H           -1.58171006506250       -0.91087094107089        1.19936257417973
H           -0.58313145232112        0.54917682713439        1.36471894202779
H           -2.79459362253107        0.98216993821589        0.24902596111512
H           -1.44477473371299        1.40926505944150       -0.80277948374072
H           -2.32452745132428       -0.10213329035180       -1.06915148478738
15
 energy: -17.722666356637 gnorm: 0.000101029545 xtb: 6.7.1 (edcfbbe)
C            1.95447202992489        0.58386001510524        0.31074555030859
C            1.02045526348530       -0.15459211461346       -0.64555905170835
O           -0.00004294328090       -0.90064743367042        0.00059646891409
C           -1.02045893107967       -0.15373625561689        0.64589219044407
C           -1.95438228159128        0.58373476975996       -0.31126006263970
H            2.79605542933207        0.97965312327700       -0.24922345717785
H            1.44628189735232        1.41068135150393        0.80024563404578
H            2.32300268677350       -0.10132621517688        1.06995345721091
H            1.58104630837949       -0.91192042551913       -1.19900599774219
H            0.58305304170360        0.54821834963287       -1.36521410124099
H           -1.58114295558199       -0.91036794420153        1.20019710410650
H           -0.58297997932496        0.54984298127138        1.36474942739626
H           -2.79591044476393        0.98028543088662        0.24825594265954
H           -1.44608599102584        1.40992390084168       -0.80171637088550
H           -2.32300733265413       -0.10227805720215       -1.06967502284666
15
 energy: -17.722666391169 gnorm: 0.000014830009 xtb: 6.7.1 (edcfbbe)
C            1.95463720232712        0.58382380575474        0.31071342155077
C            1.02047078025306       -0.15444580836794       -0.64563106045571
O           -0.00004364509167       -0.90040897750821        0.00059492776857
C           -1.02047344524465       -0.15358818083570        0.64596324093538
C           -1.95454873352321        0.58369927739862       -0.31122730939530
H            2.79661277298898        0.97893328449098       -0.24923605816352
H            1.44659213381702        1.41104477870873        0.79978683606404
H            2.32244982962228       -0.10152094243092        1.07018206834919
H            1.58091527638307       -0.91186063829831       -1.19909651115838
H            0.58312348694943        0.54847610548134       -1.36519558951685
H           -1.58101007933196       -0.91030512358654        1.20028929667677
H           -0.58304699769159        0.55010298184526        1.36472769728337
H           -2.79647064908651        0.97956252245652        0.24827061292712
H           -1.44639912842027        1.41029093921838       -0.80125540204817
H           -2.32245300630262       -0.10247254804869       -1.06990445997278
