15
 energy: -26.160214606971 gnorm: 0.045003723656 xtb: 6.7.1 (edcfbbe)
C           -2.71077512431215        0.14033152070628       -0.10979850352826
C           -2.00196860733720       -1.02230088306150       -0.40133696462067
C           -0.62315440026723       -1.07417138386363       -0.20762267299786
C            0.01978615787509        0.06147395293651        0.26540872436286
C           -0.66271089088891        1.23074093167093        0.56590703996932
C           -2.04129013706818        1.26188075282427        0.37677534760156
O            1.40608813108862        0.04274648666290        0.51388623169784
C            2.22044468633958       -0.31669137850293       -0.51027039598154
O            3.40750953486793       -0.43900637696006       -0.33367411510260
H           -3.78523468883202        0.17146022430325       -0.25653360542501
H           -2.52073159554898       -1.90039418464693       -0.77180643611124
H           -0.06031841643426       -1.98065541911459       -0.40636378087504
H           -0.12082927396491        2.09340754074377        0.93811113317165
H           -2.59118239466994        2.16834604865100        0.60777760857197
H            1.70445969978818       -0.46108233228042       -1.47166084639149
15
 energy: -26.161747843019 gnorm: 0.023967667399 xtb: 6.7.1 (edcfbbe)
C           -2.70349673552876        0.13972855494259       -0.10795706970077
C           -1.99751628556004       -1.01649438427825       -0.39907429042767
C           -0.62396397077072       -1.06402030070339       -0.21251383970887
C            0.02322933422851        0.06464351746509        0.26524089566894
C           -0.66817895723224        1.22717481096774        0.56668786500766
C           -2.04046510240971        1.25710303823087        0.37651867042866
O            1.40862671818737        0.04955030626205        0.50008866413259
C            2.21624646568565       -0.31580360369158       -0.50135860004275
O            3.39935387267607       -0.42903012692250       -0.33972464664528
H           -3.77259135779054        0.16918956558174       -0.25483046377203
H           -2.51352723260324       -1.89001613373302       -0.76917782652905
H           -0.06399024616589       -1.96509955160785       -0.41630421893086
H           -0.13079000044963        2.08488259397327        0.94026421986372
H           -2.59013028679756        2.15768560772860        0.60620310441449
H            1.69728646516636       -0.49340839414653       -1.45526369941731
15
 energy: -26.162208303552 gnorm: 0.008236222111 xtb: 6.7.1 (edcfbbe)
C           -2.70193475431016        0.13943206372040       -0.10629838732028
C           -1.99511494752944       -1.01254144141926       -0.40007706845465
C           -0.62373412637034       -1.05497397357998       -0.21779836953176
C            0.02705579726177        0.07019309627377        0.26302919128905
C           -0.67303853036787        1.22720611641802        0.56818588305089
C           -2.04271484255769        1.25508300673066        0.37997835674984
O            1.41126228054746        0.06045784507755        0.48427352529088
C            2.21227836870233       -0.33112976059656       -0.48742070022888
O            3.40093731428838       -0.40908642540636       -0.34702847897696
H           -3.76864943341273        0.16651875206775       -0.25245716516586
H           -2.50794039273347       -1.88474773769375       -0.76966238299938
H           -0.06403643132669       -1.95221237306828       -0.42785032347540
H           -0.13782750390927        2.08186710646550        0.94451094271541
H           -2.59232309414639        2.15222621897774        0.60986024872804
H            1.69587297649973       -0.53220699389836       -1.44244650732946
15
 energy: -26.162010875690 gnorm: 0.017318461393 xtb: 6.7.1 (edcfbbe)
C           -2.70343105737866        0.13821254855215       -0.10401941647155
C           -1.99193944533043       -1.00921635326241       -0.40427985964987
C           -0.62000124680288       -1.04433272044043       -0.22768885907601
C            0.02989756728541        0.08012212338157        0.25798680059349
C           -0.67872239248957        1.23016434388673        0.57346417473789
C           -2.04798437456233        1.25394910352350        0.38720251404026
O            1.41335302912031        0.08074041670451        0.46967232910358
C            2.21563946783571       -0.30681609772381       -0.48603968243093
O            3.40279267639922       -0.40899636026911       -0.34866260431873
H           -3.77002198848667        0.16141235603273       -0.24861001178235
H           -2.50087970197616       -1.88248128455339       -0.77474761615760
H           -0.05801570398674       -1.93866130749969       -0.44342940002378
H           -0.14563639416991        2.08422757249245        0.95341721752366
H           -2.59964457745878        2.14793387550592        0.62110492757981
H            1.69468682263708       -0.61017271626190       -1.42657174932639
15
 energy: -26.162397391590 gnorm: 0.002977599134 xtb: 6.7.1 (edcfbbe)
C           -2.70523614407926        0.13831633901266       -0.10357605767947
C           -1.99336860030909       -1.01031440650237       -0.40384312843769
C           -0.62040208931317       -1.04674363120800       -0.22599030750757
C            0.02806804318275        0.08000362615577        0.25636584491282
C           -0.67745957831051        1.23203043054790        0.57070312717268
C           -2.04832516602566        1.25521430714857        0.38662620045864
O            1.41191056544259        0.08026534556252        0.47209230369192
C            2.21499614693051       -0.32923704057432       -0.48420802642959
O            3.40581840287032       -0.40529599089463       -0.34731398231766
H           -3.77313346175693        0.16162780650443       -0.24725918322554
H           -2.50296618901047       -1.88435333734396       -0.77521776200481
H           -0.05801574076703       -1.94235259015986       -0.44051682488555
H           -0.14365793879762        2.08728517299411        0.95058563643320
H           -2.60068716867729        2.14965520609749        0.62328600956854
H            1.70255159925650       -0.59001573727150       -1.43293508540844
15
 energy: -26.162440187909 gnorm: 0.002218167148 xtb: 6.7.1 (edcfbbe)
C           -2.70691078639846        0.13758868720035       -0.10154041527109
C           -1.99252394652875       -1.00886807158911       -0.40597889744535
C           -0.61874763290342       -1.04276594138071       -0.23068045800494
C            0.02786205371428        0.08534869506885        0.25123955492553
C           -0.67955902512337        1.23503933131633        0.57048794641038
C           -2.05131430842025        1.25506491125113        0.39028217440640
O            1.41175883657212        0.09120966223019        0.46586717588186
C            2.21645382532310       -0.33533282121904       -0.48237708183303
O            3.40821820543151       -0.40457200848867       -0.34481690511720
H           -3.77560115211218        0.15855014485379       -0.24253025771031
H           -2.50087777506572       -1.88398194357524       -0.77763194813619
H           -0.05540106153285       -1.93787347432797       -0.44656239690728
H           -0.14664213762174        2.09108478990272        0.95105097061789
H           -2.60553586030452        2.14768910479729        0.63145009201411
H            1.70891344560587       -0.61209556597111       -1.42946078948930
15
 energy: -26.162490911956 gnorm: 0.002331056982 xtb: 6.7.1 (edcfbbe)
C           -2.70956767540140        0.13600815817104       -0.09742523570401
C           -1.99076859402266       -1.00606831024349       -0.40939484221128
C           -0.61566985247786       -1.03526993191563       -0.23971915856195
C            0.02750325911217        0.09515923349023        0.24136007913795
C           -0.68362282607065        1.24011807983883        0.57029997126946
C           -2.05669830539625        1.25437946347426        0.39708636320303
O            1.41171005255862        0.11294146250520        0.45249931847209
C            2.21950402244616       -0.34390923861494       -0.48003954377319
O            3.41166533485944       -0.40675674408546       -0.33892803131023
H           -3.77936601077672        0.15260390598696       -0.23370296893622
H           -2.49685244157925       -1.88282251956418       -0.78159831093378
H           -0.05119556167461       -1.92937581288446       -0.45825808829008
H           -0.15247941253628        2.09756716719918        0.95132095708440
H           -2.61434335573789        2.14332795788451        0.64625601366998
H            1.72027404733280       -0.65181737117323       -1.42095775877469
15
 energy: -26.162515485071 gnorm: 0.002214548755 xtb: 6.7.1 (edcfbbe)
C           -2.71096480742082        0.13486135106259       -0.09423139394616
C           -1.98965335596820       -1.00406630144934       -0.41129290241583
C           -0.61387329424598       -1.03022249361717       -0.24609499430530
C            0.02749403606792        0.10122830626863        0.23461987963602
C           -0.68617278873372        1.24312768127775        0.56929344553527
C           -2.05986058617631        1.25376279886353        0.40126484821143
O            1.41184249073521        0.12654830849319        0.44280921971875
C            2.22165119432922       -0.34876403611583       -0.47844092337580
O            3.41387999302342       -0.40725467756340       -0.33379144577899
H           -3.78123573071475        0.14846504247899       -0.22690104849808
H           -2.49437393446916       -1.88148876274432       -0.78379540075795
H           -0.04903368510932       -1.92324291859166       -0.46762993790200
H           -0.15620205459983        2.10109503902929        0.95054712877999
H           -2.61950957100650        2.13999367809810        0.65559270489569
H            1.72610477492444       -0.67795751542154       -1.41315041545558
15
 energy: -26.162536313017 gnorm: 0.001336254032 xtb: 6.7.1 (edcfbbe)
C           -2.71235283380678        0.13352542148167       -0.09029356548015
C           -1.98885337699387       -1.00202613573434       -0.41311672626163
C           -0.61243885258879       -1.02504964250293       -0.25330813138677
C            0.02766843775346        0.10703883704047        0.22720735994224
C           -0.68851863602449        1.24597837758986        0.56716830865869
C           -2.06272256812493        1.25307496216272        0.40525272923481
O            1.41198949843560        0.13888391936659        0.43246590472353
C            2.22438771729535       -0.35323321113509       -0.47672727964515
O            3.41621687544222       -0.40682289643303       -0.32661983839533
H           -3.78307047557932        0.14385392798105       -0.21816542598233
H           -2.49243003245584       -1.87990755042125       -0.78564858605131
H           -0.04757083340339       -1.91679426211049       -0.47862432148704
H           -0.15950024795988        2.10427018814205        0.94832443771166
H           -2.62403758682274        2.13651123524475        0.66460111493721
H            1.73132559546903       -0.70321767060322       -1.40371721617697
15
 energy: -26.162544676809 gnorm: 0.000472602013 xtb: 6.7.1 (edcfbbe)
C           -2.71407430884988        0.13190690206393       -0.08539073311833
C           -1.98842554368066       -0.99996032394672       -0.41506199039134
C           -0.61134087871237       -1.01936028460652       -0.26151268713680
C            0.02796435124097        0.11327057017897        0.21886826911616
C           -0.69093890296071        1.24916415345375        0.56390596682144
C           -2.06567699155977        1.25239986009691        0.40932904958151
O            1.41205418958247        0.15092865507550        0.42133308689138
C            2.22807228803386       -0.35830058625163       -0.47471128586244
O            3.41913276494888       -0.40489521223946       -0.31715223456748
H           -3.78536711199464        0.13846524472794       -0.20690894801630
H           -2.49085940340866       -1.87814814134610       -0.78788751950950
H           -0.04639498987039       -1.90952846905177       -0.49170659174808
H           -0.16267796165883        2.10772962033576        0.94489387620567
H           -2.62850792780793        2.13287402527106        0.67428397177005
H            1.73713310733327       -0.73046051369282       -1.39348346569448
15
 energy: -26.162544880406 gnorm: 0.000450159750 xtb: 6.7.1 (edcfbbe)
C           -2.71434614883415        0.13176664647173       -0.08501780540503
C           -1.98880902192256       -1.00015206215229       -0.41506327818511
C           -0.61170132653801       -1.01941530362275       -0.26188357255547
C            0.02794137355714        0.11314409430053        0.21848735455952
C           -0.69082299956746        1.24918107337067        0.56337337521174
C           -2.06563340566404        1.25238368654753        0.40918821231530
O            1.41181955314315        0.14975078057767        0.42162831076051
C            2.22852974851931       -0.35826857518419       -0.47442846613600
O            3.41912818081525       -0.40611600307934       -0.31606121933793
H           -3.78576074233251        0.13822939324618       -0.20576808854061
H           -2.49139161520726       -1.87851442623195       -0.78741559513906
H           -0.04674490603484       -1.90970352253256       -0.49183154794625
H           -0.16232080082495        2.10799102959703        0.94379244836996
H           -2.62825906370185        2.13309064530686        0.67400447176699
H            1.73846385522838       -0.72728195654631       -1.39420583539712
15
 energy: -26.162545118166 gnorm: 0.000117199628 xtb: 6.7.1 (edcfbbe)
C           -2.71446106124613        0.13171849807852       -0.08478984990754
C           -1.98892950105649       -1.00016483321750       -0.41504973164333
C           -0.61183087359782       -1.01932673931271       -0.26201325673457
C            0.02791946827486        0.11319818047984        0.21842836407093
C           -0.69086825272722        1.24923665791968        0.56322374900077
C           -2.06567985020802        1.25236427407970        0.40923260024354
O            1.41173077846804        0.14975710435075        0.42161528298475
C            2.22869348946038       -0.35840576411602       -0.47424342636434
O            3.41938819766790       -0.40550222397986       -0.31567933111901
H           -3.78589213999875        0.13815764820380       -0.20528791036678
H           -2.49149395813995       -1.87846275092201       -0.78759938609304
H           -0.04674234065134       -1.90948395734269       -0.49232745863835
H           -0.16233930616808        2.10809749981161        0.94357247156931
H           -2.62824377375121        2.13309727818224        0.67417211716425
H            1.73884180430944       -0.72819537214655       -1.39445546982513
15
 energy: -26.162545142554 gnorm: 0.000044714463 xtb: 6.7.1 (edcfbbe)
C           -2.71451099203323        0.13168219966073       -0.08463284348414
C           -1.98897771467041       -1.00015716459590       -0.41501373717557
C           -0.61186323996517       -1.01930998966315       -0.26216720739960
C            0.02790072127879        0.11317847455954        0.21829673848681
C           -0.69085555397719        1.24925474001076        0.56303668550559
C           -2.06569431996657        1.25235681821686        0.40920831354256
O            1.41168481122596        0.14971459349393        0.42161473691830
C            2.22877039229748       -0.35837065232163       -0.47417790048906
O            3.41944689757149       -0.40569413109986       -0.31527727377123
H           -3.78596891904846        0.13806541623996       -0.20488894951258
H           -2.49157601449455       -1.87843694444280       -0.78752665219997
H           -0.04674630680955       -1.90939505651953       -0.49263279532567
H           -0.16234990837954        2.10813423112773        0.94330632585270
H           -2.62824505682217        2.13307752644773        0.67419652819930
H            1.73907788442873       -0.72801456104557       -1.39454320480597
