----------------------------------------------- 
  Element       SASA      Sigma Z        Total  
     Z         Ang**2 cal/Ang**2/mol   kcal/mol 
----------------------------------------------- 
      H        117.187      48.690       5.706
      C         21.530     129.740       2.793
      O         16.193       0.000       0.000

 Subtotal:     154.911                   8.499
 -----------------------------------------------

  Elements    COT*SASA   Sigma Z,Z'     Total   
    Z,Z'       Ang**2  cal/Ang**2/mol kcal/mol  
 ---------------------------------------------- 
  H   C         69.581     -60.770      -4.228
  H   O          9.862       0.000       0.000
  C   C         17.983     -72.950      -1.312
  O   C          0.013      68.690       0.001

 Subtotal:                              -5.539
 ---------------------------------------------- 

 NONAQUEOUS SOLVENT CONTRIBUTION (kcal/mol):
 (proportional to SASA, atomic number independent)
 ---------------------------------------------- 
 Subtotal:                               0.000
 ---------------------------------------------- 

 CDS TOTAL (kcal/mol):                   2.960
...............................................................................
