15
 energy: -17.722172280230 gnorm: 0.026278346428 xtb: 6.7.1 (edcfbbe)
C            1.81392269016206        0.66319959815415       -0.29082560076950
C            1.02568498114753       -0.23071770146855        0.64856392952799
O           -0.00008833031673       -1.00345779982854       -0.00010254264073
C           -1.02581715968496       -0.23064767560754       -0.64874780766645
C           -1.81381737544174        0.66350980374599        0.29059840162851
H            2.22298180188040        0.08795460274855       -1.12810442695989
H            1.21064947660049        1.48318063570388       -0.69027588829736
H            2.64964837279545        1.10560970132759        0.26116859346780
H            0.59395822896136        0.35918768542284        1.46894403169002
H            1.68800062896644       -0.97762075444805        1.09660528533905
H           -0.59408876075386        0.35908528399797       -1.46923713070811
H           -1.68827987101895       -0.97751076071512       -1.09662653531920
H           -2.64972384758943        1.10572580079751       -0.26131445295284
H           -2.22263820079794        0.08846530311917        1.12813493803090
H           -1.21048854413208        1.48365163940253        0.68965187782120
15
 energy: -17.723036975409 gnorm: 0.011713542772 xtb: 6.7.1 (edcfbbe)
C            1.82760457671847        0.66783362922140       -0.28914718527004
C            1.02550866640158       -0.22706993635424        0.64284356693993
O           -0.00008743797913       -0.98561809172113       -0.00009254335774
C           -1.02563013357738       -0.22699830749578       -0.64302956480596
C           -1.82751147106479        0.66814130440851        0.28891602225965
H            2.21844691752355        0.08969980447070       -1.12547582823023
H            1.22252825267145        1.48388112450606       -0.68008224680073
H            2.66322854840286        1.09770246957469        0.26086880583126
H            0.59210388814627        0.36126319977814        1.46150856125200
H            1.67418667174437       -0.99143355463634        1.07916699073308
H           -0.59221928772032        0.36115912079373       -1.46181641936298
H           -1.67445965222364       -0.99132657001596       -1.07918632247739
H           -2.66329218769002        1.09783274797748       -0.26101021726271
H           -2.21813310557663        0.09022499463049        1.12549840165601
H           -1.22237015499858        1.48432342721465        0.67947065108724
15
 energy: -17.723208121044 gnorm: 0.002819566361 xtb: 6.7.1 (edcfbbe)
C            1.83757935613224        0.66880143959319       -0.28874844958775
C            1.02518126093123       -0.22487536319905        0.64191252150137
O           -0.00008828966827       -0.97161347220967       -0.00008186544909
C           -1.02530064496782       -0.22481012386900       -0.64209436197939
C           -1.83749399547410        0.66911136009771        0.28851223271057
H            2.21630701435357        0.08853040397142       -1.12609249243510
H            1.23556520308693        1.48837066883868       -0.67179765072657
H            2.67512550800531        1.08505018528444        0.26201764285793
H            0.59824483446929        0.36746160502702        1.46065907067269
H            1.66625073383754       -0.99845509419985        1.07203074388864
H           -0.59834766936139        0.36735300386346       -1.46096081510018
H           -1.66651626824903       -0.99835795816065       -1.07205360570371
H           -2.67517030448077        1.08520200371417       -0.26217098792208
H           -2.21602706722304        0.08905657066493        1.12609319317390
H           -1.23540558061362        1.48879013293558        0.67120749629017
15
 energy: -17.723233391163 gnorm: 0.000936188532 xtb: 6.7.1 (edcfbbe)
C            1.84238402228028        0.66787548644976       -0.28844932272422
C            1.02506342386227       -0.22405288020391        0.64212176623000
O           -0.00008916069058       -0.96774029200606       -0.00007433623869
C           -1.02517945112630       -0.22399039507190       -0.64229930561543
C           -1.84230359001882        0.66818502632572        0.28820991580659
H            2.21563643266885        0.08687973405124       -1.12776007803840
H            1.24414729084411        1.49201627735371       -0.66790191806246
H            2.68325017575878        1.07680339830681        0.26256892176380
H            0.60232529848568        0.37185126222482        1.46089979463790
H            1.66444565180828       -0.99841999412376        1.07267657229370
H           -0.60241674940880        0.37173819734767       -1.46119474212339
H           -1.66470397261932       -0.99832662470008       -1.07269904522901
H           -2.68328119214742        1.07697279372058       -0.26273745644585
H           -2.21538673861021        0.08740297426199        1.12774321152193
H           -1.24398735030872        1.49242039841578        0.66732869441494
15
 energy: -17.723251995468 gnorm: 0.002161520645 xtb: 6.7.1 (edcfbbe)
C            1.84971232467812        0.66490699608669       -0.28840047746901
C            1.02457865098620       -0.22179610722376        0.64283246999908
O           -0.00009021637121       -0.96297236699443       -0.00005757034693
C           -1.02468594992053       -0.22173996928616       -0.64299937687451
C           -1.84964159016119        0.66521522668696        0.28815341011133
H            2.21332774465007        0.08298147830921       -1.13188320083085
H            1.26057553335400        1.49892515571606       -0.66199979975899
H            2.69813207037221        1.06043000278592        0.26200546627350
H            0.60561877007049        0.38064109550237        1.45961434921727
H            1.66142648346039       -0.99550681089779        1.07805638694508
H           -0.60568495387778        0.38051881449964       -1.45989226315994
H           -1.66166707375198       -0.99542278604497       -1.07807714164189
H           -2.69813123085417        1.06064027172465       -0.26221163896105
H           -2.21314901933537        0.08349663960108        1.13182421985631
H           -1.26041745252115        1.49929772188689        0.66146783883197
15
 energy: -17.723260608192 gnorm: 0.001713304177 xtb: 6.7.1 (edcfbbe)
C            1.85127915668388        0.66354794010445       -0.28864269433428
C            1.02417118799926       -0.22032044845954        0.64305952575308
O           -0.00009021088544       -0.96226564143010       -0.00005128608680
C           -1.02427454275566       -0.22026631465506       -0.64322222325011
C           -1.85121219526038        0.66385538090095        0.28839267938371
H            2.21185843421316        0.08080633370409       -1.13290180156451
H            1.26529926192786        1.50015460283727       -0.66127908202751
H            2.70204874708788        1.05561965152793        0.26067297627985
H            0.60371575776528        0.38391123715756        1.45771124997639
H            1.65981391868467       -0.99348651520926        1.08130140347906
H           -0.60377249347987        0.38378610988871       -1.45798323489862
H           -1.66004734096701       -0.99340619748853       -1.08132099963219
H           -2.70203627324125        1.05584540634988       -0.26089465458935
H           -2.21170738009903        0.08131766193639        1.13282753352670
H           -1.26514193689526        1.50051615518761        0.66076328017596
15
 energy: -17.723279926248 gnorm: 0.001087237503 xtb: 6.7.1 (edcfbbe)
C            1.85828911513258        0.65713605282144       -0.28985559310884
C            1.02197935299274       -0.21250343406250        0.64477643503581
O           -0.00009011455964       -0.95819531528052       -0.00001943031363
C           -1.02206335870581       -0.21246043117330       -0.64491811407072
C           -1.85824147531876        0.65743911329216        0.28959036391098
H            2.20275833449981        0.06887991971722       -1.13713618458067
H            1.28638080261748        1.50520322368241       -0.65808240917922
H            2.72026215084267        1.03290369736219        0.25341439213581
H            0.59334952568106        0.40028865993329        1.44831763373869
H            1.65077049795632       -0.98368597880243        1.09737319937408
H           -0.59335839985313        0.40014809298652       -1.44855984537055
H           -1.65096734555221       -0.98362591252327       -1.09738806526182
H           -2.72018936809957        1.03320851768716       -0.25371382668517
H           -2.20274861382702        0.06937272510563        1.13698445441551
H           -1.28622701302841        1.50550643160634        0.65764966215110
15
 energy: -17.723282471263 gnorm: 0.000281311728 xtb: 6.7.1 (edcfbbe)
C            1.86019604820285        0.65633695593986       -0.29000957566035
C            1.02184430254690       -0.21130559817554        0.64530381555537
O           -0.00009015658477       -0.95636269075675       -0.00001700168809
C           -1.02192711559306       -0.21126319616440       -0.64544348895831
C           -1.86015040878162        0.65664047814178        0.28974320325303
H            2.20314877566581        0.06645780009848       -1.13641770627674
H            1.28949802866120        1.50462282539078       -0.65903867237816
H            2.72248336063912        1.03095105311264        0.25279617018213
H            0.59374835200718        0.40297842279802        1.44777726177957
H            1.64911744312755       -0.98273364787500        1.09878929718704
H           -0.59375434875819        0.40283680691275       -1.44801696741532
H           -1.64931162096196       -0.98267480214711       -1.09880301700682
H           -2.72240856581300        1.03126286857796       -0.25310375145441
H           -2.20314906029446        0.06694585584503        1.13626202611024
H           -1.28934094328545        1.50492223065385        0.65861107896219
15
 energy: -17.723284100109 gnorm: 0.000329982446 xtb: 6.7.1 (edcfbbe)
C            1.86162245710083        0.65575429896201       -0.29030287821785
C            1.02199456100774       -0.21044671036683        0.64560089376719
O           -0.00009023525815       -0.95503993246982       -0.00001634522708
C           -1.02207751620343       -0.21040600765967       -0.64574085626625
C           -1.86157656459054        0.65605688060387        0.29003642425083
H            2.20516425404671        0.06399938888308       -1.13506722934047
H            1.29101697609240        1.50316840039852       -0.66152388666941
H            2.72313729836994        1.03122452674359        0.25293550514255
H            0.59445473043157        0.40504118942575        1.44733030302812
H            1.64820523131177       -0.98209149918574        1.09973690447114
H           -0.59445961746287        0.40489762822781       -1.44757007038588
H           -1.64839854375707       -0.98203525131662       -1.09975095453735
H           -2.72305913952038        1.03154047886776       -0.25324476537080
H           -2.20517114125281        0.06448712533563        1.13490979114266
H           -1.29085865953758        1.50346484590302        0.66109983640398
15
 energy: -17.723285641127 gnorm: 0.000492852837 xtb: 6.7.1 (edcfbbe)
C            1.86285125700586        0.65510868278047       -0.29077698361982
C            1.02213803095802       -0.20972937145674        0.64558151523522
O           -0.00008963639239       -0.95416935114073       -0.00001648563118
C           -1.02222069591516       -0.20968877250432       -0.64572085981367
C           -1.86280571940530        0.65541163259372        0.29051023530775
H            2.20871806149527        0.06168408608889       -1.13336455777234
H            1.29188166469893        1.50086125755072       -0.66524509728204
H            2.72270882383539        1.03301537796462        0.25332493371404
H            0.59484695086039        0.40672908982521        1.44665355093358
H            1.64756107610761       -0.98145476899166        1.10048605592647
H           -0.59485276353558        0.40658571803323       -1.44689344779920
H           -1.64775413477274       -0.98139901441129       -1.10049877231170
H           -2.72263076029340        1.03333281015187       -0.25363560190285
H           -2.20872596805136        0.06217061589899        1.13320681367214
H           -1.29172209581743        1.50115736996935        0.66482137353499
15
 energy: -17.723287243801 gnorm: 0.000345390722 xtb: 6.7.1 (edcfbbe)
C            1.86412511660200        0.65433772425034       -0.29136334227708
C            1.02233162165636       -0.20898736993591        0.64530419991281
O           -0.00008997053900       -0.95338514880270       -0.00001592315352
C           -1.02241451546205       -0.20894784982772       -0.64544398416369
C           -1.86407932503130        0.65464007682155        0.29109696001939
H            2.21288974625548        0.05905938713999       -1.13152035217530
H            1.29295540825942        1.49837928173979       -0.66956377106469
H            2.72217312583438        1.03494082237996        0.25392397942953
H            0.59499513445204        0.40870230989399        1.44540796082572
H            1.64701851925288       -0.98060760067826        1.10152022072647
H           -0.59499982301680        0.40855724148550       -1.44564859110346
H           -1.64721115111273       -0.98055405539735       -1.10153328291938
H           -2.72209072123279        1.03526029570722       -0.25423638548434
H           -2.21290298154319        0.05954663375057        1.13136087519114
H           -1.29279609359660        1.49867361382538        0.66914410842776
15
 energy: -17.723288547421 gnorm: 0.000134932995 xtb: 6.7.1 (edcfbbe)
C            1.86542529298608        0.65340552804121       -0.29194241963336
C            1.02232554903241       -0.20810885871533        0.64505836735289
O           -0.00008908030976       -0.95272668132357       -0.00001429208955
C           -1.02240634930951       -0.20806920565455       -0.64519598215859
C           -1.86538152202027        0.65370872817315        0.29167444607652
H            2.21636895137601        0.05667419708035       -1.13023966186406
H            1.29464376100336        1.49639832017892       -0.67311637217275
H            2.72222148288304        1.03583222502236        0.25420014344174
H            0.59469189197214        0.41078991041504        1.44412735548662
H            1.64630600679517       -0.97949703542837        1.10283537090995
H           -0.59469434947282        0.41064531353004       -1.44436588172205
H           -1.64649626233517       -0.97944360306042       -1.10284673281432
H           -2.72213752499217        1.03615583440962       -0.25451746035264
H           -2.21638847481385        0.05716002768247        1.13007548971183
H           -1.29448528201655        1.49669066200142        0.67270030201914
15
 energy: -17.723289506349 gnorm: 0.000135933489 xtb: 6.7.1 (edcfbbe)
C            1.86655531023950        0.65266835019982       -0.29229095373120
C            1.02233405744882       -0.20737529345243        0.64489845466396
O           -0.00008998339450       -0.95208865058067       -0.00001210799972
C           -1.02241437397051       -0.20733644946037       -0.64503564960702
C           -1.86651213890169        0.65297107991709        0.29202286580509
H            2.21817717223678        0.05483082311226       -1.12955361809254
H            1.29661117107219        1.49549747332317       -0.67509001558985
H            2.72303492763549        1.03544504461132        0.25420916927771
H            0.59435298958023        0.41266487688003        1.44291966047548
H            1.64563087508606       -0.97855398419448        1.10415392078086
H           -0.59435182772701        0.41251875380663       -1.44315704018071
H           -1.64581935533600       -0.97850224448979       -1.10416606775460
H           -2.72294590478686        1.03577217605761       -0.25453125292032
H           -2.21820550467604        0.05531624603804        1.12938561780429
H           -1.29645332372834        1.49578716058413        0.67467968925994
15
 energy: -17.723290315629 gnorm: 0.000206174077 xtb: 6.7.1 (edcfbbe)
C            1.86756233410135        0.65199833485400       -0.29252895808952
C            1.02223952901334       -0.20663010576631        0.64490446682179
O           -0.00008950057896       -0.95145099957321       -0.00001030262362
C           -1.02231801122427       -0.20659139856569       -0.64503989934004
C           -1.86752096161849        0.65230148729880        0.29225947782761
H            2.21892106659323        0.05335628715942       -1.12935700125439
H            1.29862455824471        1.49519041878195       -0.67600013019212
H            2.72426848231713        1.03425690539850        0.25401612262618
H            0.59397251440504        0.41435058840879        1.44205281067539
H            1.64488965380163       -0.97766453124055        1.10534594554711
H           -0.59396819208969        0.41420447371088       -1.44228780929406
H           -1.64507542313521       -0.97761314324697       -1.10535760064964
H           -2.72417779457326        1.03458831938985       -0.25434240185272
H           -2.21895635184892        0.05384086722558        1.12918461353988
H           -1.29846781262951        1.49547785851732        0.67559333844951
15
 energy: -17.723291077598 gnorm: 0.000187093480 xtb: 6.7.1 (edcfbbe)
C            1.86857241388504        0.65139401902911       -0.29268746696791
C            1.02217357193482       -0.20592359143892        0.64499444306023
O           -0.00009018866234       -0.95076313679778       -0.00000894744050
C           -1.02225186167316       -0.20588524754443       -0.64512966769898
C           -1.86853133747913        0.65169699715817        0.29241797244909
H            2.21924218332044        0.05196985308056       -1.12922502137220
H            1.30072427529957        1.49511321626963       -0.67657265321045
H            2.72571873458973        1.03281528741224        0.25370915899660
H            0.59369077606410        0.41601163275325        1.44126550429365
H            1.64410356161404       -0.97686541330903        1.10655946843313
H           -0.59368435116363        0.41586479825051       -1.44149984024544
H           -1.64428843588518       -0.97681488671712       -1.10657153807460
H           -2.72562583915457        1.03314863876696       -0.25403822076084
H           -2.21928205051308        0.05245366116921        1.12905093554930
H           -1.30056736139852        1.49539953426998        0.67616854518028
15
 energy: -17.723291785345 gnorm: 0.000121758172 xtb: 6.7.1 (edcfbbe)
C            1.86961660357083        0.65078409175226       -0.29285578311318
C            1.02210401352833       -0.20516801624576        0.64512824195705
O           -0.00008951462837       -0.94998128110491       -0.00000882760106
C           -1.02218143760508       -0.20512971380319       -0.64526284676281
C           -1.86957633673627        0.65108752628095        0.29258564495499
H            2.21960526201468        0.05049852718971       -1.12904890796722
H            1.30273201774272        1.49493668672247       -0.67717694138938
H            2.72713713109843        1.03143305279643        0.25344147982525
H            0.59348248561149        0.41770237735175        1.44056568895844
H            1.64329010210724       -0.97606381630922        1.10769469288881
H           -0.59347525790980        0.41755586391803       -1.44079934037799
H           -1.64347382544571       -0.97601342726812       -1.10770669389950
H           -2.72704526500369        1.03176780784009       -0.25377066822758
H           -2.21964619124480        0.05098255895024        1.12887423574400
H           -1.30257569632186        1.49522312428164        0.67677269720152
15
 energy: -17.723292399121 gnorm: 0.000062306197 xtb: 6.7.1 (edcfbbe)
C            1.87059005554097        0.65022626466869       -0.29303026273278
C            1.02206323041679       -0.20449350222694        0.64524747721288
O           -0.00009017557694       -0.94927364665923       -0.00000936092415
C           -1.02214167042654       -0.20445518582803       -0.64538321961871
C           -1.87054881815460        0.65052961062582        0.29276111230645
H            2.22021023425044        0.04907269415251       -1.12871440417084
H            1.30452346959603        1.49459527672081       -0.67805261021682
H            2.72828230417419        1.03045750098592        0.25321126689654
H            0.59335874544547        0.41926715818204        1.43991173470797
H            1.64252840310766       -0.97535603973469        1.10875878366307
H           -0.59335249047389        0.41912063330529       -1.44014688126303
H           -1.64271356802569       -0.97530590192076       -1.10877122047896
H           -2.72819109909349        1.03078999093225       -0.25353885936670
H           -2.22024826358696        0.04955697236181        1.12854249175990
H           -1.30436626641533        1.49488353678686        0.67764662441655
15
 energy: -17.723292920641 gnorm: 0.000077790897 xtb: 6.7.1 (edcfbbe)
C            1.87147248058989        0.64972044014835       -0.29321296621236
C            1.02204910959361       -0.20388794488547        0.64532025702178
O           -0.00008927384182       -0.94861982701146       -0.00001106547277
C           -1.02212757424363       -0.20384916515390       -0.64545639523050
C           -1.87143114867287        0.65002457670624        0.29294394609015
H            2.22102298782442        0.04771935319624       -1.12830344761121
H            1.30597940023309        1.49409068542091       -0.67905851840966
H            2.72914063592146        1.02985177202594        0.25310254163923
H            0.59328132660340        0.42066182660549        1.43930667552814
H            1.64190351053504       -0.97471597398931        1.10964175646078
H           -0.59327687181207        0.42051619041368       -1.43954302179321
H           -1.64208932520088       -0.97466536896152       -1.10965405957205
H           -2.72905324052897        1.03018206015656       -0.25342632044111
H           -2.22105530516218        0.04820483768753        1.12813461821992
H           -1.30582262106034        1.49438189999305        0.67864867197423
15
 energy: -17.723293380780 gnorm: 0.000102838886 xtb: 6.7.1 (edcfbbe)
C            1.87223592331989        0.64926473147596       -0.29340915405472
C            1.02203872877952       -0.20336575251243        0.64535201151935
O           -0.00009001232622       -0.94808486250281       -0.00001269755924
C           -1.02211899250622       -0.20332682755181       -0.64549025437016
C           -1.87219273742046        0.64956868356236        0.29314184724724
H            2.22200040759155        0.04648195827125       -1.12783033799843
H            1.30720895358954        1.49350716538876       -0.68022270021375
H            2.72973586573588        1.02954927193357        0.25304261283937
H            0.59321304342752        0.42188907336877        1.43873714951302
H            1.64135303577533       -0.97415373753864        1.11043223821926
H           -0.59321117150343        0.42174359560867       -1.43897641716567
H           -1.64154174250888       -0.97410315730537       -1.11044524878009
H           -2.72965008674495        1.02987461512377       -0.25336213788137
H           -2.22202575845801        0.04696875440850        1.12766670068597
H           -1.30705136597292        1.49380185062177        0.67980906019058
15
 energy: -17.723293808891 gnorm: 0.000099248700 xtb: 6.7.1 (edcfbbe)
C            1.87296435475334        0.64882457453941       -0.29360472313394
C            1.02204528322244       -0.20288165757286        0.64534450445093
O           -0.00008868757051       -0.94759448713849       -0.00001490912586
C           -1.02212534441487       -0.20284177254685       -0.64548294030557
C           -1.87292127092611        0.64912981433719        0.29333736494362
H            2.22308148838261        0.04528834627013       -1.12733763519013
H            1.30830846825222        1.49285001812312       -0.68143155006107
H            2.73021508741382        1.02940764930249        0.25304043097498
H            0.59314276936995        0.42303991919317        1.43815620032417
H            1.64089065139411       -0.97360498741196        1.11115373291075
H           -0.59314343260756        0.42289608412759       -1.43839673514083
H           -1.64108021210175       -0.97355315468796       -1.11116622853875
H           -2.73013490501509        1.02972968334985       -0.25335512330656
H           -2.22309851740732        0.04577649220523        1.12717783906479
H           -1.30815164196713        1.49314884026227        0.68101244432482
15
 energy: -17.723294213533 gnorm: 0.000077579269 xtb: 6.7.1 (edcfbbe)
C            1.87364836233175        0.64839086361360       -0.29381715830004
C            1.02204018342783       -0.20241168761942        0.64531873871935
O           -0.00009041453974       -0.94714260234795       -0.00001625464015
C           -1.02212287549708       -0.20237200983150       -0.64546026194720
C           -1.87360257811160        0.64869520992261        0.29355239108047
H            2.22420481758508        0.04412857222012       -1.12684363958898
H            1.30938024143214        1.49220266786269       -0.68269460693221
H            2.73062811856839        1.02930232377335        0.25304444720283
H            0.59304269996229        0.42415589802996        1.43756766090511
H            1.64042607294427       -0.97306929239606        1.11187322009741
H           -0.59304536322445        0.42401149685057       -1.43781172138011
H           -1.64061911829603       -0.97301807582646       -1.11188756881486
H           -2.73054746719013        1.02961831871485       -0.25335502657425
H           -2.22421590664414        0.04461879774832        1.12668966608399
H           -1.30922268197044        1.49250488163765        0.68227278628001
15
 energy: -17.723294548446 gnorm: 0.000047824229 xtb: 6.7.1 (edcfbbe)
C            1.87433143005292        0.64801110043703       -0.29395906712979
C            1.02206278361995       -0.20197952735371        0.64527794890120
O           -0.00008857992733       -0.94671566492311       -0.00001616245664
C           -1.02214328129927       -0.20193909069926       -0.64541724384709
C           -1.87428780834418        0.64831680181540        0.29369237895758
H            2.22504678188986        0.04319148666756       -1.12653814567584
H            1.31054956164890        1.49182730117624       -0.68352335748032
H            2.73125722734972        1.02891953718356        0.25303107600553
H            0.59297300556615        0.42511021199015        1.43707937443098
H            1.64007958574810       -0.97259758609465        1.11243719781887
H           -0.59297506264972        0.42496739913965       -1.43732134303758
H           -1.64027045813492       -0.97254517319705       -1.11245003208094
H           -2.73117975240629        1.02923778841493       -0.25334246479233
H           -2.22505802154900        0.04368106445510        1.12638191060815
H           -1.31039332078675        1.49212971334050        0.68310060196959
15
 energy: -17.723294859564 gnorm: 0.000053308896 xtb: 6.7.1 (edcfbbe)
C            1.87491007627584        0.64763348344526       -0.29412800769215
C            1.02205579991576       -0.20158091138142        0.64526088532437
O           -0.00008967357360       -0.94633403527390       -0.00001592463058
C           -1.02213727629564       -0.20154092396901       -0.64540144644720
C           -1.87486551805321        0.64793880111054        0.29386243587049
H            2.22580058987806        0.04224033859979       -1.12622170851877
H            1.31156962371594        1.49141167886113       -0.68442207520917
H            2.73173133690540        1.02861149475206        0.25299365599511
H            0.59286179393104        0.42610457662955        1.43652789897418
H            1.63965466089115       -0.97212730329394        1.11312212816389
H           -0.59286320449471        0.42596065031557       -1.43677114537458
H           -1.63984615656538       -0.97207603741254       -1.11313606301981
H           -2.73165158238409        1.02892920759432       -0.25330544182524
H           -2.22581327255771        0.04273013903510        1.12606646256353
H           -1.31141310681070        1.49171420333985        0.68400101801730
15
 energy: -17.723295153555 gnorm: 0.000048156194 xtb: 6.7.1 (edcfbbe)
C            1.87548565711012        0.64724480263756       -0.29429497518766
C            1.02201652098155       -0.20116151546337        0.64527227031933
O           -0.00008879192185       -0.94595629445758       -0.00001554792513
C           -1.02209673057495       -0.20112124418130       -0.64541152134695
C           -1.87544228933878        0.64755057610849        0.29402828881868
H            2.22652231514977        0.04126580022237       -1.12589523053202
H            1.31249268358875        1.49092225844024       -0.68530654388199
H            2.73218284544504        1.02835305316392        0.25292478926524
H            0.59272613289662        0.42709785274942        1.43602431908138
H            1.63921385965711       -0.97161920823850        1.11379024556625
H           -0.59272695844887        0.42695486956602       -1.43626613376184
H           -1.63940422880434       -0.97156734842516       -1.11380324863762
H           -2.73210421042258        1.02867225177211       -0.25323754429809
H           -2.22653610924558        0.04175517351515        1.12573821973496
H           -1.31233660529385        1.49122433494298        0.68488528497680
15
 energy: -17.723295427498 gnorm: 0.000041314717 xtb: 6.7.1 (edcfbbe)
C            1.87604465686669        0.64689221712008       -0.29444842482541
C            1.02200069303051       -0.20076452797057        0.64529637744986
O           -0.00008948541303       -0.94555943302161       -0.00001528307686
C           -1.02208152608032       -0.20072473203062       -0.64543635553665
C           -1.87600078322006        0.64719770122838        0.29418243481808
H            2.22721565049195        0.04029730383142       -1.12553561940751
H            1.31340873770510        1.49046887883719       -0.68619611455309
H            2.73262936644177        1.02811494074373        0.25285403465072
H            0.59262401077351        0.42805047128334        1.43554873984863
H            1.63880356919301       -0.97115341040406        1.11443966732203
H           -0.59262421378703        0.42790656185548       -1.43579121177199
H           -1.63899398016929       -0.97110261709841       -1.11445360302544
H           -2.73254895383848        1.02843439664836       -0.25316734566344
H           -2.22723116910522        0.04078679667275        1.12537893265696
H           -1.31325248211095        1.49077081465687        0.68577644330547
15
 energy: -17.723295678376 gnorm: 0.000039881881 xtb: 6.7.1 (edcfbbe)
C            1.87659503090041        0.64654670188197       -0.29459808843893
C            1.02198450066942       -0.20037292079921        0.64530864143482
O           -0.00008937997823       -0.94517599809494       -0.00001498225417
C           -1.02206496053494       -0.20033310664007       -0.64544835752923
C           -1.87655145353549        0.64685213260176        0.29433187461621
H            2.22791227294828        0.03939008651264       -1.12521241346729
H            1.31430823158288        1.49003444239851       -0.68703022149294
H            2.73306361761421        1.02787339388168        0.25280743750613
H            0.59254597630191        0.42895608975432        1.43511009573433
H            1.63840608159984       -0.97071364077016        1.11502280232170
H           -0.59254576645902        0.42881233129157       -1.43535238633778
H           -1.63859629186684       -0.97066289708266       -1.11503632467720
H           -2.73298283768534        1.02819356213534       -0.25312147709347
H           -2.22792907945506        0.03987932649295        1.12505506065655
H           -1.31415185132388        1.49033585878864        0.68661101121265
15
 energy: -17.723295907785 gnorm: 0.000038325755 xtb: 6.7.1 (edcfbbe)
C            1.87713384173343        0.64622374662186       -0.29473018875798
C            1.02198634461765       -0.20001198152981        0.64530708886001
O           -0.00008919806883       -0.94481356591213       -0.00001488982158
C           -1.02206666708677       -0.19997241501872       -0.64544657606076
C           -1.87709049582615        0.64652942803558        0.29446381108864
H            2.22859063739533        0.03854005262228       -1.12489684288197
H            1.31518430626889        1.48963390298797       -0.68781235030176
H            2.73350226576001        1.02763876065110        0.25277184750632
H            0.59248874738559        0.42981215211312        1.43467624093542
H            1.63805364831296       -0.97030379933069        1.11556704450803
H           -0.59248827618060        0.42966826856022       -1.43491819534405
H           -1.63824328874236       -0.97025352937144       -1.11558078918666
H           -2.73342133747611        1.02795980741172       -0.25308627885369
H           -2.22860834614757        0.03902922442864        1.12473892438842
H           -1.31502809116733        1.48993531008264        0.68739382611297
15
 energy: -17.723296117786 gnorm: 0.000036581165 xtb: 6.7.1 (edcfbbe)
C            1.87764081747255        0.64590993848662       -0.29486596548343
C            1.02198192046610       -0.19965876390322        0.64531104883352
O           -0.00008943477674       -0.94445887518500       -0.00001473710206
C           -1.02206219283562       -0.19961906837377       -0.64545081810738
C           -1.87759743630852        0.64621535768562        0.29459985528743
H            2.22923825309182        0.03773634949701       -1.12461721167290
H            1.31603547073767        1.48926473084516       -0.68855705665257
H            2.73391360359984        1.02739233795221        0.25273916101623
H            0.59242408644047        0.43062341340521        1.43427943378407
H            1.63770607473059       -0.96991218607390        1.11608686903286
H           -0.59242319958485        0.43047937956666       -1.43452199912159
H           -1.63789592834974       -0.96986197023097       -1.11610043328944
H           -2.73383202862851        1.02771339141348       -0.25305395188512
H           -2.22925688741751        0.03822548655749        1.12445958565989
H           -1.31587902785940        1.48956584070972        0.68813889189185
15
 energy: -17.723296310965 gnorm: 0.000035305417 xtb: 6.7.1 (edcfbbe)
C            1.87813648556766        0.64561587325093       -0.29498148604213
C            1.02198210447462       -0.19932900602704        0.64530268851173
O           -0.00008895817720       -0.94413717469242       -0.00001476999534
C           -1.02206211907340       -0.19928956068425       -0.64544192799975
C           -1.87809342206420        0.64592186832711        0.29471487172555
H            2.22983698110761        0.03696227617386       -1.12433528695116
H            1.31685133579837        1.48891372020703       -0.68924868153566
H            2.73433350081696        1.02715699120201        0.25270655732929
H            0.59237262093215        0.43140900990087        1.43387344402572
H            1.63738194607128       -0.96953460006470        1.11658156193066
H           -0.59237186497420        0.43126532111501       -1.43411517902910
H           -1.63757123410103       -0.96948469257531       -1.11659517020129
H           -2.73425255215929        1.02747880787612       -0.25302143757936
H           -2.22985550098339        0.03745126960383        1.12417681312918
H           -1.31669523245780        1.48921525873928        0.68883067487304
15
 energy: -17.723296488830 gnorm: 0.000033856463 xtb: 6.7.1 (edcfbbe)
C            1.87859693211389        0.64532294781978       -0.29510588193212
C            1.02197366013254       -0.19900110593979        0.64531616896224
O           -0.00008934314704       -0.94380475655739       -0.00001484677586
C           -1.02205380972530       -0.19896141540083       -0.64545605204739
C           -1.87855368000138        0.64562855585319        0.29483989216653
H            2.23039914384767        0.03622457853843       -1.12409124531907
H            1.31763443340561        1.48858364353543       -0.68991141938042
H            2.73472263718584        1.02690279931626        0.25266371021688
H            0.59229854277518        0.43216136370196        1.43350874244933
H            1.63705833376404       -0.96916574756894        1.11707649961471
H           -0.59229738894757        0.43201722538032       -1.43375168648871
H           -1.63724798540436       -0.96911582010810       -1.11709019179685
H           -2.73464112672159        1.02722412793517       -0.25297840665205
H           -2.23041814165557        0.03671381418760        1.12393389627276
H           -1.31747811684382        1.48888515165922        0.68949349290135
15
 energy: -17.723296653265 gnorm: 0.000032253840 xtb: 6.7.1 (edcfbbe)
C            1.87904733160807        0.64505008457490       -0.29521394747496
C            1.02196473055259       -0.19869282411285        0.64531513545955
O           -0.00008906494523       -0.94350966500762       -0.00001490444044
C           -1.02204480681792       -0.19865328714044       -0.64545472175662
C           -1.87900416153675        0.64535610394803        0.29494762858697
H            2.23091622974778        0.03550871621878       -1.12384433292316
H            1.31839133694946        1.48827419482764       -0.69053169998056
H            2.73511838824844        1.02666138034748        0.25262076000742
H            0.59223766636596        0.43289017518811        1.43313698033466
H            1.63674277381733       -0.96881140825050        1.11754717487118
H           -0.59223686570540        0.43274663287653       -1.43337933233408
H           -1.63693237535215       -0.96876165088686       -1.11756081755692
H           -2.73503747363452        1.02698279604070       -0.25293533559790
H           -2.23093449871792        0.03599783879305        1.12368662046495
H           -1.31823511980160        1.48857627493539        0.69011346453127
15
 energy: -17.723296805114 gnorm: 0.000030861385 xtb: 6.7.1 (edcfbbe)
C            1.87947423526501        0.64477973918364       -0.29532196668450
C            1.02195587114808       -0.19839095574862        0.64532681671269
O           -0.00008913685175       -0.94320732970755       -0.00001512539660
C           -1.02203596867038       -0.19835126089674       -0.64546674658519
C           -1.87943104864830        0.64508573382248        0.29505597496108
H            2.23140461735312        0.03482387827014       -1.12362018080992
H            1.31911681960345        1.48797636161264       -0.69111988161230
H            2.73549551268166        1.02640932605586        0.25257582659922
H            0.59216835278604        0.43359512766905        1.43278817183599
H            1.63644434436978       -0.96846448948890        1.11801005948000
H           -0.59216734769871        0.43345130805551       -1.43303122104894
H           -1.63663390385354       -0.96841471204316       -1.11802398358321
H           -2.73541479418750        1.02673042534340       -0.25288986281920
H           -2.23142271059455        0.03531334767585        1.12346332341560
H           -1.31896075192428        1.48827886254874        0.69070146772663
15
 energy: -17.723296945462 gnorm: 0.000029650050 xtb: 6.7.1 (edcfbbe)
C            1.87988754945690        0.64452486532137       -0.29542461403472
C            1.02194444918460       -0.19810261564274        0.64533155989013
O           -0.00008916178430       -0.94292879997862       -0.00001521014697
C           -1.02202467839224       -0.19806293562166       -0.64547157902832
C           -1.87984420349366        0.64483099349945        0.29515866544167
H            2.23187083188686        0.03416773177587       -1.12340448171104
H            1.31982455237254        1.48770060297179       -0.69168395131077
H            2.73586662032845        1.02616724358360        0.25252958086369
H            0.59210346375795        0.43426668759159        1.43245160899262
H            1.63614605336037       -0.96813506741945        1.11845234775457
H           -0.59210275008245        0.43412332173136       -1.43269463796726
H           -1.63633600685046       -0.96808534769708       -1.11846623794124
H           -2.73578614379316        1.02648785383484       -0.25284339711178
H           -2.23188811038975        0.03465715052624        1.12324793396309
H           -1.31966837478350        1.48800367787578        0.69126508453767
15
 energy: -17.723297075222 gnorm: 0.000028505971 xtb: 6.7.1 (edcfbbe)
C            1.88028419391666        0.64427565848448       -0.29552155633976
C            1.02193755188506       -0.19782402879688        0.64533950669608
O           -0.00008904425195       -0.94265125200245       -0.00001547807683
C           -1.02201764829251       -0.19778416306052       -0.64547968511685
C           -1.88024095611297        0.64458190716726        0.29525573591299
H            2.23231535930936        0.03353428694933       -1.12319739373808
H            1.32049944416122        1.48742973608707       -0.69221810068910
H            2.73622198528634        1.02592749831345        0.25249050573086
H            0.59204371258289        0.43492094878900        1.43212497519538
H            1.63587271120441       -0.96781393536984        1.11887652826952
H           -0.59204287749477        0.43477748040110       -1.43236847322544
H           -1.63606245037149       -0.96776410048716       -1.11889062428400
H           -2.73614209124352        1.02624788183485       -0.25280367251919
H           -2.23233219864520        0.03402409640897        1.12304150764835
H           -1.32034360115540        1.48773334763368        0.69179889672742
15
 energy: -17.723297195142 gnorm: 0.000027412269 xtb: 6.7.1 (edcfbbe)
C            1.88066718037294        0.64404007039192       -0.29561645426219
C            1.02192794703479       -0.19755768133066        0.64534360248361
O           -0.00008918512956       -0.94239254965540       -0.00001555685362
C           -1.02200834426135       -0.19751791298678       -0.64548396901086
C           -1.88062367034435        0.64434641439634        0.29535078966774
H            2.23275025069023        0.03293152255209       -1.12299843887643
H            1.32115613339979        1.48717456874319       -0.69274058456438
H            2.73656569477068        1.02570433248118        0.25244766483497
H            0.59198433350925        0.43553840208732        1.43181542034239
H            1.63559740822779       -0.96751043885240        1.11928402411160
H           -0.59198382442266        0.43539525898719       -1.43205894779201
H           -1.63578764586598       -0.96746077826912       -1.11929821959505
H           -2.73648583059354        1.02602416540291       -0.25276064738717
H           -2.23276629545491        0.03342124255365        1.12284295145782
H           -1.32100006115497        1.48747874585091        0.69232103763493
15
 energy: -17.723297306152 gnorm: 0.000026369433 xtb: 6.7.1 (edcfbbe)
C            1.88103355272082        0.64381005931079       -0.29570650918410
C            1.02192261272959       -0.19730031948041        0.64534943819769
O           -0.00008895439206       -0.94213636611951       -0.00001577653735
C           -1.02200266213767       -0.19726025564704       -0.64548982309204
C           -1.88099032894595        0.64411648146364        0.29544083724662
H            2.23316828135072        0.03234351943027       -1.12280262824041
H            1.32177657719493        1.48691977078092       -0.69324018552950
H            2.73688868881251        1.02548991192580        0.25241505532333
H            0.59193257254719        0.43614320085488        1.43151292175563
H            1.63534640725437       -0.96721409353916        1.11967259268330
H           -0.59193186511769        0.43600007343458       -1.43175686870923
H           -1.63553633193825       -0.96716415577429       -1.11968673773203
H           -2.73680953743166        1.02580970351084       -0.25272747852152
H           -2.23318409639297        0.03283359494459        1.12264763177596
H           -1.32162082547574        1.48722423725643        0.69282020275502
15
 energy: -17.723297408965 gnorm: 0.000025348851 xtb: 6.7.1 (edcfbbe)
C            1.88138800231145        0.64359187857040       -0.29579475818795
C            1.02191488770709       -0.19705447609920        0.64535245705005
O           -0.00008922807485       -0.94189656950257       -0.00001581597112
C           -1.02199550247074       -0.19701477504460       -0.64549313597944
C           -1.88134430363299        0.64389844632859        0.29552934624238
H            2.23358174970098        0.03178482515566       -1.12261241860997
H            1.32237902983216        1.48667407340168       -0.69373416276601
H            2.73719924997030        1.02529613500437        0.25237753711863
H            0.59187959341255        0.43671328224001        1.43122601264870
H            1.63509397274109       -0.96693323120253        1.12004763128192
H           -0.59187925481961        0.43657020231527       -1.43146991938339
H           -1.63528436444020       -0.96688386957227       -1.12006221021918
H           -2.73711968228212        1.02561552458402       -0.25268991199536
H           -2.23359702867523        0.03227477350369        1.12245765557174
H           -1.32222303050173        1.48697914266982        0.69331436539036
15
 energy: -17.723297504330 gnorm: 0.000024403020 xtb: 6.7.1 (edcfbbe)
C            1.88172640294352        0.64337942699018       -0.29587988526731
C            1.02191055009644       -0.19681666521678        0.64535650190975
O           -0.00008879672134       -0.94166054120042       -0.00001591971449
C           -1.02199032464421       -0.19677633701630       -0.64549691113198
C           -1.88168337627158        0.64368591965992        0.29561423237668
H            2.23398179227197        0.03123693506603       -1.12242395641635
H            1.32294726113824        1.48642950897726       -0.69421064143929
H            2.73748843922346        1.02511204222689        0.25234993027477
H            0.59183393501817        0.43727184314972        1.43094577119673
H            1.63486149136582       -0.96665951253691        1.12040548531918
H           -0.59183313733955        0.43712901271935       -1.43119008072683
H           -1.63505147630668       -0.96660935411503       -1.12041935875623
H           -2.73740979882743        1.02543166801388       -0.25266207150585
H           -2.23399733686156        0.03172709294881        1.12226942778840
H           -1.32279153430713        1.48673432268573        0.69379014828418
