----------------------------------------------- 
  Element       SASA      Sigma Z        Total  
     Z         Ang**2 cal/Ang**2/mol   kcal/mol 
----------------------------------------------- 
      H        115.301      48.690       5.614
      C         25.916     129.740       3.362
      O         13.524       0.000       0.000

 Subtotal:     154.741                   8.976
 -----------------------------------------------

  Elements    COT*SASA   Sigma Z,Z'     Total   
    Z,Z'       Ang**2  cal/Ang**2/mol kcal/mol  
 ---------------------------------------------- 
  H   C         77.479     -60.770      -4.708
  H   O          0.000       0.000       0.000
  C   C         15.991     -72.950      -1.167
  O   C          0.000      68.690       0.000

 Subtotal:                              -5.875
 ---------------------------------------------- 

 NONAQUEOUS SOLVENT CONTRIBUTION (kcal/mol):
 (proportional to SASA, atomic number independent)
 ---------------------------------------------- 
 Subtotal:                               0.000
 ---------------------------------------------- 

 CDS TOTAL (kcal/mol):                   3.101
...............................................................................
