15
 energy: -233.588433273235 gnorm: 0.001209164678 xtb: 6.7.1 (edcfbbe)
C            1.83451438003384        0.64892283413389        0.29037691837254
C            1.02359934997293       -0.22269171314300       -0.65273767409344
O           -0.00002155066057       -0.99483819309762        0.00004983832281
C           -1.02358487879968       -0.22250984631670        0.65270638416028
C           -1.83455010410987        0.64887026972120       -0.29058560988429
H            1.24054284118814        1.46081284202221        0.71907236248027
H            2.25682893487583        0.05324124861148        1.10639768409003
H            2.66014993549486        1.10212626460712       -0.26706912393402
H            1.67184957429302       -0.96988477085391       -1.12129377791402
H            0.58690678758774        0.38459541421067       -1.45772982353491
H           -1.67181964886433       -0.96956944560298        1.12150290013651
H           -0.58682818567565        0.38497762235636        1.45751256666864
H           -2.66015454419159        1.10222083241557        0.26678832049235
H           -1.24059348421332        1.46064452389357       -0.71952521582953
H           -2.25691490997989        0.05297770990305       -1.10642376219813
15
 energy: -233.588445448161 gnorm: 0.000520492191 xtb: 6.7.1 (edcfbbe)
C            1.83281143936633        0.65018074316633        0.28896135009372
C            1.02333167920347       -0.22384677970508       -0.65258231651476
O           -0.00001831877656       -0.99701402084321        0.00006277190946
C           -1.02332788741198       -0.22367196682759        0.65255912585144
C           -1.83283844344066        0.65012368679663       -0.28917430450452
H            1.23953292770893        1.46569350651960        0.71271739706811
H            2.25181435982591        0.05649971781957        1.10820156260815
H            2.66221776896471        1.09890466197825       -0.26779409321232
H            1.67272320681542       -0.97091171862067       -1.11993950998195
H            0.58561353016648        0.38170900992808       -1.45841865812782
H           -1.67270576106950       -0.97060846741501        1.12013956418928
H           -0.58556413501494        0.38208362035320        1.45821843767201
H           -2.66221284396947        1.09900546454278        0.26750145760097
H           -1.23956474925075        1.46551463318475       -0.71317086639294
H           -2.25188829820896        0.05623358465480       -1.10823957048485
15
 energy: -233.588468674311 gnorm: 0.002809417379 xtb: 6.7.1 (edcfbbe)
C            1.82382823000034        0.65519536525656        0.28248665509337
C            1.02181785843879       -0.22873125103288       -0.65498952473844
O           -0.00000100229651       -1.00374863121076        0.00011357473648
C           -1.02184859614370       -0.22857781114817        0.65499555586384
C           -1.82382341070288        0.65512273805470       -0.28271734810273
H            1.23387423138422        1.48675434368731        0.68160045266821
H            2.22597502592386        0.07314378493677        1.11912564116087
H            2.66830908971197        1.08308997028555       -0.27079307226866
H            1.67637164987686       -0.97581549868958       -1.11538443004564
H            0.58050831783561        0.36802598336614       -1.46560918650988
H           -1.67640926234436       -0.97555504326650        1.11554224606082
H           -0.58057142836095        0.36837491606637        1.46548494946090
H           -2.66827841924630        1.08321031920506        0.27044898763108
H           -1.23382912618817        1.48654147977233       -0.68205399024755
H           -2.22599880827996        0.07286537059374       -1.11920635931551
15
 energy: -233.588475881642 gnorm: 0.001823352634 xtb: 6.7.1 (edcfbbe)
C            1.82229948452733        0.65634517144880        0.28089396502026
C            1.02130874896185       -0.23010029802049       -0.65533632413032
O           -0.00000129133332       -1.00518419199452        0.00011382947226
C           -1.02133884438471       -0.22994525243007        0.65534332761590
C           -1.82229332681638        0.65627449990018       -0.28112622357277
H            1.23174629228333        1.48866345292137        0.67616871157241
H            2.22123359720459        0.07644838810674        1.12022702211731
H            2.66787341602460        1.08238297952022       -0.27091201586698
H            1.67675471750623       -0.97699548059759       -1.11455679564448
H            0.58053352250023        0.36563184535847       -1.46694109943169
H           -1.67679469492290       -0.97673456528737        1.11471490191284
H           -0.58059456635675        0.36598167875251        1.46682053730360
H           -2.66784578196683        1.08249966486340        0.27056578162655
H           -1.23170430723817        1.48845863799721       -0.67662356846861
H           -2.22125264872232        0.07616953068427       -1.12030752065006
15
 energy: -233.588483906745 gnorm: 0.001099041114 xtb: 6.7.1 (edcfbbe)
C            1.81711872568814        0.65921370866728        0.27750244981628
C            1.01979686999430       -0.23362003320350       -0.65701123551056
O           -0.00000576762679       -1.00751946200712        0.00010270216788
C           -1.01981584831260       -0.23345373269037        0.65701308788717
C           -1.81711894311578        0.65915221366430       -0.27773328640412
H            1.22343141510765        1.49212406553199        0.66396261236496
H            2.20993125426439        0.08507405632876        1.12289971646623
H            2.66393049287326        1.08233779382802       -0.27160312784942
H            1.67754741222456       -0.98048599405969       -1.11261880743508
H            0.58027799512686        0.35886781365316       -1.47165249771870
H           -1.67757874635064       -0.98020858629834        1.11278902682837
H           -0.58030700509671        0.35922864917505        1.47152114766997
H           -2.66392073286760        1.08243894986768        0.27126345437394
H           -1.22341639082373        1.49194955725785       -0.66441471589539
H           -2.20994652832291        0.08479704532051       -1.12297493828215
15
 energy: -233.588486829510 gnorm: 0.000530157521 xtb: 6.7.1 (edcfbbe)
C            1.81390624687355        0.66088636135991        0.27580855688353
C            1.01933858533105       -0.23540525732594       -0.65781718578280
O           -0.00000675952004       -1.00908559637989        0.00010149021149
C           -1.01935621190768       -0.23523661291260        0.65781854040587
C           -1.81390870598064        0.66082641758234       -0.27603880722014
H            1.21893025786530        1.49578832615919        0.65704771581079
H            2.20434248097594        0.09005350964779        1.12493876956813
H            2.66260593011851        1.08149569386908       -0.27295468398916
H            1.67874077304968       -0.98258481446936       -1.11061106864893
H            0.57947259645604        0.35405293533333       -1.47457204254262
H           -1.67876947626258       -0.98230284126719        1.11078611755959
H           -0.57949686019324        0.35441790551074        1.47443681282935
H           -2.66260150859020        1.08159241477777        0.27261551483031
H           -1.21891803784698        1.49561930097988       -0.65749474088463
H           -2.20435516299100        0.08977831386788       -1.12501877487170
15
 energy: -233.588486829510 gnorm: 0.000530157521 xtb: 6.7.1 (edcfbbe)
C            1.81390624687355        0.66088636135991        0.27580855688353
C            1.01933858533105       -0.23540525732594       -0.65781718578280
O           -0.00000675952004       -1.00908559637989        0.00010149021149
C           -1.01935621190768       -0.23523661291260        0.65781854040587
C           -1.81390870598064        0.66082641758234       -0.27603880722014
H            1.21893025786530        1.49578832615919        0.65704771581079
H            2.20434248097594        0.09005350964779        1.12493876956813
H            2.66260593011851        1.08149569386908       -0.27295468398916
H            1.67874077304968       -0.98258481446936       -1.11061106864893
H            0.57947259645604        0.35405293533333       -1.47457204254262
H           -1.67876947626258       -0.98230284126719        1.11078611755959
H           -0.57949686019324        0.35441790551074        1.47443681282935
H           -2.66260150859020        1.08159241477777        0.27261551483031
H           -1.21891803784698        1.49561930097988       -0.65749474088463
H           -2.20435516299100        0.08977831386788       -1.12501877487170
