15
 energy: -17.721580234972 gnorm: 0.026687675136 xtb: 6.7.1 (edcfbbe)
C            2.04980943631848        0.46921282221594       -0.33332684240218
C            1.02117292868097       -0.07294954522964        0.64473044799742
O            0.00004199452282       -0.85686374995437        0.00106710453805
C           -1.02111827571577       -0.07434680760094       -0.64425519452784
C           -2.04994333770935        0.46958382248677        0.33262064717426
H            2.53172014087811       -0.34711517953070       -0.88167952399395
H            1.60145315794615        1.15985308478981       -1.05449439843488
H            2.82199489106949        1.01763475707001        0.21724941945409
H            0.56829326006539        0.74407688738230        1.22261035463955
H            1.50187502556778       -0.75299912896049        1.35607662160852
H           -0.56826751648159        0.74162003177505       -1.22364555595458
H           -1.50163925841126       -0.75583174336745       -1.35435092909364
H           -2.82203761819408        1.01697898330074       -0.21911928244806
H           -2.53195520700438       -0.34573810276945        0.88239603675957
H           -1.60171100241202        1.16156589003700        1.05259248397134
15
 energy: -17.722433182110 gnorm: 0.011661067360 xtb: 6.7.1 (edcfbbe)
C            2.05949491021249        0.47261457798849       -0.33243971849380
C            1.02123508855374       -0.06945009638694        0.63906906746379
O            0.00004241104246       -0.83829305657497        0.00103788923415
C           -1.02118622261751       -0.07083519970660       -0.63860833106951
C           -2.05962096637510        0.47298631047323        0.33172925167644
H            2.52273003100977       -0.34510304638994       -0.88200309972184
H            1.61120768382940        1.15986902723918       -1.04822156636001
H            2.82984055495751        1.00852499784792        0.21994281382846
H            0.56922407723376        0.74729108224487        1.21400184498419
H            1.49017312838736       -0.76533612561301        1.34046770841311
H           -0.56921881326921        0.74484805649846       -1.21506887650510
H           -1.48995346795534       -0.76814033330295       -1.33871115818306
H           -2.82988845543700        1.00786200509653       -0.22176830207231
H           -2.52293305835736       -0.34372305071547        0.88272761262785
H           -1.61145828209423        1.16156687294577        1.04631625346530
15
 energy: -17.722591590545 gnorm: 0.003027060154 xtb: 6.7.1 (edcfbbe)
C            2.06576883456754        0.47282491230030       -0.33258042392077
C            1.02024012740406       -0.06697138041586        0.63794808114774
O            0.00004173842634       -0.82502076916974        0.00100950370588
C           -1.02020153309238       -0.06835374912111       -0.63750401231162
C           -2.06588438420005        0.47319663998545        0.33187850763466
H            2.51666232503959       -0.34696151783113       -0.88471391107232
H            1.61961379930904        1.16416422323792       -1.04267224557632
H            2.83674179936422        0.99676390076636        0.22341191567317
H            0.57653072563356        0.75297211175673        1.21387136430552
H            1.48443885542820       -0.77101390929674        1.33298579055088
H           -0.57654776881287        0.75052475515482       -1.21497898151869
H           -1.48424528104090       -0.77380591782990       -1.33121495421649
H           -2.83679362758759        0.99608686707656       -0.22518806609268
H           -2.51683290935378       -0.34557926406376        0.88546378535144
H           -1.61984408196424        1.16585511909467        1.04075503562724
15
 energy: -17.722614695382 gnorm: 0.000925562935 xtb: 6.7.1 (edcfbbe)
C            2.06860685623023        0.47230498852901       -0.33237320624954
C            1.02005966599403       -0.06636641126845        0.63809105304535
O            0.00004312839747       -0.82135688246480        0.00099269581892
C           -1.02002832668924       -0.06774911621585       -0.63765716696128
C           -2.06871485263601        0.47267595570652        0.33167927735025
H            2.51359117160480       -0.34856214338303       -0.88785076741212
H            1.62472181970097        1.16890634946092       -1.03895499806090
H            2.84285817895300        0.98920585375249        0.22542396128421
H            0.58141991070154        0.75573711713631        1.21541177273858
H            1.48398428422383       -0.77127302495247        1.33215957965060
H           -0.58145352111064        0.75328525396783       -1.21654326193245
H           -1.48380968312111       -0.77406453303824       -1.33038826766645
H           -2.84291653755172        0.98851676226933       -0.22716744753213
H           -2.51373803830096       -0.34717522817523        0.88862434521840
H           -1.62493543727546        1.17059708032023        1.03702381999620
15
 energy: -17.722629756327 gnorm: 0.001977951175 xtb: 6.7.1 (edcfbbe)
C            2.07199055051222        0.47090330345045       -0.33205346523636
C            1.01988426479860       -0.06528618636347        0.63850045267583
O            0.00004603962360       -0.81771582924840        0.00096092668578
C           -1.01986783952236       -0.06666857490649       -0.63808799822963
C           -2.07208262656910        0.47127278454729        0.33137727788332
H            2.50707415401377       -0.35077753688058       -0.89520033243366
H            1.63345329564726        1.17863809189025       -1.03173666334863
H            2.85384507212672        0.97476938765686        0.22821360414724
H            0.58655549875096        0.75961314693345        1.21691547798730
H            1.48373162871544       -0.76972048176108        1.33324648859759
H           -0.58662317724944        0.75715871090939       -1.21809006918477
H           -1.48359496510750       -0.77251508862182       -1.33147983708506
H           -2.85391802161628        0.97405386623611       -0.22989273899424
H           -2.50717091382854       -0.34937729570767        0.89602438383074
H           -1.63363434117459        1.18033372351026        1.02977388199221
15
 energy: -17.722639053148 gnorm: 0.001357189147 xtb: 6.7.1 (edcfbbe)
C            2.07212564630627        0.47033015925591       -0.33187677480549
C            1.01981265694209       -0.06462750522667        0.63842010321105
O            0.00004750093968       -0.81790958886224        0.00094890092117
C           -1.01980236852054       -0.06600844305233       -0.63801689099481
C           -2.07221090317723        0.47069989932834        0.33120813449333
H            2.50290301051428       -0.35106480201023       -0.89874188048960
H            1.63608295861323        1.18264804751759       -1.02835342505240
H            2.85745841563138        0.96872848093708        0.22855705041550
H            0.58531802001794        0.76047788058319        1.21555556319090
H            1.48316036443491       -0.76825833170940        1.33456434031130
H           -0.58540049268053        0.75802815576380       -1.21674540000140
H           -1.48303885762200       -0.77105404420015       -1.33280239918750
H           -2.85753899893251        0.96799993311179       -0.23020906353052
H           -2.50297562618364       -0.34965593472708        0.89958732123889
H           -1.63625270716259        1.18434811493495        1.02637580956723
15
 energy: -17.722652425560 gnorm: 0.000524457464 xtb: 6.7.1 (edcfbbe)
C            2.07249739931710        0.46906748073939       -0.33130457839883
C            1.01943585654084       -0.06239049621419        0.63863429578876
O            0.00004943178121       -0.81716679216480        0.00091589513376
C           -1.01944213477865       -0.06376515342036       -0.63825747250099
C           -2.07256519136775        0.46943784121594        0.33065580096352
H            2.48895339700566       -0.35230487225570       -0.90881850806430
H            1.64249794625528        1.19422282027271       -1.01807468311498
H            2.86755097557244        0.95095373089670        0.22976885099365
H            0.58212496951027        0.76331689688403        1.21230218798351
H            1.48074535851118       -0.76501412790199        1.33728915119521
H           -0.58224462189852        0.76088276130111       -1.21353395777399
H           -1.48066579935751       -0.76780742646151       -1.33553935875555
H           -2.86765536634908        0.95018474072183       -0.23134515883437
H           -2.48895439714323       -0.35087313141914        0.90972806534269
H           -1.64263920447852        1.19593774945054        1.01605085932958
15
 energy: -17.722654044349 gnorm: 0.000167154375 xtb: 6.7.1 (edcfbbe)
C            2.07286380745003        0.46895927954525       -0.33094094678599
C            1.01945775124198       -0.06200522195526        0.63903705873380
O            0.00004984465615       -0.81674887151279        0.00090824257932
C           -1.01946738883513       -0.06337824710821       -0.63866576178521
C           -2.07292766525955        0.46933056331276        0.33029624697088
H            2.48448576674407       -0.35183382042063       -0.91234190700974
H            1.64488319075782        1.19849604454495       -1.01409855502189
H            2.87118007025051        0.94513458437096        0.22991317731212
H            0.58223651886199        0.76368001337631        1.21270940947772
H            1.48037273581884       -0.76479474976748        1.33766165200972
H           -0.58236285904569        0.76124932205862       -1.21394682351415
H           -1.48030129833877       -0.76758277368224       -1.33591755090630
H           -2.87129460107784        0.94434915193485       -0.23146668752621
H           -2.48446426295849       -0.35039121497400        0.91326705972867
H           -1.64502299114517        1.20021796192146        1.01205677502491
15
 energy: -17.722654613313 gnorm: 0.000079014593 xtb: 6.7.1 (edcfbbe)
C            2.07276228956684        0.46934466099781       -0.33077437079855
C            1.01956936626951       -0.06219748165294        0.63921332457290
O            0.00004844618073       -0.81664213788421        0.00090821309309
C           -1.01957843790215       -0.06356654149951       -0.63884176430871
C           -2.07282734394368        0.46971664040934        0.33012890564795
H            2.48242020759681       -0.35099980017819       -0.91417916033196
H            1.64505336366910        1.20091205480536       -1.01190666064224
H            2.87230071897289        0.94304905179268        0.23037775397479
H            0.58261249156949        0.76308402274174        1.21364023642186
H            1.48067075979865       -0.76561725965358        1.33705398432206
H           -0.58273574709999        0.76065683042706       -1.21487348657262
H           -1.48059864064865       -0.76839708517376       -1.33531114571992
H           -2.87242227267986        0.94225229810392       -0.23192780821895
H           -2.48238897156967       -0.34955253227212        0.91511059349332
H           -1.64519761065932        1.20263930068097        1.00985277435463
15
 energy: -17.722655203329 gnorm: 0.000107769200 xtb: 6.7.1 (edcfbbe)
C            2.07239736436438        0.47007628646337       -0.33056262952529
C            1.01970371098851       -0.06282237563011        0.63936539027727
O            0.00004692647036       -0.81691962636784        0.00091100264709
C           -1.01971053527108       -0.06418692722180       -0.63899074682508
C           -2.07246493810113        0.47045028443925        0.32991417052131
H            2.48053256666644       -0.34931280980727       -0.91632429901011
H            1.64477002914505        1.20375968314926       -1.00941647650886
H            2.87302786425076        0.94148096773962        0.23089542866508
H            0.58304902332068        0.76165900276313        1.21517822664085
H            1.48132264595016       -0.76713895954822        1.33592142602845
H           -0.58316494349563        0.75923639637949       -1.21639838359711
H           -1.48124454279274       -0.76990677258764       -1.33418141229127
H           -2.87315858061758        0.94066969634163       -0.23244699334218
H           -2.48049217670757       -0.34785892701649        0.91725826384904
H           -1.64492579504986        1.20549610254820        1.00734842175847
15
 energy: -17.722655733343 gnorm: 0.000093849736 xtb: 6.7.1 (edcfbbe)
C            2.07180167307906        0.47087620516230       -0.33035783583907
C            1.01980929535687       -0.06362104490733        0.63947091727434
O            0.00004553321679       -0.81746843058050        0.00091363551567
C           -1.01981330121526       -0.06498000002086       -0.63909290250557
C           -2.07187197969586        0.47125115509073        0.32970642275875
H            2.47881121211523       -0.34745393379862       -0.91843634105895
H            1.64405812926706        1.20652057080950       -1.00702314593321
H            2.87335881978114        0.94034844511031        0.23145069833435
H            0.58327167759914        0.75997773164617        1.21664927851376
H            1.48215070341124       -0.76868365214194        1.33479033768931
H           -0.58337998370061        0.75756011768846       -1.21785769560308
H           -1.48206743915374       -0.77143918568843       -1.33305125305267
H           -2.87349807872154        0.93952284070852       -0.23300469259316
H           -2.47876355821429       -0.34599383218249        0.91937361770278
H           -1.64422408400449        1.20826503474875        1.00494034808443
15
 energy: -17.722656133873 gnorm: 0.000073549263 xtb: 6.7.1 (edcfbbe)
C            2.07122915438392        0.47146607565365       -0.33025498839953
C            1.01981447752938       -0.06427185175026        0.63950069577747
O            0.00004502822128       -0.81805706687487        0.00091548301932
C           -1.01981734471580       -0.06562898522888       -0.63912025970023
C           -2.07130057643555        0.47184213420719        0.32960163697082
H            2.47802699106357       -0.34607621466677       -0.91957764532434
H            1.64317870359089        1.20798107508181       -1.00575276489938
H            2.87306813731888        0.94025251330372        0.23172850492769
H            0.58322843173973        0.75866111163449        1.21760807778960
H            1.48273275363191       -0.76975986356357        1.33401433723930
H           -0.58333328582571        0.75624521591257       -1.21880836386247
H           -1.48264611580320       -0.77250963749340       -1.33227609717847
H           -2.87321110607125        0.93942033841745       -0.23328510445751
H           -2.47797593354134       -0.34461242710546        0.92051441606224
H           -1.64335069596596        1.20972960411689        1.00366346132314
15
 energy: -17.722656472297 gnorm: 0.000053253690 xtb: 6.7.1 (edcfbbe)
C            2.07066976815350        0.47192223968034       -0.33020264148721
C            1.01977468862893       -0.06482079237887        0.63952479272085
O            0.00004494866507       -0.81863245362556        0.00091626307267
C           -1.01977690613664       -0.06617693221215       -0.63914298737201
C           -2.07074162708488        0.47229825071183        0.32954827505674
H            2.47772493806412       -0.34507260040354       -0.92011682974177
H            1.64216182638581        1.20866158325539       -1.00515993903526
H            2.87244718623446        0.94075621335878        0.23184825375514
H            0.58304739030432        0.75760728482018        1.21825043937017
H            1.48318307179156       -0.77051496734474        1.33351349891743
H           -0.58315105613735        0.75519124986570       -1.21944811868000
H           -1.48309587790774       -0.77326225207657       -1.33177387514345
H           -2.87259139477716        0.93992193799885       -0.23340645467023
H           -2.47767335433425       -0.34360741294346        0.92105294331498
H           -1.64233498272903        1.21041067293839        1.00306776920963
15
 energy: -17.722656783720 gnorm: 0.000045079590 xtb: 6.7.1 (edcfbbe)
C            2.07009022857130        0.47234756704048       -0.33016650015660
C            1.01969629201626       -0.06533193220942        0.63956591535364
O            0.00004536753665       -0.81921236891555        0.00091572698896
C           -1.01969970545275       -0.06668987632466       -0.63918393369769
C           -2.07016093044802        0.47272403032740        0.32951193393035
H            2.47756150417300       -0.34417364606066       -0.92045421569994
H            1.64100367635241        1.20906794441649       -1.00478370522205
H            2.87166761127680        0.94151478412719        0.23189701555333
H            0.58280206607562        0.75661138025097        1.21885997656983
H            1.48356808930623       -0.77120502021551        1.33306479887351
H           -0.58290818364746        0.75419278773264       -1.22005687973679
H           -1.48348220422703       -0.77395382626331       -1.33132419218220
H           -2.87181084101772        0.94068207564714       -0.23345504708106
H           -2.47750917236227       -0.34270765699242        0.92138808928555
H           -1.64117517903230        1.21081577908380        1.00269240650882
15
 energy: -17.722657056855 gnorm: 0.000042530771 xtb: 6.7.1 (edcfbbe)
C            2.06952786912786        0.47277479099277       -0.33012372919337
C            1.01964213474986       -0.06584295480340        0.63962215588342
O            0.00004581857670       -0.81975354565165        0.00091431505332
C           -1.01964605143645       -0.06720088809715       -0.63924056375932
C           -2.06959783775585        0.47314969416007        0.32946940994674
H            2.47736429158541       -0.34331035791005       -0.92075599813459
H            1.63988818742206        1.20947066166318       -1.00442390319288
H            2.87092829255912        0.94224782954398        0.23194200506063
H            0.58260168568563        0.75564838425786        1.21944031173758
H            1.48395418498313       -0.77188295228258        1.33265776774469
H           -0.58271045187674        0.75322685184263       -1.22064191689086
H           -1.48387222651707       -0.77463272808579       -1.33091265746436
H           -2.87107024202320        0.94141743134735       -0.23349809029824
H           -2.47731278029087       -0.34184452756245        0.92169019947212
H           -1.64005425566886        1.21121433222981        1.00233208332277
15
 energy: -17.722657291300 gnorm: 0.000042884956 xtb: 6.7.1 (edcfbbe)
C            2.06904066706343        0.47314857394833       -0.33007849181445
C            1.01957917835360       -0.06627283351185        0.63967234465912
O            0.00004668948819       -0.82022897928324        0.00091226609223
C           -1.01958577355868       -0.06763447816753       -0.63929185268779
C           -2.06910802970674        0.47352408445771        0.32942493917254
H            2.47710549534209       -0.34251115081203       -0.92115114777453
H            1.63891897458588        1.20994590141591       -1.00396848881376
H            2.87034763072023        0.94276303155334        0.23200651510807
H            0.58241857895698        0.75477954844583        1.22002642861159
H            1.48429333106964       -0.77250469944120        1.33223669171450
H           -0.58253311559380        0.75235359920200       -1.22122985389927
H           -1.48421485326976       -0.77525892572465       -1.33049053847563
H           -2.87048700794631        0.94193650285100       -0.23355963367283
H           -2.47705264954088       -0.34104462369311        0.92208254177665
H           -1.63908049684315        1.21168647040406        1.00187966929121
15
 energy: -17.722657504960 gnorm: 0.000041119007 xtb: 6.7.1 (edcfbbe)
C            2.06861402022187        0.47351464156880       -0.33002812789567
C            1.01955518552921       -0.06668675443875        0.63972025854943
O            0.00004723574951       -0.82063343483622        0.00091048428710
C           -1.01956263317396       -0.06804892231422       -0.63934053876452
C           -2.06868037892296        0.47388865538707        0.32937500896302
H            2.47675577716522       -0.34173908175633       -0.92160007072778
H            1.63814269227918        1.21054301002321       -1.00344531881086
H            2.86992808177016        0.94306692808377        0.23209774897877
H            0.58231836023586        0.75397528307185        1.22056553436154
H            1.48462067325452       -0.77311893440673        1.33184587842893
H           -0.58243616219536        0.75154602677821       -1.22177405155985
H           -1.48454630690728       -0.77587492013533       -1.33009546823061
H           -2.87006557751521        0.94224333830378       -0.23364771608351
H           -2.47670372791000       -0.34027239446634        0.92253155681724
H           -1.63829862046003        1.21227858078182        1.00135621097441
15
 energy: -17.722657723247 gnorm: 0.000041201423 xtb: 6.7.1 (edcfbbe)
C            2.06822719474906        0.47387192441594       -0.32996422274760
C            1.01953995683219       -0.06707763903469        0.63976695394953
O            0.00004783670594       -0.82100484445166        0.00090910180617
C           -1.01954888847308       -0.06844181582212       -0.63938777295125
C           -2.06829203238838        0.47424572968974        0.32931144669641
H            2.47630009644812       -0.34094859682872       -0.92218474271226
H            1.63746304802177        1.21128738525418       -1.00276825757714
H            2.86964612223362        0.94317058014476        0.23222459543636
H            0.58225226789968        0.75318180252544        1.22114429139899
H            1.48495881037529       -0.77374043402036        1.33141695417554
H           -0.58237379920305        0.75074905114167       -1.22235495100611
H           -1.48488723998088       -0.77649901005952       -1.32966430293782
H           -2.86978160386321        0.94234985235780       -0.23377194048202
H           -2.47624809612795       -0.33948109058391        0.92311412493683
H           -1.63761505410840        1.21301912691602        1.00068011130201
15
 energy: -17.722657966700 gnorm: 0.000039874627 xtb: 6.7.1 (edcfbbe)
C            2.06782888053332        0.47426724722662       -0.32989037334578
C            1.01953820530956       -0.06749813793322        0.63981833626485
O            0.00004816696379       -0.82138018793236        0.00090873762960
C           -1.01954753112852       -0.06886316548584       -0.63943890981047
C           -2.06789326455205        0.47464035866742        0.32923723287332
H            2.47569732712358       -0.34006102656984       -0.92292877330437
H            1.63682281685340        1.21225220589288       -1.00191360303749
H            2.86945410856983        0.94310063525171        0.23239195825081
H            0.58222321890836        0.75232107340643        1.22179804954612
H            1.48532497040032       -0.77444612952480        1.33092857243643
H           -0.58234618483857        0.74988546017534       -1.22300981067888
H           -1.48525487077924       -0.77720573792007       -1.32917306781382
H           -2.86958783722874        0.94228216638370       -0.23393777951273
H           -2.47564689664430       -0.33859242032094        0.92385590996356
H           -1.63697249037002        1.21397968032753        0.99982490982650
15
 energy: -17.722658242354 gnorm: 0.000037513171 xtb: 6.7.1 (edcfbbe)
C            2.06740315707269        0.47471703786577       -0.32979258968276
C            1.01955005618298       -0.06797042348833        0.63987825854709
O            0.00004828188995       -0.82178404403168        0.00091002002770
C           -1.01955928991228       -0.06933665830472       -0.63949724330484
C           -2.06746773345142        0.47509033184300        0.32913819743071
H            2.47494297454772       -0.33903710125041       -0.92384820323346
H            1.63615310588544        1.21343342773232       -1.00084503918556
H            2.86932283105251        0.94290969145945        0.23260066946019
H            0.58222478157551        0.75134502845389        1.22256202677251
H            1.48576147941082       -0.77525804801976        1.33035156549685
H           -0.58234745427990        0.74890703904515       -1.22377055474098
H           -1.48569005792166       -0.77801790110378       -1.32859449204464
H           -2.86945513700396        0.94209291202068       -0.23414747540757
H           -2.47489511162512       -0.33756679805136        0.92477037078519
H           -1.63630326430256        1.21515752747437        0.99875587836722
15
 energy: -17.722658542331 gnorm: 0.000035890192 xtb: 6.7.1 (edcfbbe)
C            2.06691962041259        0.47522274386415       -0.32969118205381
C            1.01956175546461       -0.06849567653514        0.63994915676365
O            0.00004787595981       -0.82222866918555        0.00091305878226
C           -1.01956899218867       -0.06986108714009       -0.63956539152631
C           -2.06698617032662        0.47559519670936        0.32903436501488
H            2.47405944082291       -0.33788107514600       -0.92491122273057
H            1.63542552280111        1.21481090847402       -0.99962449872598
H            2.86919756147673        0.94263449163648        0.23283936649505
H            0.58223068150146        0.75025105288637        1.22343098769253
H            1.48623197501857       -0.77618036118217        1.32970383997885
H           -0.58234902359965        0.74781176596196       -1.22463498459538
H           -1.48615719088915       -0.77893793144976       -1.32794409637371
H           -2.86932879453652        0.94181854788295       -0.23438924538322
H           -2.47401695849264       -0.33640881994410        0.92582852739426
H           -1.63557868430381        1.21653093481209        0.99753270855517
15
 energy: -17.722658720724 gnorm: 0.000035529168 xtb: 6.7.1 (edcfbbe)
C            2.06653376319949        0.47554327072354       -0.32963561207674
C            1.01953705198681       -0.06887757020038        0.63999682740965
O            0.00004777792417       -0.82260616382019        0.00091456661750
C           -1.01954405323941       -0.07024354354798       -0.63961139680921
C           -2.06660074001130        0.47591668631404        0.32897751297502
H            2.47373490957599       -0.33717360515236       -0.92533515678747
H            1.63468444641968        1.21533407015468       -0.99911039184107
H            2.86881017627101        0.94291350600283        0.23292580823683
H            0.58214488316637        0.74953101906879        1.22390206854968
H            1.48652743880667       -0.77672098869521        1.32937044186515
H           -0.58226210996198        0.74709149814400       -1.22510106272935
H           -1.48645042262636       -0.77947756737413       -1.32761122459130
H           -2.86894187486950        0.94209682935775       -0.23447829913711
H           -2.47369250430878       -0.33570016536914        0.92624937409467
H           -1.63484012321214        1.21705474603835        0.99701793351142
15
 energy: -17.722658899244 gnorm: 0.000034646988 xtb: 6.7.1 (edcfbbe)
C            2.06619706851459        0.47587228413377       -0.32957808308146
C            1.01953257107564       -0.06923030770392        0.64003361671607
O            0.00004735952513       -0.82293310627054        0.00091698384129
C           -1.01953791577693       -0.07059501541566       -0.63964592354181
C           -2.06626562157537        0.47624567946646        0.32891822243339
H            2.47341974511554       -0.33645202270681       -0.92579908768647
H            1.63406312838432        1.21594388459783       -0.99855375203558
H            2.86851143751296        0.94309563709729        0.23304533404327
H            0.58211385691152        0.74879194599102        1.22446735681749
H            1.48684941893551       -0.77731051180778        1.32893540059689
H           -0.58222708577760        0.74635280749435       -1.22566144058965
H           -1.48676922867681       -0.78006387351691       -1.32717550785551
H           -2.86864397804893        0.94227729510417       -0.23460161109428
H           -2.47337954231703       -0.33497735986957        0.92671083052760
H           -1.63422259468181        1.21766468505088        0.99645905019640
15
 energy: -17.722659084305 gnorm: 0.000033580171 xtb: 6.7.1 (edcfbbe)
C            2.06586073548909        0.47623219906489       -0.32951191117832
C            1.01955367838936       -0.06960660553189        0.64007218860089
O            0.00004690027463       -0.82324755276552        0.00091957756049
C           -1.01955761887811       -0.07097069433428       -0.63968219997291
C           -2.06593074617804        0.47660599996369        0.32885008658431
H            2.47303904149766       -0.33568762373386       -0.92631717906486
H            1.63348897319649        1.21667169672602       -0.99792755272303
H            2.86826733061766        0.94320022505792        0.23319617170315
H            0.58213257180352        0.74801859660620        1.22506192675178
H            1.48720287176700       -0.77796248425333        1.32846789466051
H           -0.58224214221999        0.74557967514619       -1.22625012356133
H           -1.48711902465924       -0.78071317923691       -1.32670789475599
H           -2.86840063895460        0.94238057916451       -0.23475614909591
H           -2.47300068959201       -0.33421160270366        0.92722565710621
H           -1.63365262343272        1.21839279247459        0.99583089667267
15
 energy: -17.722659275377 gnorm: 0.000033151107 xtb: 6.7.1 (edcfbbe)
C            2.06551341462866        0.47658871685201       -0.32943849113598
C            1.01956141939632       -0.06998538033319        0.64011437098093
O            0.00004649483050       -0.82357709290723        0.00092182560229
C           -1.01956398068404       -0.07134867857363       -0.63972235414400
C           -2.06558480247235        0.47696243701463        0.32877491104549
H            2.47258601446205       -0.33488239766759       -0.92693193741350
H            1.63289380760513        1.21747344436876       -0.99719522978133
H            2.86805659296009        0.94322599752123        0.23335460048739
H            0.58212827591175        0.74722619669100        1.22567672685047
H            1.48755453376112       -0.77861705139211        1.32799154242933
H           -0.58223455094995        0.74478706707668       -1.22686050189449
H           -1.48746798246782       -0.78136530147005       -1.32623050890988
H           -2.86819034736788        0.94240554645813       -0.23491740988224
H           -2.47254990611082       -0.33340506382868        0.92783739844634
H           -1.63306036438207        1.21919358183462        0.99509644660683
15
 energy: -17.722659471105 gnorm: 0.000032702855 xtb: 6.7.1 (edcfbbe)
C            2.06513482175666        0.47695987619960       -0.32936287519486
C            1.01955716979230       -0.07038103390266        0.64016442512797
O            0.00004627402512       -0.82393448571544        0.00092337369719
C           -1.01955894917783       -0.07174410343873       -0.63977086516094
C           -2.06520702551528        0.47733344992789        0.32869799405042
H            2.47203304690381       -0.33405195604426       -0.92759839765047
H            1.63228402337695        1.21835057545865       -0.99640784441083
H            2.86786006729081        0.94318730842613        0.23350882128089
H            0.58209578520473        0.74641529196456        1.22628728268031
H            1.48789332221400       -0.77927191262465        1.32753905226335
H           -0.58220011785409        0.74397524452697       -1.22746793080250
H           -1.48780508173697       -0.78201874189088       -1.32577681236636
H           -2.86799364274028        0.94236680920697       -0.23507322564986
H           -2.47199888470452       -0.33257333701603        0.92850096628422
H           -1.63245218971469        1.22006903656647        0.99430742513911
15
 energy: -17.722659669845 gnorm: 0.000032103939 xtb: 6.7.1 (edcfbbe)
C            2.06473835904062        0.47733124037208       -0.32927978341466
C            1.01954284789609       -0.07078119941809        0.64022236832198
O            0.00004638331644       -0.82430347481757        0.00092406785649
C           -1.01954454588622       -0.07214488689393       -0.63982778985669
C           -2.06481066678866        0.47770484642773        0.32861394465130
H            2.47140500450264       -0.33320627998920       -0.92831954883371
H            1.63164796410030        1.21927501501829       -0.99555122117997
H            2.86768048649314        0.94309792437573        0.23366556286176
H            0.58203456124344        0.74559553188323        1.22689610450486
H            1.48824101217950       -0.77991847646439        1.32709573077109
H           -0.58213880439024        0.74315391342381       -1.22807472366683
H           -1.48815226368943       -0.78266519847454       -1.32533213227305
H           -2.86781341325754        0.94227828387297       -0.23523024260004
H           -2.47137190997469       -0.33172632529892        0.92921912389559
H           -1.63181639566470        1.22099110762737        0.99344992824954
15
 energy: -17.722659869301 gnorm: 0.000031216778 xtb: 6.7.1 (edcfbbe)
C            2.06432441313716        0.47771299501956       -0.32919672644436
C            1.01952006044566       -0.07119252979915        0.64028235496433
O            0.00004650956653       -0.82469351232020        0.00092408693757
C           -1.01952189081572       -0.07255657655117       -0.63988730878961
C           -2.06439654274394        0.47808587049324        0.32853045623096
H            2.47073021537839       -0.33233429224071       -0.92907550776660
H            1.63100583340395        1.22024442941648       -0.99466281839523
H            2.86750760502970        0.94297703731812        0.23381718792212
H            0.58195883960697        0.74475579639000        1.22751179792507
H            1.48857279694698       -0.78057237840582        1.32666050125299
H           -0.58206358219668        0.74231201003114       -1.22869066477341
H           -1.48848493097006       -0.78331921112571       -1.32489464260875
H           -2.86763930476551        0.94215857924755       -0.23538096577626
H           -2.47069865908263       -0.33085309981065        0.92997316862652
H           -1.63117274382009        1.22195690398189        0.99256046998232
15
 energy: -17.722660065717 gnorm: 0.000030700074 xtb: 6.7.1 (edcfbbe)
C            2.06390990026042        0.47809513005885       -0.32910846235734
C            1.01950088346441       -0.07160388250309        0.64034450519810
O            0.00004700670131       -0.82507692559104        0.00092349832604
C           -1.01950376289031       -0.07296973413818       -0.63994928032943
C           -2.06398110444792        0.47846829022069        0.32844184212527
H            2.47004003622950       -0.33145837673652       -0.92984375109208
H            1.63035408814078        1.22122818342879       -0.99374654788629
H            2.86734072343944        0.94284203774965        0.23397948573321
H            0.58188644234276        0.74391351368968        1.22813442780673
H            1.48892712575830       -0.78123108716870        1.32621130438142
H           -0.58199381899036        0.74146714825223       -1.22931285524950
H           -1.48884045246079       -0.78397953223367       -1.32444409638057
H           -2.86747129937843        0.94202548212857       -0.23554140823693
H           -2.47000806866947       -0.32997586999932        0.93073860400418
H           -1.63051908037895        1.22293764448665        0.99164412324485
15
 energy: -17.722660254971 gnorm: 0.000030221292 xtb: 6.7.1 (edcfbbe)
C            2.06350191778106        0.47847925496677       -0.32902367720273
C            1.01948308929125       -0.07201558696378        0.64040256353488
O            0.00004709478464       -0.82546116775928        0.00092293340890
C           -1.01948601407857       -0.07338105354629       -0.64000736652463
C           -2.06357282489234        0.47885096213871        0.32835704144194
H            2.46937252027699       -0.33058120549756       -0.93059831644982
H            1.62972142534573        1.22219913818970       -0.99285504176754
H            2.86717333377830        0.94272300147579        0.23413443959625
H            0.58182098366810        0.74306895117906        1.22875675544395
H            1.48926405714055       -0.78189326977266        1.32576501882970
H           -0.58192889832196        0.74062031963915       -1.22993755230243
H           -1.48917946367354       -0.78464144036662       -1.32399455554033
H           -2.86730260238735        0.94190730411334       -0.23569457862607
H           -2.46934213855666       -0.32909758202145        0.93149268542534
H           -1.62988386103549        1.22390439586971        0.99075104002024
15
 energy: -17.722660433787 gnorm: 0.000029907480 xtb: 6.7.1 (edcfbbe)
C            2.06310877738666        0.47884930139486       -0.32894053320803
C            1.01947070646436       -0.07241141831344        0.64045867590551
O            0.00004775591817       -0.82582481594363        0.00092241257296
C           -1.01947511079818       -0.07377966942277       -0.64006312984821
C           -2.06317851148720        0.47922229164681        0.32827330240704
H            2.46875033389511       -0.32973732350071       -0.93130981546747
H            1.62909425012254        1.22311969409416       -0.99200058520188
H            2.86699593820673        0.94262909192441        0.23429193863220
H            0.58176824642302        0.74225352483610        1.22936642296442
H            1.48961131222512       -0.78253847970875        1.32531552287948
H           -0.58187962011383        0.73980243092935       -1.23054488689470
H           -1.48952716413075       -0.78528887616035       -1.32354496874400
H           -2.86712439403926        0.94181541667139       -0.23585062960907
H           -2.46871826163672       -0.32825228598439        0.93220044957882
H           -1.62925563931505        1.22482313918154        0.98989721332058
15
 energy: -17.722660600274 gnorm: 0.000029537764 xtb: 6.7.1 (edcfbbe)
C            2.06273573194985        0.47920778533052       -0.32886351347718
C            1.01946179109765       -0.07279581069286        0.64050833530046
O            0.00004734276039       -0.82617667651216        0.00092269120037
C           -1.01946478614560       -0.07416141130749       -0.64011241158824
C           -2.06280632132190        0.47957796589407        0.32819607936344
H            2.46819099442220       -0.32892826870243       -0.93196296145489
H            1.62849454004895        1.22396914082798       -0.99122008205404
H            2.86680919449150        0.94258573906455        0.23443394971393
H            0.58172300717398        0.74146532356633        1.22994740828435
H            1.48993469243518       -0.78316215834924        1.32488724647340
H           -0.58183172786328        0.73901298459094       -1.23112913480457
H           -1.48985208763702       -0.78590992411192       -1.32311220287887
H           -2.86693668239725        0.94177157026523       -0.23599226093431
H           -2.46816280598625       -0.32744235949688        0.93285466100300
H           -1.62865426390770        1.22566812127796        0.98911358514080
15
 energy: -17.722660754239 gnorm: 0.000029156071 xtb: 6.7.1 (edcfbbe)
C            2.06238058874489        0.47954107994389       -0.32879325586303
C            1.01945268967244       -0.07315440724289        0.64055571874753
O            0.00004821444176       -0.82650678297148        0.00092270885582
C           -1.01945812913049       -0.07452507422140       -0.64015894692804
C           -2.06244956118867        0.47991497177919        0.32812468440604
H            2.46770007317814       -0.32817336066846       -0.93255141823466
H            1.62790394375330        1.22473332445842       -0.99050936099275
H            2.86660157425144        0.94258351982499        0.23456885252520
H            0.58168099348372        0.74072511794292        1.23050048233985
H            1.49025184962561       -0.78374750499111        1.32447366082401
H           -0.58179462123688        0.73827069698331       -1.23167500293857
H           -1.49016757499845       -0.78649881102589       -1.32270186289193
H           -2.86672921399824        0.94177141746028       -0.23612680472791
H           -2.46766734279368       -0.32668584805148        0.93343690796509
H           -1.62806486468419        1.22643368242430        0.98840502620101
15
 energy: -17.722660896793 gnorm: 0.000028742074 xtb: 6.7.1 (edcfbbe)
C            2.06204490887684        0.47986239182277       -0.32872744324285
C            1.01944793126884       -0.07350311179426        0.64059630652286
O            0.00004694931575       -0.82682498798898        0.00092376791227
C           -1.01944937593130       -0.07486634556759       -0.64019889633199
C           -2.06211661465667        0.48023043497083        0.32805880619855
H            2.46726656612113       -0.32746137415356       -0.93307292957477
H            1.62733592632699        1.22542105891708       -0.98987582716979
H            2.86638465668955        0.94263453306727        0.23468827844141
H            0.58164607431215        0.74001891523785        1.23101128501082
H            1.49054730333851       -0.78430595638810        1.32408876145983
H           -0.58175172874083        0.73756494947380       -1.23219296539186
H           -1.49046508776063       -0.78704999831962       -1.32230921069279
H           -2.86651205897360        0.94181907979166       -0.23624713547574
H           -2.46724136519613       -0.32597350864730        0.93396377282130
H           -1.62749546586990        1.22711594122274        0.98776481880039
15
 energy: -17.722661029683 gnorm: 0.000028262215 xtb: 6.7.1 (edcfbbe)
C            2.06172275394574        0.48015818268712       -0.32866970175662
C            1.01943786250077       -0.07382525159615        0.64063697107838
O            0.00004846864372       -0.82712668952431        0.00092380247836
C           -1.01944425924697       -0.07519845852053       -0.64023838746220
C           -2.06179127987823        0.48053427872154        0.32799940088682
H            2.46689208471569       -0.32679274600841       -0.93355098491896
H            1.62677501234632        1.22603648581689       -0.98929819837916
H            2.86614782662558        0.94271570939137        0.23479895393677
H            0.58160302472028        0.73935189872616        1.23150633974556
H            1.49083180213390       -0.78482678897881        1.32371763428402
H           -0.58171803023650        0.73689563431146       -1.23267341949734
H           -1.49074527785013       -0.78757825363116       -1.32194688655027
H           -2.86627600439244        0.94190355539669       -0.23635806971858
H           -2.46685700181126       -0.32530281550821        0.93443097237676
H           -1.62693836309575        1.22773728036095        0.98719296278411
15
 energy: -17.722661154745 gnorm: 0.000027648357 xtb: 6.7.1 (edcfbbe)
C            2.06141208543619        0.48045131924533       -0.32861239302721
C            1.01943485460087       -0.07414710972652        0.64067159128986
O            0.00004672187584       -0.82742129500581        0.00092534493167
C           -1.01943499589788       -0.07550898411241       -0.64027212631295
C           -2.06148494683571        0.48081877043322        0.32794203895798
H            2.46654552445778       -0.32615453793725       -0.93397645009999
H            1.62622736783095        1.22660741120865       -0.98877114358871
H            2.86590777404494        0.94283150666694        0.23490214722900
H            0.58157404774400        0.73870923189966        1.23196240868657
H            1.49110551805516       -0.78533436599451        1.32336778068337
H           -0.58167684928965        0.73625458594106       -1.23314042814374
H           -1.49102196536974       -0.78807494296760       -1.32158592515274
H           -2.86603617037051        0.94201423610554       -0.23646296758004
H           -2.46652156306472       -0.32466473585374        0.93486523301682
H           -1.62638878409682        1.22830093174203        0.98665627839777
15
 energy: -17.722661273335 gnorm: 0.000026898731 xtb: 6.7.1 (edcfbbe)
C            2.06111288013881        0.48072635920840       -0.32856056586532
C            1.01942615933570       -0.07444913646114        0.64070668442730
O            0.00004762196009       -0.82770517986172        0.00092545064978
C           -1.01943047532412       -0.07581891509371       -0.64030651644784
C           -2.06118306299648        0.48110016853129        0.32788910712215
H            2.46623625387365       -0.32553847659031       -0.93438730746164
H            1.62569170175219        1.22713669268633       -0.98827262114060
H            2.86566154998939        0.94295975123354        0.23499796478930
H            0.58153298051913        0.73808700990081        1.23241637785998
H            1.49136833148148       -0.78581671140777        1.32302524566265
H           -0.58164309777178        0.73563045184351       -1.23358265730961
H           -1.49128110457263       -0.78856308599277       -1.32125089261662
H           -2.86579037853755        0.94214462273694       -0.23655907078707
H           -2.46620436084037       -0.32404678158368        0.93526785353934
H           -1.62585637988680        1.22883525249489        0.98616233686585
15
 energy: -17.722661386660 gnorm: 0.000026275614 xtb: 6.7.1 (edcfbbe)
C            2.06081827732372        0.48099829912212       -0.32850934189922
C            1.01942147078266       -0.07474853630067        0.64073997964505
O            0.00004737633219       -0.82798205312674        0.00092624640295
C           -1.01942313718651       -0.07611416250747       -0.64033857205008
C           -2.06089037859766        0.48136925987248        0.32783702726898
H            2.46593319291267       -0.32494210094545       -0.93477357901963
H            1.62516439174574        1.22765096314253       -0.98779405505124
H            2.86541621064069        0.94309129548740        0.23509380248054
H            0.58150300634481        0.73748367083471        1.23284934378938
H            1.49162755685097       -0.78629080703345        1.32269328770875
H           -0.58160872208284        0.73502773358002       -1.23401789588111
H           -1.49154122615563       -0.78903236521518       -1.32091409017468
H           -2.86554611890200        0.94227401580457       -0.23665593353599
H           -2.46590463536563       -0.32345002528204        0.93565623823014
H           -1.62532864552248        1.22934683421177        0.98567893137383
15
 energy: -17.722661495727 gnorm: 0.000025738709 xtb: 6.7.1 (edcfbbe)
C            2.06053433582581        0.48126400484416       -0.32845783310222
C            1.01941563290643       -0.07504010812574        0.64077097687511
O            0.00004688379607       -0.82825360579002        0.00092631516913
C           -1.01941875858149       -0.07640732076917       -0.64036991557857
C           -2.06060537397547        0.48163599127983        0.32778570606600
H            2.46563791741690       -0.32435425491676       -0.93515813382162
H            1.62465427882903        1.22815483049046       -0.98732060599352
H            2.86518353783891        0.94321896431005        0.23518587380193
H            0.58146932105194        0.73688918767537        1.23327659426443
H            1.49187935906345       -0.78675353765179        1.32236570602295
H           -0.58157613815756        0.73443195001186       -1.23444260866780
H           -1.49179238090345       -0.78949593993718       -1.32058842581934
H           -2.86531283151400        0.94240107146175       -0.23674789270446
H           -2.46560765608657       -0.32286092074251        0.93603951087925
H           -1.62481950838930        1.22985170950428        0.98520612189637
15
 energy: -17.722661601401 gnorm: 0.000025265031 xtb: 6.7.1 (edcfbbe)
C            2.06025038345394        0.48152434794322       -0.32840889482272
C            1.01941066611901       -0.07532612673674        0.64080515437766
O            0.00004787535443       -0.82851746880392        0.00092668665583
C           -1.01941201002986       -0.07669185217907       -0.64040202930311
C           -2.06032283510530        0.48189590036245        0.32773502273738
H            2.46533506085772       -0.32377702219417       -0.93554348936629
H            1.62415347975022        1.22866234256407       -0.98684791405775
H            2.86495479369208        0.94332759629698        0.23527927361288
H            0.58143870218525        0.73630779944490        1.23369801320483
H            1.49212743132254       -0.78720945877539        1.32204647006923
H           -0.58154467904882        0.73385110818711       -1.23486270135755
H           -1.49204051793862       -0.78994909531796       -1.32026580244972
H           -2.86508641212644        0.94250922151181       -0.23684194774727
H           -2.46530478339186       -0.32228320514937        0.93642381329460
H           -1.62431853597359        1.23035793449067        0.98472973443964
15
 energy: -17.722661704699 gnorm: 0.000024878830 xtb: 6.7.1 (edcfbbe)
C            2.05997631226346        0.48178418679657       -0.32835516862074
C            1.01940442907157       -0.07560905869502        0.64083389227534
O            0.00004619467600       -0.82878161514381        0.00092643664168
C           -1.01940841129250       -0.07697645298291       -0.64043287703263
C           -2.06004658760826        0.48215603191308        0.32768303021852
H            2.46502181979939       -0.32320130302237       -0.93593506574588
H            1.62366733126314        1.22917783197648       -0.98636124126180
H            2.86474953931627        0.94342101671395        0.23537261463028
H            0.58140778874823        0.73573035145035        1.23411294990447
H            1.49237266341929       -0.78765932480253        1.32172452154120
H           -0.58151462137957        0.73327146252286       -1.23527734657932
H           -1.49228601772480       -0.79040073402057       -1.31994700168034
H           -2.86487831885617        0.94260135552807       -0.23693440864235
H           -2.46499057574288       -0.32170605805600        0.93681590204962
H           -1.62383292683246        1.23087433146646        0.98424515158961
15
 energy: -17.722661806346 gnorm: 0.000024528227 xtb: 6.7.1 (edcfbbe)
C            2.05969523746991        0.48203967191956       -0.32830672461391
C            1.01939987724533       -0.07588917143653        0.64087207383252
O            0.00004885111725       -0.82903704252651        0.00092696636529
C           -1.01940001277574       -0.07725414861972       -0.64046676642152
C           -2.05976863045309        0.48241117204278        0.32763090229729
H            2.46469043133380       -0.32262702766877       -0.93634373931676
H            1.62318906615234        1.22970974791602       -0.98586753490087
H            2.86454469336678        0.94348542171865        0.23546651913682
H            0.58137554675781        0.73515781892564        1.23453172378602
H            1.49261405031139       -0.78810817802249        1.32141534961564
H           -0.58148136155238        0.73270049780794       -1.23569383407282
H           -1.49252719490225       -0.79084515995938       -1.31963135497096
H           -2.86467852131537        0.94266642011850       -0.23702940088077
H           -2.46465929677817       -0.32113168042878        0.93722190201843
H           -1.62335411685691        1.23140367985768        0.98374530741325
15
 energy: -17.722661907298 gnorm: 0.000024217827 xtb: 6.7.1 (edcfbbe)
C            2.05942403069915        0.48229965647103       -0.32824874655854
C            1.01939162635616       -0.07616938259190        0.64089943952777
O            0.00004549349235       -0.82930083300646        0.00092656548514
C           -1.01939665866371       -0.07753733069454       -0.64049856088090
C           -2.05949338207178        0.48267135212628        0.32757666896643
H            2.46433941332724       -0.32204824687251       -0.93676113748773
H            1.62271824605495        1.23026023707233       -0.98534473852091
H            2.86436948000785        0.94353266033162        0.23556402418896
H            0.58134521592184        0.73458437684384        1.23494476999087
H            1.49285739519950       -0.78855468696125        1.32109156058105
H           -0.58145239411646        0.73212346477235       -1.23610772213332
H           -1.49277121388490       -0.79129569282614       -1.31931375173338
H           -2.86449715072704        0.94271186576758       -0.23712541307918
H           -2.46430762366419       -0.32055112679058        0.93764090191031
H           -1.62288385881025        1.23195570800295        0.98322752903108
15
 energy: -17.722661990077 gnorm: 0.000024447525 xtb: 6.7.1 (edcfbbe)
C            2.05913833476835        0.48251316165131       -0.32821793606151
C            1.01936738431969       -0.07642830834165        0.64093864541933
O            0.00004864129662       -0.82956208177036        0.00092723889330
C           -1.01936794200096       -0.07779371136428       -0.64053288284434
C           -2.05921135503823        0.48288453048369        0.32754167786127
H            2.46409374461664       -0.32156730200851       -0.93705459979397
H            1.62219726081222        1.23061404570226       -0.98499979342065
H            2.86408907348437        0.94371384678463        0.23561065502189
H            0.58126234064226        0.73409449998003        1.23525278907215
H            1.49304372543572       -0.78890813400561        1.32088760808136
H           -0.58136836164406        0.73163547093122       -1.23641331259472
H           -1.49295700440667       -0.79164464654588       -1.31910265805205
H           -2.86422232254276        0.94289463531791       -0.23717354517885
H           -2.46406266934012       -0.32007043912659        0.93793103747496
H           -1.62236223128237        1.23230645395644        0.98287646540949
