2025-04-07 00:46:57,216 -     censo.parallel     -  DEBUG   - Free cores decreased 3 -> 2.
2025-04-07 00:46:57,222 -     censo.parallel     -  DEBUG   - Free cores decreased 2 -> 1.
2025-04-07 00:46:57,222 -   censo.qm_processor   -  DEBUG   - worker3402340:Running on 1 cores.
2025-04-07 00:46:57,223 -     censo.parallel     -  DEBUG   - Free cores decreased 1 -> 0.
2025-04-07 00:46:57,223 -   censo.qm_processor   -  DEBUG   - worker3402341:Running on 1 cores.
2025-04-07 00:46:57,224 -   censo.qm_processor   -  DEBUG   - worker3402343:Running on 1 cores.
2025-04-07 00:46:57,249 -   censo.qm_processor   -   INFO   - worker3402343:Running xtb_gsolv calculation in /srv/scratch/z5358697/.automated/4952/0_PRESCREENING/CONF3/xtb_gsolv.
2025-04-07 00:46:57,268 -   censo.qm_processor   -   INFO   - worker3402340:Running xtb_gsolv calculation in /srv/scratch/z5358697/.automated/4952/0_PRESCREENING/CONF1/xtb_gsolv.
2025-04-07 00:46:57,286 -   censo.qm_processor   -  DEBUG   - worker3402340:Running ['/srv/scratch/z5358697/.xtb/bin/xtb', 'gas.coord', '--gfn2', '--sp', '--chrg', '0', '--norestart', '--parallel', '1']...
2025-04-07 00:46:57,292 -   censo.qm_processor   -   INFO   - worker3402341:Running xtb_gsolv calculation in /srv/scratch/z5358697/.automated/4952/0_PRESCREENING/CONF2/xtb_gsolv.
2025-04-07 00:46:57,316 -   censo.qm_processor   -  DEBUG   - worker3402341:Running ['/srv/scratch/z5358697/.xtb/bin/xtb', 'gas.coord', '--gfn2', '--sp', '--chrg', '0', '--norestart', '--parallel', '1']...
2025-04-07 00:46:57,330 -   censo.qm_processor   -  DEBUG   - worker3402343:Running ['/srv/scratch/z5358697/.xtb/bin/xtb', 'gas.coord', '--gfn2', '--sp', '--chrg', '0', '--norestart', '--parallel', '1']...
2025-04-07 00:46:57,347 -   censo.qm_processor   -  DEBUG   - worker3402341:Started (PID: 3402352).
2025-04-07 00:46:57,386 -   censo.qm_processor   -  DEBUG   - worker3402340:Started (PID: 3402351).
2025-04-07 00:46:57,386 -   censo.qm_processor   -  DEBUG   - worker3402343:Started (PID: 3402353).
2025-04-07 00:46:57,581 -   censo.qm_processor   -  DEBUG   - worker3402341:Done.
2025-04-07 00:46:57,581 -   censo.qm_processor   -  DEBUG   - worker3402340:Done.
2025-04-07 00:46:57,583 -   censo.qm_processor   -  DEBUG   - worker3402343:Done.
2025-04-07 00:46:57,603 -   censo.qm_processor   -  DEBUG   - worker3402341:Running ['/srv/scratch/z5358697/.xtb/bin/xtb', 'solv.coord', '--gfn2', '--sp', '--chrg', '0', '--norestart', '--parallel', '1', '--alpb', 'water', 'reference', '-I', 'xtb_sp-xcontrol-inp']...
2025-04-07 00:46:57,604 -   censo.qm_processor   -  DEBUG   - worker3402340:Running ['/srv/scratch/z5358697/.xtb/bin/xtb', 'solv.coord', '--gfn2', '--sp', '--chrg', '0', '--norestart', '--parallel', '1', '--alpb', 'water', 'reference', '-I', 'xtb_sp-xcontrol-inp']...
2025-04-07 00:46:57,605 -   censo.qm_processor   -  DEBUG   - worker3402343:Running ['/srv/scratch/z5358697/.xtb/bin/xtb', 'solv.coord', '--gfn2', '--sp', '--chrg', '0', '--norestart', '--parallel', '1', '--alpb', 'water', 'reference', '-I', 'xtb_sp-xcontrol-inp']...
2025-04-07 00:46:57,610 -   censo.qm_processor   -  DEBUG   - worker3402341:Started (PID: 3402355).
2025-04-07 00:46:57,613 -   censo.qm_processor   -  DEBUG   - worker3402343:Started (PID: 3402357).
2025-04-07 00:46:57,614 -   censo.qm_processor   -  DEBUG   - worker3402340:Started (PID: 3402356).
2025-04-07 00:46:57,679 -   censo.qm_processor   -  DEBUG   - worker3402340:Done.
2025-04-07 00:46:57,682 -     censo.parallel     -  DEBUG   - Free cores increased 0 -> 1.
2025-04-07 00:46:57,683 -   censo.qm_processor   -  DEBUG   - worker3402341:Done.
2025-04-07 00:46:57,685 -     censo.parallel     -  DEBUG   - Free cores increased 1 -> 2.
2025-04-07 00:46:57,697 -   censo.qm_processor   -  DEBUG   - worker3402343:Done.
2025-04-07 00:46:57,698 -     censo.parallel     -  DEBUG   - Free cores increased 2 -> 3.
2025-04-07 00:46:57,707 -     censo.parallel     -  DEBUG   - Checking for failed jobs...
2025-04-07 00:46:57,707 -     censo.parallel     -   INFO   - All jobs executed successfully.
2025-04-07 00:46:57,715 -     censo.parallel     -  DEBUG   - Free cores decreased 3 -> 2.
2025-04-07 00:46:57,720 -     censo.parallel     -  DEBUG   - Free cores decreased 2 -> 1.
2025-04-07 00:46:57,721 -     censo.parallel     -  DEBUG   - Free cores decreased 1 -> 0.
2025-04-07 00:46:57,723 -   censo.qm_processor   -  DEBUG   - worker3402378:Running on 1 cores.
2025-04-07 00:46:57,723 -   censo.qm_processor   -  DEBUG   - worker3402375:Running on 1 cores.
2025-04-07 00:46:57,723 -   censo.qm_processor   -  DEBUG   - worker3402376:Running on 1 cores.
2025-04-07 00:46:57,745 -   censo.qm_processor   -   INFO   - worker3402375:Running sp calculation in /srv/scratch/z5358697/.automated/4952/0_PRESCREENING/CONF1/sp.
2025-04-07 00:46:57,753 -   censo.qm_processor   -   INFO   - worker3402378:Running sp calculation in /srv/scratch/z5358697/.automated/4952/0_PRESCREENING/CONF2/sp.
2025-04-07 00:46:57,760 -   censo.qm_processor   -  DEBUG   - worker3402375:Running ['/apps/z_install_tree/linux-rocky8-ivybridge/gcc-12.2.0/orca-6.0.0-srtngmq3qlimg2qxbl6avaaiffipurdx/bin/orca', 'sp.inp']...
2025-04-07 00:46:57,761 -   censo.qm_processor   -   INFO   - worker3402376:Running sp calculation in /srv/scratch/z5358697/.automated/4952/0_PRESCREENING/CONF3/sp.
2025-04-07 00:46:57,770 -   censo.qm_processor   -  DEBUG   - worker3402378:Running ['/apps/z_install_tree/linux-rocky8-ivybridge/gcc-12.2.0/orca-6.0.0-srtngmq3qlimg2qxbl6avaaiffipurdx/bin/orca', 'sp.inp']...
2025-04-07 00:46:57,776 -   censo.qm_processor   -  DEBUG   - worker3402375:Started (PID: 3402386).
2025-04-07 00:46:57,777 -   censo.qm_processor   -  DEBUG   - worker3402376:Running ['/apps/z_install_tree/linux-rocky8-ivybridge/gcc-12.2.0/orca-6.0.0-srtngmq3qlimg2qxbl6avaaiffipurdx/bin/orca', 'sp.inp']...
2025-04-07 00:46:57,790 -   censo.qm_processor   -  DEBUG   - worker3402376:Started (PID: 3402388).
2025-04-07 00:46:57,790 -   censo.qm_processor   -  DEBUG   - worker3402378:Started (PID: 3402387).
2025-04-07 00:47:06,359 -   censo.qm_processor   -  DEBUG   - worker3402378:Done.
2025-04-07 00:47:06,367 -     censo.parallel     -  DEBUG   - Free cores increased 0 -> 1.
2025-04-07 00:47:06,369 -   censo.qm_processor   -  DEBUG   - worker3402376:Done.
2025-04-07 00:47:06,375 -     censo.parallel     -  DEBUG   - Free cores increased 1 -> 2.
2025-04-07 00:47:06,434 -   censo.qm_processor   -  DEBUG   - worker3402375:Done.
2025-04-07 00:47:06,440 -     censo.parallel     -  DEBUG   - Free cores increased 2 -> 3.
2025-04-07 00:47:06,449 -     censo.parallel     -  DEBUG   - Checking for failed jobs...
2025-04-07 00:47:06,449 -     censo.parallel     -   INFO   - All jobs executed successfully.
2025-04-07 00:47:06,449 -censo.ensembleopt.prescreening-  DEBUG   - Writing to /srv/scratch/z5358697/.automated/4952/0_PRESCREENING.out.
2025-04-07 00:47:06,505 -     censo.parallel     -  DEBUG   - Free cores decreased 3 -> 2.
2025-04-07 00:47:06,510 -     censo.parallel     -  DEBUG   - Free cores decreased 2 -> 1.
2025-04-07 00:47:06,510 -   censo.qm_processor   -  DEBUG   - worker3402444:Running on 1 cores.
2025-04-07 00:47:06,511 -     censo.parallel     -  DEBUG   - Free cores decreased 1 -> 0.
2025-04-07 00:47:06,511 -   censo.qm_processor   -  DEBUG   - worker3402445:Running on 1 cores.
2025-04-07 00:47:06,512 -   censo.qm_processor   -  DEBUG   - worker3402447:Running on 1 cores.
2025-04-07 00:47:06,536 -   censo.qm_processor   -   INFO   - worker3402444:Running gsolv calculation in /srv/scratch/z5358697/.automated/4952/1_SCREENING/CONF1/gsolv.
2025-04-07 00:47:06,575 -   censo.qm_processor   -   INFO   - worker3402447:Running gsolv calculation in /srv/scratch/z5358697/.automated/4952/1_SCREENING/CONF3/gsolv.
2025-04-07 00:47:06,576 -   censo.qm_processor   -   INFO   - worker3402445:Running gsolv calculation in /srv/scratch/z5358697/.automated/4952/1_SCREENING/CONF2/gsolv.
2025-04-07 00:47:06,589 -  censo.orca_processor  -  DEBUG   - worker3402445:Copying .gbw file from /srv/scratch/z5358697/.automated/4952/0_PRESCREENING/CONF2/sp/sp.gbw.
2025-04-07 00:47:06,597 -  censo.orca_processor  -  DEBUG   - worker3402447:Copying .gbw file from /srv/scratch/z5358697/.automated/4952/0_PRESCREENING/CONF3/sp/sp.gbw.
2025-04-07 00:47:06,617 -   censo.qm_processor   -  DEBUG   - worker3402445:Running ['/apps/z_install_tree/linux-rocky8-ivybridge/gcc-12.2.0/orca-6.0.0-srtngmq3qlimg2qxbl6avaaiffipurdx/bin/orca', 'sp_gas.inp']...
2025-04-07 00:47:06,623 -   censo.qm_processor   -  DEBUG   - worker3402445:Started (PID: 3402455).
2025-04-07 00:47:06,625 -   censo.qm_processor   -  DEBUG   - worker3402447:Running ['/apps/z_install_tree/linux-rocky8-ivybridge/gcc-12.2.0/orca-6.0.0-srtngmq3qlimg2qxbl6avaaiffipurdx/bin/orca', 'sp_gas.inp']...
2025-04-07 00:47:06,631 -   censo.qm_processor   -  DEBUG   - worker3402447:Started (PID: 3402456).
2025-04-07 00:47:06,633 -  censo.orca_processor  -  DEBUG   - worker3402444:Copying .gbw file from /srv/scratch/z5358697/.automated/4952/0_PRESCREENING/CONF1/sp/sp.gbw.
2025-04-07 00:47:06,661 -   censo.qm_processor   -  DEBUG   - worker3402444:Running ['/apps/z_install_tree/linux-rocky8-ivybridge/gcc-12.2.0/orca-6.0.0-srtngmq3qlimg2qxbl6avaaiffipurdx/bin/orca', 'sp_gas.inp']...
2025-04-07 00:47:06,666 -   censo.qm_processor   -  DEBUG   - worker3402444:Started (PID: 3402457).
2025-04-07 00:47:30,144 -   censo.qm_processor   -  DEBUG   - worker3402447:Done.
2025-04-07 00:47:30,159 -  censo.orca_processor  -  DEBUG   - worker3402447:Copying .gbw file from /srv/scratch/z5358697/.automated/4952/0_PRESCREENING/CONF3/sp/sp.gbw.
2025-04-07 00:47:30,195 -   censo.qm_processor   -  DEBUG   - worker3402447:Running ['/apps/z_install_tree/linux-rocky8-ivybridge/gcc-12.2.0/orca-6.0.0-srtngmq3qlimg2qxbl6avaaiffipurdx/bin/orca', 'sp_solv.inp']...
2025-04-07 00:47:30,198 -   censo.qm_processor   -  DEBUG   - worker3402447:Started (PID: 3402514).
2025-04-07 00:47:31,138 -   censo.qm_processor   -  DEBUG   - worker3402445:Done.
2025-04-07 00:47:31,153 -  censo.orca_processor  -  DEBUG   - worker3402445:Copying .gbw file from /srv/scratch/z5358697/.automated/4952/0_PRESCREENING/CONF2/sp/sp.gbw.
2025-04-07 00:47:31,188 -   censo.qm_processor   -  DEBUG   - worker3402445:Running ['/apps/z_install_tree/linux-rocky8-ivybridge/gcc-12.2.0/orca-6.0.0-srtngmq3qlimg2qxbl6avaaiffipurdx/bin/orca', 'sp_solv.inp']...
2025-04-07 00:47:31,192 -   censo.qm_processor   -  DEBUG   - worker3402445:Started (PID: 3402520).
2025-04-07 00:47:33,755 -   censo.qm_processor   -  DEBUG   - worker3402444:Done.
2025-04-07 00:47:33,770 -  censo.orca_processor  -  DEBUG   - worker3402444:Copying .gbw file from /srv/scratch/z5358697/.automated/4952/0_PRESCREENING/CONF1/sp/sp.gbw.
2025-04-07 00:47:33,812 -   censo.qm_processor   -  DEBUG   - worker3402444:Running ['/apps/z_install_tree/linux-rocky8-ivybridge/gcc-12.2.0/orca-6.0.0-srtngmq3qlimg2qxbl6avaaiffipurdx/bin/orca', 'sp_solv.inp']...
2025-04-07 00:47:33,822 -   censo.qm_processor   -  DEBUG   - worker3402444:Started (PID: 3402530).
2025-04-07 00:48:01,089 -   censo.qm_processor   -  DEBUG   - worker3402447:Done.
2025-04-07 00:48:01,098 -     censo.parallel     -  DEBUG   - Free cores increased 0 -> 1.
2025-04-07 00:48:05,049 -   censo.qm_processor   -  DEBUG   - worker3402445:Done.
2025-04-07 00:48:05,056 -     censo.parallel     -  DEBUG   - Free cores increased 1 -> 2.
2025-04-07 00:48:05,059 -   censo.qm_processor   -  DEBUG   - worker3402444:Done.
2025-04-07 00:48:05,065 -     censo.parallel     -  DEBUG   - Free cores increased 2 -> 3.
2025-04-07 00:48:05,075 -     censo.parallel     -  DEBUG   - Checking for failed jobs...
2025-04-07 00:48:05,075 -     censo.parallel     -   INFO   - All jobs executed successfully.
2025-04-07 00:48:05,140 -     censo.parallel     -  DEBUG   - Free cores decreased 3 -> 2.
2025-04-07 00:48:05,145 -     censo.parallel     -  DEBUG   - Free cores decreased 2 -> 1.
2025-04-07 00:48:05,146 -     censo.parallel     -  DEBUG   - Free cores decreased 1 -> 0.
2025-04-07 00:48:05,147 -   censo.qm_processor   -  DEBUG   - worker3402623:Running on 1 cores.
2025-04-07 00:48:05,147 -   censo.qm_processor   -  DEBUG   - worker3402620:Running on 1 cores.
2025-04-07 00:48:05,148 -   censo.qm_processor   -  DEBUG   - worker3402621:Running on 1 cores.
2025-04-07 00:48:05,223 -   censo.qm_processor   -   INFO   - worker3402620:Running xtb_opt calculation in /srv/scratch/z5358697/.automated/4952/2_OPTIMIZATION/CONF3/xtb_opt.
2025-04-07 00:48:05,229 -   censo.qm_processor   -   INFO   - worker3402623:Running xtb_opt calculation in /srv/scratch/z5358697/.automated/4952/2_OPTIMIZATION/CONF2/xtb_opt.
2025-04-07 00:48:05,250 -   censo.qm_processor   -   INFO   - worker3402621:Running xtb_opt calculation in /srv/scratch/z5358697/.automated/4952/2_OPTIMIZATION/CONF1/xtb_opt.
2025-04-07 00:48:05,255 -  censo.orca_processor  -  DEBUG   - worker3402620:Copying .gbw file from /srv/scratch/z5358697/.automated/4952/1_SCREENING/CONF3/gsolv/sp_solv.gbw.
2025-04-07 00:48:05,281 -  censo.orca_processor  -  DEBUG   - worker3402621:Copying .gbw file from /srv/scratch/z5358697/.automated/4952/1_SCREENING/CONF1/gsolv/sp_solv.gbw.
2025-04-07 00:48:05,284 -   censo.qm_processor   -  DEBUG   - worker3402620:Running ['/srv/scratch/z5358697/.xtb/bin/xtb', 'xtb_opt.coord', '--opt', 'normal', '--orca', '-I', 'xtb_opt-xcontrol-inp']...
2025-04-07 00:48:05,309 -   censo.qm_processor   -  DEBUG   - worker3402621:Running ['/srv/scratch/z5358697/.xtb/bin/xtb', 'xtb_opt.coord', '--opt', 'normal', '--orca', '-I', 'xtb_opt-xcontrol-inp']...
2025-04-07 00:48:05,323 -  censo.orca_processor  -  DEBUG   - worker3402623:Copying .gbw file from /srv/scratch/z5358697/.automated/4952/1_SCREENING/CONF2/gsolv/sp_solv.gbw.
2025-04-07 00:48:05,344 -   censo.qm_processor   -  DEBUG   - worker3402620:Started (PID: 3402631).
2025-04-07 00:48:05,345 -   censo.qm_processor   -  DEBUG   - worker3402621:Started (PID: 3402632).
2025-04-07 00:48:05,351 -   censo.qm_processor   -  DEBUG   - worker3402623:Running ['/srv/scratch/z5358697/.xtb/bin/xtb', 'xtb_opt.coord', '--opt', 'normal', '--orca', '-I', 'xtb_opt-xcontrol-inp']...
2025-04-07 00:48:05,372 -   censo.qm_processor   -  DEBUG   - worker3402623:Started (PID: 3402637).
2025-04-07 00:51:54,069 -   censo.qm_processor   -  DEBUG   - worker3402623:Done.
2025-04-07 00:51:54,083 -     censo.parallel     -  DEBUG   - Free cores increased 0 -> 1.
2025-04-07 00:53:14,815 -   censo.qm_processor   -  DEBUG   - worker3402620:Done.
2025-04-07 00:53:14,831 -     censo.parallel     -  DEBUG   - Free cores increased 1 -> 2.
2025-04-07 00:53:39,086 -   censo.qm_processor   -  DEBUG   - worker3402621:Done.
2025-04-07 00:53:39,101 -     censo.parallel     -  DEBUG   - Free cores increased 2 -> 3.
2025-04-07 00:53:39,109 -     censo.parallel     -  DEBUG   - Checking for failed jobs...
2025-04-07 00:53:39,109 -     censo.parallel     -   INFO   - All jobs executed successfully.
2025-04-07 00:53:39,116 -     censo.parallel     -  DEBUG   - Free cores decreased 3 -> 2.
2025-04-07 00:53:39,122 -     censo.parallel     -  DEBUG   - Free cores decreased 2 -> 1.
2025-04-07 00:53:39,123 -     censo.parallel     -  DEBUG   - Free cores decreased 1 -> 0.
2025-04-07 00:53:39,123 -   censo.qm_processor   -  DEBUG   - worker3403368:Running on 1 cores.
2025-04-07 00:53:39,124 -   censo.qm_processor   -  DEBUG   - worker3403370:Running on 1 cores.
2025-04-07 00:53:39,125 -   censo.qm_processor   -  DEBUG   - worker3403367:Running on 1 cores.
2025-04-07 00:53:39,128 -   censo.qm_processor   -   INFO   - worker3403368:Running xtb_rrho calculation in /srv/scratch/z5358697/.automated/4952/2_OPTIMIZATION/CONF2/xtb_rrho.
2025-04-07 00:53:39,140 -   censo.qm_processor   -   INFO   - worker3403370:Running xtb_rrho calculation in /srv/scratch/z5358697/.automated/4952/2_OPTIMIZATION/CONF3/xtb_rrho.
2025-04-07 00:53:39,152 -   censo.qm_processor   -   INFO   - worker3403367:Running xtb_rrho calculation in /srv/scratch/z5358697/.automated/4952/2_OPTIMIZATION/CONF1/xtb_rrho.
2025-04-07 00:53:39,178 -   censo.qm_processor   -  DEBUG   - worker3403370:Running ['/srv/scratch/z5358697/.xtb/bin/xtb', 'xtb_rrho.coord', '--gfn2', '--bhess', 'vtight', '--chrg', '0', '--enso', '--norestart', '-I', 'rrho-xcontrol-inp', '--parallel', '1', '--alpb', 'water']...
2025-04-07 00:53:39,179 -   censo.qm_processor   -  DEBUG   - worker3403368:Running ['/srv/scratch/z5358697/.xtb/bin/xtb', 'xtb_rrho.coord', '--gfn2', '--bhess', 'vtight', '--chrg', '0', '--enso', '--norestart', '-I', 'rrho-xcontrol-inp', '--parallel', '1', '--alpb', 'water']...
2025-04-07 00:53:39,185 -   censo.qm_processor   -  DEBUG   - worker3403370:Started (PID: 3403378).
2025-04-07 00:53:39,185 -   censo.qm_processor   -  DEBUG   - worker3403368:Started (PID: 3403379).
2025-04-07 00:53:39,261 -   censo.qm_processor   -  DEBUG   - worker3403367:Running ['/srv/scratch/z5358697/.xtb/bin/xtb', 'xtb_rrho.coord', '--gfn2', '--bhess', 'vtight', '--chrg', '0', '--enso', '--norestart', '-I', 'rrho-xcontrol-inp', '--parallel', '1', '--alpb', 'water']...
2025-04-07 00:53:39,266 -   censo.qm_processor   -  DEBUG   - worker3403367:Started (PID: 3403380).
2025-04-07 00:53:40,133 -   censo.qm_processor   -  DEBUG   - worker3403370:Done.
2025-04-07 00:53:40,137 -     censo.parallel     -  DEBUG   - Free cores increased 0 -> 1.
2025-04-07 00:53:41,653 -   censo.qm_processor   -  DEBUG   - worker3403367:Done.
2025-04-07 00:53:41,656 -     censo.parallel     -  DEBUG   - Free cores increased 1 -> 2.
2025-04-07 00:53:42,441 -   censo.qm_processor   -  DEBUG   - worker3403368:Done.
2025-04-07 00:53:42,444 -     censo.parallel     -  DEBUG   - Free cores increased 2 -> 3.
2025-04-07 00:53:42,453 -     censo.parallel     -  DEBUG   - Checking for failed jobs...
2025-04-07 00:53:42,453 -     censo.parallel     -   INFO   - All jobs executed successfully.
2025-04-07 00:53:42,453 -censo.ensembleopt.optimization-   INFO   - Threshold: 2.50 kcal/mol
2025-04-07 00:53:42,460 -     censo.parallel     -  DEBUG   - Free cores decreased 3 -> 2.
2025-04-07 00:53:42,465 -     censo.parallel     -  DEBUG   - Free cores decreased 2 -> 1.
2025-04-07 00:53:42,466 -   censo.qm_processor   -  DEBUG   - worker3403398:Running on 1 cores.
2025-04-07 00:53:42,467 -   censo.qm_processor   -  DEBUG   - worker3403399:Running on 1 cores.
2025-04-07 00:53:42,468 -   censo.qm_processor   -   INFO   - worker3403398:Running xtb_opt calculation in /srv/scratch/z5358697/.automated/4952/2_OPTIMIZATION/CONF3/xtb_opt.
2025-04-07 00:53:42,469 -   censo.qm_processor   -   INFO   - worker3403399:Running xtb_opt calculation in /srv/scratch/z5358697/.automated/4952/2_OPTIMIZATION/CONF1/xtb_opt.
2025-04-07 00:53:42,506 -   censo.qm_processor   -  DEBUG   - worker3403398:Running ['/srv/scratch/z5358697/.xtb/bin/xtb', 'xtb_opt.coord', '--opt', 'normal', '--orca', '-I', 'xtb_opt-xcontrol-inp']...
2025-04-07 00:53:42,506 -   censo.qm_processor   -  DEBUG   - worker3403399:Running ['/srv/scratch/z5358697/.xtb/bin/xtb', 'xtb_opt.coord', '--opt', 'normal', '--orca', '-I', 'xtb_opt-xcontrol-inp']...
2025-04-07 00:53:42,512 -   censo.qm_processor   -  DEBUG   - worker3403398:Started (PID: 3403409).
2025-04-07 00:53:42,513 -   censo.qm_processor   -  DEBUG   - worker3403399:Started (PID: 3403410).
2025-04-07 00:56:33,626 -   censo.qm_processor   -  DEBUG   - worker3403398:Done.
2025-04-07 00:56:33,640 -     censo.parallel     -  DEBUG   - Free cores increased 1 -> 2.
2025-04-07 00:58:47,261 -   censo.qm_processor   -  DEBUG   - worker3403399:Done.
2025-04-07 00:58:47,277 -     censo.parallel     -  DEBUG   - Free cores increased 2 -> 3.
2025-04-07 00:58:47,285 -     censo.parallel     -  DEBUG   - Checking for failed jobs...
2025-04-07 00:58:47,286 -     censo.parallel     -   INFO   - All jobs executed successfully.
2025-04-07 00:58:47,286 -censo.ensembleopt.optimization-   INFO   - Threshold: 2.00 kcal/mol
2025-04-07 00:58:47,293 -     censo.parallel     -  DEBUG   - Free cores decreased 3 -> 2.
2025-04-07 00:58:47,299 -   censo.qm_processor   -  DEBUG   - worker3404020:Running on 1 cores.
2025-04-07 00:58:47,300 -   censo.qm_processor   -   INFO   - worker3404020:Running xtb_opt calculation in /srv/scratch/z5358697/.automated/4952/2_OPTIMIZATION/CONF1/xtb_opt.
2025-04-07 00:58:47,335 -   censo.qm_processor   -  DEBUG   - worker3404020:Running ['/srv/scratch/z5358697/.xtb/bin/xtb', 'xtb_opt.coord', '--opt', 'normal', '--orca', '-I', 'xtb_opt-xcontrol-inp']...
2025-04-07 00:58:47,342 -   censo.qm_processor   -  DEBUG   - worker3404020:Started (PID: 3404030).
2025-04-07 01:03:27,732 -   censo.qm_processor   -  DEBUG   - worker3404020:Done.
2025-04-07 01:03:27,749 -     censo.parallel     -  DEBUG   - Free cores increased 2 -> 3.
2025-04-07 01:03:27,758 -     censo.parallel     -  DEBUG   - Checking for failed jobs...
2025-04-07 01:03:27,758 -     censo.parallel     -   INFO   - All jobs executed successfully.
2025-04-07 01:03:27,758 -censo.ensembleopt.optimization-   INFO   - Threshold: 2.00 kcal/mol
2025-04-07 01:03:27,765 -     censo.parallel     -  DEBUG   - Free cores decreased 3 -> 2.
2025-04-07 01:03:27,771 -   censo.qm_processor   -  DEBUG   - worker3404521:Running on 1 cores.
2025-04-07 01:03:27,772 -   censo.qm_processor   -   INFO   - worker3404521:Running xtb_opt calculation in /srv/scratch/z5358697/.automated/4952/2_OPTIMIZATION/CONF1/xtb_opt.
2025-04-07 01:03:27,809 -   censo.qm_processor   -  DEBUG   - worker3404521:Running ['/srv/scratch/z5358697/.xtb/bin/xtb', 'xtb_opt.coord', '--opt', 'normal', '--orca', '-I', 'xtb_opt-xcontrol-inp']...
2025-04-07 01:03:27,818 -   censo.qm_processor   -  DEBUG   - worker3404521:Started (PID: 3404532).
2025-04-07 01:04:33,473 -   censo.qm_processor   -  DEBUG   - worker3404521:Done.
2025-04-07 01:04:33,482 -     censo.parallel     -  DEBUG   - Free cores increased 2 -> 3.
2025-04-07 01:04:33,491 -     censo.parallel     -  DEBUG   - Checking for failed jobs...
2025-04-07 01:04:33,492 -     censo.parallel     -   INFO   - All jobs executed successfully.
2025-04-07 01:04:33,492 -censo.ensembleopt.optimization-   INFO   - Threshold: 1.50 kcal/mol
2025-04-07 01:04:33,499 -     censo.parallel     -  DEBUG   - Free cores decreased 3 -> 2.
2025-04-07 01:04:33,506 -     censo.parallel     -  DEBUG   - Free cores decreased 2 -> 1.
2025-04-07 01:04:33,506 -   censo.qm_processor   -  DEBUG   - worker3404684:Running on 1 cores.
2025-04-07 01:04:33,506 -     censo.parallel     -  DEBUG   - Free cores decreased 1 -> 0.
2025-04-07 01:04:33,508 -   censo.qm_processor   -  DEBUG   - worker3404686:Running on 1 cores.
2025-04-07 01:04:33,507 -   censo.qm_processor   -  DEBUG   - worker3404683:Running on 1 cores.
2025-04-07 01:04:33,509 -   censo.qm_processor   -   INFO   - worker3404684:Running xtb_rrho calculation in /srv/scratch/z5358697/.automated/4952/2_OPTIMIZATION/CONF2/xtb_rrho.
2025-04-07 01:04:33,509 -   censo.qm_processor   -   INFO   - worker3404686:Running xtb_rrho calculation in /srv/scratch/z5358697/.automated/4952/2_OPTIMIZATION/CONF1/xtb_rrho.
2025-04-07 01:04:33,511 -   censo.qm_processor   -   INFO   - worker3404683:Running xtb_rrho calculation in /srv/scratch/z5358697/.automated/4952/2_OPTIMIZATION/CONF3/xtb_rrho.
2025-04-07 01:04:33,542 -   censo.qm_processor   -  DEBUG   - worker3404684:Running ['/srv/scratch/z5358697/.xtb/bin/xtb', 'xtb_rrho.coord', '--gfn2', '--ohess', 'vtight', '--chrg', '0', '--enso', '--norestart', '-I', 'rrho-xcontrol-inp', '--parallel', '1', '--alpb', 'water']...
2025-04-07 01:04:33,542 -   censo.qm_processor   -  DEBUG   - worker3404686:Running ['/srv/scratch/z5358697/.xtb/bin/xtb', 'xtb_rrho.coord', '--gfn2', '--ohess', 'vtight', '--chrg', '0', '--enso', '--norestart', '-I', 'rrho-xcontrol-inp', '--parallel', '1', '--alpb', 'water']...
2025-04-07 01:04:33,546 -   censo.qm_processor   -  DEBUG   - worker3404683:Running ['/srv/scratch/z5358697/.xtb/bin/xtb', 'xtb_rrho.coord', '--gfn2', '--ohess', 'vtight', '--chrg', '0', '--enso', '--norestart', '-I', 'rrho-xcontrol-inp', '--parallel', '1', '--alpb', 'water']...
2025-04-07 01:04:33,552 -   censo.qm_processor   -  DEBUG   - worker3404683:Started (PID: 3404696).
2025-04-07 01:04:33,552 -   censo.qm_processor   -  DEBUG   - worker3404684:Started (PID: 3404695).
2025-04-07 01:04:33,553 -   censo.qm_processor   -  DEBUG   - worker3404686:Started (PID: 3404694).
2025-04-07 01:04:34,496 -   censo.qm_processor   -  DEBUG   - worker3404683:Done.
2025-04-07 01:04:34,501 -     censo.parallel     -  DEBUG   - Free cores increased 0 -> 1.
2025-04-07 01:04:34,700 -   censo.qm_processor   -  DEBUG   - worker3404686:Done.
2025-04-07 01:04:34,703 -     censo.parallel     -  DEBUG   - Free cores increased 1 -> 2.
2025-04-07 01:04:34,901 -   censo.qm_processor   -  DEBUG   - worker3404684:Done.
2025-04-07 01:04:34,905 -     censo.parallel     -  DEBUG   - Free cores increased 2 -> 3.
2025-04-07 01:04:34,914 -     censo.parallel     -  DEBUG   - Checking for failed jobs...
2025-04-07 01:04:34,914 -     censo.parallel     -   INFO   - All jobs executed successfully.
2025-04-07 01:04:34,915 -censo.ensembleopt.optimization-  DEBUG   - Writing to /srv/scratch/z5358697/.automated/4952/2_OPTIMIZATION.out.
2025-04-07 01:04:34,929 -censo.ensembleopt.optimization-  DEBUG   - Writing to /srv/scratch/z5358697/.automated/4952/2_OPTIMIZATION.out.
2025-04-07 01:04:34,980 -     censo.parallel     -  DEBUG   - Free cores decreased 3 -> 2.
2025-04-07 01:04:34,985 -     censo.parallel     -  DEBUG   - Free cores decreased 2 -> 1.
2025-04-07 01:04:34,987 -   censo.qm_processor   -  DEBUG   - worker3404718:Running on 1 cores.
2025-04-07 01:04:34,987 -   censo.qm_processor   -  DEBUG   - worker3404715:Running on 1 cores.
2025-04-07 01:04:34,988 -     censo.parallel     -  DEBUG   - Free cores decreased 1 -> 0.
2025-04-07 01:04:34,988 -   censo.qm_processor   -  DEBUG   - worker3404716:Running on 1 cores.
2025-04-07 01:04:35,057 -   censo.qm_processor   -   INFO   - worker3404715:Running gsolv calculation in /srv/scratch/z5358697/.automated/4952/3_REFINEMENT/CONF1/gsolv.
2025-04-07 01:04:35,078 -  censo.orca_processor  -  DEBUG   - worker3404715:Copying .gbw file from /srv/scratch/z5358697/.automated/4952/2_OPTIMIZATION/CONF1/xtb_opt/xtb_opt.gbw.
2025-04-07 01:04:35,093 -   censo.qm_processor   -   INFO   - worker3404716:Running gsolv calculation in /srv/scratch/z5358697/.automated/4952/3_REFINEMENT/CONF3/gsolv.
2025-04-07 01:04:35,107 -   censo.qm_processor   -  DEBUG   - worker3404715:Running ['/apps/z_install_tree/linux-rocky8-ivybridge/gcc-12.2.0/orca-6.0.0-srtngmq3qlimg2qxbl6avaaiffipurdx/bin/orca', 'sp_gas.inp']...
2025-04-07 01:04:35,109 -   censo.qm_processor   -   INFO   - worker3404718:Running gsolv calculation in /srv/scratch/z5358697/.automated/4952/3_REFINEMENT/CONF2/gsolv.
2025-04-07 01:04:35,113 -   censo.qm_processor   -  DEBUG   - worker3404715:Started (PID: 3404726).
2025-04-07 01:04:35,119 -  censo.orca_processor  -  DEBUG   - worker3404716:Copying .gbw file from /srv/scratch/z5358697/.automated/4952/2_OPTIMIZATION/CONF3/xtb_opt/xtb_opt.gbw.
2025-04-07 01:04:35,143 -  censo.orca_processor  -  DEBUG   - worker3404718:Copying .gbw file from /srv/scratch/z5358697/.automated/4952/2_OPTIMIZATION/CONF2/xtb_opt/xtb_opt.gbw.
2025-04-07 01:04:35,147 -   censo.qm_processor   -  DEBUG   - worker3404716:Running ['/apps/z_install_tree/linux-rocky8-ivybridge/gcc-12.2.0/orca-6.0.0-srtngmq3qlimg2qxbl6avaaiffipurdx/bin/orca', 'sp_gas.inp']...
2025-04-07 01:04:35,152 -   censo.qm_processor   -  DEBUG   - worker3404716:Started (PID: 3404727).
2025-04-07 01:04:35,171 -   censo.qm_processor   -  DEBUG   - worker3404718:Running ['/apps/z_install_tree/linux-rocky8-ivybridge/gcc-12.2.0/orca-6.0.0-srtngmq3qlimg2qxbl6avaaiffipurdx/bin/orca', 'sp_gas.inp']...
2025-04-07 01:04:35,174 -   censo.qm_processor   -  DEBUG   - worker3404718:Started (PID: 3404728).
2025-04-07 01:07:36,350 -   censo.qm_processor   -  DEBUG   - worker3404716:Done.
2025-04-07 01:07:36,371 -  censo.orca_processor  -  DEBUG   - worker3404716:Copying .gbw file from /srv/scratch/z5358697/.automated/4952/2_OPTIMIZATION/CONF3/xtb_opt/xtb_opt.gbw.
2025-04-07 01:07:36,399 -   censo.qm_processor   -  DEBUG   - worker3404716:Running ['/apps/z_install_tree/linux-rocky8-ivybridge/gcc-12.2.0/orca-6.0.0-srtngmq3qlimg2qxbl6avaaiffipurdx/bin/orca', 'sp_solv.inp']...
2025-04-07 01:07:36,402 -   censo.qm_processor   -  DEBUG   - worker3404716:Started (PID: 3404968).
2025-04-07 01:07:40,033 -   censo.qm_processor   -  DEBUG   - worker3404715:Done.
2025-04-07 01:07:40,052 -  censo.orca_processor  -  DEBUG   - worker3404715:Copying .gbw file from /srv/scratch/z5358697/.automated/4952/2_OPTIMIZATION/CONF1/xtb_opt/xtb_opt.gbw.
2025-04-07 01:07:40,079 -   censo.qm_processor   -  DEBUG   - worker3404715:Running ['/apps/z_install_tree/linux-rocky8-ivybridge/gcc-12.2.0/orca-6.0.0-srtngmq3qlimg2qxbl6avaaiffipurdx/bin/orca', 'sp_solv.inp']...
2025-04-07 01:07:40,082 -   censo.qm_processor   -  DEBUG   - worker3404715:Started (PID: 3404977).
2025-04-07 01:07:40,911 -   censo.qm_processor   -  DEBUG   - worker3404718:Done.
2025-04-07 01:07:40,930 -  censo.orca_processor  -  DEBUG   - worker3404718:Copying .gbw file from /srv/scratch/z5358697/.automated/4952/2_OPTIMIZATION/CONF2/xtb_opt/xtb_opt.gbw.
2025-04-07 01:07:40,956 -   censo.qm_processor   -  DEBUG   - worker3404718:Running ['/apps/z_install_tree/linux-rocky8-ivybridge/gcc-12.2.0/orca-6.0.0-srtngmq3qlimg2qxbl6avaaiffipurdx/bin/orca', 'sp_solv.inp']...
2025-04-07 01:07:40,959 -   censo.qm_processor   -  DEBUG   - worker3404718:Started (PID: 3404999).
2025-04-07 01:10:42,941 -   censo.qm_processor   -  DEBUG   - worker3404716:Done.
2025-04-07 01:10:42,951 -     censo.parallel     -  DEBUG   - Free cores increased 0 -> 1.
2025-04-07 01:10:51,076 -   censo.qm_processor   -  DEBUG   - worker3404715:Done.
2025-04-07 01:10:51,084 -     censo.parallel     -  DEBUG   - Free cores increased 1 -> 2.
2025-04-07 01:10:51,785 -   censo.qm_processor   -  DEBUG   - worker3404718:Done.
2025-04-07 01:10:51,794 -     censo.parallel     -  DEBUG   - Free cores increased 2 -> 3.
2025-04-07 01:10:51,803 -     censo.parallel     -  DEBUG   - Checking for failed jobs...
2025-04-07 01:10:51,803 -     censo.parallel     -   INFO   - All jobs executed successfully.
2025-04-07 01:10:51,803 -censo.ensembleopt.refinement-  DEBUG   - Writing to /srv/scratch/z5358697/.automated/4952/3_REFINEMENT.out.
