
         ______________________________________________________________
        |                                                              |
        |                                                              |
        |                   CENSO - Commandline ENSO                   |
        |                           v 2.1.2                            |
        |    energetic sorting of CREST Conformer Rotamer Ensembles    |
        |                    University of Bonn, MCTC                  |
        |                           Oct 2024                           |
        |                 based on ENSO version 2.0.1                  |
        |             L. M. Seidler, F. Bohle and S. Grimme            |
        |                                                              |
        |______________________________________________________________|

        Please cite:
        (TBA)
        S. Grimme, F. Bohle, A. Hansen, P. Pracht, S. Spicher, and M. Stahn
        J. Phys. Chem. A 2021, 125, 19, 4039-4054.
        DOI: https://doi.org/10.1021/acs.jpca.1c00971

        This program is distributed in the hope that it will be useful,
        but WITHOUT ANY WARRANTY; without even the implied warranty of
        MERCHANTABILITY or FITNESS FOR A PARTICULAR PURPOSE.

Reading configuration file from /home/z5358697/.censo2rc.
CALL: /srv/scratch/z5358697/.censo/bin/censo -i crest_conformers.xyz --maxcores 3 -O 1 --loglevel DEBUG
Read 3 conformers.
Number of atoms:              15
Charge:                       0
Unpaired electrons:           0


----------------------------------------------------------------------------------------------------
                                          GENERAL SETTINGS                                          
----------------------------------------------------------------------------------------------------
    
imagthr:                      -100.0
sthr:                         0.0
scale:                        1.0
temperature:                  298.15
solvent:                      h2o
sm_rrho:                      alpb
multitemp:                    False
evaluate_rrho:                False
consider_sym:                 False
bhess:                        False
rmsdbias:                     False
balance:                      False
gas-phase:                    False
copy_mo:                      True
retry_failed:                 True
trange:                       [273.15, 373.15, 5]



----------------------------------------------------------------------------------------------------
                                            PRESCREENING                                            
----------------------------------------------------------------------------------------------------
    
threshold:                    4.0
func:                         pbe-d4
basis:                        def2-sv(p)
prog:                         orca
gfnv:                         gfn2
run:                          True
template:                     False


Running xtb_gsolv calculation for CONF3.
Running xtb_gsolv calculation for CONF1.
Running xtb_gsolv calculation for CONF2.
Running sp calculation for CONF1.
Running sp calculation for CONF2.
Running sp calculation for CONF3.



-------------------------------- PRESCREENING SINGLE-POINT RESULTS ---------------------------------

CONF#        E (xTB)          ΔE (xTB)          E (DFT)          ΔE (DFT)        ΔGsolv (xTB)          Gtot             ΔGtot          Boltzmann weight   
               [Eh]          [kcal/mol]          [Eh]           [kcal/mol]        [kcal/mol]           [Eh]           [kcal/mol]        % at 298.15 K     
CONF1       -26.162351          0.00          -419.936930          0.00           -1.692827         -419.939628          0.00               51.73         
CONF2       -26.160861          0.94          -419.936386          0.34           -1.784366         -419.939229          0.25               33.91         
CONF3       -26.156842          3.46          -419.934529          1.51           -2.440651         -419.938418          0.76               14.37         

Boltzmann averaged free energy/enthalpy of ensemble on input geometries (not DFT optimized):
temperature /K:   avE(T) /a.u.   avG(T) /a.u.
    298.15        -419.9364005    -419.9393189     <<==part0==
----------------------------------------------------------------------------------------------------

Number of conformers:         3
Highest ranked conformer:     CONF1


Ran prescreening in 9.28 seconds!

----------------------------------------------------------------------------------------------------
                                             SCREENING                                              
----------------------------------------------------------------------------------------------------
    
threshold:                    3.5
func:                         r2scan-3c
basis:                        def2-tzvp
prog:                         orca
sm:                           smd
gfnv:                         gfn2
run:                          True
implicit:                     False
template:                     False


Running gsolv calculation for CONF1.
Running gsolv calculation for CONF3.
Running gsolv calculation for CONF2.

----------------------------- SCREENING SINGLE-POINT (+ mRRHO) RESULTS -----------------------------

CONF#        G (xTB)          ΔG (xTB)          E (DFT)          ΔGsolv         GmRRHO          Gtot             ΔGtot          Boltzmann weight   
               [Eh]          [kcal/mol]          [Eh]             [Eh]           [Eh]           [Eh]           [kcal/mol]        % at 298.15 K     
CONF1       -26.165049          ---           -420.711936       -0.004499        ---         -420.716434          1.60                5.07         
CONF2       -26.163704          ---           -420.712033       -0.006954        ---         -420.718986          0.00               75.61         
CONF3       -26.160731          ---           -420.709632       -0.008066        ---         -420.717698          0.81               19.32         

Boltzmann averaged free energy/enthalpy of ensemble on input geometries (not DFT optimized):
temperature /K:   avE(T) /a.u.   avG(T) /a.u.
    298.15        -420.7115640    -420.7186082     <<==part1==
----------------------------------------------------------------------------------------------------


----------------------------------- SCREENING RANKING COMPARISON -----------------------------------

CONF#       ΔGtot prescreening       ΔGtot screening   
                [kcal/mol]             [kcal/mol]      
CONF1              0.00                   1.60         
CONF2              0.25                   0.00         
CONF3              0.76                   0.81         
----------------------------------------------------------------------------------------------------



Number of conformers:         3
Highest ranked conformer:     CONF2


Ran screening in 58.61 seconds!

----------------------------------------------------------------------------------------------------
                                            OPTIMIZATION                                            
----------------------------------------------------------------------------------------------------
    
optcycles:                    8
maxcyc:                       200
threshold:                    1.5
hlow:                         0.01
gradthr:                      0.01
func:                         r2scan-3c
basis:                        def2-tzvp
prog:                         orca
sm:                           smd
gfnv:                         gfn2
optlevel:                     normal
run:                          True
macrocycles:                  True
crestcheck:                   True
template:                     False
constrain:                    False
xtb_opt:                      True


Optimization using macrocycles, 8 microcycles per step.
Running xtb_opt calculation for CONF3.
Running xtb_opt calculation for CONF2.
Running xtb_opt calculation for CONF1.
Running xtb_rrho calculation for CONF2.
Running xtb_rrho calculation for CONF3.
Running xtb_rrho calculation for CONF1.
CONF2 converged after 6 steps.

----------------------------------- OPTIMIZATION CYCLE 8 UPDATE ------------------------------------

CONF#          Gtot             ΔGtot          grad_norm       converged   
               [Eh]           [kcal/mol]        [Eh/a0]                    
CONF1       -420.642310          1.29          0.033280          False     
CONF2       -420.644363          0.00          0.000255          True      
CONF3       -420.642566          1.13          0.002953          False     
----------------------------------------------------------------------------------------------------
Running xtb_opt calculation for CONF3.
Running xtb_opt calculation for CONF1.
CONF3 converged after 21 steps.

----------------------------------- OPTIMIZATION CYCLE 16 UPDATE -----------------------------------

CONF#          Gtot             ΔGtot          grad_norm       converged   
               [Eh]           [kcal/mol]        [Eh/a0]                    
CONF1       -420.643391          0.61          0.001128          False     
CONF2       -420.644363          0.00          0.000255          True      
CONF3       -420.642579          1.12          0.000195          True      
----------------------------------------------------------------------------------------------------
Running xtb_opt calculation for CONF1.

----------------------------------- OPTIMIZATION CYCLE 24 UPDATE -----------------------------------

CONF#          Gtot             ΔGtot          grad_norm       converged   
               [Eh]           [kcal/mol]        [Eh/a0]                    
CONF1       -420.643458          0.57          0.002280          False     
CONF2       -420.644363          0.00          0.000255          True      
CONF3       -420.642579          1.12          0.000195          True      
----------------------------------------------------------------------------------------------------
Running xtb_opt calculation for CONF1.
CONF1 converged after 49 steps.

----------------------------------- OPTIMIZATION CYCLE 32 UPDATE -----------------------------------

CONF#          Gtot             ΔGtot          grad_norm       converged   
               [Eh]           [kcal/mol]        [Eh/a0]                    
CONF1       -420.643460          0.57          0.000547          True      
CONF2       -420.644363          0.00          0.000255          True      
CONF3       -420.642579          1.12          0.000195          True      
----------------------------------------------------------------------------------------------------
Running xtb_rrho calculation for CONF2.
Running xtb_rrho calculation for CONF1.
Running xtb_rrho calculation for CONF3.

--------------------------------------- OPTIMIZATION RESULTS ---------------------------------------

CONF#       E (DFT) (+ ΔGsolv)       ΔE (DFT) (+ δΔGsolv)       GmRRHO          Gtot             ΔGtot          Boltzmann weight   
                   [Eh]                   [kcal/mol]             [Eh]           [Eh]           [kcal/mol]        % at 298.15 K     
CONF1          -420.720875                   0.00                ---         -420.643791          0.05               42.33         
CONF2          -420.720867                   0.01                ---         -420.643869          0.00               45.96         
CONF3          -420.720151                   0.45                ---         -420.642578          0.81               11.71         

Boltzmann averaged free energy/enthalpy of ensemble on optimized geometries:
temperature /K:   avE(T) /a.u.   avG(T) /a.u.
    298.15        -420.7207868    -420.6436844     <<==part2==
----------------------------------------------------------------------------------------------------


--------------------------------------- OPTIMIZATION RESULTS ---------------------------------------

CONF#       E (DFT) (+ ΔGsolv)       ΔE (DFT) (+ δΔGsolv)       GmRRHO          Gtot             ΔGtot          Boltzmann weight   
                   [Eh]                   [kcal/mol]             [Eh]           [Eh]           [kcal/mol]        % at 298.15 K     
CONF1          -420.720875                   0.00                ---         -420.643791          0.05               42.33         
CONF2          -420.720867                   0.01                ---         -420.643869          0.00               45.96         
CONF3          -420.720151                   0.45                ---         -420.642578          0.81               11.71         

Boltzmann averaged free energy/enthalpy of ensemble on optimized geometries:
temperature /K:   avE(T) /a.u.   avG(T) /a.u.
    298.15        -420.7207868    -420.6436844     <<==part2==
----------------------------------------------------------------------------------------------------


--------------------------------- OPTIMIZATION RANKING COMPARISON ----------------------------------

CONF#       ΔGtot prescreening       ΔGtot screening       ΔGtot optimization   
                [kcal/mol]             [kcal/mol]              [kcal/mol]       
CONF1              0.00                   1.60                    0.05          
CONF2              0.25                   0.00                    0.00          
CONF3              0.76                   0.81                    0.81          
----------------------------------------------------------------------------------------------------



Number of conformers:         3
Highest ranked conformer:     CONF2


Ran optimization in 989.84 seconds!

----------------------------------------------------------------------------------------------------
                                             REFINEMENT                                             
----------------------------------------------------------------------------------------------------
    
threshold:                    0.95
func:                         wb97x-v
basis:                        def2-tzvp
prog:                         orca
sm:                           smd
gfnv:                         gfn2
run:                          True
implicit:                     False
template:                     False


Running gsolv calculation for CONF1.
Running gsolv calculation for CONF3.
Running gsolv calculation for CONF2.
No longer considering CONF2.
No longer considering CONF1.
No longer considering CONF3.

---------------------------- REFINEMENT SINGLE-POINT (+ mRRHO) RESULTS -----------------------------

CONF#         E (DFT)          ΔGsolv         GmRRHO          Gtot             ΔGtot          Boltzmann weight   
               [Eh]             [Eh]           [Eh]           [Eh]           [kcal/mol]        % at 298.15 K     
CONF1       -420.826499       -0.007438        ---         -420.833937          0.01               42.18         
CONF2       -420.826460       -0.007492        ---         -420.833952          0.00               42.84         
CONF3       -420.823797       -0.009162        ---         -420.832960          0.62               14.98         

Boltzmann averaged free energy/enthalpy of ensemble (high level single-points):
temperature /K:   avE(T) /a.u.   avG(T) /a.u.
    298.15        -420.8260776    -420.8337971     <<==part3==
----------------------------------------------------------------------------------------------------


---------------------------------- REFINEMENT RANKING COMPARISON -----------------------------------

CONF#       ΔGtot prescreening       ΔGtot screening       ΔGtot optimization       ΔGtot refinement   
                [kcal/mol]             [kcal/mol]              [kcal/mol]              [kcal/mol]      
CONF1              0.00                   1.60                    0.05                    0.01         
CONF2              0.25                   0.00                    0.00                    0.00         
CONF3              0.76                   0.81                    0.81                    0.62         
----------------------------------------------------------------------------------------------------



Number of conformers:         3
Highest ranked conformer:     CONF2


Ran refinement in 376.85 seconds!

Ran CENSO in 00:23:54

CENSO all done!
