----------------------------------------------- 
  Element       SASA      Sigma Z        Total  
     Z         Ang**2 cal/Ang**2/mol   kcal/mol 
----------------------------------------------- 
      H         71.622      48.690       3.487
      C         70.896     129.740       9.198
      O         38.585       0.000       0.000

 Subtotal:     181.104                  12.685
 -----------------------------------------------

  Elements    COT*SASA   Sigma Z,Z'     Total   
    Z,Z'       Ang**2  cal/Ang**2/mol kcal/mol  
 ---------------------------------------------- 
  H   C         48.455     -60.770      -2.945
  H   O          0.000       0.000       0.000
  C   C         78.356     -72.950      -5.716
  O   C         22.661      68.690       1.557
  O   O          0.000       0.000       0.000

 Subtotal:                              -7.104
 ---------------------------------------------- 

 NONAQUEOUS SOLVENT CONTRIBUTION (kcal/mol):
 (proportional to SASA, atomic number independent)
 ---------------------------------------------- 
 Subtotal:                               0.000
 ---------------------------------------------- 

 CDS TOTAL (kcal/mol):                   5.581
...............................................................................
