15
 energy: -17.727224334185 gnorm: 0.027215014972 xtb: 6.7.1 (edcfbbe)
C            2.56040243616594       -0.34927248555486        0.00171871865738
C            1.29851899767552        0.50754708400373        0.03084296867725
C            0.02501459392396       -0.33569175405931       -0.01684769758472
C           -1.22328614521510        0.52073380018880        0.02159053800827
O           -2.37722598675039       -0.34581934030339       -0.03442631645699
H            2.60210493545897       -0.95507866386097       -0.91021417418961
H            3.46308533704248        0.26890640491234        0.03519312067317
H            2.58960228783440       -1.03265786616208        0.85754253794550
H            1.29217301254582        1.12355366253368        0.93921549905332
H            1.30496561361589        1.20310939128284       -0.81810192916764
H            0.01745032992988       -0.94162989744254       -0.93246271253243
H            0.01069664963544       -1.03175065892098        0.83216765163307
H           -1.24660032721672        1.11617330264687        0.94571523410659
H           -1.23366184457958        1.21438804833269       -0.83154472824806
H           -3.16078997905177        0.21715767595500       -0.01108034346472
15
 energy: -17.727889393456 gnorm: 0.012559213132 xtb: 6.7.1 (edcfbbe)
C            2.55680751133606       -0.35075070191439        0.00155472484717
C            1.30274431609778        0.51080568980018        0.03126976327584
C            0.03364643612054       -0.33644543276887       -0.01681341598874
C           -1.22161224246622        0.51858933827290        0.02129408210053
O           -2.36600799690753       -0.33636385704850       -0.03369651259311
H            2.59034116045062       -0.94964581414543       -0.90806295872169
H            3.44989735068374        0.27121964092013        0.03520333724845
H            2.57825536915354       -1.02765748957410        0.85508759698390
H            1.29803353444856        1.11740543406403        0.94175905377142
H            1.31109575387863        1.19760022163523       -0.82028986741627
H            0.01936593301006       -0.93855792741401       -0.92943090392949
H            0.01235788336453       -1.02795568346909        0.82990719994028
H           -1.24897497292946        1.10837385221134        0.94688559571846
H           -1.23621993587423        1.20610230967229       -0.83451452012878
H           -3.15728018935188        0.21694912331016       -0.01084480799760
15
 energy: -17.728032309072 gnorm: 0.003478707883 xtb: 6.7.1 (edcfbbe)
C            2.55717357075574       -0.35196611740022        0.00135767865638
C            1.30358058272794        0.51191824317175        0.03165582401003
C            0.03573089797736       -0.33579005026513       -0.01664551090476
C           -1.22486969819401        0.51929437133524        0.02099278570831
O           -2.35838139322796       -0.33238382408147       -0.03326017753315
H            2.58592060851168       -0.94771362299180       -0.90689561793957
H            3.44746438089700        0.26950693729307        0.03508498010192
H            2.57420382373744       -1.02635860317353        0.85315581085601
H            1.29823077212970        1.11427066711074        0.94223347814047
H            1.31131464306784        1.19511822993597       -0.81989601313259
H            0.01885216660834       -0.93500204401137       -0.92837630714220
H            0.01142497736204       -1.02392001028498        0.82980254582769
H           -1.24580117028354        1.10884967615349        0.94656261225226
H           -1.23318036612703        1.20567325239220       -0.83544747855407
H           -3.15921388492781        0.20817159836788       -0.01101624323635
15
 energy: -17.728049663712 gnorm: 0.001377933877 xtb: 6.7.1 (edcfbbe)
C            2.55719470358337       -0.35250894177317        0.00120738823300
C            1.30301109194780        0.51239449520930        0.03193799678465
C            0.03553524854454       -0.33590985799869       -0.01653589663318
C           -1.22645397844676        0.51987399783587        0.02075347668928
O           -2.35619911480937       -0.33208320017472       -0.03305105021095
H            2.58522132885550       -0.94789315597048       -0.90759049190466
H            3.44792734155398        0.26870598818925        0.03506248735526
H            2.57365928795680       -1.02719436471474        0.85308974846697
H            1.29808770324551        1.11451596213577        0.94262397988507
H            1.31101984189240        1.19591115989124       -0.81931086269638
H            0.01843871568135       -0.93488578546164       -0.92849638269199
H            0.01064088709105       -1.02355666088842        0.83037566653728
H           -1.24365183978682        1.11176465077443        0.94561778353346
H           -1.23109958719559        1.20769649775707       -0.83532049946066
H           -3.16088171909902        0.20283791874077       -0.01105497677678
15
 energy: -17.728052216549 gnorm: 0.000535643701 xtb: 6.7.1 (edcfbbe)
C            2.55750520594889       -0.35273402237017        0.00099777237070
C            1.30268101082926        0.51218497481377        0.03232784795531
C            0.03496150624205       -0.33549653327645       -0.01632848359637
C           -1.22771992389973        0.52020317807407        0.02037047335135
O           -2.35569153099621       -0.33216575927875       -0.03274914533619
H            2.58575309707485       -0.94819248463513       -0.90852420317824
H            3.44931249760080        0.26799707043382        0.03509499526555
H            2.57433849950595       -1.02849279435595        0.85285574828733
H            1.29833715334333        1.11467902407145        0.94325229089126
H            1.31097614245378        1.19691480883963       -0.81846275229187
H            0.01828914160784       -0.93501638855862       -0.92844174292165
H            0.00990214809918       -1.02332658090408        0.83096809644734
H           -1.24301330854568        1.11477141800892        0.94444164256048
H           -1.23057213728639        1.20933084178469       -0.83562764578733
H           -3.16260959096317        0.19901195090463       -0.01086652690729
15
 energy: -17.728052730164 gnorm: 0.000062971977 xtb: 6.7.1 (edcfbbe)
C            2.55717127232350       -0.35272355027986        0.00093718911264
C            1.30279410604657        0.51224034052114        0.03245293259154
C            0.03512002936624       -0.33539928102404       -0.01626585393899
C           -1.22719151735362        0.52017585517963        0.02025800435915
O           -2.35562731686226       -0.33225220124327       -0.03264538604632
H            2.58557604637438       -0.94798772329749       -0.90858045406079
H            3.44879750825631        0.26804422301305        0.03513291501240
H            2.57419078995721       -1.02859671222326        0.85256472239857
H            1.29850164848321        1.11456480230414        0.94348732027513
H            1.31105490258242        1.19704866908918       -0.81827216450399
H            0.01849906887978       -0.93506263599033       -0.92825002837351
H            0.00993229749690       -1.02324734934178        0.83097341524284
H           -1.24336777774769        1.11451881334820        0.94433094538552
H           -1.23097207832469        1.20867913304936       -0.83610865611917
H           -3.16202906846353        0.19966632044717       -0.01070653422464
15
 energy: -17.728052782074 gnorm: 0.000039435928 xtb: 6.7.1 (edcfbbe)
C            2.55718978430279       -0.35273365779620        0.00083252258306
C            1.30289348835633        0.51223137977593        0.03267013981179
C            0.03513720769776       -0.33524963906866       -0.01615806957632
C           -1.22720527145474        0.52019955330129        0.02005069089012
O           -2.35556366572653       -0.33232919845715       -0.03245623716817
H            2.58542711148149       -0.94768352915619       -0.90885581497724
H            3.44886983436767        0.26790713594554        0.03519572953116
H            2.57410239748622       -1.02887022427603        0.85221022229398
H            1.29868011874789        1.11430448354886        0.94384454997652
H            1.31109531065097        1.19723172906984       -0.81787489203777
H            0.01864846427445       -0.93502431963449       -0.92804620082072
H            0.00976650539758       -1.02298954651695        0.83113666598896
H           -1.24342227806723        1.11490195074206        0.94387029237286
H           -1.23111105757360        1.20831563588098       -0.83660610911095
H           -3.16205803892629        0.19945695019301       -0.01050512264688
