15
 energy: -26.163712760899 gnorm: 0.042086726299 xtb: 6.7.1 (edcfbbe)
C           -2.47316391464531        0.37570619219788        0.35083232833658
C           -1.94845223342595       -0.90664650807358        0.49696920683219
C           -0.64226735489445       -1.18080721721085        0.09853111485742
C            0.11034734927679       -0.15139343461799       -0.44320479744327
C           -0.38375366412930        1.13391503460307       -0.59668466251910
C           -1.69164008488315        1.39269387924109       -0.19356646945103
O            1.41511409430518       -0.43735732546998       -0.90611309078736
C            2.42572724719672       -0.26782647571557       -0.02095370041939
O            2.29687357174960        0.10389144983985        1.12095411291548
H           -3.49218026013850        0.58251172268759        0.66066894771405
H           -2.55535433488195       -1.69987490177423        0.92107068526785
H           -0.21211030284928       -2.17120985226632        0.20262776768439
H            0.24394395771977        1.90927808239255       -1.02284252879983
H           -2.09808538062893        2.39226901891242       -0.30775485921648
H            3.37714727467014       -0.52015607105424       -0.50631986074209
15
 energy: -26.165134646180 gnorm: 0.021185751635 xtb: 6.7.1 (edcfbbe)
C           -2.46684384646125        0.37386218472423        0.34720918603874
C           -1.94611785336159       -0.90222267882965        0.49280926735018
C           -0.64615843434925       -1.17526554685577        0.09641745214812
C            0.11219698970221       -0.15262715832475       -0.44656523219291
C           -0.38873752374877        1.12902182223708       -0.59541733412541
C           -1.69042227199265        1.38621997267252       -0.19421657345919
O            1.42348728543017       -0.43389128069870       -0.89296301099813
C            2.41859298166455       -0.26554543005077       -0.02127070219915
O            2.29859636589272        0.10256101086301        1.11481311577222
H           -3.47967174490332        0.58061516593383        0.65893492712808
H           -2.54963867060832       -1.69008247449391        0.91859612938112
H           -0.21980863224862       -2.16125368005214        0.20377267374804
H            0.23441027002514        1.90350777182507       -1.01662194385250
H           -2.09464058877422        2.38160504939338       -0.30399278821902
H            3.36690163817460       -0.52151113465176       -0.50729097229076
15
 energy: -26.165444921461 gnorm: 0.007624990304 xtb: 6.7.1 (edcfbbe)
C           -2.46684737715968        0.37351904538351        0.34526803786655
C           -1.94755984614207       -0.90088492183815        0.49017538487917
C           -0.64926714666593       -1.17262758740349        0.09617449288131
C            0.11457571033925       -0.15361223889088       -0.44623964988517
C           -0.39118762349954        1.12649259408190       -0.59345407313512
C           -1.69121784521139        1.38388627441768       -0.19541362830024
O            1.43042542057900       -0.43302068504779       -0.88079956320427
C            2.41433829402840       -0.26950990172670       -0.02127719155783
O            2.31102979774545        0.10420414005538        1.11454403192111
H           -3.47734040425817        0.58052492718008        0.65735250912646
H           -2.54927966431816       -1.68725710054280        0.91543643597787
H           -0.22492367517275       -2.15729005967515        0.20498241974596
H            0.23035875577652        1.90086274213007       -1.01249940208651
H           -2.09339798024117        2.37767792124674       -0.30468313918631
H            3.36243954864164       -0.51797155567872       -0.51535247081358
15
 energy: -26.165447507948 gnorm: 0.005180100088 xtb: 6.7.1 (edcfbbe)
C           -2.46975874345553        0.37282932824217        0.34414020560250
C           -1.94878214823666       -0.90137808120776        0.48947843713996
C           -0.64917339401326       -1.17109537348986        0.09771412048558
C            0.11524151105807       -0.15167017804675       -0.44392002297804
C           -0.39330416300639        1.12739999907570       -0.59243275881754
C           -1.69414746789683        1.38393290606064       -0.19628877881507
O            1.43258172089957       -0.42781471605029       -0.87695061009928
C            2.41658571585777       -0.25758043985163       -0.02677638414864
O            2.32456173602633        0.10181769204460        1.11649099518641
H           -3.48075465827460        0.57903548018760        0.65552469948697
H           -2.54978844813362       -1.68903273149889        0.91336626129624
H           -0.22425604114479       -2.15582676675933        0.20671940085487
H            0.22789686566016        1.90276902074149       -1.01091814074205
H           -2.09636954637749        2.37757407079645       -0.30660418742690
H            3.36161302547869       -0.53596661655249       -0.51532904279559
15
 energy: -26.165512145023 gnorm: 0.001760635647 xtb: 6.7.1 (edcfbbe)
C           -2.47198431375850        0.37330734747739        0.34318458389804
C           -1.95123399304901       -0.90169743827477        0.48912454777936
C           -0.65070622315263       -1.17188505716567        0.09883740790907
C            0.11481625581422       -0.15227033493645       -0.44103694652652
C           -0.39252243835519        1.12731805365853       -0.59054396065138
C           -1.69453957446664        1.38451621662603       -0.19636406134383
O            1.43171912050673       -0.43111690849129       -0.87433250062589
C            2.41757681327159       -0.26661717128778       -0.02522119219788
O            2.33378885817897        0.10473170602471        1.11601250828709
H           -3.48388188065010        0.57988242557067        0.65315341336291
H           -2.55308546939238       -1.68994838846982        0.91194171456218
H           -0.22603846982452       -2.15735095543511        0.20816258134679
H            0.22973042312083        1.90273258263921       -1.00894568515142
H           -2.09635307132305        2.37869986912581       -0.30818775404399
H            3.36485992752106       -0.52530835336978       -0.52157046237512
15
 energy: -26.165517671275 gnorm: 0.000641678974 xtb: 6.7.1 (edcfbbe)
C           -2.47345320192752        0.37319572548074        0.34207450527633
C           -1.95252961209456       -0.90174413512653        0.48916147924011
C           -0.65121716511826       -1.17206520956863        0.10060382768016
C            0.11415452408257       -0.15183972851448       -0.43804396376180
C           -0.39225640740683        1.12787826079749       -0.58850164549465
C           -1.69515918445997        1.38470753816465       -0.19601871993930
O            1.43038858451434       -0.43180700305159       -0.87358496981426
C            2.41975748409745       -0.26696644255246       -0.02666911882101
O            2.34083820017583        0.10567508112926        1.11418247652930
H           -3.48649779461655        0.57932772759009        0.64936975389246
H           -2.55532569458652       -1.69046631979537        0.91053375775579
H           -0.22660336646404       -2.15773094897734        0.21034293727605
H            0.23046474612008        1.90350265776226       -1.00635061100683
H           -2.09735860444105        2.37891344687799       -0.30916568090483
H            3.36694345656641       -0.52558705652439       -0.52371983367811
15
 energy: -26.165518983920 gnorm: 0.000295237252 xtb: 6.7.1 (edcfbbe)
C           -2.47427514958094        0.37294935805707        0.34084906040005
C           -1.95345063642981       -0.90180391243011        0.48869532290981
C           -0.65174447324086       -1.17210698479216        0.10163988274289
C            0.11404162625944       -0.15187271141912       -0.43632488470329
C           -0.39210613933959        1.12787976457599       -0.58700785850972
C           -1.69541756461445        1.38452862566486       -0.19595714442169
O            1.43025407736631       -0.43235168260280       -0.87225925481313
C            2.42071171540054       -0.26625748983769       -0.02784721716483
O            2.34518172186035        0.10749497950219        1.11280027743718
H           -3.48763363309938        0.57897968167801        0.64688954652482
H           -2.55660815174177       -1.69040735750297        0.90958518753297
H           -0.22736877345440       -2.15767050016400        0.21187078215887
H            0.23089815930032        1.90361143501660       -1.00389877133795
H           -2.09747434280845        2.37870225467805       -0.30920176444804
H            3.36713752856410       -0.52668186673224       -0.52561897007855
15
 energy: -26.165519773377 gnorm: 0.000250615538 xtb: 6.7.1 (edcfbbe)
C           -2.47463673379915        0.37286362726759        0.34017677621258
C           -1.95419068447467       -0.90193802059265        0.48844517182780
C           -0.65229474645959       -1.17251277584802        0.10230551286737
C            0.11394030956084       -0.15239646095076       -0.43520740073962
C           -0.39158143094874        1.12760823571431       -0.58568125995056
C           -1.69510834308498        1.38443159349267       -0.19552938431882
O            1.42998054179306       -0.43362433852702       -0.87145987736717
C            2.42143256704989       -0.26547707866072       -0.02860474009930
O            2.34717859265364        0.11076129518022        1.11120890830033
H           -3.48837484296108        0.57889131435224        0.64481830999180
H           -2.55793029871496       -1.69038138381130        0.90868866899390
H           -0.22824068953913       -2.15808628249984        0.21277835486597
H            0.23188433285094        1.90330418558313       -1.00172677162283
H           -2.09695184013450        2.37863629631038       -0.30885671117394
H            3.36703923064984       -0.52708661331854       -0.52714136355811
15
 energy: -26.165522620065 gnorm: 0.000462766047 xtb: 6.7.1 (edcfbbe)
C           -2.47631281565569        0.37262368634303        0.33748198318899
C           -1.95781476813046       -0.90282241540692        0.48685753500229
C           -0.65513470215132       -1.17476602745162        0.10436488119832
C            0.11363656907302       -0.15528121635278       -0.43072831425438
C           -0.38914583078380        1.12589311586855       -0.58030414656869
C           -1.69355316779077        1.38397429282167       -0.19384334704234
O            1.42890829295153       -0.43995516937338       -0.86765000166167
C            2.42427083942221       -0.26161945439828       -0.03150486094567
O            2.35534934133121        0.12716931904913        1.10444503543836
H           -3.49110688562631        0.57936451623593        0.63799349810512
H           -2.56390171910268       -1.69058628696885        0.90485487684583
H           -0.23266557231125       -2.16082740655836        0.21527509402625
H            0.23657357840201        1.90133699263383       -0.99317763667674
H           -2.09383033115118        2.37878332054731       -0.30694071468128
H            3.36687313596490       -0.52829367329757       -0.53290968774500
15
 energy: -26.165512923171 gnorm: 0.007619318047 xtb: 6.7.1 (edcfbbe)
C           -2.48456649198895        0.37214937553479        0.32477976448051
C           -1.97914376982801       -0.90810563273770        0.47782668265224
C           -0.67300961653992       -1.18953814321316        0.11407295842697
C            0.11174915962991       -0.17437604444932       -0.40649942837299
C           -0.37433166864996        1.11400750243368       -0.55013221970358
C           -1.68269734196824        1.38112570580457       -0.18264301935077
O            1.42258545054452       -0.47967947405831       -0.84539162774760
C            2.43942482235245       -0.23661476077559       -0.04803502735950
O            2.39927838234097        0.22959365114177        1.06327277789006
H           -3.50506668498380        0.58407134113538        0.60219870281810
H           -2.59974477828729       -1.69220247896612        0.88124350218312
H           -0.26095987324668       -2.17940457654758        0.22575427198906
H            0.26499363935832        1.88750806652861       -0.94526395431070
H           -2.07291663742531        2.37989397493862       -0.29489890786626
H            3.36655137313340       -0.53343491307791       -0.56207028149927
15
 energy: -26.165534186883 gnorm: 0.001891165778 xtb: 6.7.1 (edcfbbe)
C           -2.48081493463700        0.37251858670689        0.33046827027780
C           -1.97012437144498       -0.90591916437205        0.48161671431707
C           -0.66563403526580       -1.18364860820957        0.10948146174737
C            0.11264348222616       -0.16679805379739       -0.41713378147351
C           -0.38037556437495        1.11860624789198       -0.56310684356355
C           -1.68692565599894        1.38226479793258       -0.18738199060662
O            1.42537384452179       -0.46325713249235       -0.85474442721156
C            2.43257235580057       -0.24677081815346       -0.04093150881639
O            2.37888120268784        0.18609730446374        1.08028443043461
H           -3.49859221400853        0.58266720032738        0.61841606533619
H           -2.58455074505699       -1.69144654957907        0.89152865385042
H           -0.24933516226835       -2.17209095628016        0.22069219639910
H            0.25330487887065        1.89275171909917       -0.96605028979956
H           -2.08109501979856        2.37953345750833       -0.29991566754056
H            3.36681790318850       -0.52951443735431       -0.54900908912143
15
 energy: -26.165549120846 gnorm: 0.001728891710 xtb: 6.7.1 (edcfbbe)
C           -2.48180148275453        0.37283245276084        0.32845715665077
C           -1.97520013022352       -0.90736055006533        0.47905992604361
C           -0.67053668241677       -1.18829449929714        0.11002311674450
C            0.11226996037917       -0.17287563243461       -0.41276793248444
C           -0.37634317260258        1.11443129846298       -0.55700313674586
C           -1.68323500244690        1.38128077699070       -0.18469635123639
O            1.42415729005148       -0.47412112980790       -0.84914790756827
C            2.43458015000960       -0.23951151317729       -0.04436251464958
O            2.38452510242735        0.21229848857574        1.06915673011798
H           -3.49970775576797        0.58554654114305        0.61387528769463
H           -2.59291498113023       -1.69160566835415        0.88643948210830
H           -0.25742750702236       -2.17815965102468        0.22049946272239
H            0.26077115178333        1.88761436372533       -0.95643941842936
H           -2.07396848707452        2.38005314782713       -0.29613376650386
H            3.36697751122986       -0.52713483163295       -0.55274594023506
15
 energy: -26.165569462483 gnorm: 0.003030580749 xtb: 6.7.1 (edcfbbe)
C           -2.48315482432758        0.37327702696184        0.32607305328674
C           -1.98208575793350       -0.90921393508690        0.47594020113437
C           -0.67716163827770       -1.19441917562870        0.11115601297862
C            0.11160799022485       -0.18086450480119       -0.40651518383621
C           -0.37094961213188        1.10903386007690       -0.54838176008156
C           -1.67830773467888        1.38005788190526       -0.18060602360028
O            1.42242701170957       -0.48871218771190       -0.84144793744169
C            2.43772638226379       -0.22962339913951       -0.04930521972279
O            2.39393389970507        0.24869297816602        1.05415918368885
H           -3.50194867043286        0.58888329236909        0.60624935496823
H           -2.60468900455416       -1.69196710123645        0.87878536245231
H           -0.26832993889028       -2.18608037741606        0.22073341376611
H            0.27081239254435        1.88101513297201       -0.94274525576362
H           -2.06483145668417        2.38053544966608       -0.29132656342949
H            3.36709692590477       -0.52562134740475       -0.55855444417021
15
 energy: -26.162432322118 gnorm: 0.074961339898 xtb: 6.7.1 (edcfbbe)
C           -2.49362223427807        0.37779605634811        0.30748188622641
C           -2.04249358572397       -0.92558466042301        0.44848149247628
C           -0.73629310564656       -1.24933637807449        0.11895813143149
C            0.10553465378945       -0.25257167551991       -0.35327032787174
C           -0.32320731028073        1.06041723298419       -0.47375907555558
C           -1.63372967398110        1.36916786562801       -0.14364156197082
O            1.40726110373789       -0.61926318518730       -0.77325997508336
C            2.46400477254067       -0.14107475362407       -0.09217512465866
O            2.47410861890341        0.57515378340689        0.92119991999905
H           -3.51978936350703        0.61939135727082        0.54254150786873
H           -2.70846073715351       -1.69535831983449        0.81049735863596
H           -0.36588363335727       -2.25723803094809        0.21908131672411
H            0.35944271545100        1.82153247834505       -0.82396054941043
H           -1.98277768422791        2.38475469085016       -0.24808305342062
H            3.36805142817514       -0.51279286753005       -0.60587775116151
15
 energy: -26.165302105873 gnorm: 0.016177942341 xtb: 6.7.1 (edcfbbe)
C           -2.49877032115572        0.37279888219754        0.29910305008323
C           -2.01985342966375       -0.91797048402984        0.46362294736692
C           -0.70661486312472       -1.22233646856341        0.13500518427902
C            0.10974951547499       -0.21670000868757       -0.36224598653706
C           -0.34359152238873        1.08400479859951       -0.49598768999434
C           -1.65831244009272        1.37338467070860       -0.16670189817206
O            1.41488450935340       -0.53868946696064       -0.80937000951639
C            2.46434724798811       -0.18131381382187       -0.08109155917854
O            2.45175534680147        0.36615994743033        0.99164097485818
H           -3.52617458579915        0.60207445420143        0.54080123082737
H           -2.66912656981350       -1.68953239401279        0.84907333741103
H           -0.31790323519363       -2.22163726491013        0.25353501773027
H            0.32513234537536        1.84850895167520       -0.86189208677053
H           -2.02368765397533        2.38215392551753       -0.27768895206317
H            3.37031162065532       -0.48591213565211       -0.62358936609461
15
 energy: -26.164356992658 gnorm: 0.037319637615 xtb: 6.7.1 (edcfbbe)
C           -2.44288263998716        0.39086144731103        0.39712790621164
C           -1.96562796443359       -0.90445057909220        0.48879780299488
C           -0.68881994457428       -1.20954846814184        0.06204919134492
C            0.10566323786170       -0.20502439034268       -0.45662494759610
C           -0.37431332844571        1.08734729382295       -0.58903586109091
C           -1.65483051400884        1.37940940919115       -0.15775656101472
O            1.42672580111261       -0.51106973903047       -0.84140303367825
C            2.39974117610852       -0.20759938629884       -0.02971494229965
O            2.33057487090807        0.33076147402141        1.06320840109284
H           -3.45878985802033        0.60926856709925        0.68124215392858
H           -2.59582889085910       -1.69648400149530        0.85922974384957
H           -0.29576143733100       -2.20975835560689        0.13856560906772
H            0.26228744592865        1.85301151149858       -0.99955938773927
H           -2.04018356316614        2.37603677962536       -0.28654232327208
H            3.36419157334800       -0.52776796886979       -0.47536955756978
15
 energy: -26.165534715032 gnorm: 0.016409275484 xtb: 6.7.1 (edcfbbe)
C           -2.47151300459975        0.37810996985659        0.34036550247948
C           -1.98799134963919       -0.91220731943685        0.47102790698651
C           -0.69149767823187       -1.21155942123598        0.09421563012009
C            0.10878256690539       -0.20343691729305       -0.41546674104925
C           -0.36240694940092        1.09167608147499       -0.55106290571396
C           -1.66177579927405        1.37656693644305       -0.17102956390502
O            1.42199577618171       -0.51774317400437       -0.83337921306120
C            2.42846674948317       -0.20367830596666       -0.04769771589264
O            2.37560878367802        0.32973849533731        1.03779937080852
H           -3.48384093733732        0.60449738349683        0.63164259232735
H           -2.61845512762401       -1.69139477908630        0.86670949765573
H           -0.29673128419600       -2.20942215042857        0.19073510523367
H            0.28495764111952        1.85786931134222       -0.94550441351603
H           -2.03768206330765        2.38103165883228       -0.27748383342126
H            3.36422864068437       -0.51505417563976       -0.53665702482262
15
 energy: -26.165599533076 gnorm: 0.010624526414 xtb: 6.7.1 (edcfbbe)
C           -2.48110902285109        0.37619765044190        0.32844796769314
C           -1.99481712880833       -0.91313032221076        0.47031396975230
C           -0.69216609430570       -1.21101879117749        0.10636916439685
C            0.10967210328220       -0.20231786905216       -0.40151795723942
C           -0.35894633583484        1.09366090341652       -0.53756922694702
C           -1.66426096378085        1.37725426740432       -0.17153500558817
O            1.42059679624989       -0.51963593796248       -0.82905303406505
C            2.43858853653175       -0.20461877094004       -0.05566693140123
O            2.39667862982240        0.32354610276759        1.02899888933112
H           -3.49898599961708        0.60080847531009        0.60588852163749
H           -2.62817902373059       -1.69165493703073        0.86533727273714
H           -0.29530758298385       -2.20800366880471        0.21089473134903
H            0.29292034995102        1.86073220484025       -0.92574379530761
H           -2.03998828693810        2.38205593776848       -0.28013877995336
H            3.36744998745458       -0.50888165107904       -0.56081159216586
15
 energy: -26.165605807642 gnorm: 0.009718228941 xtb: 6.7.1 (edcfbbe)
C           -2.48169325214930        0.37591697500193        0.32774426764515
C           -1.99412044943102       -0.91272956584146        0.47064432284587
C           -0.69117673745440       -1.20947136068909        0.10728906007874
C            0.10988860112343       -0.20052795601352       -0.40088825762783
C           -0.35985491707566        1.09490302243572       -0.53762859892596
C           -1.66553282744863        1.37736666616285       -0.17232012636637
O            1.42032264258111       -0.51809953201213       -0.82920277312204
C            2.43866844080907       -0.20674090734074       -0.05581587081625
O            2.39780700211887        0.31855624633271        1.02994388082800
H           -3.49983570610390        0.59978336428965        0.60496172758717
H           -2.62659385631608       -1.69182934605658        0.86588669619657
H           -0.29328150663415       -2.20616871461524        0.21200489546982
H            0.29135705481021        1.86255499232938       -0.92598460242713
H           -2.04197053534672        2.38193884388796       -0.28114177800574
H            3.36816201095859       -0.51045913417970       -0.56127864913064
15
 energy: -26.165615755955 gnorm: 0.007484219181 xtb: 6.7.1 (edcfbbe)
C           -2.48190139331240        0.37549767728446        0.32790596113162
C           -1.99161807893420       -0.91186229985157        0.47164580991401
C           -0.68854674715667       -1.20589259009177        0.10762538080879
C            0.11038316530913       -0.19621927508649       -0.40201196688995
C           -0.36229718492737        1.09792988434121       -0.53972964118629
C           -1.66812065496448        1.37776915489295       -0.17368981111058
O            1.42006414735666       -0.51362468160806       -0.83106354327174
C            2.43782776721048       -0.21128823978371       -0.05523219582481
O            2.39665220996135        0.30590797594645        1.03341734737488
H           -3.50014469859972        0.59767880683781        0.60598061504519
H           -2.62145996872346       -1.69233427885217        0.86813907235903
H           -0.28781758522851       -2.20161840792132        0.21258074556193
H            0.28650650859677        1.86694551111619       -0.92950182814651
H           -2.04670238743618        2.38150693968906       -0.28337609425381
H            3.36932086529003       -0.51540258322130       -0.55847565728238
15
 energy: -26.165619950535 gnorm: 0.006468986712 xtb: 6.7.1 (edcfbbe)
C           -2.48152094786229        0.37538424414100        0.32856059339442
C           -1.99022846377930       -0.91158512985052        0.47221279630188
C           -0.68733892393041       -1.20463192785525        0.10695311662791
C            0.11059833430553       -0.19460348845610       -0.40375231262809
C           -0.36332043039016        1.09902744783956       -0.54166344733592
C           -1.66902732978433        1.37788042581619       -0.17443530696470
O            1.42031290838844       -0.51137118881103       -0.83251116787607
C            2.43692551197963       -0.21325886846764       -0.05431484575669
O            2.39425361485709        0.30071310098263        1.03532468541583
H           -3.49933862326505        0.59715818747154        0.60820333027304
H           -2.61889517159856       -1.69249369171746        0.86961227676870
H           -0.28551289376166       -2.19993616081044        0.21169412049118
H            0.28428226900375        1.86855209547067       -0.93228124922034
H           -2.04833656718603        2.38138548883456       -0.28378813470745
H            3.36929267746475       -0.51722694089596       -0.55560026055436
15
 energy: -26.165664947279 gnorm: 0.001405541936 xtb: 6.7.1 (edcfbbe)
C           -2.48041576180627        0.37578813369148        0.32925415069995
C           -1.99166735501922       -0.91250743374467        0.46992196535498
C           -0.68933657046680       -1.20739295002108        0.10410696384579
C            0.11047758582087       -0.19798938384162       -0.40464480043752
C           -0.36174115748542        1.09625265936911       -0.54235753936959
C           -1.66663995522517        1.37722245039306       -0.17360178718044
O            1.42091694517042       -0.51604645210802       -0.82940172475614
C            2.43505715307790       -0.21094778090644       -0.05331907935288
O            2.38963010180817        0.31640080440386        1.02684626595825
H           -3.49605899442256        0.60019430858787        0.61427180174762
H           -2.62100434690124       -1.69245034298060        0.86794398875246
H           -0.28946951811736       -2.20372837463697        0.20657668875242
H            0.28694983392998        1.86490807707975       -0.93277705880156
H           -2.04348905053254        2.38203560318111       -0.27962938920088
H            3.36893705461064       -0.51674572477510       -0.54897625178309
15
 energy: -26.165684272025 gnorm: 0.005001887885 xtb: 6.7.1 (edcfbbe)
C           -2.47774779788623        0.37657945075868        0.33297123583965
C           -1.99382695788293       -0.91438368749045        0.46663690331336
C           -0.69302031576758       -1.21267535168739        0.09809964168031
C            0.11014080527568       -0.20396784671987       -0.40654399614197
C           -0.35875553761898        1.09167938100998       -0.54202109883845
C           -1.66201239303938        1.37627245538543       -0.16991456917825
O            1.42169638155628       -0.52434249581878       -0.82489866822118
C            2.43247910566766       -0.19629147154578       -0.05685092437046
O            2.38214227943741        0.35175053601040        1.01021733907215
H           -3.49070460686053        0.60463639976991        0.62414603453115
H           -2.62522163600102       -1.69347310147541        0.86280017339336
H           -0.29667367403329       -2.21092542053743        0.19567283695443
H            0.29159507359072        1.85890818291472       -0.93240303225165
H           -2.03549900337846        2.38271142537864       -0.27271247794524
H            3.36755424138207       -0.53148486226090       -0.53098520360786
15
 energy: -26.165750487586 gnorm: 0.003285922707 xtb: 6.7.1 (edcfbbe)
C           -2.47551193710445        0.37789284434702        0.33596098145045
C           -1.99736214295112       -0.91591008428830        0.46361864132967
C           -0.69821057426294       -1.21850611812339        0.09309306090060
C            0.10962079087812       -0.21122629162274       -0.40674712560831
C           -0.35439902366019        1.08658169678274       -0.53940488614628
C           -1.65646571611447        1.37542198488896       -0.16582931987105
O            1.42159023164232       -0.53811119840935       -0.81824628490852
C            2.43018692473818       -0.19187562871446       -0.05634906149372
O            2.37773876951592        0.39001567818054        0.99351924437658
H           -3.48680251447135        0.60953363406310        0.62986289742569
H           -2.63182772631876       -1.69397569016755        0.85676040764785
H           -0.30585436030623       -2.21872811508951        0.18665270383639
H            0.29844990707699        1.85221491376875       -0.92881344842744
H           -2.02644091850734        2.38336006898393       -0.26701523283245
H            3.36743425428674       -0.53169410090799       -0.52284838345010
15
 energy: -26.165812593823 gnorm: 0.003424204807 xtb: 6.7.1 (edcfbbe)
C           -2.47537127957841        0.37851200229577        0.33546651845671
C           -2.00292177249127       -0.91758643546485        0.46022931698147
C           -0.70442477086887       -1.22408479451456        0.09135910353374
C            0.10917193207490       -0.21841067754996       -0.40263288848755
C           -0.34910506354562        1.08179551456258       -0.53251765875970
C           -1.65122317942218        1.37424693826353       -0.16176115792620
O            1.42025228624774       -0.55503294535972       -0.80946783449032
C            2.43063677257066       -0.18641603599745       -0.05868810617703
O            2.38122141693022        0.43142822285535        0.97365142035931
H           -3.48642146317705        0.61313112281370        0.62775676944600
H           -2.64131208578446       -1.69455592484258        0.84932011407098
H           -0.31602889664303       -2.22605783098324        0.18179269515906
H            0.30738243167551        1.84655613890108       -0.91776203252859
H           -2.01739013939548        2.38371524415612       -0.26151681298988
H            3.36767977584876       -0.53224694544402       -0.52101525241862
15
 energy: -26.165861526228 gnorm: 0.009250236248 xtb: 6.7.1 (edcfbbe)
C           -2.47548459644009        0.37958073119145        0.33439708621782
C           -2.01134602364691       -0.91985182273367        0.45595298502271
C           -0.71366356486305       -1.23235197571306        0.08973038955216
C            0.10835714779660       -0.22904573828719       -0.39605627334136
C           -0.34140830552594        1.07443374217008       -0.52229893914136
C           -1.64360347786594        1.37236779059484       -0.15614267841811
O            1.41842270805833       -0.57746951285231       -0.79641669842741
C            2.43202047467411       -0.17633407713558       -0.06315418755468
O            2.38712099574794        0.48194246070144        0.94757538932624
H           -3.48678711187187        0.61861519289300        0.62239973526788
H           -2.65567731000921       -1.69474677460209        0.83968290108704
H           -0.33064968668710       -2.23655644734934        0.17746817580271
H            0.32054560236586        1.83758094555725       -0.90171992351147
H           -2.00424637012092        2.38387674377037       -0.25517173720239
H            3.36854548282964       -0.52704766451342       -0.52203203045043
15
 energy: -26.165915461620 gnorm: 0.010223748924 xtb: 6.7.1 (edcfbbe)
C           -2.47600526745851        0.38056270087098        0.33226907663121
C           -2.01900406856484       -0.92155449006539        0.45283829901797
C           -0.72163160199015       -1.23965193514033        0.09028362203130
C            0.10768128005556       -0.23872269126772       -0.38920259303539
C           -0.33475213148598        1.06721390661622       -0.51351142266693
C           -1.63706496940064        1.37032354284617       -0.15243755645153
O            1.41708421313479       -0.59389956319601       -0.78509125860988
C            2.43370629528824       -0.16565879285539       -0.06810108287484
O            2.39208489202368        0.51377650446847        0.92891164798040
H           -3.48763503135990        0.62395956089096        0.61585089299146
H           -2.66893449534975       -1.69395926104969        0.83246552999497
H           -0.34347657954070       -2.24572177935644        0.17719469962089
H            0.33241886225456        1.82836847629877       -0.88799909668699
H           -1.99228357891720        2.38376593987612       -0.25108564781368
H            3.36995814575229       -0.51380852524495       -0.52817091589961
15
 energy: -26.166039291473 gnorm: 0.008619649572 xtb: 6.7.1 (edcfbbe)
C           -2.47788582348124        0.38249714946861        0.32548873595045
C           -2.03595775732576       -0.92505498474437        0.44595637477007
C           -0.73835613495757       -1.25549843569625        0.09458970066363
C            0.10669726919727       -0.26026453079415       -0.37180463706703
C           -0.32034822156215        1.05049911859553       -0.49365486358389
C           -1.62312154179419        1.36540653821674       -0.14536026150088
O            1.41495980917445       -0.62429228863936       -0.75949953979480
C            2.43797137048459       -0.13835542513118       -0.08155900287206
O            2.40202369471878        0.57147017530385        0.89081624898290
H           -3.49032239681512        0.63585100862381        0.59847911550628
H           -2.69858639879617       -1.69120215057478        0.81695273754412
H           -0.37116647688242       -2.26557495980954        0.18156934232845
H            0.35888091461713        1.80655099821605       -0.85710633167431
H           -1.96577589926439        2.38325482600081       -0.24315230954359
H            3.37313355712826       -0.48029344534399       -0.54750111548000
15
 energy: -26.166134575877 gnorm: 0.007657132514 xtb: 6.7.1 (edcfbbe)
C           -2.47897447147229        0.38291986106667        0.32135364822055
C           -2.04362334754279       -0.92693820381937        0.44110829650542
C           -0.74526874312329       -1.26262210725169        0.09761535540466
C            0.10718178715838       -0.27015789870225       -0.36127872310711
C           -0.31358144090554        1.04270388342132       -0.48235950540491
C           -1.61677420266927        1.36308111272120       -0.14097837117917
O            1.41499900415660       -0.63635922139062       -0.74455019065153
C            2.43974104378095       -0.12310898348212       -0.09021732964619
O            2.40587913720378        0.60842494568590        0.86559690795184
H           -3.49166678170889        0.64059009716763        0.58912546042909
H           -2.71244635031087       -1.69045734153596        0.80619275787842
H           -0.38376756934444       -2.27479505395560        0.18398344328360
H            0.37142485164626        1.79627900932851       -0.83975214946830
H           -1.95343784707130        2.38300935388295       -0.23749567961339
H            3.37246089464417       -0.47757585944478       -0.55412972637364
15
 energy: -26.166261540217 gnorm: 0.003423647804 xtb: 6.7.1 (edcfbbe)
C           -2.48098564348142        0.38298750391385        0.31538861703986
C           -2.05172990478414       -0.92879214660256        0.43409837719259
C           -0.75148921496659       -1.26951114648498        0.10348657898690
C            0.10898027248235       -0.28021662082161       -0.34506491177378
C           -0.30689041801873        1.03461500185434       -0.46686730397618
C           -1.61071951583291        1.36089142484563       -0.13483757502019
O            1.41702141344181       -0.64610810260035       -0.72141133547260
C            2.44249198459456       -0.10541943356650       -0.10315955896841
O            2.41183226744556        0.65490312459825        0.82711305272249
H           -3.49469721502472        0.64409314107766        0.57445336369657
H           -2.72796323082595       -1.69019543467987        0.78877701292536
H           -0.39672779888930       -2.28392183926502        0.19013011746386
H            0.38455012120205        1.78528898770772       -0.81650738576246
H           -1.94102826187295        2.38277546870719       -0.23005627182013
H            3.36950110897183       -0.48639633499198       -0.56132858300453
15
 energy: -26.165818708781 gnorm: 0.033633323867 xtb: 6.7.1 (edcfbbe)
C           -2.48499681972302        0.38457252876767        0.30479939965707
C           -2.07637817168768       -0.93499976782385        0.41630984921403
C           -0.77396635686238       -1.29121099251119        0.10994208695413
C            0.11058207822658       -0.30988417483757       -0.31038145657782
C           -0.28653606784938        1.01272755399533       -0.42928125425668
C           -1.59181408196430        1.35543251645416       -0.11771103351033
O            1.41747401508738       -0.69512178196709       -0.66561191642774
C            2.44966100283626       -0.06613641989322       -0.12855161791288
O            2.43239001936434        0.80152476068732        0.72822926844929
H           -3.49987853322253        0.65720501372001        0.54735129374473
H           -2.77168565963921       -1.69101637228390        0.74695765135739
H           -0.43712307041685       -2.31251674244741        0.19106594472859
H            0.42183986455785        1.75718995404407       -0.75957614330301
H           -1.90507222399606        2.38339247843438       -0.20910644742978
H            3.36764996973050       -0.49616496064693       -0.57022143045766
15
 energy: -26.166359832507 gnorm: 0.002841209043 xtb: 6.7.1 (edcfbbe)
C           -2.48428184239085        0.38384506640448        0.30872965025557
C           -2.06397532612508       -0.93102681864121        0.42623364787514
C           -0.76186960019321       -1.27881297550276        0.10971165108654
C            0.10987190033525       -0.29324726017390       -0.32527756672146
C           -0.29810477178218        1.02481322218322       -0.44787919224298
C           -1.60302528085880        1.35848031735836       -0.12792037364177
O            1.41751874876730       -0.66778010195081       -0.69227384746467
C            2.44783875016225       -0.09018237070696       -0.11594332211423
O            2.42646957986766        0.70938756892343        0.78200188605715
H           -3.49936638188760        0.64988471743606        0.55738661381541
H           -2.74942472196182       -1.68999667419612        0.76853952560553
H           -0.41540623124311       -2.29615912673320        0.19587622068187
H            0.40115293432215        1.77238228046727       -0.78882709094491
H           -1.92561476585167        2.38287811339403       -0.22318811820851
H            3.37036297328118       -0.47947236457012       -0.57295548980935
15
 energy: -26.166401999978 gnorm: 0.003461543507 xtb: 6.7.1 (edcfbbe)
C           -2.48514428955532        0.38351859387297        0.30797082146117
C           -2.06470467075619       -0.93123653487650        0.42450821625109
C           -0.76223458607560       -1.27827169567764        0.10964008334577
C            0.11011877276051       -0.29231191295930       -0.32243651845144
C           -0.29821679722601        1.02578827344443       -0.44528739805214
C           -1.60364506108804        1.35863683460765       -0.12693367218985
O            1.41775955814861       -0.67104711375468       -0.68610371354140
C            2.44886237111411       -0.09193492885114       -0.11691921825784
O            2.43085484504382        0.72090868178916        0.77106287795323
H           -3.50041060323120        0.64899507463137        0.55591914961540
H           -2.74996615711334       -1.69098946271332        0.76472592400189
H           -0.41558605771536       -2.29548609214036        0.19519824321284
H            0.40062998123291        1.77412358072846       -0.78511444821520
H           -1.92666623170808        2.38289415535126       -0.22194683112077
H            3.37049489061064       -0.48859385976058       -0.57006932178343
15
 energy: -26.166486121567 gnorm: 0.013986849430 xtb: 6.7.1 (edcfbbe)
C           -2.49090407317460        0.38310751303483        0.30077782809495
C           -2.07657552560289       -0.93362069669195        0.41445490996983
C           -0.77149636320697       -1.28288175488200        0.11401835539207
C            0.11085082330321       -0.29793412986457       -0.29955916035078
C           -0.29204953108837        1.02240190057470       -0.42350569148180
C           -1.60048514736580        1.35719133234839       -0.11941180835489
O            1.41784574214360       -0.69790513699986       -0.64512053557454
C            2.45711432238569       -0.08637091125630       -0.12905786330219
O            2.45836131261023        0.79068489847055        0.70439753616969
H           -3.50835243553046        0.65036890056702        0.53766979882921
H           -2.76789019886900       -1.69428066185448        0.73973574269457
H           -0.42883886336222       -2.30134801249305        0.19762723027537
H            0.41097863891600        1.77180577590798       -0.75268626295852
H           -1.92000177477888        2.38258995395386       -0.21486108358218
H            3.37358903806194       -0.50881537712334       -0.57026480159145
15
 energy: -26.166537099150 gnorm: 0.007612803526 xtb: 6.7.1 (edcfbbe)
C           -2.49141690699078        0.38283137490489        0.29992925345272
C           -2.07650662353822       -0.93366470502646        0.41473844138665
C           -0.77106090593731       -1.28224631835076        0.11493591885142
C            0.11089554968803       -0.29695759801955       -0.29899647701413
C           -0.29220729033186        1.02306024514548       -0.42288844662035
C           -1.60113018669468        1.35707961555713       -0.11987432456728
O            1.41772813663430       -0.69603659901162       -0.64479682353145
C            2.45754919348443       -0.08627065122262       -0.12982251269012
O            2.45929624878058        0.78637265755852        0.70327177474256
H           -3.50913261294759        0.64990380287581        0.53598153973451
H           -2.76756759343064       -1.69435958870060        0.74039713462600
H           -0.42759053777215       -2.30042874702056        0.19918699206864
H            0.41058223657252        1.77292852225577       -0.75142218049285
H           -1.92109197898302        2.38232192288425       -0.21581697339434
H            3.37379923590788       -0.50954034013791       -0.57060912232265
15
 energy: -26.166620761830 gnorm: 0.004096484512 xtb: 6.7.1 (edcfbbe)
C           -2.49595017140414        0.38196416413148        0.29281282246699
C           -2.08478788609880       -0.93575614191118        0.40883643570835
C           -0.77691083870521       -1.28514943462059        0.12046897921656
C            0.11158043424570       -0.30021882401608       -0.28244091253202
C           -0.28729556659720        1.02068137155962       -0.40633096429936
C           -1.59919208083761        1.35525323134450       -0.11548261133624
O            1.41735553314498       -0.70845087705622       -0.61804302689644
C            2.46365409508140       -0.07840377186461       -0.14066508547174
O            2.47777308442158        0.82510371621843        0.65585389699969
H           -3.51568968134336        0.65074555031944        0.51879932621503
H           -2.78039288551422       -1.69623808465696        0.72569494682012
H           -0.43499990306414       -2.30393957187892        0.20449458149826
H            0.41859725943287        1.77167430908020       -0.72558764559314
H           -1.91668981153642        2.38130732062643       -0.21236142622092
H            3.37509438321605       -0.52357936358375       -0.57183512234579
15
 energy: -26.166666261341 gnorm: 0.011276717321 xtb: 6.7.1 (edcfbbe)
C           -2.50241899040727        0.38053308729397        0.28199904537231
C           -2.09699807227718       -0.93924709154611        0.39888876777225
C           -0.78587216700805       -1.28959775304734        0.12825750893396
C            0.11280575374846       -0.30518189316814       -0.25689174759741
C           -0.27997454667287        1.01717440491848       -0.38023300079859
C           -1.59617976670129        1.35257837656871       -0.10746820640376
O            1.41711997288942       -0.72808811938364       -0.57458641985689
C            2.47276785285884       -0.06720522214487       -0.15719173337640
O            2.50617500521619        0.89478467240064        0.57357354190152
H           -3.52515684136593        0.65161721136589        0.49205995086992
H           -2.79957736637015       -1.69957580857082        0.70126196411224
H           -0.44627632951324       -2.30937767774057        0.21069882878461
H            0.43032089334997        1.77024884603855       -0.68418922704180
H           -1.90978309006093        2.37997481200135       -0.20454381953471
H            3.37519365675554       -0.55364425129432       -0.56742125890790
15
 energy: -26.166725042319 gnorm: 0.003094645752 xtb: 6.7.1 (edcfbbe)
C           -2.50140560137434        0.38027840572265        0.28292421242351
C           -2.09399806328655       -0.93905767360899        0.40052815546649
C           -0.78354610770715       -1.28773726722360        0.12735877670077
C            0.11272388226337       -0.30259769902802       -0.26130863110478
C           -0.28182589253589        1.01907626767351       -0.38383204644607
C           -1.59773975754098        1.35303486312081       -0.10834633951260
O            1.41703097600516       -0.72212779007905       -0.58058749786341
C            2.47156728794528       -0.07024573542180       -0.15474469318182
O            2.50240531311968        0.88545713950640        0.57663178662508
H           -3.52383957816237        0.65035540588174        0.49423843232344
H           -2.79484229418186       -1.69960685150628        0.70560578772981
H           -0.44189113539517       -2.30696707745527        0.20928410569671
H            0.42670394490874        1.77303796299737       -0.68839947397671
H           -1.91268705772098        2.38008852143471       -0.20463624170075
H            3.37349004810456       -0.55799487832238       -0.56050213895032
15
 energy: -26.166768224184 gnorm: 0.002416518341 xtb: 6.7.1 (edcfbbe)
C           -2.50400665498510        0.37972630109113        0.27808917395404
C           -2.09878659698562       -0.94062910688145        0.39584162652783
C           -0.78730260513906       -1.28959924641781        0.13051928165712
C            0.11330018248236       -0.30470836222814       -0.25086762788431
C           -0.27913808412317        1.01763350458636       -0.37282653650128
C           -1.59673276517100        1.35213302069231       -0.10444708948171
O            1.41703197946754       -0.73006250449207       -0.56138890024027
C            2.47571587889164       -0.06661980850759       -0.16117655134205
O            2.51407721804456        0.91535385586060        0.53421783564342
H           -3.52742015616328        0.65062279351627        0.48293970923812
H           -2.80248706537913       -1.70080053104527        0.69518109794366
H           -0.44620292812149       -2.30913352649606        0.21156898122516
H            0.43091756853176        1.77247360669291       -0.67067832460796
H           -1.90971677239671        2.37991088874404       -0.19986464357429
H            3.37289676548819       -0.57130729142341       -0.55289383832815
15
 energy: -26.166762909473 gnorm: 0.011950739351 xtb: 6.7.1 (edcfbbe)
C           -2.50916748981911        0.37854074861408        0.27044776522701
C           -2.10714472846578       -0.94333054128697        0.38620660163027
C           -0.79352914534509       -1.29217094802574        0.13496760066951
C            0.11449361535641       -0.30706777615052       -0.23163523690299
C           -0.27531191372926        1.01630085654894       -0.35239143247694
C           -1.59587289634544        1.35101547082209       -0.09638847712045
O            1.41784266829902       -0.74455029665458       -0.52312026658727
C            2.48382974165087       -0.06097134474115       -0.17299090234490
O            2.53590112405311        0.97618669878937        0.44615781946232
H           -3.53449279604479        0.64975738559349        0.46463992480177
H           -2.81583335495451       -1.70389666322124        0.67304480738125
H           -0.45329555946911       -2.31208291462323        0.21468958615413
H            0.43722294527017        1.77295665946769       -0.63854552346773
H           -1.90576356972157        2.37981782182262       -0.18995133945731
H            3.37326732370657       -0.60551156326305       -0.53091673273933
15
 energy: -26.166811393927 gnorm: 0.001789138115 xtb: 6.7.1 (edcfbbe)
C           -2.50666184437102        0.37941746156250        0.27495591397121
C           -2.10329571895969       -0.94186647136430        0.38995060280594
C           -0.79087334180006       -1.29143585451309        0.13196899386923
C            0.11392832449243       -0.30662183317203       -0.24112182091099
C           -0.27754297318815        1.01649001296836       -0.36257363694620
C           -1.59618625555140        1.35192891490960       -0.09953384760114
O            1.41785611910151       -0.73868258030075       -0.54018314974332
C            2.48040567516339       -0.06392609572180       -0.16661272581379
O            2.52470986595039        0.94856474150711        0.48119956603178
H           -3.53073795031590        0.65031804915174        0.47585549291557
H           -2.80995129109621       -1.70214765863146        0.68213145802728
H           -0.45095020009666       -2.31133553657335        0.21245615658614
H            0.43414326839888        1.77149140385064       -0.65545841480222
H           -1.90680131487912        2.38043743752814       -0.19320009000986
H            3.37410360159310       -0.58763839750952       -0.53562030415029
15
 energy: -26.166827928383 gnorm: 0.001564240922 xtb: 6.7.1 (edcfbbe)
C           -2.50780844373890        0.37897827919790        0.27426883049564
C           -2.10480738337008       -0.94248337554845        0.38718829590875
C           -0.79185732117944       -1.29165163060333        0.13163159019996
C            0.11413916314756       -0.30632364193811       -0.23729006335425
C           -0.27733334895958        1.01685384017721       -0.35826955865355
C           -1.59644786065815        1.35181136141573       -0.09729441531011
O            1.41849846918667       -0.74133566542686       -0.52960253127070
C            2.48221608756328       -0.06273255112808       -0.16910817343909
O            2.52916302736386        0.96680766444749        0.45271582894484
H           -3.53223166235101        0.64950805793329        0.47417299177910
H           -2.81218543858952       -1.70337460449906        0.67583267558742
H           -0.45242967491918       -2.31178079837928        0.21121894636509
H            0.43482463229824        1.77247113451496       -0.64864075736964
H           -1.90652012659442        2.38054854205751       -0.18979161941683
H            3.37492584524218       -0.60230301852913       -0.52281784623730
15
 energy: -26.166817495924 gnorm: 0.007523544685 xtb: 6.7.1 (edcfbbe)
C           -2.51054747989940        0.37880003800933        0.27159158795423
C           -2.11123703879142       -0.94397335805112        0.38032608745501
C           -0.79697523834756       -1.29505080368213        0.13260359632987
C            0.11457282716143       -0.31016207609379       -0.22507312036860
C           -0.27439408110401        1.01410604818496       -0.34621140808876
C           -1.59439694330915        1.35086420618765       -0.09189089111837
O            1.41962416461657       -0.75263942984511       -0.50227258817888
C            2.48707467521373       -0.05671385601390       -0.17610611564006
O            2.54105875001479        1.00774385437588        0.38931892699191
H           -3.53563714412269        0.65061749228944        0.46796176639838
H           -2.82259505221263       -1.70486289956569        0.65986670663082
H           -0.46139867903592       -2.31656507843076        0.21030058929158
H            0.44077524827987        1.76929632785295       -0.63094035177116
H           -1.90104890603480        2.38077850689726       -0.18253174888350
H            3.37727086201269       -0.61724537842317       -0.50272884277313
15
 energy: -26.166846703365 gnorm: 0.001614173588 xtb: 6.7.1 (edcfbbe)
C           -2.51037399142465        0.37866175476338        0.27137955815113
C           -2.11091004404131       -0.94399118259623        0.38038042751704
C           -0.79652540037194       -1.29462861248301        0.13287831342839
C            0.11478930104982       -0.30953314150282       -0.22410733593427
C           -0.27435761905409        1.01453588699920       -0.34560980378875
C           -1.59446953717812        1.35080238439438       -0.09189154979573
O            1.41986187335867       -0.75127455747518       -0.50111424700902
C            2.48636355876792       -0.05587865893145       -0.17912679635464
O            2.54040616583238        1.00426980902121        0.38771321298301
H           -3.53543926280254        0.65053807309565        0.46726066949599
H           -2.82197582998282       -1.70508253744511        0.65962536403377
H           -0.46076735305056       -2.31604762380261        0.21024085121725
H            0.44038842525095        1.77007205913257       -0.62983683383243
H           -1.90166555892787        2.38054445297940       -0.18297653277474
H            3.37682123701567       -0.61799451245759       -0.50060110310765
15
 energy: -26.166821889431 gnorm: 0.004705772068 xtb: 6.7.1 (edcfbbe)
C           -2.51048151897736        0.37877435755693        0.26995345720987
C           -2.11172383371816       -0.94398793244263        0.37945823724585
C           -0.79720223306963       -1.29483038312756        0.13321960005386
C            0.11492719051491       -0.31011322711368       -0.22178833246117
C           -0.27346451427583        1.01410490786887       -0.34409478329727
C           -1.59393726189392        1.35049234083593       -0.09244344808316
O            1.42066905837335       -0.75280865057552       -0.49327079254617
C            2.48632485244385       -0.05970380009907       -0.17198232480379
O            2.54030399493438        1.00408674638095        0.38381114259389
H           -3.53546616117168        0.65136561026010        0.46486544927956
H           -2.82291190620161       -1.70495077966587        0.65825451661843
H           -0.46163113504007       -2.31620775330439        0.21119495925580
H            0.44146800669917        1.76987888047868       -0.62667884080645
H           -1.90119650523548        2.38021834384611       -0.18403420222961
H            3.37646793105956       -0.61132506720705       -0.51225044380029
15
 energy: -26.166848153624 gnorm: 0.001841075284 xtb: 6.7.1 (edcfbbe)
C           -2.51064750953876        0.37863445687194        0.27019473553292
C           -2.11160535216763       -0.94406921509818        0.37966053331499
C           -0.79697970528162       -1.29469389409116        0.13344216230262
C            0.11492068385618       -0.30979410912627       -0.22193453081377
C           -0.27374179111716        1.01438294886835       -0.34398553761591
C           -1.59425139257211        1.35056734033084       -0.09217232707613
O            1.42040028827396       -0.75213923188878       -0.49561842995421
C            2.48648749149120       -0.05776693738627       -0.17624191297624
O            2.54117539889256        1.00454722385204        0.38447738705017
H           -3.53572329142755        0.65099961585957        0.46510248318519
H           -2.82275868735723       -1.70518029216988        0.65828656648126
H           -0.46129667662793       -2.31607753784711        0.21112353775483
H            0.44105958989560        1.77022552282309       -0.62689354899655
H           -1.90162158436741        2.38025028574287       -0.18375746871331
H            3.37672850248940       -0.61489258304926       -0.50746945524652
15
 energy: -26.166851606061 gnorm: 0.000738046658 xtb: 6.7.1 (edcfbbe)
C           -2.51109611874511        0.37843535052922        0.26983480931308
C           -2.11192084613629       -0.94422229829439        0.37949054549738
C           -0.79704778213992       -1.29464275736301        0.13409706502397
C            0.11494503648062       -0.30959024814738       -0.22090173761233
C           -0.27378906563097        1.01459387539239       -0.34281494034221
C           -1.59451755787521        1.35056312330214       -0.09176862803001
O            1.42024598817376       -0.75198067032780       -0.49583815420896
C            2.48696410882879       -0.05614209960137       -0.18018834835789
O            2.54311273684558        1.00600608373610        0.38286298875777
H           -3.53640747248423        0.65064927201490        0.46387835006178
H           -2.82321848938809       -1.70550691914134        0.65740791991531
H           -0.46130341604289       -2.31603564862982        0.21168798266889
H            0.44107086764559        1.77058281972811       -0.62533426331576
H           -1.90195114090116        2.38019645556957       -0.18354031461315
H            3.37705911581103       -0.61791274507551       -0.50465908052853
15
 energy: -26.166853000035 gnorm: 0.000140876451 xtb: 6.7.1 (edcfbbe)
C           -2.51125742564232        0.37840452764172        0.26935440471541
C           -2.11221868862673       -0.94427571842199        0.37914364026484
C           -0.79725284832672       -1.29473246073950        0.13435455598386
C            0.11499110615948       -0.30971790410757       -0.22005515582462
C           -0.27357852781539        1.01450785883317       -0.34203617743562
C           -1.59442846713911        1.35049841408654       -0.09166807211896
O            1.42035953720517       -0.75241110890261       -0.49406351321792
C            2.48712693661937       -0.05644476685974       -0.17969685024664
O            2.54362413426603        1.00682439690016        0.38067156419631
H           -3.53663612684343        0.65069822514859        0.46289225334955
H           -2.82365403747249       -1.70554867656922        0.65670073600430
H           -0.46157990837599       -2.31613390720396        0.21205840583193
H            0.44143537761776        1.77053783736024       -0.62399760522049
H           -1.90178454905699        2.38015601245303       -0.18346941924773
H            3.37699945187287       -0.61736913592707       -0.50597457280488
15
 energy: -26.166853826087 gnorm: 0.000206182549 xtb: 6.7.1 (edcfbbe)
C           -2.51156165208792        0.37832302159580        0.26873946234884
C           -2.11269386635573       -0.94440262570659        0.37857248756191
C           -0.79758465654433       -1.29487732227108        0.13464054020837
C            0.11504248823623       -0.30985365862782       -0.21880513125812
C           -0.27333794715229        1.01443741614812       -0.34076919523269
C           -1.59437822535697        1.35041498156268       -0.09137477455389
O            1.42048391203650       -0.75301352101772       -0.49156430225443
C            2.48748565015008       -0.05631449995962       -0.18009007533918
O            2.54478432898817        1.00870888826801        0.37674942422777
H           -3.53705973384350        0.65067911131850        0.46154301533319
H           -2.82434760180509       -1.70569203893159        0.65551144106026
H           -0.46200146731996       -2.31629905752918        0.21241423468372
H            0.44188599129293        1.77055791844628       -0.62191014730267
H           -1.90161374505425        2.38011097537130       -0.18318111457692
H            3.37704248925765       -0.61778599497529       -0.50626167067682
15
 energy: -26.166855356398 gnorm: 0.000263757749 xtb: 6.7.1 (edcfbbe)
C           -2.51216990532011        0.37815274424896        0.26765925522004
C           -2.11366353290122       -0.94469911349392        0.37731952824086
C           -0.79828289888904       -1.29518878735242        0.13502517799921
C            0.11516032914623       -0.31009800505583       -0.21632885302257
C           -0.27289140360159        1.01431322643495       -0.33822888324706
C           -1.59430769697016        1.35024469365132       -0.09069879486859
O            1.42074121013708       -0.75427590355000       -0.48635254193834
C            2.48826542554055       -0.05574281128710       -0.18130873342387
O            2.54721018347667        1.01322169400312        0.36783098040111
H           -3.53785046746598        0.65063209725788        0.45929860276371
H           -2.82577837155713       -1.70604190145115        0.65291974621687
H           -0.46291018547173       -2.31668418663131        0.21265571482179
H            0.44270410869224        1.77062777211907       -0.61781750622747
H           -1.90126668458005        2.38003348008246       -0.18241994650724
H            3.37718585420574       -0.61950140528424       -0.50533955219913
15
 energy: -26.166858083513 gnorm: 0.000394218470 xtb: 6.7.1 (edcfbbe)
C           -2.51347358677587        0.37778036298221        0.26546012637554
C           -2.11570542075682       -0.94535607569920        0.37463378385590
C           -0.79967661409601       -1.29578695893786        0.13609998597075
C            0.11551899939928       -0.31052049030460       -0.21076286205142
C           -0.27191221736064        1.01411976216217       -0.33248969572462
C           -1.59414651600085        1.34992001775960       -0.08892915529835
O            1.42124180314312       -0.75685591383393       -0.47553332423011
C            2.48997537874996       -0.05431900705747       -0.18451338560401
O            2.55230745016711        1.02330155252063        0.34761523578970
H           -3.53965568824467        0.65039800322688        0.45422889110591
H           -2.82893540876228       -1.70689873394517        0.64681445662347
H           -0.46475064112510       -2.31745591875937        0.21325409329479
H            0.44441730940859        1.77087884285329       -0.60883247474257
H           -1.90054691204076        2.37988049696169       -0.18066201995916
H            3.37748802873645       -0.62409234623706       -0.50216946117648
15
 energy: -26.166860358684 gnorm: 0.000822653335 xtb: 6.7.1 (edcfbbe)
C           -2.51526795179593        0.37721575006471        0.26225809538145
C           -2.11822104833171       -0.94620047509765        0.37114297144694
C           -0.80126087029230       -1.29636864560478        0.13783068054199
C            0.11605646382660       -0.31083150648922       -0.20343057172126
C           -0.27073444713217        1.01406868794465       -0.32483747080227
C           -1.59408369964426        1.34955608487303       -0.08658896489448
O            1.42184073173885       -0.75979447648422       -0.46216343747231
C            2.49224713508322       -0.05250637500251       -0.18924619982775
O            2.55881214139159        1.03564660916340        0.32116225592435
H           -3.54217746297192        0.64984623622044        0.44706205626241
H           -2.83282437249172       -1.70805214092120        0.63885756009708
H           -0.46677379410710       -2.31820200699606        0.21463248332038
H            0.44646270433273        1.77151266979019       -0.59680989115358
H           -1.89976731830253        2.37975655418158       -0.17807488896230
H            3.37783775313817       -0.63065337195056       -0.49758048391131
15
 energy: -26.166861395608 gnorm: 0.000399398080 xtb: 6.7.1 (edcfbbe)
C           -2.51614368213158        0.37692280441711        0.26067296982587
C           -2.11922484871291       -0.94654766766410        0.36967274895182
C           -0.80176933868763       -1.29643935230889        0.13902656697226
C            0.11636220028538       -0.31073735029426       -0.19990001149405
C           -0.27026371979082        1.01425567308549       -0.32100135280662
C           -1.59416424675303        1.34947393800760       -0.08533531040171
O            1.42205514737181       -0.76074216480654       -0.45654512704134
C            2.49335279808618       -0.05185187498284       -0.19180442863682
O            2.56180157556621        1.04035155876333        0.30907623427790
H           -3.54358621089471        0.64931646238004        0.44287248239793
H           -2.83443885614409       -1.70862558813034        0.63508933106755
H           -0.46736530730593       -2.31829703188047        0.21589041180805
H            0.44727432781012        1.77209135733159       -0.59084464277316
H           -1.89964539723743        2.37972206077591       -0.17697918219313
H            3.37790152297995       -0.63389923100183       -0.49567649572519
15
 energy: -26.166861997900 gnorm: 0.000357420934 xtb: 6.7.1 (edcfbbe)
C           -2.51693588067612        0.37664130035031        0.25906762373380
C           -2.12005482153149       -0.94683959091165        0.36832834651037
C           -0.80216525983370       -1.29647390475725        0.14006914868665
C            0.11660257136497       -0.31064708970775       -0.19703368294319
C           -0.26992300332575        1.01441789599422       -0.31792016832717
C           -1.59428427426670        1.34941835475404       -0.08440981309900
O            1.42219947326545       -0.76156464632560       -0.45202456344341
C            2.49434426098324       -0.05156809498945       -0.19350169228587
O            2.56421908095986        1.04450686617184        0.29870144068307
H           -3.54476513135740        0.64880312480797        0.43935658444435
H           -2.83570999994843       -1.70907527854411        0.63207379531361
H           -0.46781912589823       -2.31834386935531        0.21705799292103
H            0.44797607519524        1.77258890780206       -0.58579998402159
H           -1.89947000153233        2.37979078949809       -0.17564882898617
H            3.37793200104290       -0.63666117109560       -0.49410200495714
15
 energy: -26.166862338458 gnorm: 0.000129844177 xtb: 6.7.1 (edcfbbe)
C           -2.51752953821260        0.37643948689406        0.25794999448876
C           -2.12068779349794       -0.94705407098596        0.36734491403059
C           -0.80248691172422       -1.29648269673323        0.14078331791145
C            0.11676281035242       -0.31052955855052       -0.19482444070264
C           -0.26964923633258        1.01461652437990       -0.31536998293258
C           -1.59437318910512        1.34940834264281       -0.08352866744164
O            1.42232761143617       -0.76216939933656       -0.44827711667992
C            2.49513529436478       -0.05142619787793       -0.19480386231683
O            2.56622536520718        1.04751264818852        0.29050806799534
H           -3.54575368542847        0.64836244452846        0.43633764971914
H           -2.83667729647871       -1.70945435913599        0.62970098211414
H           -0.46813054043433       -2.31832714358583        0.21803203499040
H            0.44849350609163        1.77305142154641       -0.58173947235153
H           -1.89947297361468        2.37980424298159       -0.17482336590268
H            3.37796254181799       -0.63875809126393       -0.49307585869265
15
 energy: -26.166862499527 gnorm: 0.000152496729 xtb: 6.7.1 (edcfbbe)
C           -2.51801743901106        0.37626946301853        0.25696291329194
C           -2.12130122845597       -0.94726090457260        0.36642779687340
C           -0.80283618959697       -1.29656986846512        0.14130207823750
C            0.11688906120788       -0.31052912364489       -0.19290997971213
C           -0.26938747819294        1.01466853699127       -0.31342564414177
C           -1.59442602950280        1.34931950410331       -0.08307407696494
O            1.42248226168461       -0.76282706260013       -0.44474937684516
C            2.49571727739292       -0.05115973173077       -0.19581811538208
O            2.56789302941704        1.05030583881051        0.28366231115334
H           -3.54639347566232        0.64818862905424        0.43443088879305
H           -2.83756641383922       -1.70975365238800        0.62775819811137
H           -0.46857124012491       -2.31845110718155        0.21842928074761
H            0.44899894799888        1.77330342078103       -0.57852621071726
H           -1.89935889535316        2.37979119692906       -0.17410690537572
H            3.37802377647954       -0.64030154541308       -0.49214896383982
15
 energy: -26.166862610351 gnorm: 0.000100216416 xtb: 6.7.1 (edcfbbe)
C           -2.51849496333638        0.37611921550424        0.25605993856998
C           -2.12200004935648       -0.94749108328852        0.36540685182288
C           -0.80328369812632       -1.29671914788515        0.14176460038765
C            0.11701915351491       -0.31058788771470       -0.19076565853759
C           -0.26904898402712        1.01469145644356       -0.31116341793116
C           -1.59439248251405        1.34923539237329       -0.08237076953772
O            1.42268973049234       -0.76359976291484       -0.44062112045644
C            2.49630509430774       -0.05079794551246       -0.19701036124089
O            2.56967800317967        1.05346264980799        0.27582706300130
H           -3.54709403318969        0.64804265422682        0.43225280992549
H           -2.83861496177602       -1.71008755094364        0.62546905108595
H           -0.46911535210534       -2.31863119792096        0.21884358463138
H            0.44960082866558        1.77351368180480       -0.57493534741752
H           -1.89920596094468        2.37973709137472       -0.17348662036614
H            3.37810363965735       -0.64189397166336       -0.49105640970783
15
 energy: -26.166862613258 gnorm: 0.000077997067 xtb: 6.7.1 (edcfbbe)
C           -2.51843717897921        0.37614138692227        0.25614916037380
C           -2.12194740215990       -0.94746832714026        0.36549372480628
C           -0.80326408931759       -1.29673459681528        0.14169575045734
C            0.11700735410589       -0.31062032787020       -0.19093102626287
C           -0.26906531063596        1.01465382752615       -0.31138025470115
C           -1.59437718225333        1.34922789252244       -0.08247917777448
O            1.42270232692635       -0.76354537619700       -0.44085540001257
C            2.49620570725396       -0.05079162089409       -0.19691549172365
O            2.56945186433067        1.05316577499901        0.27645297846315
H           -3.54697984207087        0.64811323382830        0.43256999147335
H           -2.83854809515597       -1.71004523737687        0.62564216476367
H           -0.46911254847581       -2.31865691022398        0.21872050716364
H            0.44956797479070        1.77343928860880       -0.57529514438984
H           -1.89917633682793        2.37973787816156       -0.17354468737257
H            3.37811872291051       -0.64162329235907       -0.49110890103473
