15
 energy: -17.722037676944 gnorm: 0.025590394936 xtb: 6.7.1 (edcfbbe)
C            1.84061613753103        0.64450150542576       -0.28374421687385
C            1.02259269853798       -0.22823676348965        0.65510611982621
O            0.00000713647358       -0.99703224116725       -0.00079668925456
C           -1.02280026555024       -0.22767508523466       -0.65570795505281
C           -1.84027902802101        0.64460760037384        0.28403495390441
H            1.24624143027305        1.44360715538621       -0.73729108336289
H            2.64450489927238        1.11887269181279        0.28795052337505
H            2.29539092270839        0.04649564574516       -1.08305635942387
H            0.58517931820250        0.37858331154285        1.46392677525304
H            1.66938413898021       -0.97823656869939        1.12573880120128
H           -0.58572418947065        0.37957973585521       -1.46438803282254
H           -1.66993158249058       -0.97730733397134       -1.12646145304287
H           -2.64505382050414        1.11851000665699       -0.28687438311454
H           -2.29390986885811        0.04629344111061        1.08384454777785
H           -1.24585130365399        1.44408579379115        0.73698247531248
15
 energy: -17.722995908464 gnorm: 0.010904628143 xtb: 6.7.1 (edcfbbe)
C            1.85286062599865        0.64897734505969       -0.28043186207593
C            1.02230339410589       -0.22406952321797        0.64853934465223
O           -0.00000713487531       -0.98008302002575       -0.00074635345150
C           -1.02249260010194       -0.22351792659599       -0.64912160753103
C           -1.85255269622746        0.64908396338480        0.28071039406944
H            1.25507484296319        1.44350321173053       -0.72367392462295
H            2.65968146154461        1.10822134567735        0.28856159795373
H            2.28428174265823        0.04781450267923       -1.08023267328426
H            0.58310171286334        0.38181756398867        1.45219763847450
H            1.65529996540131       -0.98914871674437        1.10759091575923
H           -0.58357284168912        0.38279469002862       -1.45262277658484
H           -1.65578813041545       -0.98824687604689       -1.10834550635220
H           -2.66018273189070        1.10791889960627       -0.28747200409556
H           -2.28288477046191        0.04765773838480        1.08091606294120
H           -1.25475621644294        1.44392569722931        0.72339477785034
15
 energy: -17.723166739326 gnorm: 0.002855973340 xtb: 6.7.1 (edcfbbe)
C            1.86035924331481        0.64936373462832       -0.27987221249133
C            1.02128983578343       -0.22143162966254        0.64849881659209
O           -0.00002325715365       -0.96712302054432       -0.00068686224742
C           -1.02146101744396       -0.22088668694887       -0.64905275716758
C           -1.86008132354591        0.64947213117879        0.28013449221519
H            1.26589006240622        1.44961526295293       -0.71234103864220
H            2.67199867543044        1.09254588466001        0.28887756262641
H            2.27644983131328        0.04695371909994       -1.08315142593296
H            0.58702191941077        0.38799503519545        1.45044435243857
H            1.64660603404714       -0.99439615903112        1.10201612071537
H           -0.58741286587041        0.38895621112998       -1.45081121845683
H           -1.64704155573553       -0.99350621033822       -1.10279290549713
H           -2.67243497573131        1.09231034517923       -0.28784640578812
H           -2.27517957792025        0.04680372784217        1.08372467264848
H           -1.26561440487467        1.44997654979654        0.71212283268987
15
 energy: -17.723209093569 gnorm: 0.001213156766 xtb: 6.7.1 (edcfbbe)
C            1.86513052866143        0.64853022322480       -0.27914010965338
C            1.02069917318607       -0.22034832906982        0.64920888269672
O           -0.00003198577660       -0.96262913984886       -0.00064079158068
C           -1.02085104359984       -0.21980966192876       -0.64973810803417
C           -1.86487866124989        0.64864012220275        0.27938363147867
H            1.27531244152944        1.45641959512210       -0.70387298692810
H            2.68332445727356        1.08003393282949        0.28868720376027
H            2.27075322675169        0.04550558112662       -1.08717040341542
H            0.59046798465489        0.39287885255003        1.45068333229251
H            1.64366082733227       -0.99461155903400        1.10290795348131
H           -0.59079122717197        0.39382686310537       -1.45099933184902
H           -1.64405386817957       -0.99372782538086       -1.10369411206277
H           -2.68370425077122        1.07986235195214       -0.28772928009517
H           -2.26960659706369        0.04534935477376        1.08765334703756
H           -1.27506438214620        1.45672853351352        0.70372479657406
15
 energy: -17.723252130415 gnorm: 0.003835834140 xtb: 6.7.1 (edcfbbe)
C            1.87384227850910        0.64508721753134       -0.27796892525444
C            1.01909122142422       -0.21720521556705        0.65136229499049
O           -0.00004823950397       -0.95596145102551       -0.00053023268024
C           -1.01919118368089       -0.21668547589571       -0.65182866692016
C           -1.87365274487781        0.64519626601633        0.27816085254722
H            1.29786241049175        1.47293812017500       -0.68537359574404
H            2.70941501368207        1.04938321273544        0.28612515652164
H            2.25588517828875        0.04178399256716       -1.09827737561323
H            0.59308992920353        0.40428819834155        1.44993517216242
H            1.63826166233553       -0.99116778280068        1.11058186676498
H           -0.59324790937040        0.40519955694791       -1.45013024094530
H           -1.63854910011541       -0.99030324833467       -1.11137807589554
H           -2.70964007261718        1.04938424719279       -0.28536867436202
H           -2.25507445823034        0.04160522352616        1.09853014918133
H           -1.29767736210858        1.47310603372819        0.68542431894927
15
 energy: -17.723270181495 gnorm: 0.002811157052 xtb: 6.7.1 (edcfbbe)
C            1.87465014470898        0.64369775362751       -0.27799974660923
C            1.01854502186419       -0.21576896412107        0.65172589214849
O           -0.00004900550136       -0.95609168725705       -0.00050846182186
C           -1.01863199762512       -0.21525362046979       -0.65217596645508
C           -1.87447384906644        0.64380518072279        0.27817894975994
H            1.30274829979160        1.47529686713617       -0.68283243308280
H            2.71380276071409        1.04296034365055        0.28405889770660
H            2.25207831357547        0.04050309930253       -1.10035135762231
H            0.59020292392798        0.40708015054063        1.44800009534980
H            1.63688591477486       -0.98858574856705        1.11447963626167
H           -0.59032908191600        0.40798329470606       -1.44817075016990
H           -1.63714931616462       -0.98772637349486       -1.11526957187635
H           -2.71399359481818        1.04300590770948       -0.28335926949658
H           -2.25135275252546        0.04031001514851        1.10055448934355
H           -1.30256715830963        1.47543267650386        0.68293362026645
15
 energy: -17.723294320698 gnorm: 0.000785904195 xtb: 6.7.1 (edcfbbe)
C            1.87737362036301        0.63974303932599       -0.27812971998610
C            1.01684627826848       -0.21070645093475        0.65301537375295
O           -0.00004944469207       -0.95516277455434       -0.00044330285717
C           -1.01689635562638       -0.21021399473525       -0.65341674480570
C           -1.87723378265918        0.63983954144578        0.27827110166889
H            1.31639383831480        1.48204889938456       -0.67522964270881
H            2.72741727859641        1.02353897201349        0.27821636118021
H            2.23952173677511        0.03485880643968       -1.10609636148914
H            0.58143521981301        0.41640991095798        1.44176602120912
H            1.63148747697556       -0.98112121509492        1.12564780268699
H           -0.58146852219170        0.41727359658821       -1.44186543123275
H           -1.63167626881975       -0.98029252059272       -1.12641782573995
H           -2.72747738354433        1.02373750355333       -0.27768350754297
H           -2.23907865293133        0.03463201181318        1.10612779010480
H           -1.31622841521128        1.48206356952803        0.67550210946203
15
 energy: -17.723296167082 gnorm: 0.000314699338 xtb: 6.7.1 (edcfbbe)
C            1.87887120623072        0.63842634100546       -0.27827116621014
C            1.01633359655104       -0.20879474609855        0.65382089220297
O           -0.00004678285547       -0.95371963753507       -0.00042778054879
C           -1.01637411415032       -0.20830884680615       -0.65420603606274
C           -1.87874125464188        0.63851964502721        0.27840384998009
H            1.32061922621436        1.48271099878039       -0.67446653099761
H            2.73115077028892        1.01870053011626        0.27633806580590
H            2.23682338400568        0.03203249398261       -1.10660752202182
H            0.57956578109085        0.42007857224171        1.44003241858890
H            1.62889561122189       -0.97908321096256        1.12887654363537
H           -0.57958400214434        0.42092990643498       -1.44011370933935
H           -1.62906596359787       -0.97826510561681       -1.12963221116229
H           -2.73117275184202        1.01894928817658       -0.27586304949647
H           -2.23646317597714        0.03178624096073        1.10659148611888
H           -1.32044490696407        1.48268642543145        0.67478877320949
15
 energy: -17.723296856877 gnorm: 0.000191753461 xtb: 6.7.1 (edcfbbe)
C            1.87993427035287        0.63798026028883       -0.27837412460496
C            1.01635342942416       -0.20811817551200        0.65408769211995
O           -0.00004497182635       -0.95272427318649       -0.00042441216785
C           -1.01639351215947       -0.20764109512007       -0.65447072435420
C           -1.87980403726655        0.63806870103878        0.27850462494668
H            1.32201665256320        1.48209310581656       -0.67546084583527
H            2.73217658221337        1.01814918711115        0.27620040080613
H            2.23742754255871        0.03041284126696       -1.10595326910928
H            0.57988419667991        0.42167677614260        1.43958384722851
H            1.62801246332501       -0.97859987120768        1.12965407299805
H           -0.57990228425408        0.42251571791876       -1.43966499778622
H           -1.62817923006239       -0.97779606414437       -1.13040306771176
H           -2.73217556645000        1.01842678919388       -0.27573855631867
H           -2.23710586123648        0.03016086831969        1.10591596474034
H           -1.32183305043155        1.48204412721166        0.67580741875095
15
 energy: -17.723297436062 gnorm: 0.000272027529 xtb: 6.7.1 (edcfbbe)
C            1.88071192664928        0.63757471938480       -0.27861801676657
C            1.01644780422107       -0.20766139490732        0.65412165428555
O           -0.00004242301569       -0.95212745477860       -0.00042168879736
C           -1.01648701890343       -0.20719136282121       -0.65450117748888
C           -1.88058213570394        0.63765947272897        0.27874597975913
H            1.32269484811916        1.48086563574649       -0.67742413502395
H            2.73212665332288        1.01890792537311        0.27640165669635
H            2.23926616151873        0.02903266280263       -1.10499965067937
H            0.58016953156620        0.42279437599216        1.43916799586255
H            1.62758612686295       -0.97819918298131        1.13018558976770
H           -0.58019070463620        0.42362322044793       -1.43925032543560
H           -1.62775092467941       -0.97740696032829       -1.13092453768633
H           -2.73210627614082        1.01921275982996       -0.27595491731868
H           -2.23897780188602        0.02877174802599        1.10494290758238
H           -1.32249914386441        1.48079273062294        0.67779268894548
15
 energy: -17.723298075443 gnorm: 0.000178299183 xtb: 6.7.1 (edcfbbe)
C            1.88152165818186        0.63710185501685       -0.27892793499455
C            1.01654607742171       -0.20720767746392        0.65396009387039
O           -0.00004095477984       -0.95167270118937       -0.00041361442332
C           -1.01658263016704       -0.20674760756770       -0.65433381258810
C           -1.88139457883815        0.63718127691302        0.27905161382247
H            1.32346049111273        1.47943744274707       -0.67984824495802
H            2.73194994595761        1.01993502545867        0.27673723955788
H            2.24164030902780        0.02749137627580       -1.10391239093248
H            0.58031652710848        0.42399472000696        1.43845302808116
H            1.62724713334837       -0.97764009815419        1.13081527851630
H           -0.58033192116715        0.42480889642236       -1.43853172042271
H           -1.62740427970403       -0.97686362967677       -1.13154563562920
H           -2.73189645342441        1.02027858951593       -0.27631618254303
H           -2.24140884198603        0.02722138193673        1.10382219861302
H           -1.32325585866156        1.47933004489681        0.68025410773260
15
 energy: -17.723298644729 gnorm: 0.000092973612 xtb: 6.7.1 (edcfbbe)
C            1.88233730814405        0.63650143695986       -0.27928181119948
C            1.01655972658361       -0.20665960425615        0.65383330975796
O           -0.00003953409601       -0.95118878679638       -0.00039978195435
C           -1.01658804995656       -0.20620508709554       -0.65419527843165
C           -1.88221898730254        0.63657881256265        0.27939674856441
H            1.32456719704705        1.47814551540239       -0.68208552699284
H            2.73195182657737        1.02048555647797        0.27690446887936
H            2.24381287725781        0.02596602758500       -1.10302825805846
H            0.58020572306176        0.42534708105375        1.43765215701847
H            1.62680982562922       -0.97689934565140        1.13167768843523
H           -0.58020640661441        0.42615200939482       -1.43771793870715
H           -1.62695259941483       -0.97613151729662       -1.13239795433443
H           -2.73187095036902        1.02087005985109       -0.27652182869739
H           -2.24364406734575        0.02568194854656        1.10289878621208
H           -1.32435726577142        1.47800478840026        0.68252924321065
15
 energy: -17.723299097516 gnorm: 0.000108202167 xtb: 6.7.1 (edcfbbe)
C            1.88309797851295        0.63599977410961       -0.27949998619068
C            1.01654251466672       -0.20614134518087        0.65373589604172
O           -0.00004161374118       -0.95077017803471       -0.00038324845692
C           -1.01656376325220       -0.20569286971163       -0.65408804592665
C           -1.88298765402591        0.63607386832030        0.27960783674221
H            1.32590382190041        1.47751414047663       -0.68337289730155
H            2.73252812917637        1.02020372837724        0.27690341664717
H            2.24496003388553        0.02468321699317       -1.10254142555784
H            0.58002669873890        0.42662905192446        1.43686960155533
H            1.62633021974430       -0.97619665751269        1.13255470685762
H           -0.58000424668065        0.42742455041979       -1.43691843964099
H           -1.62645611118163       -0.97543717151181       -1.13327394857148
H           -2.73241559494136        1.02062360415815       -0.27655830409279
H           -2.24485732925446        0.02439132575202        1.10237320449089
H           -1.32569646011746        1.47734385655857        0.68385565710636
15
 energy: -17.723299485066 gnorm: 0.000122306758 xtb: 6.7.1 (edcfbbe)
C            1.88377287243646        0.63553682165975       -0.27966539525457
C            1.01649280937178       -0.20563316767313        0.65374544196829
O           -0.00004219060757       -0.95031031657538       -0.00036818046186
C           -1.01650443857165       -0.20518559120408       -0.65408604127708
C           -1.88367281274191        0.63561124948616        0.27976456534798
H            1.32723658170358        1.47718567462643       -0.68410769732683
H            2.73327077426883        1.01952072870610        0.27677189441517
H            2.24555633648792        0.02364381219856       -1.10231307939559
H            0.57980809133892        0.42778042803740        1.43627014690720
H            1.62582642700493       -0.97557062978234        1.13336088759342
H           -0.57976314005074        0.42857388900228       -1.43629988790844
H           -1.62593483244587       -0.97481149820200       -1.13407843424272
H           -2.73314226408614        1.01996699126995       -0.27646018889109
H           -2.24550271958789        0.02334404354619        1.10211398978260
H           -1.32703487109032        1.47699646004234        0.68461600244594
15
 energy: -17.723299844964 gnorm: 0.000104741503 xtb: 6.7.1 (edcfbbe)
C            1.88444436740507        0.63512645535974       -0.27977754706182
C            1.01645660421076       -0.20514224574607        0.65379122886347
O           -0.00004529773683       -0.94984209626556       -0.00035534640992
C           -1.01646289483512       -0.20469643777164       -0.65412497323669
C           -1.88435037596189        0.63519965263415        0.27987191436895
H            1.32858535595428        1.47701066458807       -0.68461162390323
H            2.73414925526752        1.01868729501984        0.27659902324346
H            2.24587513128181        0.02265496202918       -1.10213241710778
H            0.57965466880036        0.42890727130110        1.43572058327535
H            1.62529536567153       -0.97501124560907        1.13413543085866
H           -0.57958962107412        0.42969782323991       -1.43573501367445
H           -1.62539065763507       -0.97425365747273       -1.13485610370015
H           -2.73400428150464        1.01915100859537       -0.27631314232096
H           -2.24586172555640        0.02235144531487        1.10191089694198
H           -1.32838927085693        1.47680799992108        0.68514111356552
15
 energy: -17.723300178902 gnorm: 0.000066228591 xtb: 6.7.1 (edcfbbe)
C            1.88513131945643        0.63471417737209       -0.27989070658580
C            1.01642475818413       -0.20463587756213        0.65387042255546
O           -0.00004440700420       -0.94932137224358       -0.00034746158064
C           -1.01642407877740       -0.20418894447138       -0.65419648709694
C           -1.88504431555911        0.63478891759590        0.27997893412237
H            1.32986951793760        1.47678825884334       -0.68512064236537
H            2.73500662457064        1.01790177978708        0.27644214920224
H            2.24622018030336        0.02165572316427       -1.10194276712367
H            0.57953512664376        0.43001969415318        1.43523728173760
H            1.62475613880359       -0.97447544989395        1.13486473597454
H           -0.57945715192691        0.43081158809027       -1.43523926153325
H           -1.62484032511418       -0.97371519190540       -1.13558418791787
H           -2.73485880599290        1.01837793976885       -0.27617274744584
H           -2.24622901731428        0.02134915272924        1.10170591394190
H           -1.32967894078022        1.47657849971047        0.68565884781768
15
 energy: -17.723300477545 gnorm: 0.000048987059 xtb: 6.7.1 (edcfbbe)
C            1.88577653215741        0.63433764728293       -0.28000444991717
C            1.01641448229748       -0.20418315575908        0.65393075330253
O           -0.00004769378135       -0.94884389722075       -0.00034450366747
C           -1.01641571771384       -0.20373788082895       -0.65425804686246
C           -1.88568794977181        0.63441058108021        0.28009414910609
H            1.33102551639861        1.47647238489743       -0.68578951914290
H            2.73569760686567        1.01735674555894        0.27632382611489
H            2.24671142204669        0.02067464081783       -1.10164073162223
H            0.57947312680360        0.43107322900822        1.43475712185287
H            1.62425446481335       -0.97399764534478        1.13555073151138
H           -0.57939084025435        0.43186262374409       -1.43475713347034
H           -1.62433814917831       -0.97323962681914       -1.13627376689147
H           -2.73554250222705        1.01783280494990       -0.27605902600814
H           -2.24672847888319        0.02036915193613        1.10140216416154
H           -1.33083519614258        1.47626129183526        0.68633245523529
15
 energy: -17.723300742601 gnorm: 0.000056979511 xtb: 6.7.1 (edcfbbe)
C            1.88638771533053        0.63397606244053       -0.28012223052149
C            1.01640065468584       -0.20375205278990        0.65397392109873
O           -0.00004411557239       -0.94840076905988       -0.00034718340683
C           -1.01639929422224       -0.20330434670023       -0.65429896403602
C           -1.88630114033378        0.63405170102819        0.28020951668756
H            1.33203607608165        1.47609707947410       -0.68648729425788
H            2.73628590732564        1.01695115453687        0.27626291098526
H            2.24728352445259        0.01973231514173       -1.10134074437912
H            0.57941382108444        0.43203870657514        1.43432396792471
H            1.62380632769594       -0.97353853116547        1.13615393413925
H           -0.57933525331560        0.43283117640735       -1.43432392518423
H           -1.62388984374630       -0.97277643825401       -1.13687285587078
H           -2.73614193186672        1.01742499575059       -0.27599291375275
H           -2.24728900263046        0.01942774683371        1.10110527762224
H           -1.33184682153882        1.47589009491952        0.68702060665376
15
 energy: -17.723300984939 gnorm: 0.000068966944 xtb: 6.7.1 (edcfbbe)
C            1.88693381501442        0.63364440328067       -0.28024833845754
C            1.01640070934810       -0.20337893685743        0.65398912316044
O           -0.00004662067945       -0.94800903970222       -0.00035280665598
C           -1.01640645427968       -0.20293249341040       -0.65432144809640
C           -1.88684020964571        0.63371834581026        0.28034161430238
H            1.33292664469403        1.47566145109985       -0.68730776630062
H            2.73670781444151        1.01673681623254        0.27623603176123
H            2.24797936586884        0.01884434596466       -1.10097290399168
H            0.57936607164046        0.43292685010307        1.43388193143472
H            1.62341374484958       -0.97312241874428        1.13672468358220
H           -0.57929644222190        0.43371733916139       -1.43389103177847
H           -1.62350684973426       -0.97236253587198       -1.13744681073543
H           -2.73656543655364        1.01719649762942       -0.27595210135678
H           -2.24796537643891        0.01854520089698        1.10075215489630
H           -1.33273415287305        1.47546306954571        0.68783169193804
15
 energy: -17.723301214121 gnorm: 0.000062819682 xtb: 6.7.1 (edcfbbe)
C            1.88746188386719        0.63331573193027       -0.28037705567358
C            1.01639134178158       -0.20301973685117        0.65398062721165
O           -0.00004304738570       -0.94766541963174       -0.00036167970236
C           -1.01639848213601       -0.20256967069620       -0.65431537247108
C           -1.88736623608196        0.63339289864764        0.28047151910199
H            1.33375993770950        1.47518985836169       -0.68815353687120
H            2.73707058482806        1.01660005545666        0.27623593073400
H            2.24873541622014        0.01797990366036       -1.10060470951000
H            0.57930658282072        0.43376880017042        1.43344888971981
H            1.62305020263969       -0.97270346789595        1.13725538757934
H           -0.57925018883748        0.43456379599848       -1.43346595300502
H           -1.62315104162473       -0.97193811494523       -1.13797360682177
H           -2.73694785154847        1.01704452833122       -0.27593322374565
H           -2.24868651246917        0.01768461767142        1.10040121068506
H           -1.33356596635304        1.47500511493034        0.68865559647123
15
 energy: -17.723301433274 gnorm: 0.000047148275 xtb: 6.7.1 (edcfbbe)
C            1.88797062587096        0.63299038079698       -0.28051160246951
C            1.01638772919422       -0.20266996821049        0.65396442271559
O           -0.00004539996749       -0.94731546545309       -0.00037057254929
C           -1.01640365038226       -0.20222028324995       -0.65430885695013
C           -1.88786617515778        0.63306635683688        0.28061365680510
H            1.33457877432282        1.47472593975358       -0.68901163695857
H            2.73741211585925        1.01646725226777        0.27624943278780
H            2.24950095354047        0.01712593084237       -1.10024044260701
H            0.57923170142171        0.43460141724197        1.43299834938959
H            1.62270567896108       -0.97228392382001        1.13779722966984
H           -0.57918799695839        0.43539570104649       -1.43302791239281
H           -1.62281954110182       -0.97151937352990       -1.13851990992670
H           -2.73729641980139        1.01688950243499       -0.27592411515428
H           -2.24941920086572        0.01683942992730        1.10005928054975
H           -1.33438257150535        1.47455599825337        0.68949670079304
15
 energy: -17.723301618862 gnorm: 0.000036261346 xtb: 6.7.1 (edcfbbe)
C            1.88847322099960        0.63270543942057       -0.28060917642064
C            1.01639648479391       -0.20234294310822        0.65394215263090
O           -0.00004274516150       -0.94699706998400       -0.00037118800570
C           -1.01640926036854       -0.20189049694884       -0.65428340136740
C           -1.88837184580612        0.63278368185771        0.28070855737631
H            1.33546115862539        1.47443497814868       -0.68962107319086
H            2.73787528650952        1.01617783222021        0.27622911294304
H            2.25010623742125        0.01642288830865       -1.09998884409613
H            0.57920018645995        0.43531325335620        1.43264993235903
H            1.62242443431931       -0.97192044505682        1.13821408476069
H           -0.57915736140806        0.43611114307969       -1.43267733536339
H           -1.62253688164509       -0.97115129676013       -1.13893322222176
H           -2.73776790324931        1.01659929633397       -0.27590328597000
H           -2.25001817172209        0.01613554423220        1.09980753080392
H           -1.33526621633791        1.47426709003837        0.69010017946441
15
 energy: -17.723301794367 gnorm: 0.000038155945 xtb: 6.7.1 (edcfbbe)
C            1.88890648951617        0.63242059107345       -0.28072475473578
C            1.01638989069919       -0.20204117059280        0.65393030178779
O           -0.00004427973502       -0.94670309639493       -0.00037311658190
C           -1.01640534083367       -0.20158844583582       -0.65427478072749
C           -1.88880245862607        0.63249923371809        0.28082657463883
H            1.33622725841452        1.47410765015247       -0.69027737617778
H            2.73823159249772        1.01594736584513        0.27620397391985
H            2.25065286993081        0.01570224724097       -1.09973006608391
H            0.57912773027718        0.43606167365933        1.43223147733872
H            1.62210175248113       -0.97155494098580        1.13871933434446
H           -0.57908694355083        0.43685929017866       -1.43226194432819
H           -1.62221732944957       -0.97078548974991       -1.13944112671250
H           -2.73812623309786        1.01636168162532       -0.27587278477399
H           -2.25055567152086        0.01541719101442        1.09955565614694
H           -1.33603270357252        1.47394511418967        0.69075265564737
15
 energy: -17.723301963180 gnorm: 0.000034217350 xtb: 6.7.1 (edcfbbe)
C            1.88933666843815        0.63212243209942       -0.28084466388589
C            1.01635892481249       -0.20172211306995        0.65393730588172
O           -0.00004358847182       -0.94641331499558       -0.00037565198909
C           -1.01637466047464       -0.20126765512646       -0.65428266256549
C           -1.88923202923367        0.63220166523988        0.28094687015410
H            1.33692405287442        1.47372006390654       -0.69094257817459
H            2.73856323176276        1.01575581420785        0.27615757440956
H            2.25118648239551        0.01495910920185       -1.09946508457443
H            0.57902613604253        0.43681853282081        1.43183289631926
H            1.62175592315170       -0.97115989320177        1.13922834922110
H           -0.57898810850629        0.43761878587548       -1.43186451503951
H           -1.62187394152505       -0.97038717696002       -1.13995013278025
H           -2.73846494160173        1.01616315483627       -0.27581945328071
H           -2.25107726992382        0.01467650720745        1.09929669740955
H           -1.33673025631022        1.47356298309646        0.69140907259710
15
 energy: -17.723302122420 gnorm: 0.000031465646 xtb: 6.7.1 (edcfbbe)
C            1.88976056429141        0.63184816213231       -0.28095395541910
C            1.01634406179396       -0.20141732261694        0.65394991708229
O           -0.00004405761397       -0.94611709366767       -0.00037867557448
C           -1.01636214026293       -0.20096200980345       -0.65429775023153
C           -1.88965372728327        0.63192784928776        0.28105816223483
H            1.33762585299940        1.47335416515183       -0.69161791793567
H            2.73889452561692        1.01558424459583        0.27610868050613
H            2.25171579724337        0.01422011206932       -1.09917129134291
H            0.57895011702573        0.43754533258048        1.43145612397495
H            1.62143375504498       -0.97079138771893        1.13971965037759
H           -0.57891601817739        0.43834686657457       -1.43149045405943
H           -1.62155524998434       -0.97001717322730       -1.14044328929321
H           -2.73880145712122        1.01598345766452       -0.27576318606196
H           -2.25159347077964        0.01394007915540        1.09901105375185
H           -1.33743192936267        1.47320361296051        0.69207695569305
15
 energy: -17.723302270237 gnorm: 0.000030513413 xtb: 6.7.1 (edcfbbe)
C            1.89018016102926        0.63157858135119       -0.28106149631248
C            1.01633442412240       -0.20111485556044        0.65395468517062
O           -0.00004429091586       -0.94581899156380       -0.00038173158476
C           -1.01635430778417       -0.20065850306232       -0.65430512326346
C           -1.89007119773841        0.63165838662381        0.28116756653472
H            1.33831258362741        1.47299847597680       -0.69225778639190
H            2.73921575252881        1.01541149348929        0.27608430402275
H            2.25225333629375        0.01351783788056       -1.09890142941732
H            0.57889180060461        0.43824288911641        1.43110295642700
H            1.62112988676590       -0.97044239573223        1.14016280746990
H           -0.57886136741933        0.43904546927222       -1.43114084684984
H           -1.62125503723840       -0.96966657642942       -1.14088740028648
H           -2.73912741611705        1.01580306647072       -0.27573120698739
H           -2.25211909525043        0.01324055433165        1.09874896073434
H           -1.33811860907816        1.47285346297379        0.69270976443671
15
 energy: -17.723302407156 gnorm: 0.000029520291 xtb: 6.7.1 (edcfbbe)
C            1.89059370220633        0.63132760640612       -0.28115756016532
C            1.01633492534719       -0.20083565705633        0.65394859684410
O           -0.00004331286059       -0.94554444019807       -0.00038421496751
C           -1.01635534663455       -0.20037822649221       -0.65429941444745
C           -1.89048417897667        0.63140841087596        0.28126380630020
H            1.33899347749958        1.47266987715619       -0.69287039971511
H            2.73954109370232        1.01524872625412        0.27606133170283
H            2.25278610000838        0.01286098952374       -1.09863427523198
H            0.57885506964247        0.43889930957816        1.43076103650098
H            1.62084693191077       -0.97011956183803        1.14057716320737
H           -0.57882832342491        0.43970392045514       -1.43079986706602
H           -1.62097427102398       -0.96934164131068       -1.14130126184788
H           -2.73945878415197        1.01563533360791       -0.27570283320502
H           -2.25264115519454        0.01258493262473        1.09848635189234
H           -1.33879930461952        1.47252931555148        0.69331556390087
15
 energy: -17.723302534021 gnorm: 0.000028421300 xtb: 6.7.1 (edcfbbe)
C            1.89098686181774        0.63108028530894       -0.28125573043554
C            1.01633404865035       -0.20055868680088        0.65394928638467
O           -0.00004441398766       -0.94526233949769       -0.00038608928382
C           -1.01635658484079       -0.20010098181528       -0.65430292347874
C           -1.89087516921096        0.63116065028098        0.28136424103681
H            1.33964935435074        1.47235803697637       -0.69345139791625
H            2.73984760380012        1.01507395953074        0.27604626430697
H            2.25329672557076        0.01222862740571       -1.09839178860758
H            0.57881532101153        0.43953356675899        1.43044418831964
H            1.62057988156638       -0.96980504705871        1.14097162004741
H           -0.57879066126124        0.44033739955412       -1.43048669795305
H           -1.62071007461218       -0.96902706489325       -1.14169715024171
H           -2.73976623336274        1.01545548684066       -0.27568323739003
H           -2.25314545127985        0.01195447827981        1.09824980532845
H           -1.33945458478190        1.47222052426773        0.69389363358518
15
 energy: -17.723302652119 gnorm: 0.000027495884 xtb: 6.7.1 (edcfbbe)
C            1.89137162202599        0.63084878916437       -0.28134282428652
C            1.01633461800878       -0.20029954532622        0.65394039643659
O           -0.00004272593534       -0.94501082099983       -0.00038688103403
C           -1.01635596012832       -0.19984112682559       -0.65429245017167
C           -1.89126093922870        0.63093020603238        0.28144976902224
H            1.34028501226622        1.47206199734211       -0.69400345567839
H            2.74015986855180        1.01491065578501        0.27602587643988
H            2.25377388550187        0.01162048615365       -1.09815087772341
H            0.57878302153456        0.44014409807555        1.43012280801908
H            1.62031813421391       -0.96950470818388        1.14135246383798
H           -0.57875990484497        0.44095001275509       -1.43016364990165
H           -1.62044824480682       -0.96872494545508       -1.14207627198529
H           -2.74008282284691        1.01529160834023       -0.27566127804868
H           -2.25361827995746        0.01134642507358        1.09800839186692
H           -1.34009066092428        1.47192576320688        0.69444200690937
15
 energy: -17.723302762097 gnorm: 0.000026348531 xtb: 6.7.1 (edcfbbe)
C            1.89173188355156        0.63061752407164       -0.28143393471991
C            1.01632864965553       -0.20004164938879        0.65394675423468
O           -0.00004407995015       -0.94475186943144       -0.00038692607951
C           -1.01635143192829       -0.19958357869574       -0.65430037650333
C           -1.89161995340197        0.63069826035166        0.28154240594113
H            1.34089672511072        1.47178048440769       -0.69453179690054
H            2.74045330678975        1.01473215759820        0.27599668963528
H            2.25422256783762        0.01103544036439       -1.09793388328119
H            0.57873653436115        0.44073692834748        1.42982745253020
H            1.62006145717513       -0.96920648910635        1.14173423350157
H           -0.57871319944380        0.44154117353605       -1.42986990237785
H           -1.62019253140894       -0.96842754560144       -1.14245932529520
H           -2.74037402284969        1.01511179381761       -0.27563200319507
H           -2.25406751927771        0.01076192377802        1.09779319745411
H           -1.34070176279057        1.47164434108925        0.69497143875805
15
 energy: -17.723302864830 gnorm: 0.000025423953 xtb: 6.7.1 (edcfbbe)
C            1.89208398163692        0.63039765583799       -0.28151648251522
C            1.01632464098004       -0.19979495829909        0.65394566996543
O           -0.00004324974323       -0.94451242400338       -0.00038613766756
C           -1.01634607777283       -0.19933687586207       -0.65429776290166
C           -1.89197326855480        0.63047859454650        0.28162353461682
H            1.34148485361554        1.47151278991329       -0.69502679541135
H            2.74075033451814        1.01455637186107        0.27597045471192
H            2.25463587359460        0.01046276984067       -1.09772215887586
H            0.57869516665677        0.44131583073392        1.42952694141897
H            1.61981526623116       -0.96891647556920        1.14210078012332
H           -0.57867080389647        0.44212045501081       -1.42956740232086
H           -1.61994490695065       -0.96813713037351       -1.14282475399914
H           -2.74067126348058        1.01493835188087       -0.27560746491131
H           -2.25448348711173        0.01018896724616        1.09757851679854
H           -1.34129043629254        1.47137497237421        0.69546708467037
15
 energy: -17.723302960755 gnorm: 0.000024512049 xtb: 6.7.1 (edcfbbe)
C            1.89241989994722        0.63018292592200       -0.28159911159654
C            1.01631628673606       -0.19955488507570        0.65395128090400
O           -0.00004369936957       -0.94427827594302       -0.00038477059855
C           -1.01633757937930       -0.19909744369518       -0.65430271682209
C           -1.89230946094144        0.63026362555595        0.28170582291847
H            1.34206265405711        1.47126133059074       -0.69550383390007
H            2.74103917653009        1.01437422765232        0.27593384618058
H            2.25502830204133        0.00991932929558       -1.09752753744791
H            0.57864726054318        0.44187150259910        1.42924545876833
H            1.61956739391472       -0.96863586913974        1.14246500235158
H           -0.57862129469118        0.44267502062241       -1.42928450530527
H           -1.61969595982435       -0.96785735647978       -1.14318898991255
H           -2.74095720692565        1.01475865803677       -0.27557412432473
H           -2.25488096662871        0.00964471057039        1.09738086135879
H           -1.34186818257919        1.47112139462639        0.69594734112838
