----------------------------------------------- 
  Element       SASA      Sigma Z        Total  
     Z         Ang**2 cal/Ang**2/mol   kcal/mol 
----------------------------------------------- 
      H        121.613      48.690       5.921
      C         19.664     129.740       2.551
      O         18.484       0.000       0.000

 Subtotal:     159.761                   8.473
 -----------------------------------------------

  Elements    COT*SASA   Sigma Z,Z'     Total   
    Z,Z'       Ang**2  cal/Ang**2/mol kcal/mol  
 ---------------------------------------------- 
  H   C         72.436     -60.770      -4.402
  H   O          9.765       0.000       0.000
  C   C         16.005     -72.950      -1.168
  O   C          0.000      68.690       0.000

 Subtotal:                              -5.569
 ---------------------------------------------- 

 NONAQUEOUS SOLVENT CONTRIBUTION (kcal/mol):
 (proportional to SASA, atomic number independent)
 ---------------------------------------------- 
 Subtotal:                               0.000
 ---------------------------------------------- 

 CDS TOTAL (kcal/mol):                   2.903
...............................................................................
