----------------------------------------------- 
  Element       SASA      Sigma Z        Total  
     Z         Ang**2 cal/Ang**2/mol   kcal/mol 
----------------------------------------------- 
      H        117.637      48.690       5.728
      C         19.869     129.740       2.578
      O         19.244       0.000       0.000

 Subtotal:     156.750                   8.306
 -----------------------------------------------

  Elements    COT*SASA   Sigma Z,Z'     Total   
    Z,Z'       Ang**2  cal/Ang**2/mol kcal/mol  
 ---------------------------------------------- 
  H   C         70.494     -60.770      -4.284
  H   O          9.020       0.000       0.000
  C   C         16.546     -72.950      -1.207
  O   C          0.000      68.690       0.000

 Subtotal:                              -5.491
 ---------------------------------------------- 

 NONAQUEOUS SOLVENT CONTRIBUTION (kcal/mol):
 (proportional to SASA, atomic number independent)
 ---------------------------------------------- 
 Subtotal:                               0.000
 ---------------------------------------------- 

 CDS TOTAL (kcal/mol):                   2.815
...............................................................................
