----------------------------------------------- 
  Element       SASA      Sigma Z        Total  
     Z         Ang**2 cal/Ang**2/mol   kcal/mol 
----------------------------------------------- 
      H        115.682      48.690       5.633
      C         27.067     129.740       3.512
      O         12.875       0.000       0.000

 Subtotal:     155.623                   9.144
 -----------------------------------------------

  Elements    COT*SASA   Sigma Z,Z'     Total   
    Z,Z'       Ang**2  cal/Ang**2/mol kcal/mol  
 ---------------------------------------------- 
  H   C         77.966     -60.770      -4.738
  H   O          0.000       0.000       0.000
  C   C         16.593     -72.950      -1.210
  O   C          0.001      68.690       0.000

 Subtotal:                              -5.948
 ---------------------------------------------- 

 NONAQUEOUS SOLVENT CONTRIBUTION (kcal/mol):
 (proportional to SASA, atomic number independent)
 ---------------------------------------------- 
 Subtotal:                               0.000
 ---------------------------------------------- 

 CDS TOTAL (kcal/mol):                   3.196
...............................................................................
