15
 energy: -17.721561344065 gnorm: 0.026706450270 xtb: 6.7.1 (edcfbbe)
C            1.66698604556043        0.79003144630042        0.40610660129166
C            1.27767414489873       -0.56304288523665       -0.16272151338243
O           -0.04500582597325       -0.59394246465696       -0.72330902471633
C           -1.10503904403110       -0.47743459687561        0.24773899095169
C           -1.80817377373572        0.86387124571035        0.14866417191484
H            1.59108314430427        1.57057573299462       -0.35762606810917
H            1.03724911794211        1.06689441993900        1.25638250331465
H            2.70354655129783        0.75089101378545        0.75687140859881
H            1.36741164904239       -1.34352989651059        0.60786777014987
H            1.94319745114423       -0.83065292148347       -0.98997694724623
H           -1.81628997358643       -1.28693583629209        0.04085734220482
H           -0.70638210948349       -0.63797749802294        1.25745828611853
H           -2.64706367392140        0.89530934811022        0.85200218200451
H           -1.13008437776383        1.68912676623620        0.38349773597161
H           -2.20467515200391        1.01619057237378       -0.85999804735869
15
 energy: -17.722386193082 gnorm: 0.011863645154 xtb: 6.7.1 (edcfbbe)
C            1.67667063016256        0.79387889065638        0.40894055100467
C            1.27389154845240       -0.55951661412896       -0.15628637340480
O           -0.04187465613544       -0.59613492248230       -0.70381355705293
C           -1.10536602784512       -0.47685267402082        0.24810337148828
C           -1.81247741010852        0.86574861879734        0.15056026540401
H            1.58628336726331        1.56396960861573       -0.35543860997408
H            1.05168001831111        1.06643107768708        1.25763349543532
H            2.71153372667674        0.75202036315999        0.74530244323798
H            1.36376204841788       -1.33800505547241        0.61460971646570
H            1.92088581769717       -0.82648036821906       -0.99632090709868
H           -1.81017424694859       -1.28535030610784        0.02004692302564
H           -0.71412705091027       -0.63858845678265        1.25820168405860
H           -2.64976522211855        0.89144158212572        0.84670243057166
H           -1.13526391956111        1.68438652380818        0.38489994991902
H           -2.19122444966271        1.01242617873535       -0.85932599137225
15
 energy: -17.722567979821 gnorm: 0.002835514102 xtb: 6.7.1 (edcfbbe)
C            1.68239762868500        0.79844397810817        0.40893089065877
C            1.27005334522744       -0.55806170420402       -0.15154002949135
O           -0.04023557854802       -0.59848150077346       -0.69046599880826
C           -1.10653353754715       -0.47961092720682        0.24745960655685
C           -1.81316342304992        0.86755696417543        0.15091294096816
H            1.58101939490789        1.56295681744737       -0.35627900504218
H            1.06554251214168        1.06833360057099        1.26190294413335
H            2.71817950304214        0.75278304982580        0.73092836097663
H            1.36772186246511       -1.33175120428176        0.62357468134574
H            1.90786463615219       -0.82543851029659       -0.99729979703480
H           -1.81262897569874       -1.28177220501885        0.00264834018630
H           -0.72945864369317       -0.64757115804647        1.26166265658018
H           -2.65150143121871        0.88728317810423        0.84048736635449
H           -1.13507593168891        1.68063368528556        0.39178684209900
H           -2.17974718748596        1.01407038268215       -0.86089440777472
15
 energy: -17.722597658647 gnorm: 0.001069673148 xtb: 6.7.1 (edcfbbe)
C            1.68325349726781        0.80085408267364        0.40734582555698
C            1.26858846664560       -0.55830976565479       -0.14924525000127
O           -0.03991070980463       -0.60172976338542       -0.68718014678795
C           -1.10842934872245       -0.48263049599347        0.24546450819429
C           -1.81152494021093        0.86839594801591        0.15167321318952
H            1.57579928608181        1.56431429104434       -0.35820079535986
H            1.07213931375806        1.07047473527178        1.26471059983411
H            2.72136545555613        0.75540415052461        0.72153903235602
H            1.37062483025629       -1.32817923592170        0.62983402009301
H            1.90715382517019       -0.82741887056109       -0.99371476729441
H           -1.81776406474288       -1.28004892819997       -0.00550416650666
H           -0.73931070962783       -0.65603292262403        1.26210143933560
H           -2.65300600135818        0.88665063625801        0.83725883212887
H           -1.13203222067163        1.67849517018821        0.39931440256387
H           -2.17251250590651        1.01913541473571       -0.86158135559396
15
 energy: -17.722626908167 gnorm: 0.002796934919 xtb: 6.7.1 (edcfbbe)
C            1.68167209538767        0.80536877843240        0.40319618354862
C            1.26610207110718       -0.55948292043328       -0.14398963629555
O           -0.03946058164165       -0.61036275788733       -0.68389269431803
C           -1.11222046133873       -0.48889012896527        0.24072484483261
C           -1.80536940703307        0.86990840112580        0.15358337228243
H            1.55986914392282        1.56747545505623       -0.36252842755281
H            1.08360168827050        1.07445165437122        1.27073280356799
H            2.72565342185613        0.76419491538084        0.70072408825304
H            1.37282861335882       -1.32130577569085        0.64356247849172
H            1.90957205738440       -0.83410304623443       -0.98325662839149
H           -1.82859727541299       -1.27658114234512       -0.02135680954474
H           -0.75596021315549       -0.67464197421217        1.26068640426391
H           -2.65464288342678        0.88655734244634        0.83052465416929
H           -1.12307546760538        1.67349981133177        0.41738521809560
H           -2.15553862798256        1.03328583399558       -0.86228045969443
15
 energy: -17.722642095140 gnorm: 0.002408973166 xtb: 6.7.1 (edcfbbe)
C            1.67940527205223        0.80666482217227        0.40147656490752
C            1.26566558310137       -0.56011146824488       -0.14158201046526
O           -0.03900480257323       -0.61403427490329       -0.68406845690497
C           -1.11325092707651       -0.49063435664444        0.23876915317171
C           -1.80167728640277        0.87045670886737        0.15481252520881
H            1.55156686172646        1.56753014413401       -0.36457899637120
H            1.08543270506403        1.07542553950131        1.27185417461541
H            2.72514296998338        0.76934466194568        0.69359985470159
H            1.37080346010971       -1.31918563798159        0.64876390488788
H            1.91130980603710       -0.83758891459820       -0.97844754988294
H           -1.83162345900414       -1.27514142362243       -0.02720870749642
H           -0.75932776768830       -0.68091747899075        1.25867029659999
H           -2.65374533395338        0.88688342202022        0.82846740650302
H           -1.11850674337191        1.67117728492169        0.42489472510079
H           -2.14775616431318        1.03950541779476       -0.86160749286778
15
 energy: -17.722672747273 gnorm: 0.000970433223 xtb: 6.7.1 (edcfbbe)
C            1.67316207933562        0.80932652637911        0.39773292590528
C            1.26529468644756       -0.56172889130412       -0.13579077681388
O           -0.03771272411996       -0.62287653496534       -0.68447750177753
C           -1.11533892266477       -0.49402263102618        0.23486136548221
C           -1.79227781928711        0.87203289050092        0.15768228638917
H            1.52908990327737        1.56633279176299       -0.36931011244669
H            1.08815650704052        1.07599123501991        1.27455004775272
H            2.72286649515294        0.78301190523887        0.67684939400292
H            1.36555317736650       -1.31495051839041        0.66030828194815
H            1.91495347707147       -0.84544381385908       -0.96773703919762
H           -1.83780442290108       -1.27122075634688       -0.04051201980783
H           -0.76556341915168       -0.69471162353228        1.25401058385921
H           -2.65079988016598        0.88792029470208        0.82324464952650
H           -1.10722100277191        1.66569891768555        0.44242830490983
H           -2.12792396093863        1.05401465450657       -0.86002499802425
15
 energy: -17.722691698691 gnorm: 0.001325323055 xtb: 6.7.1 (edcfbbe)
C            1.66436088588773        0.81376344453863        0.39192398850037
C            1.26483274888967       -0.56439447226726       -0.12704561194247
O           -0.03558009312437       -0.63614041380892       -0.68337790742919
C           -1.11887008233080       -0.49966217108460        0.22931974874198
C           -1.77827535648833        0.87475864415293        0.16226099264448
H            1.49643029514227        1.56377996449257       -0.37713298331822
H            1.09191378892882        1.07774937025587        1.27751940719363
H            2.71917082312549        0.80375660346748        0.65214831754436
H            1.36009074203954       -1.30877675536874        0.67759995834587
H            1.91889930874257       -0.85644358609671       -0.95264940140520
H           -1.84777746085265       -1.26506007994092       -0.06161712775948
H           -0.77759265225517       -0.71650868806456        1.24819724822564
H           -2.64707970870851        0.88957908369269        0.81437887866885
H           -1.09013731573054        1.65704299338432        0.47012666193272
H           -2.09595174957486        1.07593050901894       -0.85783677823513
15
 energy: -17.722696664676 gnorm: 0.000553384108 xtb: 6.7.1 (edcfbbe)
C            1.66340319397321        0.81499245152366        0.39036594890697
C            1.26448479299321       -0.56484561818394       -0.12553888848085
O           -0.03524458462324       -0.63845906064334       -0.68225281579221
C           -1.11981027729898       -0.50124925903353        0.22817662340430
C           -1.77591441609063        0.87516100369894        0.16363365041233
H            1.49362469134749        1.56257525892473       -0.37975493517025
H            1.09201253222947        1.08035496327510        1.27598111734772
H            2.71791539833112        0.80666837699692        0.64895734765255
H            1.36049430941523       -1.30699113140584        0.68106538185899
H            1.91899583261184       -0.85819266643950       -0.94999278600589
H           -1.85003851450689       -1.26349406568494       -0.06659757872986
H           -0.78233674516919       -0.72183945494670        1.24747748505045
H           -2.64723341865301        0.88988537184944        0.81194725447001
H           -1.08752969598916        1.65443288541595        0.47711690532672
H           -2.08838892487961        1.08037539102475       -0.85676931854277
15
 energy: -17.722700338395 gnorm: 0.000403637714 xtb: 6.7.1 (edcfbbe)
C            1.66338602334857        0.81621235813496        0.38881808806685
C            1.26402379025762       -0.56498287141835       -0.12426269256476
O           -0.03528926419602       -0.63996652947767       -0.68083807028674
C           -1.12086538192713       -0.50270020447200        0.22764716140538
C           -1.77443277031460        0.87540482642799        0.16486163186184
H            1.49383817508895        1.56161442856649       -0.38347251542277
H            1.09122458558707        1.08360704957226        1.27345446178329
H            2.71774364470373        0.80780981312608        0.64786938015349
H            1.36116323129394       -1.30534825268395        0.68388480922719
H            1.91863474744496       -0.85937147339380       -0.94813572755189
H           -1.85204555753306       -1.26236856801399       -0.07073387771441
H           -0.78666704859470       -0.72646375740539        1.24729814092211
H           -2.64884000321819        0.88922233886484        0.80901602775797
H           -1.08615556718078        1.65210571375664        0.48474378049282
H           -2.08128443106953        1.08459957478760       -0.85633520642217
15
 energy: -17.722703463826 gnorm: 0.000557070986 xtb: 6.7.1 (edcfbbe)
C            1.66352954821721        0.81704091538551        0.38713593698607
C            1.26378550393709       -0.56504861466523       -0.12368757175629
O           -0.03532254030521       -0.64066543232148       -0.68043647883098
C           -1.12150557567381       -0.50359383860288        0.22719039411065
C           -1.77373817288763        0.87541013000018        0.16641340400564
H            1.49829752618483        1.56079941436445       -0.38758527571593
H            1.08868011539297        1.08792510454142        1.26900398253897
H            2.71683404942770        0.80731575888669        0.65019590422962
H            1.36081868128453       -1.30394012675206        0.68586544230377
H            1.91863633063941       -0.86099019219579       -0.94687815046245
H           -1.85320327873264       -1.26171567610919       -0.07348412213797
H           -0.78900517009736       -0.72965067504403        1.24684352971994
H           -2.65104199320175        0.88784173169212        0.80666028623955
H           -1.08650487638800        1.65059724997239        0.49195999010134
H           -2.07582597410650        1.08804869721959       -0.85538187962373
15
 energy: -17.722706271016 gnorm: 0.000326940390 xtb: 6.7.1 (edcfbbe)
C            1.66404050262270        0.81778199690775        0.38524417453707
C            1.26337585561417       -0.56480994285275       -0.12300431289066
O           -0.03545064104198       -0.64090589617657       -0.68044342575720
C           -1.12208238393546       -0.50426975481383        0.22669695035768
C           -1.77327307599468        0.87529172694794        0.16808818484208
H            1.50424945338086        1.55973296284833       -0.39261791464471
H            1.08554660376896        1.09256236653567        1.26357099175311
H            2.71625589237979        0.80630814238385        0.65354433524650
H            1.35933574647260       -1.30204223651177        0.68817809356760
H            1.91864636365665       -0.86293606586761       -0.94511074036956
H           -1.85424666029956       -1.26109551312808       -0.07624496220389
H           -0.79037051535816       -0.73284779793882        1.24610847245328
H           -2.65364091587120        0.88543006180769        0.80410544946484
H           -1.08755212274690        1.64910933804009        0.50002372748356
H           -2.07039992895695        1.09206505818981       -0.85432363213149
15
 energy: -17.722707694164 gnorm: 0.000138387923 xtb: 6.7.1 (edcfbbe)
C            1.66435712440235        0.81840130591363        0.38361899587797
C            1.26326983899578       -0.56480755037767       -0.12223731888218
O           -0.03520448346223       -0.64083721840218       -0.68069319362212
C           -1.12252029594296       -0.50465653391725        0.22586295281561
C           -1.77297572812786        0.87525461021249        0.16960565200679
H            1.50844940415689        1.55898366831643       -0.39648117443212
H            1.08367675664781        1.09638909927774        1.25953559115841
H            2.71581162550852        0.80579782432193        0.65541205595530
H            1.35737060587865       -1.30059401312096        0.69048113529378
H            1.91906381615836       -0.86536977709108       -0.94314318428543
H           -1.85488048129886       -1.26064895681038       -0.07893150056585
H           -0.79135539234209       -0.73532749734697        1.24504886098308
H           -2.65584398776485        0.88328067992588        0.80226786497888
H           -1.08851228663305        1.64804316154300        0.50672515140272
H           -2.06627234248562        1.09546564392711       -0.85325649697663
15
 energy: -17.722708364500 gnorm: 0.000140210585 xtb: 6.7.1 (edcfbbe)
C            1.66480852010582        0.81878928685296        0.38269659462378
C            1.26302777157948       -0.56472152900372       -0.12145910526439
O           -0.03509822503695       -0.64070265897883       -0.68097236308029
C           -1.12287508128336       -0.50500299884444        0.22514091322128
C           -1.77275906773837        0.87517579397901        0.17041352616579
H            1.51001965400171        1.55835735477790       -0.39861339628951
H            1.08360426290378        1.09843959414126        1.25767715153792
H            2.71607040130679        0.80602637233096        0.65543556452731
H            1.35580263850920       -1.29936531363880        0.69243877943149
H            1.91936628150509       -0.86702423276463       -0.94130973775325
H           -1.85538147679769       -1.26030267601192       -0.08119521041123
H           -0.79225015387584       -0.73729856101012        1.24419767191013
H           -2.65688036565751        0.88202479398382        0.80124166827636
H           -1.08899558158760        1.64717216829869        0.51061956866485
H           -2.06402540424369        1.09780705225958       -0.85249623385203
15
 energy: -17.722708906653 gnorm: 0.000153067663 xtb: 6.7.1 (edcfbbe)
C            1.66518445977159        0.81920008793946        0.38197543207468
C            1.26296099361487       -0.56473507906923       -0.12056428134513
O           -0.03478124498311       -0.64045999137968       -0.68101949929163
C           -1.12326133680641       -0.50528661688347        0.22433504697699
C           -1.77261020017930        0.87515493813951        0.17104312619815
H            1.51015420683650        1.55794832978761       -0.40006022542636
H            1.08448236076606        1.09988023718452        1.25693892986814
H            2.71657821532770        0.80651947628614        0.65417286864453
H            1.35438812523901       -1.29837582992512        0.69435093754806
H            1.91977398828421       -0.86862333343139       -0.93944741623507
H           -1.85583765570394       -1.25990725401745       -0.08356546317518
H           -0.79348287459285       -0.73904715322658        1.24334812477726
H           -2.65767773383519        0.88109105408970        0.80056331655498
H           -1.08913463073195        1.64634067838122        0.51365741220830
H           -2.06230249931635        1.09967490249645       -0.85191291766953
15
 energy: -17.722709401462 gnorm: 0.000100929438 xtb: 6.7.1 (edcfbbe)
C            1.66563216369000        0.81968325114151        0.38131173706141
C            1.26279564978804       -0.56476665066083       -0.11946811877934
O           -0.03448064219120       -0.64030048599397       -0.68104103665856
C           -1.12376452115427       -0.50573781842185        0.22336724090238
C           -1.77235219108918        0.87515690179644        0.17163645063435
H            1.50956668621772        1.55754970888850       -0.40130961977408
H            1.08600123732339        1.10129674763720        1.25667289578947
H            2.71734064303503        0.80738546193205        0.65217157414090
H            1.35299167384935       -1.29726610673439        0.69658960090476
H            1.92012348692969       -0.87031831919857       -0.93730825356256
H           -1.85636852371322       -1.25951743973627       -0.08645612261932
H           -0.79518269861087       -0.74121576462870        1.24237313818562
H           -2.65818951863265        0.88041650999499        0.80006613707547
H           -1.08897769808399        1.64542070632718        0.51645964776916
H           -2.06070157366701        1.10158774402840       -0.85124987936144
15
 energy: -17.722709705456 gnorm: 0.000055864536 xtb: 6.7.1 (edcfbbe)
C            1.66589510894460        0.82014000149817        0.38072446280616
C            1.26271360403314       -0.56478662569671       -0.11855541353494
O           -0.03418952666409       -0.64030966168666       -0.68093347965741
C           -1.12421560485773       -0.50617561355825        0.22259075284436
C           -1.77203982609324        0.87513756062694        0.17213792547730
H            1.50897208264881        1.55723858248674       -0.40241650235670
H            1.08708406620859        1.10246735584292        1.25638159390112
H            2.71783082653878        0.80814565298930        0.65051929131842
H            1.35198860217508       -1.29629404034318        0.69846707595645
H            1.92050260205151       -0.87161978631676       -0.93553078387252
H           -1.85701699178014       -1.25900618961272       -0.08901148810166
H           -0.79684165411347       -0.74322656904079        1.24162277667977
H           -2.65841953083958        0.88001809904739        0.79980845124869
H           -1.08850619520881        1.64446606069645        0.51870255920699
H           -2.05932338935260        1.10317961943886       -0.85069183020782
15
 energy: -17.722709862846 gnorm: 0.000050271242 xtb: 6.7.1 (edcfbbe)
C            1.66590092187194        0.82045304343241        0.38036945978407
C            1.26259690875483       -0.56481004839295       -0.11799269237867
O           -0.03405103043898       -0.64052489041779       -0.68089902989398
C           -1.12450764370843       -0.50652089922602        0.22206037683215
C           -1.77165285029918        0.87518253415563        0.17250106627071
H            1.50865039885805        1.55704099196606       -0.40317192672937
H            1.08740026354547        1.10329056315686        1.25606902731981
H            2.71793010057248        0.80867062847765        0.64975839333002
H            1.35146559506334       -1.29571718744273        0.69960198205984
H            1.92065841081332       -0.87236177321112       -0.93446753972102
H           -1.85740495831918       -1.25875692974415       -0.09062364475767
H           -0.79786429289061       -0.74458777973335        1.24107065443989
H           -2.65828501769856        0.87992814002536        0.79982173140910
H           -1.08796215474906        1.64395585843080        0.51995323436941
H           -2.05844047768459        1.10413219489502       -0.85023570062606
15
 energy: -17.722709966153 gnorm: 0.000045380225 xtb: 6.7.1 (edcfbbe)
C            1.66576763793240        0.82065439751342        0.38013290891770
C            1.26255390988996       -0.56482994608714       -0.11771623538496
O           -0.03396912514021       -0.64082361959243       -0.68085378683530
C           -1.12465538520770       -0.50675666071690        0.22179634078817
C           -1.77131536530181        0.87519534933687        0.17272845112339
H            1.50852661340876        1.55691849058230       -0.40370339999201
H            1.08723551230148        1.10382654133578        1.25569862922917
H            2.71777767225562        0.80901845588557        0.64957174634624
H            1.35126996542181       -1.29536407737518        0.70023270636916
H            1.92079380031459       -0.87272594491137       -0.93392219468547
H           -1.85775808337868       -1.25848822340925       -0.09160150595593
H           -0.79850484270376       -0.74552724515401        1.24081606163033
H           -2.65801826733016        0.87999076330968        0.79995697645823
H           -1.08738673031243        1.64355316767630        0.52063139123073
H           -2.05788313845905        1.10473299797806       -0.84995269753125
15
 energy: -17.722710048881 gnorm: 0.000035092728 xtb: 6.7.1 (edcfbbe)
C            1.66555372260326        0.82082744272116        0.37992599474220
C            1.26250568496469       -0.56484373141578       -0.11751436006980
O           -0.03391802250993       -0.64119028605063       -0.68083731093067
C           -1.12478165092682       -0.50697991026902        0.22156023639207
C           -1.77092600493611        0.87523232518912        0.17295109335033
H            1.50853530460188        1.55681189549743       -0.40423003137401
H            1.08676883130398        1.10427891832883        1.25523445447767
H            2.71749132495207        0.80928921740717        0.64968681416771
H            1.35117308180371       -1.29509673297908        0.70069577997712
H            1.92091591249675       -0.87293995966463       -0.93350826893726
H           -1.85807833273511       -1.25829487680213       -0.09234978463494
H           -0.79897729467435       -0.74630409138079        1.24056068709846
H           -2.65763062769926        0.88011119659555        0.80018289773298
H           -1.08677242451995        1.64327285063063        0.52110694325925
H           -2.05742533103398        1.10520018856387       -0.84964975354289
