15
 energy: -17.727815837614 gnorm: 0.026128574386 xtb: 6.7.1 (edcfbbe)
C            2.13521558519678       -0.30184695079945        0.60401705942306
C            1.39682666817195        0.50896241337371       -0.46063746167094
C           -0.01986649273070        0.00421175666919       -0.75502682632364
C           -0.95815859085155        0.12349155254598        0.43593059050437
O           -2.31196761964642       -0.24999956561756        0.10197061624710
H            1.66272901455466       -0.21176074708211        1.58708318911460
H            2.15678756925096       -1.36532404144306        0.33917124528635
H            3.17080788112490        0.03868591855979        0.70565472010609
H            1.34730560932252        1.56184929783012       -0.15376375145518
H            1.97248159223392        0.48512840952198       -1.39313829207569
H           -0.44588365637354        0.57819977733640       -1.58720708686454
H            0.02273426468199       -1.04714195562315       -1.07275736709201
H           -0.60596678341004       -0.48616854218431        1.27852054195005
H           -1.01245418179291        1.16459954984902        0.77308070882106
H           -2.29172887235226       -1.17883288452126       -0.16215291717387
15
 energy: -17.728554138906 gnorm: 0.012184807475 xtb: 6.7.1 (edcfbbe)
C            2.13065851612531       -0.30328017526132        0.59956509449361
C            1.39686328747683        0.51100626989839       -0.45839007237291
C           -0.01289045286180       -0.00302068836413       -0.75211719719266
C           -0.95618849548531        0.12332882917301        0.43884618369603
O           -2.29668241149318       -0.24099280059151        0.10761255464126
H            1.65473048244811       -0.20684086673907        1.57394661977943
H            2.15068636083846       -1.35876080420416        0.32829731184130
H            3.15877370165674        0.04335427976155        0.69333530821125
H            1.34140038370666        1.55667011698939       -0.14150473861974
H            1.97139756851129        0.48055114300690       -1.38799174107963
H           -0.43527847796543        0.56975226219981       -1.58253965343542
H            0.04005354151252       -1.05096797791154       -1.06524548512255
H           -0.61510693276434       -0.49111515565021        1.27983081772873
H           -1.01851093240505        1.16313165418055        0.77100128318741
H           -2.29104415192055       -1.16876209807236       -0.16390131695929
15
 energy: -17.728706265287 gnorm: 0.003496835633 xtb: 6.7.1 (edcfbbe)
C            2.13298244407319       -0.30312142671663        0.59844021621624
C            1.39693434435870        0.51290123254743       -0.45720299466472
C           -0.01003173931167       -0.00731749252238       -0.75073631350456
C           -0.95908405381488        0.12057200616805        0.43928128441639
O           -2.29149667217074       -0.23401448546120        0.11078884198785
H            1.65484266480446       -0.20775481496639        1.56868083049736
H            2.15204707113117       -1.35403984053902        0.32214984515015
H            3.15794754921172        0.04515494596755        0.69085780352577
H            1.33552020740483        1.55392946468560       -0.13466458204961
H            1.96952011864077        0.48517998578694       -1.38625502701572
H           -0.43533252050129        0.55947969894924       -1.58179327841690
H            0.04947036014608       -1.05515449818331       -1.05436589409477
H           -0.61618325661349       -0.49308383297050        1.27975993077681
H           -1.01632410279157        1.16090896667319        0.76688539374626
H           -2.30195042718700       -1.15958592100330       -0.17108108777374
15
 energy: -17.728735776780 gnorm: 0.001470142168 xtb: 6.7.1 (edcfbbe)
C            2.13523388928103       -0.30284486406382        0.59774368052198
C            1.39568521478131        0.51443246889240       -0.45617624480430
C           -0.00929809193937       -0.01169619828962       -0.75000149403055
C           -0.96115144902043        0.11944343240185        0.43955419264788
O           -2.29172975755155       -0.22901000708295        0.11073547304371
H            1.65689288776859       -0.21089174180755        1.56827702920565
H            2.15645835432508       -1.35304000087268        0.31844423195569
H            3.15942971665703        0.04790650833771        0.69038165302875
H            1.33051692004296        1.55421002244427       -0.13087640355557
H            1.96790235905039        0.49149137015700       -1.38548024075407
H           -0.43582221215143        0.55045132361083       -1.58353472816086
H            0.05344764483488       -1.06082866355328       -1.04823857097525
H           -0.61630855865808       -0.49356424948689        1.28065641604938
H           -1.01164396854119        1.16072858836506        0.76657939968442
H           -2.31075096149898       -1.15273400063703       -0.17731942506005
15
 energy: -17.728751957286 gnorm: 0.001907050440 xtb: 6.7.1 (edcfbbe)
C            2.13951150391281       -0.30164105880415        0.59620580407021
C            1.39335926074553        0.51547515834587       -0.45464270822861
C           -0.00867448358537       -0.01856865256238       -0.74878136601585
C           -0.96361632166239        0.11805319372726        0.43949098030580
O           -2.29488389249340       -0.21986420118772        0.11001419706210
H            1.66115149665481       -0.21728988708359        1.56833359219113
H            2.16662809469962       -1.35140461232345        0.31252075607780
H            3.16255536276602        0.05435150419575        0.69037092461552
H            1.32166741860482        1.55388836369378       -0.12488998589901
H            1.96597979792477        0.50178714760752       -1.38435712438285
H           -0.43647480678460        0.53540702461025       -1.58768886038984
H            0.05863727149998       -1.07018217288619       -1.03876410947026
H           -0.61950450968262       -0.49587535920036        1.28180835058219
H           -1.00340046053658        1.16041802006857        0.76744590468514
H           -2.32407374468314       -1.14050047978590       -0.18632138640666
15
 energy: -17.728759647441 gnorm: 0.001040702803 xtb: 6.7.1 (edcfbbe)
C            2.14088622885133       -0.30097182396474        0.59517558377505
C            1.39251970833310        0.51532737969553       -0.45398348516952
C           -0.00836091867536       -0.02125620035690       -0.74764033787849
C           -0.96334943190254        0.11789118535760        0.43960636920067
O           -2.29637156631123       -0.21542274282234        0.10890808617940
H            1.66243176517432       -0.21998161960659        1.56762157536984
H            2.17178593317673       -1.35035264853042        0.31022204748553
H            3.16278670182677        0.05813928809024        0.69014002945824
H            1.31869252354220        1.55339835622675       -0.12313984942796
H            1.96483009322995        0.50416374801141       -1.38397610021130
H           -0.43613412897951        0.53008439389451       -1.58830792360591
H            0.06009116511940       -1.07351819817942       -1.03518436388887
H           -0.62334404040573       -0.49827216521080        1.28192405692465
H           -1.00071567507610        1.15999832711279        0.76845568602703
H           -2.32688637052307       -1.13517329130234       -0.18907640544155
15
 energy: -17.728766840899 gnorm: 0.000336130550 xtb: 6.7.1 (edcfbbe)
C            2.14326943209144       -0.29965408516358        0.59378084935014
C            1.39166651926007        0.51491695569869       -0.45353609238185
C           -0.00796171112041       -0.02540720363894       -0.74547111822515
C           -0.96288004184642        0.11732582072536        0.44044544016632
O           -2.29833764384194       -0.20762642792800        0.10706701115287
H            1.66288388525119       -0.22436878260871        1.56557194642378
H            2.18059401327730       -1.34775157475839        0.30574455454639
H            3.16275183027696        0.06510223678818        0.69106575579418
H            1.31458125642442        1.55216387514348       -0.12127158053862
H            1.96288420806604        0.50661235062022       -1.38412778447517
H           -0.43642829193825        0.52162952485666       -1.58848888301444
H            0.06306602435650       -1.07854276849664       -1.02854652154653
H           -0.62977363859588       -0.50300154539964        1.28204092953382
H           -0.99576889659165        1.15874838974253        0.77093245733153
H           -2.33168495768912       -1.12609277716596       -0.19446199532047
15
 energy: -17.728769445732 gnorm: 0.000411190054 xtb: 6.7.1 (edcfbbe)
C            2.14515454960443       -0.29884775156239        0.59291892282440
C            1.39110002574229        0.51498636633832       -0.45329359531653
C           -0.00768504396245       -0.02856087574559       -0.74393843650108
C           -0.96311996797179        0.11672303985163        0.44119172918426
O           -2.29980915119251       -0.20206380388184        0.10559121343805
H            1.66299594303210       -0.22818936999157        1.56413468048711
H            2.18817269053114       -1.34608039892935        0.30248500054728
H            3.16264827844820        0.07073700335920        0.69248363177365
H            1.31228767719606        1.55202885206322       -0.12082351495499
H            1.96140155320582        0.50785550195542       -1.38438752861787
H           -0.43667733399457        0.51582330547806       -1.58832699213485
H            0.06476917870752       -1.08230609509416       -1.02421441601317
H           -0.63418595139930       -0.50627593080880        1.28234954823696
H           -0.99217283232914        1.15779226747414        0.77306801156940
H           -2.33601762823755       -1.11956812209103       -0.19849328572582
15
 energy: -17.728770863261 gnorm: 0.000291555567 xtb: 6.7.1 (edcfbbe)
C            2.14690572770390       -0.29799849303478        0.59262060042944
C            1.39084297086938        0.51428948472236       -0.45341633363105
C           -0.00773334252681       -0.03040724828329       -0.74297064931350
C           -0.96366036221040        0.11611811302533        0.44179149269267
O           -2.30094922155614       -0.19803946540413        0.10457520702098
H            1.66278841763450       -0.23141906825516        1.56314782062680
H            2.19480401791224       -1.34435668720006        0.29994188751459
H            3.16268045888865        0.07578190703609        0.69445497495871
H            1.31102462801928        1.55121928918009       -0.12098667459705
H            1.96053640102585        0.50768938264302       -1.38489755524810
H           -0.43715378391897        0.51242881980538       -1.58814961239886
H            0.06559610066323       -1.08449028540327       -1.02149667527890
H           -0.63731403945832       -0.50881337230317        1.28253286342306
H           -0.98971176614079        1.15688454984965        0.77488346724779
H           -2.33979421952535       -1.11483293796280       -0.20128584464980
15
 energy: -17.728771480690 gnorm: 0.000082735542 xtb: 6.7.1 (edcfbbe)
C            2.14807809942416       -0.29749248903445        0.59232631475866
C            1.39064053514455        0.51394467567935       -0.45345756504111
C           -0.00763410087205       -0.03205107982597       -0.74217396713908
C           -0.96407041403976        0.11558596235621        0.44224865144361
O           -2.30168342321516       -0.19476367915963        0.10378837400894
H            1.66211946960151       -0.23460381490457        1.56214890925313
H            2.20092408617654       -1.34312420235073        0.29788680580119
H            3.16208178743607        0.08044430479947        0.69642252733152
H            1.31023001439628        1.55102108182100       -0.12150814589416
H            1.95984598668754        0.50728086946327       -1.38524398251298
H           -0.43728924628930        0.50997832915849       -1.58775453185945
H            0.06590579451048       -1.08641292179602       -1.01965625938089
H           -0.63950279825785       -0.51081396863590        1.28263039867495
H           -0.98760592314086        1.15614328168098        0.77629016434027
H           -2.34317788018189       -1.11108236083624       -0.20320272498782
15
 energy: -17.728771554476 gnorm: 0.000033650739 xtb: 6.7.1 (edcfbbe)
C            2.14840835569047       -0.29732768171860        0.59233615010925
C            1.39060044131304        0.51367223672878       -0.45352670801862
C           -0.00769813894474       -0.03233535256885       -0.74213462384554
C           -0.96412436947415        0.11550619988717        0.44230704956354
O           -2.30186036045010       -0.19400143964276        0.10367800352268
H            1.66165712072035       -0.23576643199650        1.56185439329500
H            2.20285712696025       -1.34268062167118        0.29724745973863
H            3.16184054370474        0.08185659533927        0.69746544993302
H            1.31011221752580        1.55081612141522       -0.12177089750819
H            1.95974033108022        0.50697769709709       -1.38537047681912
H           -0.43736468507558        0.50961214032062       -1.58779351833701
H            0.06581363034991       -1.08672427947083       -1.01956840622728
H           -0.63996521082901       -0.51124943990439        1.28260503171686
H           -0.98712572507926        1.15599506141345        0.77662454960208
H           -2.34402929011168       -1.11029681681323       -0.20320848792851
