15
 energy: -17.722152722497 gnorm: 0.025735127880 xtb: 6.7.1 (edcfbbe)
C            1.83270891686539        0.64867377476394        0.28444277321045
C            1.02304164294128       -0.22767780068313       -0.65449110829345
O            0.00002575533214       -0.99853510372591       -0.00021952382338
C           -1.02294783421182       -0.22792064054256        0.65439487428310
C           -1.83256681563952        0.64894331233299       -0.28409972500516
H            1.23757860500222        1.45674290323380        0.71890640245754
H            2.26765714870227        0.05683363233405        1.09737791762865
H            2.64986949305952        1.10817773934633       -0.28029374808312
H            1.67290070797977       -0.97536419059403       -1.12023604543240
H            0.58648205362543        0.37515100726590       -1.46362402737741
H           -1.67288712326219       -0.97579193183214        1.11977049923598
H           -0.58637301797996        0.37449174489611        1.46385005543470
H           -2.26732764623996        0.05754779550218       -1.09745083121299
H           -2.64988240889528        1.10804187532798        0.28077317007555
H           -1.23745709552661        1.45733456430146       -0.71799480646269
15
 energy: -17.723028293753 gnorm: 0.011391283739 xtb: 6.7.1 (edcfbbe)
C            1.84570427202525        0.65339954593873        0.28214723136919
C            1.02257591681387       -0.22409407939953       -0.64838433460505
O            0.00001382545723       -0.98172492862449       -0.00021119121482
C           -1.02250616047717       -0.22434465147345        0.64830751499910
C           -1.84555095469768        0.65365614041974       -0.28181782705722
H            1.24793849689594        1.45782498381162        0.70692928913806
H            2.26036771313872        0.05864564517077        1.09512671621962
H            2.66462151740361        1.09924686673771       -0.28001155698004
H            1.65909036842964       -0.98846669636156       -1.10258217052992
H            0.58377814342356        0.37761478075375       -1.45454689147233
H           -1.65908741705272       -0.98889967448183        1.10211704628825
H           -0.58369115196707        0.37693739671137        1.45478586359772
H           -2.26005600235248        0.05936051852265       -1.09521207095177
H           -2.66458878385774        1.09910612487471        0.28048688507505
H           -1.24778740143031        1.45838670932678       -0.70602862724046
15
 energy: -17.723198630388 gnorm: 0.002809381689 xtb: 6.7.1 (edcfbbe)
C            1.85442999270592        0.65425424126229        0.28161965390826
C            1.02184000991559       -0.22188969810506       -0.64782991189992
O            0.00001849821317       -0.96833710260341       -0.00020469181231
C           -1.02177480401821       -0.22214666263605        0.64775561088945
C           -1.85427868296484        0.65450885626821       -0.28128843970901
H            1.25974331092318        1.46359046566864        0.69660518227112
H            2.25511696964195        0.05790547391762        1.09716000542079
H            2.67697691218417        1.08501107988601       -0.28071676098560
H            1.65096520610686       -0.99498005232019       -1.09604559277276
H            0.58864085754225        0.38360279408279       -1.45343266282069
H           -1.65096249609417       -0.99541913446283        1.09556796390778
H           -0.58856862284213        0.38291881016583        1.45367495729302
H           -2.25482064485391        0.05862026136331       -1.09723658566162
H           -2.67692675176893        1.08488645867676        0.28118727321291
H           -1.25957737293823        1.46412289076309       -0.69571012460603
15
 energy: -17.723230815989 gnorm: 0.001010625412 xtb: 6.7.1 (edcfbbe)
C            1.85899037338259        0.65345665721273        0.28105127790455
C            1.02146841619250       -0.22107919106142       -0.64826104616049
O            0.00002044537906       -0.96433415445158       -0.00020388203306
C           -1.02140452401369       -0.22134087359277        0.64818798885248
C           -1.85883890930020        0.65370934372197       -0.28072031337060
H            1.26844907093485        1.46886480808884        0.69025633522822
H            2.25179721191280        0.05665476145801        1.10005194493989
H            2.68641231239794        1.07476389688211       -0.28097794295253
H            1.64881357713060       -0.99508638977629       -1.09668697932252
H            0.59245965744936        0.38793116545964       -1.45385254750721
H           -1.64881091999226       -0.99553452871917        1.09620393896917
H           -0.59239084690272        0.38724119928492        1.45409990573191
H           -2.25151761679018        0.05736971735730       -1.10011887936635
H           -2.68634867033199        1.07465285879487        0.28144771729683
H           -1.26827719569598        1.46937941126781       -0.68937164157489
15
 energy: -17.723259030300 gnorm: 0.002982349152 xtb: 6.7.1 (edcfbbe)
C            1.86665573417297        0.65040795581922        0.28032442027961
C            1.02045834916117       -0.21863016575472       -0.64959092992210
O            0.00002501269477       -0.95888431160854       -0.00020606026666
C           -1.02039285126205       -0.21890085135544        0.64951600979715
C           -1.86650635500654        0.65065748308121       -0.27999196926447
H            1.28746585371283        1.48050025188218        0.67790123136505
H            2.24322190688777        0.05343743972640        1.10758520685943
H            2.70623582041659        1.05161344707317       -0.27969505122017
H            1.64498627146174       -0.99195221242091       -1.10281903203912
H            0.59572280094826        0.39742811873700       -1.45309404052636
H           -1.64497974809920       -0.99241997595235        1.10232516624969
H           -0.59565417345076        0.39672604106527        1.45334858304497
H           -2.24298631526110        0.05414987088685       -1.10762376400371
H           -2.70614381543372        1.05153819916498        0.28016963582903
H           -1.28728610919007        1.48097739158264       -0.67704352954697
15
 energy: -17.723271631750 gnorm: 0.002249379307 xtb: 6.7.1 (edcfbbe)
C            1.86771270894317        0.64909472401355        0.28041005166129
C            1.01996027588883       -0.21720546687129       -0.64990674045944
O            0.00002512435957       -0.95862960667107       -0.00020883981800
C           -1.01989304986567       -0.21747784102865        0.64983014933799
C           -1.86756466045841        0.64934344478613       -0.28007683581265
H            1.29206225016388        1.48242794449708        0.67599044505319
H            2.24026277178886        0.05182344979663        1.10923779047224
H            2.71037871815550        1.04593636665366       -0.27801181607040
H            1.64346082832574       -0.98972014252421       -1.10627934268525
H            0.59327264061922        0.40032493415995       -1.45119625162254
H           -1.64345152259814       -0.99019215981325        1.10578490205746
H           -0.59320027189341        0.39962080371388        1.45145027457874
H           -2.24004188745649        0.05253348409208       -1.10926813708396
H           -2.71027957618136        1.04587121804576        0.27849173119776
H           -1.29188196803863        1.48289752907673       -0.67514150417104
15
 energy: -17.723292273266 gnorm: 0.000741504285 xtb: 6.7.1 (edcfbbe)
C            1.87154081148292        0.64479970038615        0.28074800801822
C            1.01820307586301       -0.21178079905415       -0.65127747958555
O            0.00002483354324       -0.95666461919322       -0.00021998445543
C           -1.01812921373075       -0.21205929387057        0.65119487975571
C           -1.87139878328057        0.64504548077093       -0.28041094371521
H            1.30680955776291        1.48837149985807        0.66981134056716
H            2.22940069369330        0.04488794524272        1.11418059180366
H            2.72452833485658        1.02688621411539       -0.27225140030061
H            1.63719194335788       -0.98240692487163       -1.11777771754370
H            0.58482079504577        0.41095617696539       -1.44456142114021
H           -1.63717065881507       -0.98289279597626        1.11728311413526
H           -0.58473269435937        0.41024580656063        1.44481080537717
H           -2.22923373841239        0.04559131115221       -1.11418197568408
H           -2.72440323634452        1.02685606408458        0.27275127959605
H           -1.30662933891026        1.48881291575674       -0.66899322019307
15
 energy: -17.723294281966 gnorm: 0.000324729159 xtb: 6.7.1 (edcfbbe)
C            1.87359745715327        0.64319828640768        0.28096359985751
C            1.01764047361812       -0.20955041262608       -0.65211896721555
O            0.00002407279952       -0.95487807742859       -0.00022509067469
C           -1.01756354439647       -0.20983016735710        0.65203376130052
C           -1.87345900443110        0.64344402389912       -0.28062471298391
H            1.31210271852169        1.48900759320002        0.66927692097435
H            2.22689578801381        0.04137738527319        1.11462486694839
H            2.72904431506782        1.02134682673005       -0.27020786581831
H            1.63427246141571       -0.97999248144934       -1.12163665345961
H            0.58280932152182        0.41543517321073       -1.44252540531456
H           -1.63424481951938       -0.98048113236217        1.12114382566151
H           -0.58271310994037        0.41472499667160        1.44277029126735
H           -2.22674751878355        0.04207767467674       -1.11461822040882
H           -2.72891305240443        1.02132705616789        0.27071766129500
H           -1.31192317688381        1.48944193691325       -0.66846813479378
15
 energy: -17.723295145077 gnorm: 0.000240454294 xtb: 6.7.1 (edcfbbe)
C            1.87464533448529        0.64276173395857        0.28111869923155
C            1.01769482447467       -0.20889660377333       -0.65235299299293
O            0.00002334238930       -0.95389632222066       -0.00022768432073
C           -1.01761629861261       -0.20917628932788        0.65226670300088
C           -1.87450866970706        0.64300773858037       -0.28077890403054
H            1.31333895171023        1.48809036027632        0.67071895787351
H            2.22795084519033        0.03968886869846        1.11374606305114
H            2.72972161187170        1.02122420807089       -0.27017566675436
H            1.63348192872403       -0.97950439861203       -1.12234958180051
H            0.58322931712285        0.41696577068710       -1.44213572160696
H           -1.63345071569445       -0.97999268735945        1.12185894529302
H           -0.58312779709598        0.41625677972146        1.44237710266080
H           -2.22780937572108        0.04038875512989       -1.11373722124467
H           -2.72958928320454        1.02120632859522        0.27068996482153
H           -1.31316163418002        1.48852443950207       -0.66991278654632
15
 energy: -17.723295996184 gnorm: 0.000309934886 xtb: 6.7.1 (edcfbbe)
C            1.87553370108712        0.64232267719115        0.28142750011462
C            1.01783490996077       -0.20840316936764       -0.65236216579717
O            0.00002254835207       -0.95321728577568       -0.00023088538337
C           -1.01775425096291       -0.20868217594122        0.65227413183710
C           -1.87539926632157        0.64256927217053       -0.28108640798612
H            1.31392707488539        1.48647158719345        0.67331570909452
H            2.23042507215832        0.03801384355209        1.11248294487832
H            2.72943935892745        1.02248573474475       -0.27052968108260
H            1.63305628281600       -0.97909313484946       -1.12284931924742
H            0.58366450689525        0.41818996460031       -1.44169627422656
H           -1.63302095322395       -0.97958011558421        1.12236093454395
H           -0.58355656666658        0.41748265134498        1.44193316759490
H           -2.23029053170276        0.03871311269081       -1.11247121704850
H           -2.72930634170937        1.02246934998576        0.27104981479984
H           -1.31375316274258        1.48690636997136       -0.67251237545612
15
 energy: -17.723296877731 gnorm: 0.000223528984 xtb: 6.7.1 (edcfbbe)
C            1.87651748314142        0.64174935488203        0.28183119896454
C            1.01797239969332       -0.20787713468757       -0.65215912094801
O            0.00002171037213       -0.95264854854697       -0.00023440131002
C           -1.01788969732527       -0.20815574273703        0.65206924720844
C           -1.87638518430202        0.64199637218789       -0.28148884490709
H            1.31474543421173        1.48456360877928        0.67650576368514
H            2.23359249157090        0.03611382999382        1.11104302487740
H            2.72903516488359        1.02400361754194       -0.27098823304858
H            1.63266449819835       -0.97846831693220       -1.12355078428692
H            0.58389542716585        0.41961648293530       -1.44084356516523
H           -1.63262504329774       -0.97895489469954        1.12306420412906
H           -0.58378093827369        0.41891000475137        1.44107638502991
H           -2.23346728843592        0.03681175346290       -1.11102683981691
H           -2.72889949564672        1.02399024275546        0.27151553109390
H           -1.31457458020328        1.48499805224033       -0.67570768887025
15
 energy: -17.723297593735 gnorm: 0.000117314585 xtb: 6.7.1 (edcfbbe)
C            1.87747198024049        0.64108231027859        0.28222263000968
C            1.01798802763398       -0.20725546330151       -0.65199884341344
O            0.00002170618101       -0.95208843375112       -0.00023676042471
C           -1.01790370620902       -0.20753429858602        0.65190739422585
C           -1.87734139754420        0.64132940898788       -0.28187920506531
H            1.31602506689806        1.48316497283573        0.67898552379056
H            2.23603498915930        0.03438061727046        1.11008049885342
H            2.72911667661595        1.02456771577158       -0.27121769570215
H            1.63215107957174       -0.97766879256067       -1.12449338105854
H            0.58377821893120        0.42115039913654       -1.43992813156917
H           -1.63210872458787       -0.97815632692896        1.12400675637637
H           -0.58365993194719        0.42044377076507        1.44015884194083
H           -2.23591893208944        0.03507663892596       -1.11005963873208
H           -2.72897755917222        1.02455919602610        0.27175109926554
H           -1.31585511192912        1.48359696705737       -0.67819321186144
15
 energy: -17.723298159292 gnorm: 0.000114714921 xtb: 6.7.1 (edcfbbe)
C            1.87831557003016        0.64052837871508        0.28245655755674
C            1.01796812487206       -0.20669914458835       -0.65188661808200
O            0.00002190595756       -0.95162938768809       -0.00023783055486
C           -1.01788338197406       -0.20697912021605        0.65179460459655
C           -1.87818542324827        0.64077497977601       -0.28211286786468
H            1.31752980731721        1.48250540530277        0.68036468960795
H            2.23730203727979        0.03301511075882        1.10956907345346
H            2.72976736318935        1.02422072761536       -0.27121309392839
H            1.63162105980094       -0.97692385305833       -1.12545939472296
H            0.58355100807245        0.42254850913016       -1.43905376142453
H           -1.63157749522201       -0.97741394557613        1.12497206289160
H           -0.58343169663110        0.42184047170001        1.43928456368091
H           -2.23719404199839        0.03370950162246       -1.10954427057490
H           -2.72962366959291        1.02421729007108        0.27175038233772
H           -1.31735878610011        1.48293375836221       -0.67957822033722
15
 energy: -17.723298656020 gnorm: 0.000135021873 xtb: 6.7.1 (edcfbbe)
C            1.87908179576518        0.63999819812807        0.28263908370340
C            1.01789327724279       -0.20611574655367       -0.65190057591789
O            0.00002253641798       -0.95111247891827       -0.00023793890268
C           -1.01780834504331       -0.20639683056260        0.65180828182489
C           -1.87895182847452        0.64024436751559       -0.28229525363095
H            1.31908427969353        1.48220699756133        0.68110407105048
H            2.23790509982131        0.03187335490005        1.10937751068795
H            2.73066672190346        1.02334025654553       -0.27105410922313
H            1.63102980152828       -0.97621431014893       -1.12639162570928
H            0.58324805724815        0.42385106789589       -1.43837593462207
H           -1.63098605203853       -0.97670693265369        1.12590250547578
H           -0.58312955759319        0.42314150466149        1.43860806252149
H           -2.23780262238574        0.03256581983185       -1.10934986495336
H           -2.73051958153654        1.02334174186772        0.27159364462385
H           -1.31891120079621        1.48263167185665       -0.68032198029310
15
 energy: -17.723299119756 gnorm: 0.000127164947 xtb: 6.7.1 (edcfbbe)
C            1.87985962642041        0.63952911615332        0.28275580830111
C            1.01784386867601       -0.20555316618483       -0.65194838360189
O            0.00002292070621       -0.95058886561423       -0.00023762833678
C           -1.01775934476861       -0.20583562364812        0.65185644265665
C           -1.87972922663303        0.63977464758711       -0.28241231992904
H            1.32068591935151        1.48208371055773        0.68160118737613
H            2.23818769433053        0.03074941458936        1.10921337806670
H            2.73175171107728        1.02228158791201       -0.27084446133308
H            1.63040873705468       -0.97556492522382       -1.12731856755328
H            0.58302647115974        0.42515580639387       -1.43771812885832
H           -1.63036544269501       -0.97606040017274        1.12682827537099
H           -0.58290935560342        0.42444460223791        1.43795215373307
H           -2.23808940277816        0.03144060194375       -1.10918403666765
H           -2.73160119839919        1.02228687616366        0.27138490973913
H           -1.32051059614632        1.48250529923202       -0.68082275232835
15
 energy: -17.723299544158 gnorm: 0.000079171414 xtb: 6.7.1 (edcfbbe)
C            1.88063765594221        0.63905475293140        0.28288796652080
C            1.01779625127850       -0.20497616140385       -0.65204227753751
O            0.00002341095188       -0.95000708374104       -0.00023714591181
C           -1.01771178390305       -0.20525935343470        0.65195056011335
C           -1.88050713633243        0.63930002931386       -0.28254468852567
H            1.32216480079585        1.48183561775447        0.68218720416833
H            2.23857934886361        0.02961854719849        1.10900185549980
H            2.73272138674160        1.02137501694731       -0.27064996567025
H            1.62978665410877       -0.97494238083113       -1.12817885369344
H            0.58285747812263        0.42642698774604       -1.43716377617374
H           -1.62974363061111       -0.97543950588412        1.12768769146937
H           -0.58274154967346        0.42571511587712        1.43739929349058
H           -2.23848298435425        0.03030893004319       -1.10897212885009
H           -2.73256957061462        1.02138253678302        0.27119052915561
H           -1.32198794956349        1.48225563262694       -0.68141038741995
15
 energy: -17.723299918492 gnorm: 0.000052922505 xtb: 6.7.1 (edcfbbe)
C            1.88136751566428        0.63862996081106        0.28301944378538
C            1.01777687332433       -0.20445572792233       -0.65211519410337
O            0.00002339838447       -0.94946412818536       -0.00023682004230
C           -1.01769264881393       -0.20473924704790        0.65202394430370
C           -1.88123676364650        0.63887519478703       -0.28267656265344
H            1.32346994799081        1.48151084697223        0.68290609867298
H            2.23909334301758        0.02850249928218        1.10869600845589
H            2.73353307361834        1.02071253639051       -0.27051948605821
H            1.62921750333327       -0.97439496916808       -1.12895906004571
H            0.58276760627361        0.42761629254349       -1.43663405882610
H           -1.62917479256822       -0.97489298548797        1.12846804471892
H           -0.58265212738230        0.42690436344118        1.43687060492476
H           -2.23899700020127        0.02919263942487       -1.10866702265444
H           -2.73338090169645        1.02072033601903        0.27105952990182
H           -1.32329264554535        1.48193107006708       -0.68212959374450
15
 energy: -17.723300249078 gnorm: 0.000064591641 xtb: 6.7.1 (edcfbbe)
C            1.88204148748724        0.63823383544732        0.28315670092567
C            1.01776818117647       -0.20399041781434       -0.65216048564959
O            0.00002341964935       -0.94898223449238       -0.00023647751103
C           -1.01768384773515       -0.20427359191529        0.65206957417455
C           -1.88191077719143        0.63847940473373       -0.28281407255783
H            1.32457156954834        1.48105604721337        0.68375520275419
H            2.23979084292911        0.02745073963998        1.10832326634774
H            2.73413783900163        1.02033555126052       -0.27044805765367
H            1.62873299784596       -0.97389201325176       -1.12963447895131
H            0.58271588640672        0.42868549285907       -1.43615003477869
H           -1.62869033127806       -0.97438975782088        1.12914401836545
H           -0.58260038258442        0.42797435806070        1.43638713556983
H           -2.23969262071139        0.02814123584601       -1.10829593880887
H           -2.73398709771969        1.02034202749571        0.27098693652022
H           -1.32439478507203        1.48147800466525       -0.68297741211128
15
 energy: -17.723300550714 gnorm: 0.000072873079 xtb: 6.7.1 (edcfbbe)
C            1.88265015681377        0.63786528811078        0.28330800591025
C            1.01776981897162       -0.20357079556302       -0.65218060793399
O            0.00002307343254       -0.94854056968726       -0.00023607037093
C           -1.01768578463096       -0.20385349817880        0.65209038179689
C           -1.88251918374480        0.63811122478210       -0.28296590975975
H            1.32554361505731        1.48056608886143        0.68468832838193
H            2.24058184154423        0.02644893424232        1.10792247313081
H            2.73459952058003        1.02010989013112       -0.27042430366466
H            1.62830081113849       -0.97343422178929       -1.13026013883393
H            0.58267123149626        0.42967161294132       -1.43567556195158
H           -1.62825857059368       -0.97393145814840        1.12977086238511
H           -0.58255564577855        0.42896151970383        1.43591317377897
H           -2.24048027235268        0.02714013303871       -1.10789777307891
H           -2.73445051952289        1.02011368743972        0.27096146598449
H           -1.32536771065804        1.48099084604244       -0.68390844913932
15
 energy: -17.723300834127 gnorm: 0.000068419465 xtb: 6.7.1 (edcfbbe)
C            1.88324233632353        0.63750390271303        0.28345558449055
C            1.01776639417790       -0.20317580776358       -0.65216933561275
O            0.00002309995843       -0.94815862454324       -0.00023537237057
C           -1.01768228215316       -0.20345756979744        0.65207959145089
C           -1.88311138858819        0.63775048222936       -0.28311382709821
H            1.32644892956001        1.48002045460624        0.68566032406052
H            2.24145731697547        0.02548398474082        1.10750361256375
H            2.73498947913327        1.02000032530944       -0.27042460716357
H            1.62791339402308       -0.97297507265741       -1.13083675760662
H            0.58262600086157        0.43060529660760       -1.43520230531603
H           -1.62787146145451       -0.97347109185277        1.13034836427241
H           -0.58251056235605        0.42989673614415        1.43544047620886
H           -2.24135101870488        0.02617609952213       -1.10748205934908
H           -2.73484366308365        1.02000086622816        0.27095938166683
H           -1.32627419292019        1.48044870044051       -0.68487719356159
15
 energy: -17.723301101818 gnorm: 0.000054107255 xtb: 6.7.1 (edcfbbe)
C            1.88379792339214        0.63714740929817        0.28361658888935
C            1.01777188582158       -0.20279630762897       -0.65215553700381
O            0.00002264702028       -0.94776979474184       -0.00023449127311
C           -1.01768856405542       -0.20307759325560        0.65206698194193
C           -1.88366620292721        0.63739432854920       -0.28327573149081
H            1.32733845584893        1.47950048525725        0.68664660071678
H            2.24233284665730        0.02454336764850        1.10709721044830
H            2.73533966392057        1.01988289791469       -0.27043347431319
H            1.62754107547736       -0.97253054122850       -1.13143280207181
H            0.58255919892879        0.43151981731103       -1.43471484581018
H           -1.62750033097109       -0.97302609287990        1.13094576427042
H           -0.58244441511347        0.43081224275678        1.43495421544225
H           -2.24222141052677        0.02523656836848       -1.10707935198921
H           -2.73519595501725        1.01987957715866        0.27096543414363
H           -1.32716443670310        1.47993231739906       -0.68586068526516
15
 energy: -17.723301328445 gnorm: 0.000040631062 xtb: 6.7.1 (edcfbbe)
C            1.88436554537204        0.63683299748911        0.28372308281319
C            1.01777946199348       -0.20242958085241       -0.65212639499271
O            0.00002300961354       -0.94741582861000       -0.00023414558554
C           -1.01769585832528       -0.20271061998254        0.65203783044866
C           -1.88423407339605        0.63708010856819       -0.28338222450260
H            1.32831829143979        1.47918629106536        0.68730412534726
H            2.24300014578806        0.02376734488547        1.10683234567344
H            2.73587275514939        1.01955148320903       -0.27041465336996
H            1.62723166720035       -0.97212860250727       -1.13188262284352
H            0.58252009746170        0.43230956944954       -1.43432921911670
H           -1.62719089093775       -0.97262408709049        1.13139531581417
H           -0.58240563736457        0.43160240125287        1.43456916429592
H           -2.24288813827897        0.02446040664818       -1.10681503021396
H           -2.73572974785248        1.01954822999850        0.27094612846346
H           -1.32814424611061        1.47961856840344       -0.68651782559571
15
 energy: -17.723301540876 gnorm: 0.000042810915 xtb: 6.7.1 (edcfbbe)
C            1.88484548166584        0.63652189700361        0.28385155030578
C            1.01777534677997       -0.20209817205806       -0.65211543451124
O            0.00002297995587       -0.94709023682164       -0.00023364283152
C           -1.01769213972031       -0.20237931192075        0.65202743961844
C           -1.88471362144732        0.63676909630001       -0.28351116805596
H            1.32917733860949        1.47884976437004        0.68801159755399
H            2.24359097956598        0.02298305078571        1.10656498068614
H            2.73628266575761        1.01927301430945       -0.27038296926000
H            1.62687960802119       -0.97173390031228       -1.13244006852068
H            0.58244045416763        0.43313115869681       -1.43387411058385
H           -1.62683938893587       -0.97222993387140        1.13195298494168
H           -0.58232668946424        0.43242405653847        1.43411512813272
H           -2.24347793138900        0.02367609124992       -1.10654877015909
H           -2.73613971476936        1.01926928759292        0.27091356216352
H           -1.32900298704481        1.47928282006419       -0.68722520284453
15
 energy: -17.723301744064 gnorm: 0.000037590741 xtb: 6.7.1 (edcfbbe)
C            1.88531685894286        0.63619606260992        0.28398406604392
C            1.01774104094655       -0.20174835782692       -0.65212723373018
O            0.00002306988675       -0.94677098771819       -0.00023310471816
C           -1.01765803272411       -0.20202944866434        0.65203970285461
C           -1.88518476769799        0.63644332791747       -0.28364404332188
H            1.32995163763022        1.47844803656851        0.68872097871047
H            2.24415147230989        0.02217359806814        1.10629184509290
H            2.73666319793730        1.01903458393039       -0.27032403973845
H            1.62649909034710       -0.97130299353035       -1.13300682300635
H            0.58232826327095        0.43396607850723       -1.43343998947368
H           -1.62645940578239       -0.97179928300573        1.13251980106061
H           -0.58221513596235        0.43325921039307        1.43368203470588
H           -2.24403715137552        0.02286667013586       -1.10627682402034
H           -2.73652073235858        1.01903032403695        0.27085359803790
H           -1.32977702361804        1.47888186050499       -0.68793409186186
15
 energy: -17.723301934752 gnorm: 0.000034439213 xtb: 6.7.1 (edcfbbe)
C            1.88578229187729        0.63589615122580        0.28410454319784
C            1.01772290951681       -0.20141335565916       -0.65214408451755
O            0.00002312088214       -0.94644778671432       -0.00023261835748
C           -1.01764013302239       -0.20169443961995        0.65205698401394
C           -1.88564996863769        0.63614354235098       -0.28376486510672
H            1.33072645581705        1.47806814051468        0.68943628248121
H            2.24470561547186        0.02136963000903        1.10599101982709
H            2.73704597371416        1.01882043676623       -0.27026109961801
H            1.62614676032460       -0.97089938776717       -1.13354956205028
H            0.58223866897239        0.43476348716411       -1.43303192984773
H           -1.62610749170714       -0.97139594448121        1.13306284852344
H           -0.58212612739416        0.43405694644826        1.43327476796257
H           -2.24458994924594        0.02206280162660       -1.10597725064114
H           -2.73690405715544        1.01881552925564        0.27078968432201
H           -1.33055168766093        1.47850293080751       -0.68864884355380
15
 energy: -17.723302111014 gnorm: 0.000033527197 xtb: 6.7.1 (edcfbbe)
C            1.88623710493062        0.63560205498461        0.28422433800992
C            1.01771038276497       -0.20108255757791       -0.65215524438940
O            0.00002302631586       -0.94612195857285       -0.00023227678006
C           -1.01762779985689       -0.20136352688453        0.65206861283463
C           -1.88610456478416        0.63584954877778       -0.28388502929169
H            1.33148320356136        1.47770064988290        0.69011837273754
H            2.24526844068813        0.02060843284819        1.10571496492945
H            2.73740984706169        1.01860538464896       -0.27022355377706
H            1.62581412931975       -0.97051854319257       -1.13404271534214
H            0.58216940481447        0.43552641241468       -1.43265293218499
H           -1.62577522893047       -0.97101521880263        1.13355631164385
H           -0.58205713974421        0.43482017257706        1.43289656685804
H           -2.24515160611288        0.02130169671579       -1.10570238000660
H           -2.73726837506895        1.01859970159738        0.27075130873802
H           -1.33130844320664        1.47813643251014       -0.68933046734412
15
 energy: -17.723302273820 gnorm: 0.000032395849 xtb: 6.7.1 (edcfbbe)
C            1.88668960362632        0.63533048078917        0.28432840764572
C            1.01771028362241       -0.20077854399366       -0.65214867732137
O            0.00002313914457       -0.94582494600150       -0.00023201107395
C           -1.01762765325570       -0.20105936313045        0.65206219137281
C           -1.88655710989704        0.63557819223240       -0.28398920477690
H            1.33222891788751        1.47735837168429        0.69076882828940
H            2.24582972413311        0.01989445567877        1.10543675289436
H            2.73778053301215        1.01841074382839       -0.27019330105700
H            1.62550763461735       -0.97016738233672       -1.13449676511212
H            0.58212678987413        0.43624451506161       -1.43227959923053
H           -1.62546879677784       -0.97066402370209        1.13401060006251
H           -0.58201466015427        0.43553875078736        1.43252356521645
H           -2.24571188826888        0.02058776439648       -1.10542498399376
H           -2.73763979907776        1.01840458787080        0.27072044885332
H           -1.33205433673343        1.47779507876217       -0.68998037513354
15
 energy: -17.723302424256 gnorm: 0.000031120163 xtb: 6.7.1 (edcfbbe)
C            1.88711630758244        0.63506096424803        0.28443872814197
C            1.01770877194135       -0.20047652351887       -0.65215387118426
O            0.00002297980931       -0.94551651499514       -0.00023179688040
C           -1.01762633263798       -0.20075727878688        0.65206784427805
C           -1.88698360364450        0.63530871431815       -0.28409990188268
H            1.33294686034388        1.47703149634805        0.69139405288401
H            2.24637711039317        0.01921175438672        1.10518768052752
H            2.73812081665500        1.01820547118145       -0.27017097712056
H            1.62521680414998       -0.96982781180082       -1.13493057620273
H            0.58207885106554        0.43693291511261       -1.43194217775628
H           -1.62517826985226       -0.97032463162735        1.13444477404803
H           -0.58196679471007        0.43622732291207        1.43218682966088
H           -2.24625863251826        0.01990513320877       -1.10517690506262
H           -2.73798020118714        1.01819870115669        0.27069761089431
H           -1.33277228563783        1.47746896978352       -0.69060543770983
15
 energy: -17.723302563905 gnorm: 0.000029793155 xtb: 6.7.1 (edcfbbe)
C            1.88753598617438        0.63481063552063        0.28453357809372
C            1.01770910082947       -0.20019502371844       -0.65214374032521
O            0.00002311983409       -0.94524288500509       -0.00023163530273
C           -1.01762654648932       -0.20047566259982        0.65205775292664
C           -1.88740339677851        0.63505857412650       -0.28419476326350
H            1.33363855352622        1.47671736732269        0.69198867545275
H            2.24689176385320        0.01855127352830        1.10493156687065
H            2.73846624555927        1.01802130651322       -0.27014884046441
H            1.62493476702325       -0.96950310279600       -1.13534385801181
H            0.58204385624929        0.43759846452033       -1.43159352079586
H           -1.62489615446209       -0.96999997604337        1.13485811223052
H           -0.58193188945019        0.43689327409431        1.43183841815394
H           -2.24677280822035        0.01924458014515       -1.10492119433764
H           -2.73832612358034        1.01801443986484        0.27067515445774
H           -1.33346409231572        1.47715541645376       -0.69119982904940
15
 energy: -17.723302693474 gnorm: 0.000028443556 xtb: 6.7.1 (edcfbbe)
C            1.88792950251244        0.63456144413122        0.28463356279413
C            1.01770396260457       -0.19991711578637       -0.65214979667227
O            0.00002306101255       -0.94496438306445       -0.00023154150824
C           -1.01762150068968       -0.20019780051422        0.65206404323571
C           -1.88779685140618        0.63480941805106       -0.28429498765355
H            1.33430266309864        1.47641572437031        0.69256385110473
H            2.24738253521318        0.01791788574226        1.10469961789749
H            2.73878798358232        1.01782873197199       -0.27011686985334
H            1.62465807420430       -0.96918402958387       -1.13575783845094
H            0.58199243801293        0.43823898525000       -1.43127422006756
H           -1.62461950588939       -0.96968117134513        1.13527244755669
H           -0.58188043855348        0.43753387750755        1.43151951351234
H           -2.24726356142617        0.01861117149783       -1.10468978987007
H           -2.73864779017640        1.01782175765155        0.27064302819916
H           -1.33412819034698        1.47685418604728       -0.69177514358890
15
 energy: -17.723302814067 gnorm: 0.000027460537 xtb: 6.7.1 (edcfbbe)
C            1.88831066128106        0.63432306799662        0.28472565421250
C            1.01769855405911       -0.19964963979878       -0.65215001713945
O            0.00002307163169       -0.94470298622148       -0.00023155550563
C           -1.01761600828759       -0.19993031541114        0.65206432670018
C           -1.88817807888997        0.63457108063180       -0.28438715138198
H            1.33493859024818        1.47612612747968        0.69310735755832
H            2.24783844584779        0.01729760719305        1.10447221268243
H            2.73910581767525        1.01764014911785       -0.27008936064489
H            1.62439103922331       -0.96887238420623       -1.13615612193635
H            0.58194540136018        0.43886587811303       -1.43095253472769
H           -1.62435243151692       -0.96936968767428        1.13567085725582
H           -0.58183326529981        0.43816096077259        1.43119806380225
H           -2.24771971007809        0.01799077236052       -1.10446258846080
H           -2.73896559093786        1.01763326989814        0.27061556734766
H           -1.33476411456368        1.47656478167563       -0.69231883312697
15
 energy: -17.723302926239 gnorm: 0.000026452912 xtb: 6.7.1 (edcfbbe)
C            1.88867648196182        0.63409200503478        0.28481583859637
C            1.01769062651995       -0.19939170153117       -0.65215460623363
O            0.00002308296214       -0.94445076942826       -0.00023157935887
C           -1.01760803564195       -0.19967245740057        0.65206896968438
C           -1.88854396676088        0.63434012073340       -0.28447738662614
H            1.33556084736878        1.47585243105501        0.69363066525074
H            2.24827373404746        0.01670822735729        1.10425971065623
H            2.73941626331740        1.01745050431990       -0.27005274692851
H            1.62412609741927       -0.96857225507072       -1.13654867465911
H            0.58189304063446        0.43946544430631       -1.43064800509925
H           -1.62408729428483       -0.96906990638293        1.13606358097073
H           -0.58178076378987        0.43876059364267        1.43089370132856
H           -2.24815542013203        0.01740122494106       -1.10425008349241
H           -2.73927588582309        1.01744397041829        0.27057908141723
H           -1.33538642604599        1.47629124993194       -0.69284258887092
15
 energy: -17.723303030553 gnorm: 0.000025543967 xtb: 6.7.1 (edcfbbe)
C            1.88903025579992        0.63386852708504        0.28490073827870
C            1.01768496531102       -0.19914114626772       -0.65215765677919
O            0.00002305283552       -0.94420433140463       -0.00023164651878
C           -1.01760228479948       -0.19942190612158        0.65207211981822
C           -1.88889780320024        0.63411658760527       -0.28456239447131
H            1.33615734109328        1.47559172185350        0.69412183614148
H            2.24868403712826        0.01613307088303        1.10405585937778
H            2.73972044643038        1.01725767475385       -0.27002396896243
H            1.62387832166139       -0.96827931988281       -1.13692256631210
H            0.58184616242759        0.44005101571159       -1.43034958679370
H           -1.62383947375275       -0.96877720072413        1.13643748622647
H           -0.58173369118826        0.43934621381249        1.43059562170333
H           -2.24856637668474        0.01682588443887       -1.10404631299520
H           -2.73957973434631        1.01725143138935        0.27055053922270
H           -1.33598283696292        1.47603045879488       -0.69333419130058
15
 energy: -17.723303127560 gnorm: 0.000024647042 xtb: 6.7.1 (edcfbbe)
C            1.88937166323120        0.63365428097252        0.28498321557229
C            1.01767719444783       -0.19890085279600       -0.65216116325115
O            0.00002313456301       -0.94397034293029       -0.00023170262658
C           -1.01759446397595       -0.19918179597612        0.65207556585582
C           -1.88923930211696        0.63390249968515       -0.28464481969736
H            1.33674405167144        1.47534612789640        0.69459738933944
H            2.24907854385678        0.01558871413978        1.10386403268968
H            2.74001809863076        1.01706941432201       -0.26998887130046
H            1.62362946633840       -0.96800094300428       -1.13728667159255
H            0.58179799278668        0.44060780079950       -1.43006665465707
H           -1.62359036061755       -0.96849926080380        1.13680176537773
H           -0.58168541252212        0.43990306862675        1.43031262864089
H           -2.24896142251546        0.01628131731016       -1.10385420273892
H           -2.73987719837982        1.01706371235766        0.27051568429075
H           -1.33656960364559        1.47578494132758       -0.69381031926713
