CONF#         E (xTB)          ΔE (xTB)          E (DFT)          ΔE (DFT)        ΔGsolv (xTB)          Gtot             ΔGtot          Boltzmann weight   
                [Eh]          [kcal/mol]          [Eh]           [kcal/mol]        [kcal/mol]           [Eh]           [kcal/mol]        % at 298.15 K     
CONF1        -17.722764          0.08          -233.087504          0.41           -3.104961         -233.092452          0.49               10.10         
CONF2        -17.722898          0.00          -233.088156          0.00           -3.002562         -233.092941          0.18               16.95         
CONF3        -17.721977          0.58          -233.086382          1.11           -3.124862         -233.091362          1.17                3.18         
CONF4        -17.722033          0.54          -233.087407          0.47           -2.950302         -233.092109          0.71                7.03         
CONF5        -17.722425          0.30          -233.087728          0.27           -2.522078         -233.091748          0.93                4.79         
CONF6        -17.721642          0.79          -233.086234          1.21           -2.883263         -233.090829          1.51                1.81         
CONF7        -17.720534          1.48          -233.087103          0.66           -3.578722         -233.092806          0.27               14.70         
CONF8        -17.720421          1.55          -233.087559          0.37           -3.560898         -233.093234          0.00               23.12         
CONF9        -17.719782          1.96          -233.086025          1.34           -3.580256         -233.091731          0.94                4.71         
CONF10       -17.721382          0.95          -233.086624          0.96           -2.495987         -233.090601          1.65                1.42         
CONF11       -17.719330          2.24          -233.086656          0.94           -3.545037         -233.092306          0.58                8.65         
CONF12       -17.718797          2.57          -233.085723          1.53           -3.539918         -233.091364          1.17                3.19         
CONF13       -17.719407          2.19          -233.083229          3.09           -3.007574         -233.088022          3.27                0.09         
CONF14       -17.720867          1.27          -233.084736          2.15           -2.010739         -233.087941          3.32                0.08         
CONF15       -17.719850          1.91          -233.085245          1.83           -2.126196         -233.088633          2.89                0.18         

Boltzmann averaged free energy/enthalpy of ensemble on input geometries (not DFT optimized):
temperature /K:   avE(T) /a.u.   avG(T) /a.u.
    298.15        -233.0872909    -233.0925233     <<==part0==
----------------------------------------------------------------------------------------------------