CONF#         G (xTB)          ΔG (xTB)          E (DFT)          ΔGsolv         GmRRHO          Gtot             ΔGtot          Boltzmann weight   
                [Eh]          [kcal/mol]          [Eh]             [Eh]           [Eh]           [Eh]           [kcal/mol]        % at 298.15 K     
CONF1        -17.727712          ---           -233.597888       -0.006881        ---         -233.604769          0.00               19.27         
CONF2        -17.727683          ---           -233.598044       -0.006539        ---         -233.604583          0.12               15.83         
CONF3        -17.726957          ---           -233.596619       -0.006993        ---         -233.603612          0.73                5.66         
CONF4        -17.726735          ---           -233.597158       -0.006406        ---         -233.603565          0.76                5.38         
CONF5        -17.726445          ---           -233.597776       -0.006842        ---         -233.604618          0.09               16.42         
CONF6        -17.726237          ---           -233.595551       -0.005760        ---         -233.601311          2.17                0.49         
CONF7        -17.726237          ---           -233.597694       -0.006691        ---         -233.604385          0.24               12.84         
CONF8        -17.726096          ---           -233.597900       -0.006101        ---         -233.604001          0.48                8.55         
CONF9        -17.725488          ---           -233.596612       -0.006783        ---         -233.603396          0.86                4.50         
CONF10       -17.725359          ---           -233.596644       -0.007055        ---         -233.603698          0.67                6.20         
CONF11       -17.724980          ---           -233.596957       -0.006098        ---         -233.603054          1.08                3.14         
CONF12       -17.724438          ---           -233.595179       -0.005405        ---         -233.600584          2.63                0.23         
CONF13       -17.724199          ---           -233.593572       -0.006609        ---         -233.600181          2.88                0.15         
CONF14       -17.724071          ---           -233.594917       -0.006779        ---         -233.601696          1.93                0.74         
CONF15       -17.723238          ---           -233.594622       -0.006857        ---         -233.601479          2.06                0.59         

Boltzmann averaged free energy/enthalpy of ensemble on input geometries (not DFT optimized):
temperature /K:   avE(T) /a.u.   avG(T) /a.u.
    298.15        -233.5975298    -233.6042115     <<==part1==
----------------------------------------------------------------------------------------------------

