
         ______________________________________________________________
        |                                                              |
        |                                                              |
        |                   CENSO - Commandline ENSO                   |
        |                           v 2.1.2                            |
        |    energetic sorting of CREST Conformer Rotamer Ensembles    |
        |                    University of Bonn, MCTC                  |
        |                           Oct 2024                           |
        |                 based on ENSO version 2.0.1                  |
        |             L. M. Seidler, F. Bohle and S. Grimme            |
        |                                                              |
        |______________________________________________________________|

        Please cite:
        (TBA)
        S. Grimme, F. Bohle, A. Hansen, P. Pracht, S. Spicher, and M. Stahn
        J. Phys. Chem. A 2021, 125, 19, 4039-4054.
        DOI: https://doi.org/10.1021/acs.jpca.1c00971

        This program is distributed in the hope that it will be useful,
        but WITHOUT ANY WARRANTY; without even the implied warranty of
        MERCHANTABILITY or FITNESS FOR A PARTICULAR PURPOSE.

Reading configuration file from /home/z5358697/.censo2rc.
CALL: /srv/scratch/z5358697/.censo/bin/censo -i crest_conformers.xyz --maxcores 15 -O 1 --loglevel DEBUG
Read 15 conformers.
Number of atoms:              15
Charge:                       0
Unpaired electrons:           0


----------------------------------------------------------------------------------------------------
                                          GENERAL SETTINGS                                          
----------------------------------------------------------------------------------------------------
    
imagthr:                      -100.0
sthr:                         0.0
scale:                        1.0
temperature:                  298.15
solvent:                      h2o
sm_rrho:                      alpb
multitemp:                    False
evaluate_rrho:                False
consider_sym:                 False
bhess:                        False
rmsdbias:                     False
balance:                      False
gas-phase:                    False
copy_mo:                      True
retry_failed:                 True
trange:                       [273.15, 373.15, 5]



----------------------------------------------------------------------------------------------------
                                            PRESCREENING                                            
----------------------------------------------------------------------------------------------------
    
threshold:                    4.0
func:                         pbe-d4
basis:                        def2-sv(p)
prog:                         orca
gfnv:                         gfn2
run:                          True
template:                     False


Running xtb_gsolv calculation for CONF9.
Running xtb_gsolv calculation for CONF5.
Running xtb_gsolv calculation for CONF3.
Running xtb_gsolv calculation for CONF1.
Running xtb_gsolv calculation for CONF2.
Running xtb_gsolv calculation for CONF4.
Running xtb_gsolv calculation for CONF8.
Running xtb_gsolv calculation for CONF6.
Running xtb_gsolv calculation for CONF7.
Running xtb_gsolv calculation for CONF11.
Running xtb_gsolv calculation for CONF12.
Running xtb_gsolv calculation for CONF15.
Running xtb_gsolv calculation for CONF14.
Running xtb_gsolv calculation for CONF10.
Running xtb_gsolv calculation for CONF13.
Running sp calculation for CONF1.
Running sp calculation for CONF7.
Running sp calculation for CONF8.
Running sp calculation for CONF2.
Running sp calculation for CONF3.
Running sp calculation for CONF10.
Running sp calculation for CONF4.
Running sp calculation for CONF9.
Running sp calculation for CONF11.
Running sp calculation for CONF12.
Running sp calculation for CONF5.
Running sp calculation for CONF13.
Running sp calculation for CONF6.
Running sp calculation for CONF14.
Running sp calculation for CONF15.



-------------------------------- PRESCREENING SINGLE-POINT RESULTS ---------------------------------

CONF#         E (xTB)          ΔE (xTB)          E (DFT)          ΔE (DFT)        ΔGsolv (xTB)          Gtot             ΔGtot          Boltzmann weight   
                [Eh]          [kcal/mol]          [Eh]           [kcal/mol]        [kcal/mol]           [Eh]           [kcal/mol]        % at 298.15 K     
CONF1        -17.722764          0.08          -233.087504          0.41           -3.104961         -233.092452          0.49               10.10         
CONF2        -17.722898          0.00          -233.088156          0.00           -3.002562         -233.092941          0.18               16.95         
CONF3        -17.721977          0.58          -233.086382          1.11           -3.124862         -233.091362          1.17                3.18         
CONF4        -17.722033          0.54          -233.087407          0.47           -2.950302         -233.092109          0.71                7.03         
CONF5        -17.722425          0.30          -233.087728          0.27           -2.522078         -233.091748          0.93                4.79         
CONF6        -17.721642          0.79          -233.086234          1.21           -2.883263         -233.090829          1.51                1.81         
CONF7        -17.720534          1.48          -233.087103          0.66           -3.578722         -233.092806          0.27               14.70         
CONF8        -17.720421          1.55          -233.087559          0.37           -3.560898         -233.093234          0.00               23.12         
CONF9        -17.719782          1.96          -233.086025          1.34           -3.580256         -233.091731          0.94                4.71         
CONF10       -17.721382          0.95          -233.086624          0.96           -2.495987         -233.090601          1.65                1.42         
CONF11       -17.719330          2.24          -233.086656          0.94           -3.545037         -233.092306          0.58                8.65         
CONF12       -17.718797          2.57          -233.085723          1.53           -3.539918         -233.091364          1.17                3.19         
CONF13       -17.719407          2.19          -233.083229          3.09           -3.007574         -233.088022          3.27                0.09         
CONF14       -17.720867          1.27          -233.084736          2.15           -2.010739         -233.087941          3.32                0.08         
CONF15       -17.719850          1.91          -233.085245          1.83           -2.126196         -233.088633          2.89                0.18         

Boltzmann averaged free energy/enthalpy of ensemble on input geometries (not DFT optimized):
temperature /K:   avE(T) /a.u.   avG(T) /a.u.
    298.15        -233.0872909    -233.0925233     <<==part0==
----------------------------------------------------------------------------------------------------

Number of conformers:         15
Highest ranked conformer:     CONF8


Ran prescreening in 6.15 seconds!

----------------------------------------------------------------------------------------------------
                                             SCREENING                                              
----------------------------------------------------------------------------------------------------
    
threshold:                    3.5
func:                         r2scan-3c
basis:                        def2-tzvp
prog:                         orca
sm:                           smd
gfnv:                         gfn2
run:                          True
implicit:                     False
template:                     False


Running gsolv calculation for CONF8.
Running gsolv calculation for CONF7.
Running gsolv calculation for CONF4.
Running gsolv calculation for CONF1.
Running gsolv calculation for CONF2.
Running gsolv calculation for CONF5.
Running gsolv calculation for CONF11.
Running gsolv calculation for CONF9.
Running gsolv calculation for CONF6.
Running gsolv calculation for CONF10.
Running gsolv calculation for CONF12.
Running gsolv calculation for CONF13.
Running gsolv calculation for CONF15.
Running gsolv calculation for CONF3.
Running gsolv calculation for CONF14.

----------------------------- SCREENING SINGLE-POINT (+ mRRHO) RESULTS -----------------------------

CONF#         G (xTB)          ΔG (xTB)          E (DFT)          ΔGsolv         GmRRHO          Gtot             ΔGtot          Boltzmann weight   
                [Eh]          [kcal/mol]          [Eh]             [Eh]           [Eh]           [Eh]           [kcal/mol]        % at 298.15 K     
CONF1        -17.727712          ---           -233.597888       -0.006881        ---         -233.604769          0.00               19.27         
CONF2        -17.727683          ---           -233.598044       -0.006539        ---         -233.604583          0.12               15.83         
CONF3        -17.726957          ---           -233.596619       -0.006993        ---         -233.603612          0.73                5.66         
CONF4        -17.726735          ---           -233.597158       -0.006406        ---         -233.603565          0.76                5.38         
CONF5        -17.726445          ---           -233.597776       -0.006842        ---         -233.604618          0.09               16.42         
CONF6        -17.726237          ---           -233.595551       -0.005760        ---         -233.601311          2.17                0.49         
CONF7        -17.726237          ---           -233.597694       -0.006691        ---         -233.604385          0.24               12.84         
CONF8        -17.726096          ---           -233.597900       -0.006101        ---         -233.604001          0.48                8.55         
CONF9        -17.725488          ---           -233.596612       -0.006783        ---         -233.603396          0.86                4.50         
CONF10       -17.725359          ---           -233.596644       -0.007055        ---         -233.603698          0.67                6.20         
CONF11       -17.724980          ---           -233.596957       -0.006098        ---         -233.603054          1.08                3.14         
CONF12       -17.724438          ---           -233.595179       -0.005405        ---         -233.600584          2.63                0.23         
CONF13       -17.724199          ---           -233.593572       -0.006609        ---         -233.600181          2.88                0.15         
CONF14       -17.724071          ---           -233.594917       -0.006779        ---         -233.601696          1.93                0.74         
CONF15       -17.723238          ---           -233.594622       -0.006857        ---         -233.601479          2.06                0.59         

Boltzmann averaged free energy/enthalpy of ensemble on input geometries (not DFT optimized):
temperature /K:   avE(T) /a.u.   avG(T) /a.u.
    298.15        -233.5975298    -233.6042115     <<==part1==
----------------------------------------------------------------------------------------------------


----------------------------------- SCREENING RANKING COMPARISON -----------------------------------

CONF#        ΔGtot prescreening       ΔGtot screening   
                 [kcal/mol]             [kcal/mol]      
CONF1               0.49                   0.00         
CONF2               0.18                   0.12         
CONF3               1.17                   0.73         
CONF4               0.71                   0.76         
CONF5               0.93                   0.09         
CONF6               1.51                   2.17         
CONF7               0.27                   0.24         
CONF8               0.00                   0.48         
CONF9               0.94                   0.86         
CONF10              1.65                   0.67         
CONF11              0.58                   1.08         
CONF12              1.17                   2.63         
CONF13              3.27                   2.88         
CONF14              3.32                   1.93         
CONF15              2.89                   2.06         
----------------------------------------------------------------------------------------------------



Number of conformers:         15
Highest ranked conformer:     CONF1


Ran screening in 33.06 seconds!

----------------------------------------------------------------------------------------------------
                                            OPTIMIZATION                                            
----------------------------------------------------------------------------------------------------
    
optcycles:                    8
maxcyc:                       200
threshold:                    1.5
hlow:                         0.01
gradthr:                      0.01
func:                         r2scan-3c
basis:                        def2-tzvp
prog:                         orca
sm:                           smd
gfnv:                         gfn2
optlevel:                     normal
run:                          True
macrocycles:                  True
crestcheck:                   True
template:                     False
constrain:                    False
xtb_opt:                      True


Optimization using macrocycles, 8 microcycles per step.
Running xtb_opt calculation for CONF1.
Running xtb_opt calculation for CONF10.
Running xtb_opt calculation for CONF2.
Running xtb_opt calculation for CONF7.
Running xtb_opt calculation for CONF8.
Running xtb_opt calculation for CONF3.
Running xtb_opt calculation for CONF9.
Running xtb_opt calculation for CONF5.
Running xtb_opt calculation for CONF14.
Running xtb_opt calculation for CONF11.
Running xtb_opt calculation for CONF15.
Running xtb_opt calculation for CONF13.
Running xtb_opt calculation for CONF12.
Running xtb_opt calculation for CONF6.
Running xtb_opt calculation for CONF4.
Running xtb_rrho calculation for CONF3.
Running xtb_rrho calculation for CONF1.
Running xtb_rrho calculation for CONF7.
Running xtb_rrho calculation for CONF5.
Running xtb_rrho calculation for CONF2.
Running xtb_rrho calculation for CONF8.
Running xtb_rrho calculation for CONF10.
Running xtb_rrho calculation for CONF4.
Running xtb_rrho calculation for CONF11.
Running xtb_rrho calculation for CONF9.
Running xtb_rrho calculation for CONF14.
Running xtb_rrho calculation for CONF15.
Running xtb_rrho calculation for CONF6.
Running xtb_rrho calculation for CONF13.
Running xtb_rrho calculation for CONF12.
CONF1 converged after 7 steps.
CONF5 converged after 8 steps.
CONF7 converged after 4 steps.
CONF8 converged after 8 steps.
CONF3 converged after 7 steps.
CONF9 converged after 8 steps.

----------------------------------- OPTIMIZATION CYCLE 8 UPDATE ------------------------------------

CONF#           Gtot             ΔGtot          grad_norm       converged   
                [Eh]           [kcal/mol]        [Eh/a0]                    
CONF1        -233.501720          0.16          0.000273          True      
CONF2        -233.501552          0.26          0.000319          False     
CONF3        -233.500542          0.90          0.000336          True      
CONF4        -233.500910          0.67          0.004081          False     
CONF5        -233.501973          0.00          0.000521          True      
CONF6        -233.498446          2.21          0.001266          False     
CONF7        -233.501603          0.23          0.000559          True      
CONF8        -233.501372          0.38          0.000569          True      
CONF9        -233.500588          0.87          0.000478          True      
CONF10       -233.501220          0.47          0.004583          False     
CONF11       -233.500871          0.69          0.003393          False     
CONF12       -233.498569          2.14          0.000901          False     
CONF13       -233.499191          1.75          0.021111          False     
CONF14       -233.498485          2.19          0.001371          False     
CONF15       -233.498312          2.30          0.000981          False     
----------------------------------------------------------------------------------------------------
Running xtb_opt calculation for CONF2.
Running xtb_opt calculation for CONF10.
Running xtb_opt calculation for CONF4.
Running xtb_opt calculation for CONF11.
Running xtb_opt calculation for CONF14.
Running xtb_opt calculation for CONF15.
Running xtb_opt calculation for CONF6.
Running xtb_opt calculation for CONF12.
Running xtb_opt calculation for CONF13.
CONF2 converged after 17 steps.
CONF10 converged after 23 steps.
CONF4 converged after 24 steps.
CONF11 converged after 21 steps.
CONF14 converged after 23 steps.
CONF15 converged after 17 steps.
CONF6 converged after 19 steps.
CONF12 converged after 23 steps.
No longer considering CONF14 (gradient too small and ΔG = 2.16).
No longer considering CONF15 (gradient too small and ΔG = 2.29).
No longer considering CONF6 (gradient too small and ΔG = 2.20).
No longer considering CONF12 (gradient too small and ΔG = 2.08).

----------------------------------- OPTIMIZATION CYCLE 16 UPDATE -----------------------------------

CONF#           Gtot             ΔGtot          grad_norm       converged   
                [Eh]           [kcal/mol]        [Eh/a0]                    
CONF1        -233.501720          0.16          0.000273          True      
CONF2        -233.501553          0.26          0.000164          True      
CONF3        -233.500542          0.90          0.000336          True      
CONF4        -233.501095          0.55          0.000180          True      
CONF5        -233.501973          0.00          0.000521          True      
CONF7        -233.501603          0.23          0.000559          True      
CONF8        -233.501372          0.38          0.000569          True      
CONF9        -233.500588          0.87          0.000478          True      
CONF10       -233.501360          0.38          0.000988          True      
CONF11       -233.500928          0.66          0.000634          True      
CONF13       -233.501824          0.09          0.005205          False     
----------------------------------------------------------------------------------------------------
Running xtb_opt calculation for CONF13.
CONF13 converged after 40 steps.

----------------------------------- OPTIMIZATION CYCLE 24 UPDATE -----------------------------------

CONF#           Gtot             ΔGtot          grad_norm       converged   
                [Eh]           [kcal/mol]        [Eh/a0]                    
CONF1        -233.501720          0.19          0.000273          True      
CONF2        -233.501553          0.29          0.000164          True      
CONF3        -233.500542          0.93          0.000336          True      
CONF4        -233.501095          0.58          0.000180          True      
CONF5        -233.501973          0.03          0.000521          True      
CONF7        -233.501603          0.26          0.000559          True      
CONF8        -233.501372          0.41          0.000569          True      
CONF9        -233.500588          0.90          0.000478          True      
CONF10       -233.501360          0.42          0.000988          True      
CONF11       -233.500928          0.69          0.000634          True      
CONF13       -233.502023          0.00          0.000725          True      
----------------------------------------------------------------------------------------------------
Running xtb_rrho calculation for CONF1.
Running xtb_rrho calculation for CONF2.
Running xtb_rrho calculation for CONF5.
Running xtb_rrho calculation for CONF8.
Running xtb_rrho calculation for CONF7.
Running xtb_rrho calculation for CONF3.
Running xtb_rrho calculation for CONF10.
Running xtb_rrho calculation for CONF4.
Running xtb_rrho calculation for CONF11.
Running xtb_rrho calculation for CONF13.
Running xtb_rrho calculation for CONF9.

--------------------------------------- OPTIMIZATION RESULTS ---------------------------------------

CONF#        E (DFT) (+ ΔGsolv)       ΔE (DFT) (+ δΔGsolv)       GmRRHO          Gtot             ΔGtot          Boltzmann weight   
                    [Eh]                   [kcal/mol]             [Eh]           [Eh]           [kcal/mol]        % at 298.15 K     
CONF1           -233.605718                   0.09                ---         -233.501720          0.16               12.71         
CONF2           -233.605703                   0.10                ---         -233.501553          0.26               10.65         
CONF3           -233.604608                   0.79                ---         -233.500542          0.90                3.65         
CONF4           -233.605214                   0.41                ---         -233.500978          0.62                5.79         
CONF5           -233.605865                   0.00                ---         -233.501973          0.00               16.62         
CONF7           -233.605220                   0.40                ---         -233.501603          0.23               11.23         
CONF8           -233.605145                   0.45                ---         -233.501372          0.38                8.79         
CONF9           -233.604311                   0.98                ---         -233.500588          0.87                3.83         
CONF10          -233.605433                   0.27                ---         -233.501482          0.31                9.89         
CONF11          -233.604673                   0.75                ---         -233.500966          0.63                5.72         
CONF13          -233.605741                   0.08                ---         -233.501593          0.24               11.12         

Boltzmann averaged free energy/enthalpy of ensemble on optimized geometries:
temperature /K:   avE(T) /a.u.   avG(T) /a.u.
    298.15        -233.6054254    -233.5014904     <<==part2==
----------------------------------------------------------------------------------------------------


--------------------------------------- OPTIMIZATION RESULTS ---------------------------------------

CONF#        E (DFT) (+ ΔGsolv)       ΔE (DFT) (+ δΔGsolv)       GmRRHO          Gtot             ΔGtot          Boltzmann weight   
                    [Eh]                   [kcal/mol]             [Eh]           [Eh]           [kcal/mol]        % at 298.15 K     
CONF1           -233.605718                   0.09                ---         -233.501720          0.16               12.71         
CONF2           -233.605703                   0.10                ---         -233.501553          0.26               10.65         
CONF3           -233.604608                   0.79                ---         -233.500542          0.90                3.65         
CONF4           -233.605214                   0.41                ---         -233.500978          0.62                5.79         
CONF5           -233.605865                   0.00                ---         -233.501973          0.00               16.62         
CONF7           -233.605220                   0.40                ---         -233.501603          0.23               11.23         
CONF8           -233.605145                   0.45                ---         -233.501372          0.38                8.79         
CONF9           -233.604311                   0.98                ---         -233.500588          0.87                3.83         
CONF10          -233.605433                   0.27                ---         -233.501482          0.31                9.89         
CONF11          -233.604673                   0.75                ---         -233.500966          0.63                5.72         
CONF13          -233.605741                   0.08                ---         -233.501593          0.24               11.12         

Boltzmann averaged free energy/enthalpy of ensemble on optimized geometries:
temperature /K:   avE(T) /a.u.   avG(T) /a.u.
    298.15        -233.6054254    -233.5014904     <<==part2==
----------------------------------------------------------------------------------------------------


--------------------------------- OPTIMIZATION RANKING COMPARISON ----------------------------------

CONF#        ΔGtot prescreening       ΔGtot screening       ΔGtot optimization   
                 [kcal/mol]             [kcal/mol]              [kcal/mol]       
CONF1               0.49                   0.00                    0.16          
CONF2               0.18                   0.12                    0.26          
CONF3               1.17                   0.73                    0.90          
CONF4               0.71                   0.76                    0.62          
CONF5               0.93                   0.09                    0.00          
CONF7               0.27                   0.24                    0.23          
CONF8               0.00                   0.48                    0.38          
CONF9               0.94                   0.86                    0.87          
CONF10              1.65                   0.67                    0.31          
CONF11              0.58                   1.08                    0.63          
CONF13              3.27                   2.88                    0.24          
----------------------------------------------------------------------------------------------------



Number of conformers:         11
Highest ranked conformer:     CONF5


Ran optimization in 412.79 seconds!

----------------------------------------------------------------------------------------------------
                                             REFINEMENT                                             
----------------------------------------------------------------------------------------------------
    
threshold:                    0.95
func:                         wb97x-v
basis:                        def2-tzvp
prog:                         orca
sm:                           smd
gfnv:                         gfn2
run:                          True
implicit:                     False
template:                     False


Running gsolv calculation for CONF5.
Running gsolv calculation for CONF11.
Running gsolv calculation for CONF1.
Running gsolv calculation for CONF13.
Running gsolv calculation for CONF7.
Running gsolv calculation for CONF2.
Running gsolv calculation for CONF8.
Running gsolv calculation for CONF10.
Running gsolv calculation for CONF4.
Running gsolv calculation for CONF9.
Running gsolv calculation for CONF3.
No longer considering CONF5.
No longer considering CONF1.
No longer considering CONF7.
No longer considering CONF13.
No longer considering CONF2.
No longer considering CONF10.
No longer considering CONF8.
No longer considering CONF4.
No longer considering CONF11.
No longer considering CONF9.

---------------------------- REFINEMENT SINGLE-POINT (+ mRRHO) RESULTS -----------------------------

CONF#          E (DFT)          ΔGsolv         GmRRHO          Gtot             ΔGtot          Boltzmann weight   
                [Eh]             [Eh]           [Eh]           [Eh]           [kcal/mol]        % at 298.15 K     
CONF1        -233.675389       -0.007627        ---         -233.683016          0.02               13.82         
CONF2        -233.675624       -0.007345        ---         -233.682970          0.05               13.15         
CONF3        -233.674160       -0.007744        ---         -233.681904          0.72                4.25         
CONF4        -233.675057       -0.007300        ---         -233.682357          0.44                6.87         
CONF5        -233.675477       -0.007575        ---         -233.683052          0.00               14.35         
CONF7        -233.675368       -0.007343        ---         -233.682711          0.21               10.00         
CONF8        -233.675717       -0.006859        ---         -233.682576          0.30                8.67         
CONF9        -233.674247       -0.007477        ---         -233.681724          0.83                3.52         
CONF10       -233.674510       -0.007905        ---         -233.682415          0.40                7.31         
CONF11       -233.675048       -0.006924        ---         -233.681972          0.68                4.57         
CONF13       -233.675635       -0.007360        ---         -233.682994          0.04               13.50         

Boltzmann averaged free energy/enthalpy of ensemble (high level single-points):
temperature /K:   avE(T) /a.u.   avG(T) /a.u.
    298.15        -233.6752970    -233.6827140     <<==part3==
----------------------------------------------------------------------------------------------------


---------------------------------- REFINEMENT RANKING COMPARISON -----------------------------------

CONF#        ΔGtot prescreening       ΔGtot screening       ΔGtot optimization       ΔGtot refinement   
                 [kcal/mol]             [kcal/mol]              [kcal/mol]              [kcal/mol]      
CONF1               0.49                   0.00                    0.16                    0.02         
CONF2               0.18                   0.12                    0.26                    0.05         
CONF3               1.17                   0.73                    0.90                    0.72         
CONF4               0.71                   0.76                    0.62                    0.44         
CONF5               0.93                   0.09                    0.00                    0.00         
CONF7               0.27                   0.24                    0.23                    0.21         
CONF8               0.00                   0.48                    0.38                    0.30         
CONF9               0.94                   0.86                    0.87                    0.83         
CONF10              1.65                   0.67                    0.31                    0.40         
CONF11              0.58                   1.08                    0.63                    0.68         
CONF13              3.27                   2.88                    0.24                    0.04         
----------------------------------------------------------------------------------------------------



Number of conformers:         11
Highest ranked conformer:     CONF5


Ran refinement in 130.63 seconds!

Ran CENSO in 00:09:42

CENSO all done!
