----------------------------------------------- 
  Element       SASA      Sigma Z        Total  
     Z         Ang**2 cal/Ang**2/mol   kcal/mol 
----------------------------------------------- 
      H        121.697      48.690       5.925
      C         20.198     129.740       2.620
      O         16.801       0.000       0.000

 Subtotal:     158.695                   8.546
 -----------------------------------------------

  Elements    COT*SASA   Sigma Z,Z'     Total   
    Z,Z'       Ang**2  cal/Ang**2/mol kcal/mol  
 ---------------------------------------------- 
  H   C         72.490     -60.770      -4.405
  H   O          9.768       0.000       0.000
  C   C         16.476     -72.950      -1.202
  O   C          0.000      68.690       0.000

 Subtotal:                              -5.607
 ---------------------------------------------- 

 NONAQUEOUS SOLVENT CONTRIBUTION (kcal/mol):
 (proportional to SASA, atomic number independent)
 ---------------------------------------------- 
 Subtotal:                               0.000
 ---------------------------------------------- 

 CDS TOTAL (kcal/mol):                   2.939
...............................................................................
