15
 energy: -233.605701644514 gnorm: 0.000319092754 xtb: 6.7.1 (edcfbbe)
C            2.43258239092850       -0.26365469548883       -0.15275824190641
C            1.02011672516324        0.26056544540001       -0.39496606040267
C            0.05743094152263       -0.12953855596192        0.72526954212960
C           -1.35768827787744        0.38976345209065        0.53184657339942
O           -1.99383003158219       -0.13730250351029       -0.65173096751608
H            2.83969567700710        0.12153350739344        0.78912441645733
H            2.43986099301848       -1.35807701164549       -0.09504231406382
H            3.11312078597561        0.03278385577717       -0.95760847324937
H            1.04009720760611        1.35479784372232       -0.48364662819058
H            0.64656142835721       -0.12399700909238       -1.35138029937155
H            0.02611033903449       -1.22384879315295        0.82829248815688
H            0.42905636458792        0.26296843645574        1.68187145959217
H           -1.96933708032003        0.16027693636940        1.41585848815454
H           -1.35101362413856        1.47743265831148        0.40006501849046
H           -2.01104454306637       -1.09884473630993       -0.55862868032533
15
 energy: -233.605702538043 gnorm: 0.000164846551 xtb: 6.7.1 (edcfbbe)
C            2.43264251112843       -0.26363605784757       -0.15307383547265
C            1.01992960037408        0.26051589840233       -0.39475966311669
C            0.05746673818475       -0.12963860644198        0.72568511990761
C           -1.35777355721812        0.38963355354803        0.53216061357968
O           -1.99263915638303       -0.13653119070295       -0.65266700131650
H            2.83981927609563        0.12313734053527        0.78803187641795
H            2.43938652542637       -1.35783776122924       -0.09346543925966
H            3.11287987100823        0.03123103415810       -0.95865027956946
H            1.03998108315753        1.35477145132493       -0.48353903630484
H            0.64601820328762       -0.12439347955303       -1.35089094805613
H            0.02647013594344       -1.22392198124644        0.82861627044397
H            0.42938354994331        0.26319099487530        1.68203281822298
H           -1.97004860833403        0.15904704521135        1.41535064068208
H           -1.35094412120010        1.47738504844997        0.40139939887729
H           -2.01085271381356       -1.09809447907302       -0.55966439226376
15
 energy: -233.605702538043 gnorm: 0.000164846551 xtb: 6.7.1 (edcfbbe)
C            2.43264251112843       -0.26363605784757       -0.15307383547265
C            1.01992960037408        0.26051589840233       -0.39475966311669
C            0.05746673818475       -0.12963860644198        0.72568511990761
C           -1.35777355721812        0.38963355354803        0.53216061357968
O           -1.99263915638303       -0.13653119070295       -0.65266700131650
H            2.83981927609563        0.12313734053527        0.78803187641795
H            2.43938652542637       -1.35783776122924       -0.09346543925966
H            3.11287987100823        0.03123103415810       -0.95865027956946
H            1.03998108315753        1.35477145132493       -0.48353903630484
H            0.64601820328762       -0.12439347955303       -1.35089094805613
H            0.02647013594344       -1.22392198124644        0.82861627044397
H            0.42938354994331        0.26319099487530        1.68203281822298
H           -1.97004860833403        0.15904704521135        1.41535064068208
H           -1.35094412120010        1.47738504844997        0.40139939887729
H           -2.01085271381356       -1.09809447907302       -0.55966439226376
