----------------------------------------------- 
  Element       SASA      Sigma Z        Total  
     Z         Ang**2 cal/Ang**2/mol   kcal/mol 
----------------------------------------------- 
      H         73.359      48.690       3.572
      C         72.492     129.740       9.405
      O         33.443       0.000       0.000

 Subtotal:     179.295                  12.977
 -----------------------------------------------

  Elements    COT*SASA   Sigma Z,Z'     Total   
    Z,Z'       Ang**2  cal/Ang**2/mol kcal/mol  
 ---------------------------------------------- 
  H   C         49.625     -60.770      -3.016
  H   O          0.000       0.000       0.000
  C   C         78.957     -72.950      -5.760
  O   C         19.272      68.690       1.324
  O   O          0.000       0.000       0.000

 Subtotal:                              -7.452
 ---------------------------------------------- 

 NONAQUEOUS SOLVENT CONTRIBUTION (kcal/mol):
 (proportional to SASA, atomic number independent)
 ---------------------------------------------- 
 Subtotal:                               0.000
 ---------------------------------------------- 

 CDS TOTAL (kcal/mol):                   5.525
...............................................................................
