----------------------------------------------- 
  Element       SASA      Sigma Z        Total  
     Z         Ang**2 cal/Ang**2/mol   kcal/mol 
----------------------------------------------- 
      H        115.569      48.690       5.627
      C         27.261     129.740       3.537
      O         13.273       0.000       0.000

 Subtotal:     156.103                   9.164
 -----------------------------------------------

  Elements    COT*SASA   Sigma Z,Z'     Total   
    Z,Z'       Ang**2  cal/Ang**2/mol kcal/mol  
 ---------------------------------------------- 
  H   C         77.662     -60.770      -4.720
  H   O          0.000       0.000       0.000
  C   C         16.814     -72.950      -1.227
  O   C          0.000      68.690       0.000

 Subtotal:                              -5.946
 ---------------------------------------------- 

 NONAQUEOUS SOLVENT CONTRIBUTION (kcal/mol):
 (proportional to SASA, atomic number independent)
 ---------------------------------------------- 
 Subtotal:                               0.000
 ---------------------------------------------- 

 CDS TOTAL (kcal/mol):                   3.218
...............................................................................
