15
 energy: -233.587078851479 gnorm: 0.026535757958 xtb: 6.7.1 (edcfbbe)
C            1.98424313847927        0.55890078864766        0.31978873014171
C            1.02119980865252       -0.13238050225866       -0.64319147098502
O           -0.00000536610000       -0.87984183008988        0.00026197230012
C           -1.02122806075253       -0.13202705115850        0.64326846148505
C           -1.98422059517926        0.55871702114758       -0.32012562424186
H            2.36129476564635       -0.15932141037060        1.04337135876235
H            2.81765511714858        0.96828851862907       -0.24266258070753
H            1.49545352856268        1.37039555930726        0.85286188267793
H            1.55935641289099       -0.88058650269021       -1.23028420364517
H            0.58351398285857        0.60048317406609       -1.33174823459013
H           -1.55932395479098       -0.87981497848987        1.23096700814547
H           -0.58351322825857        0.60135193816647        1.33122448158990
H           -2.36158817684648       -0.16017602267098       -1.04292703946215
H           -2.81735137124844        0.96889989072935        0.24221592670733
H           -1.49534387166263        1.36957481780689       -0.85407993987847
15
 energy: -233.587929857551 gnorm: 0.011840004408 xtb: 6.7.1 (edcfbbe)
C            1.97316676544193        0.55608771171364        0.32025344681939
C            1.02185388264936       -0.13637418354976       -0.64944726781762
O           -0.00000507781654       -0.89590822305765        0.00026637125215
C           -1.02180939155740       -0.13591894334064        0.64953398505473
C           -1.97318492926405        0.55586350108197       -0.32057943191025
H            2.36721957372082       -0.16181250391684        1.04464831586553
H            2.81046151605503        0.97656015354372       -0.24193208182082
H            1.48725406543798        1.37131534911970        0.86115652604023
H            1.57338613699855       -0.86832292007719       -1.24732353903033
H            0.58308864370332        0.59628035293035       -1.34054190253316
H           -1.57332694431225       -0.86745530277268        1.24793281733698
H           -0.58298836685048        0.59718814714064        1.34010838951941
H           -2.36758334562888       -0.16259377604360       -1.04424351416473
H           -2.81022729029943        0.97708810160890        0.24142697971001
H           -1.48716365869167        1.37046651789205       -0.86231839835420
15
 energy: -233.588095195623 gnorm: 0.004057403506 xtb: 6.7.1 (edcfbbe)
C            1.96617123911866        0.55598252557828        0.32029740762179
C            1.02214624992714       -0.13851547515633       -0.64948924311739
O           -0.00000842127890       -0.91045485254193        0.00027079359388
C           -1.02210403787347       -0.13805653823284        0.64958041175934
C           -1.96618667298263        0.55577898022300       -0.32061866243572
H            2.37306017270156       -0.16089672407262        1.04243047437672
H            2.80297771001961        0.98800661722757       -0.24022359907893
H            1.47852596949103        1.36859287346485        0.86740433140509
H            1.57947102447627       -0.86256760576967       -1.25319501054428
H            0.57639176734676        0.59035504407646       -1.34113539835232
H           -1.57938705711397       -0.86168604820724        1.25383254206516
H           -0.57627820534168        0.59128864196369        1.34067954974503
H           -2.37338638107401       -0.16164268892359       -1.04202904110815
H           -2.80277821923106        0.98848583124863        0.23968788605441
H           -1.47847423071509        1.36779403582541       -0.86855166063265
15
 energy: -233.588121168310 gnorm: 0.001578293329 xtb: 6.7.1 (edcfbbe)
C            1.96244872435105        0.55659371623596        0.32053302989120
C            1.02250633005984       -0.13908080282853       -0.64980943530097
O           -0.00001134256228       -0.91482270932865        0.00027165080802
C           -1.02245896535387       -0.13860588612332        0.64989964608885
C           -1.96246885592144        0.55639337574762       -0.32085527573761
H            2.37470875518488       -0.15948453762727        1.04019130035783
H            2.79648972423530        0.99465510414530       -0.23950010579746
H            1.47224837519549        1.36550355162188        0.87055326918870
H            1.58047134606856       -0.86231580628743       -1.25370471206884
H            0.57198227559677        0.58723808356583       -1.34055296480850
H           -1.58038533849048       -0.86140756296952        1.25434983873073
H           -0.57185450376141        0.58818842241375        1.34008982623718
H           -2.37500985624644       -0.16022030491414       -1.03981269010681
H           -2.79631299771304        0.99510108151631        0.23895774293145
H           -1.47221330082483        1.36472934354181       -0.87167015414508
15
 energy: -233.588136782250 gnorm: 0.002295597014 xtb: 6.7.1 (edcfbbe)
C            1.95674964663163        0.55874637881829        0.32023747979889
C            1.02249536106775       -0.14144516850775       -0.64978559927783
O           -0.00001818275545       -0.92176931745809        0.00027935785239
C           -1.02245032403040       -0.14095019925527        0.64988087504537
C           -1.95676970244331        0.55855958467819       -0.32056636371703
H            2.37848991229079       -0.15596608492535        1.03451454260020
H            2.78367575587600        1.00965449586513       -0.23905349914889
H            1.45881754866014        1.35847725028331        0.87559940863205
H            1.58245950562215       -0.86406666932242       -1.25180305106370
H            0.56681824666803        0.58112193677854       -1.33997873268002
H           -1.58237579747214       -0.86311850134417        1.25247880536379
H           -0.56667964327841        0.58210362350474        1.33949717742624
H           -2.37871536662920       -0.15668266681254       -1.03418909434580
H           -2.78354314961280        1.01003525620999        0.23848863148202
H           -1.45881463241826        1.35776611746908       -0.87665841558511
15
 energy: -233.588143534255 gnorm: 0.001159930759 xtb: 6.7.1 (edcfbbe)
C            1.95658916522900        0.55924301763513        0.32017228216423
C            1.02253260692742       -0.14193955159040       -0.65014261350463
O           -0.00001782497268       -0.92069803987814        0.00028496674989
C           -1.02249067019118       -0.14144348992577        0.65024228968752
C           -1.95660607533144        0.55905763431744       -0.32050396848021
H            2.37948037580148       -0.15501619285338        1.03407511019068
H            2.78201847614893        1.01157530032143       -0.23961641938601
H            1.45731858296859        1.35783989918857        0.87580924210889
H            1.58265543060433       -0.86573721244660       -1.25052902995193
H            0.56800713199154        0.58001567988802       -1.34164340325388
H           -1.58257816651305       -0.86478724951631        1.25120906851861
H           -0.56787608904711        0.58100136503822        1.34116728324791
H           -2.37968722481458       -0.15573064036840       -1.03376334558210
H           -2.78189480416550        1.01194752458348        0.23903991303265
H           -1.45731196585141        1.35713813543502       -0.87685963090107
15
 energy: -233.588150540283 gnorm: 0.001358037178 xtb: 6.7.1 (edcfbbe)
C            1.95471159920866        0.56233669381612        0.31920457035500
C            1.02357508948261       -0.14516377070411       -0.65104266255468
O           -0.00001699312088       -0.91933561894001        0.00031768407008
C           -1.02354720231080       -0.14465431323548        0.65116819155552
C           -1.95471194691958        0.56215830413509       -0.31955299349610
H            2.38544298635484       -0.14946414658005        1.03099432220313
H            2.77343005934391        1.02363917838160       -0.24244028925324
H            1.44845959140039        1.35506154151064        0.87703827660890
H            1.58557961525941       -0.87364699659140       -1.24413075052683
H            0.57283084150348        0.57249978410868       -1.34943211798626
H           -1.58553819081848       -0.87268089947793        1.24482923274067
H           -0.57273459268054        0.57351059119952        1.34899324237726
H           -2.38554781186893       -0.15015994870214       -1.03076055463575
H           -2.77335642194716        1.02395377510673        0.24179448783618
H           -1.44843903510575        1.35441285849498       -0.87803756301639
15
 energy: -233.588154002280 gnorm: 0.000400698525 xtb: 6.7.1 (edcfbbe)
C            1.95365966649312        0.56302125941398        0.31862986647133
C            1.02326298488497       -0.14653115324809       -0.65036876428722
O           -0.00001683149075       -0.92199074449833        0.00032339102190
C           -1.02323747632666       -0.14601941846730        0.65049840596861
C           -1.95365674688181        0.56284408566051       -0.31898142939387
H            2.38596910089528       -0.14772988692196        1.03065862209917
H            2.77215328657664        1.02538820534994       -0.24311656993299
H            1.44688396324700        1.35548491988800        0.87656211599280
H            1.58714287461676       -0.87385258067969       -1.24329898701251
H            0.57293696398900        0.57080449040505       -1.34970803651774
H           -1.58710836362261       -0.87288430067641        1.24399688813605
H           -0.57284681159491        0.57181826058123        1.34927713667651
H           -2.38605920791673       -0.14842485408889       -1.03043562535310
H           -2.77208458701889        1.02569489036515        0.24246190284771
H           -1.44686155092508        1.35484403363267       -0.87755543872801
15
 energy: -233.588154002280 gnorm: 0.000400698525 xtb: 6.7.1 (edcfbbe)
C            1.95365966649312        0.56302125941398        0.31862986647133
C            1.02326298488497       -0.14653115324809       -0.65036876428722
O           -0.00001683149075       -0.92199074449833        0.00032339102190
C           -1.02323747632666       -0.14601941846730        0.65049840596861
C           -1.95365674688181        0.56284408566051       -0.31898142939387
H            2.38596910089528       -0.14772988692196        1.03065862209917
H            2.77215328657664        1.02538820534994       -0.24311656993299
H            1.44688396324700        1.35548491988800        0.87656211599280
H            1.58714287461676       -0.87385258067969       -1.24329898701251
H            0.57293696398900        0.57080449040505       -1.34970803651774
H           -1.58710836362261       -0.87288430067641        1.24399688813605
H           -0.57284681159491        0.57181826058123        1.34927713667651
H           -2.38605920791673       -0.14842485408889       -1.03043562535310
H           -2.77208458701889        1.02569489036515        0.24246190284771
H           -1.44686155092508        1.35484403363267       -0.87755543872801
