15
 energy: -17.726808108209 gnorm: 0.028696193283 xtb: 6.7.1 (edcfbbe)
C            2.42909502698557       -0.29012902515811       -0.14344313704428
C            1.02246667220486        0.24606360166758       -0.39572784234457
C            0.04848393890393       -0.15332534588574        0.71272457303168
C           -1.35184713364550        0.39606347516365        0.53037408357258
O           -1.92302807153291       -0.16706894679072       -0.67070718633356
H            2.82690614035100        0.08323131744014        0.80707591014888
H            2.42727389422385       -1.38505378110173       -0.09599057584221
H            3.12098244904232        0.00899228958341       -0.93721926872266
H            1.04994408058722        1.34121359979561       -0.47084781806149
H            0.65796243071319       -0.12573481697530       -1.36018067767921
H           -0.00108949481637       -1.24800850148318        0.78941844554783
H            0.42442815074637        0.21373105526969        1.67661724842267
H           -1.97509112030010        0.13435624362364        1.39670284342700
H           -1.32070186927814        1.49274294485406        0.45057153758203
H           -2.80960305800822        0.20098202259258       -0.76850878946196
15
 energy: -17.727666035271 gnorm: 0.012622408190 xtb: 6.7.1 (edcfbbe)
C            2.42136721583946       -0.28989200569626       -0.14131104154925
C            1.01941685831968        0.24839378185170       -0.39048332485841
C            0.05997388810608       -0.15647770347329        0.72514229332101
C           -1.34225954862827        0.39513262330065        0.52181627634106
O           -1.91357907560224       -0.16420983132600       -0.66363777704462
H            2.81653251883661        0.08657767510383        0.80229335215785
H            2.41252868173095       -1.37877600936368       -0.09623924080838
H            3.09669306386550        0.01289590341342       -0.94005510447274
H            1.05230564456156        1.34019856276322       -0.45873312312805
H            0.64104624467732       -0.13010439440098       -1.34368590714739
H            0.00380854496198       -1.24776854706105        0.77944284196563
H            0.43737210306972        0.21043970209159        1.68477464600822
H           -1.96923543830039        0.13226864270933        1.38338154849286
H           -1.30881496304887        1.48894840356617        0.43035949166264
H           -2.80097370221203        0.20042932911693       -0.77220558469770
15
 energy: -17.727847553916 gnorm: 0.003562118316 xtb: 6.7.1 (edcfbbe)
C            2.42119015722898       -0.29027779280722       -0.14529302257325
C            1.01824777784134        0.25004519491896       -0.38447115152102
C            0.06087503865566       -0.15779461045442        0.73214072579381
C           -1.34346198170074        0.39618951095683        0.52020103371240
O           -1.90147841172298       -0.16713308112240       -0.65680438693017
H            2.81603776774268        0.08634188529832        0.79480009988492
H            2.40775172014550       -1.37602205995425       -0.10111425046814
H            3.08863307104394        0.01378444944588       -0.94673326485523
H            1.05312285144149        1.33982545935476       -0.44801703298223
H            0.63002985972353       -0.12816953401131       -1.33162421988283
H            0.00045781639177       -1.24654376599058        0.77489242766187
H            0.43417613496605        0.20732147356717        1.69040867650572
H           -1.97089337475112        0.13984995262289        1.38372246316394
H           -1.29923116800654        1.48862172140587        0.42303398897819
H           -2.78927522282251        0.19201732936508       -0.78428274024524
15
 energy: -17.727879137985 gnorm: 0.001563438853 xtb: 6.7.1 (edcfbbe)
C            2.42080209201868       -0.29113783876917       -0.14744856029882
C            1.01708979703971        0.25217189206916       -0.38148921330765
C            0.06042653810585       -0.15850710318023        0.73573642208227
C           -1.34437495259597        0.39698517091114        0.51884333393627
O           -1.89672705606651       -0.17211869109755       -0.65406950750525
H            2.81967103654149        0.08374419518195        0.79185295935899
H            2.40615178660415       -1.37707318468915       -0.10530883135846
H            3.08516226620844        0.01377810009921       -0.95120570703439
H            1.05315126117099        1.34205229472148       -0.44128132039847
H            0.62595916222554       -0.12228929402093       -1.32873975557779
H           -0.00147926237207       -1.24692364740743        0.77578350175616
H            0.43103368057044        0.20476888409415        1.69514679945976
H           -1.97122319445233        0.14828084763762        1.38571543319863
H           -1.29555154565205        1.48959147213956        0.42014058565999
H           -2.78390957316928        0.18473303490577       -0.79281679372848
15
 energy: -17.727891113311 gnorm: 0.001364911197 xtb: 6.7.1 (edcfbbe)
C            2.42104686913070       -0.29269519943019       -0.15043130555143
C            1.01727584064635        0.25533013893567       -0.37690709494673
C            0.05910963794303       -0.15801990296441        0.73846254737618
C           -1.34604357392850        0.39747252392438        0.51772107693832
O           -1.89495023011530       -0.18046804861689       -0.65024868582723
H            2.82638568170379        0.07802070274070        0.78869885477163
H            2.40409324041752       -1.37951437931177       -0.11163955631141
H            3.08328369986536        0.01274390952695       -0.95667562395039
H            1.05585507518112        1.34591089476618       -0.43053662140430
H            0.62414541533741       -0.11202684083040       -1.32640833940083
H           -0.00301357941252       -1.24677368794440        0.77747774109750
H            0.42735401646811        0.20303574254481        1.69984835826063
H           -1.97331558148617        0.15889148719125        1.38822681157984
H           -1.29485224945693        1.49037998900548        0.41411598443365
H           -2.78019222611691        0.17576880305821       -0.80084480082268
15
 energy: -17.727896682292 gnorm: 0.000714863260 xtb: 6.7.1 (edcfbbe)
C            2.42024758208688       -0.29371460015363       -0.15072555965849
C            1.01793055262810        0.25746523605177       -0.37576638840848
C            0.05929851414481       -0.15699582679880        0.73841376873885
C           -1.34565289125203        0.39721226943616        0.51731393739490
O           -1.89629518276839       -0.18457838487161       -0.64863674770675
H            2.82746202045823        0.07447434434755        0.78859170890040
H            2.40153345227798       -1.38061962930720       -0.11364852711562
H            3.08264707773398        0.01159388855922       -0.95687464002768
H            1.05860361450753        1.34823474437550       -0.42648098254483
H            0.62448849189178       -0.10656216535256       -1.32659461079177
H           -0.00215221261115       -1.24602194224992        0.77745766806349
H            0.42695018640693        0.20378389726068        1.70040148747616
H           -1.97268714186851        0.16054639922576        1.38843453319644
H           -1.29587789506415        1.48983499018200        0.40962970465076
H           -2.78031413239494        0.17340291189064       -0.80065600592462
15
 energy: -17.727902809732 gnorm: 0.000529424468 xtb: 6.7.1 (edcfbbe)
C            2.41944437015353       -0.29550881509062       -0.15152807827287
C            1.01934761674607        0.26128237998144       -0.37362481712266
C            0.05962853737560       -0.15510060373101        0.73848777317041
C           -1.34552180336814        0.39659925213722        0.51673819645820
O           -1.89868090251602       -0.19258950048998       -0.64523579878744
H            2.82856648739771        0.06847760354791        0.78834828934695
H            2.39641541327274       -1.38222772270555       -0.11730881759794
H            3.08233974391004        0.00943313022948       -0.95722721017840
H            1.06387863375372        1.35203436817064       -0.41902117163835
H            0.62431222573485       -0.09694840042304       -1.32605119395709
H           -0.00033036598699       -1.24430057821682        0.77614669145530
H            0.42607053960173        0.20502295706478        1.70122375275263
H           -1.97161515338364        0.16395527625509        1.38937020914830
H           -1.29734448274104        1.48822188486011        0.40111515196344
H           -2.78032882377309        0.16970490100592       -0.80057363049773
15
 energy: -17.727905664547 gnorm: 0.000374965193 xtb: 6.7.1 (edcfbbe)
C            2.41860239003666       -0.29712555078554       -0.15220379090465
C            1.02010249909450        0.26481398618543       -0.37208338750912
C            0.06001548401963       -0.15382596213339        0.73905826861938
C           -1.34551545811706        0.39639739438601        0.51599829672151
O           -1.89975454593231       -0.19942791352192       -0.64237765109713
H            2.82954283448064        0.06299631504886        0.78836754392377
H            2.39227842090090       -1.38384550349048       -0.12109252602010
H            3.08177311508102        0.00803136032273       -0.95751416199810
H            1.06772156111996        1.35560111735383       -0.41325314053184
H            0.62383184890738       -0.08885425853289       -1.32569351618652
H            0.00097101454530       -1.24308946882944        0.77551315128408
H            0.42499416549847        0.20573642153389        1.70250712842777
H           -1.97059839138509        0.16764950897085        1.39029977957136
H           -1.29814817766007        1.48725838994404        0.39458627345866
H           -2.77963472441287        0.16574029614359       -0.80125292151635
15
 energy: -17.727906997944 gnorm: 0.000203098261 xtb: 6.7.1 (edcfbbe)
C            2.41859253692967       -0.29804331233960       -0.15290686436029
C            1.02072638684999        0.26644509659341       -0.37101202015007
C            0.06004556675819       -0.15272044338697        0.73947555978885
C           -1.34602917101487        0.39635205298519        0.51565876383902
O           -1.90016180575823       -0.20283634674692       -0.64089452514899
H            2.83014256255135        0.05923031057895        0.78848427373334
H            2.39019391993712       -1.38477768553766       -0.12423941530716
H            3.08219048574329        0.00776262144230       -0.95767426791244
H            1.07004196055825        1.35717196057581       -0.40997506698647
H            0.62365849504691       -0.08480979482513       -1.32511249421366
H            0.00155327072193       -1.24195275525458        0.77537267921982
H            0.42433620680907        0.20670563435746        1.70316322101129
H           -1.97070865493968        0.16973341677003        1.39082005129916
H           -1.29901059609849        1.48680334700218        0.39145567677319
H           -2.77938912791742        0.16299203038108       -0.80175622534284
15
 energy: -17.727907832612 gnorm: 0.000120234227 xtb: 6.7.1 (edcfbbe)
C            2.41834749604977       -0.29875977414820       -0.15330430782438
C            1.02095034825318        0.26745787847240       -0.37051447112520
C            0.06017582896303       -0.15195819335785        0.73985814002686
C           -1.34620025511594        0.39647963668744        0.51537343508232
O           -1.89978127595504       -0.20445047401477       -0.64033710699881
H            2.82996647077778        0.05612579141720        0.78895687556263
H            2.38896192245080       -1.38553041189200       -0.12702522570490
H            3.08236897128232        0.00823705339942       -0.95728365432678
H            1.07131400776124        1.35814762239897       -0.40845464652144
H            0.62330502216720       -0.08258186847723       -1.32478168518342
H            0.00201778441616       -1.24117422626476        0.77589201920191
H            0.42397881133904        0.20783782546727        1.70353559323543
H           -1.97060986575930        0.17074196526877        1.39097763807589
H           -1.29946744310426        1.48679333998872        0.39002104174854
H           -2.77914578734892        0.16068996765018       -0.80205429900590
15
 energy: -17.727908600874 gnorm: 0.000147965893 xtb: 6.7.1 (edcfbbe)
C            2.41812390644365       -0.29945938285462       -0.15368156888370
C            1.02113670690811        0.26813340855839       -0.37021954935074
C            0.06035015862392       -0.15101889658791        0.74027565897059
C           -1.34629994391829        0.39662084180053        0.51513256820025
O           -1.89918384604632       -0.20524092807759       -0.64034544273970
H            2.82944101944550        0.05277478149188        0.78973287654345
H            2.38803602202335       -1.38628540066773       -0.13020020191980
H            3.08280200955100        0.00915398326983       -0.95652275641062
H            1.07241517174901        1.35880234214345       -0.40759145421536
H            0.62294689790997       -0.08106740368393       -1.32457185648546
H            0.00262013692624       -1.24023189881374        0.77690688634507
H            0.42378384600845        0.20945918144912        1.70383956586427
H           -1.97073766317833        0.17109927565763        1.39078049282580
H           -1.30006115421757        1.48691521143213        0.38930719253016
H           -2.77919123205160        0.15840101747812       -0.80198306503145
15
 energy: -17.727909332795 gnorm: 0.000116942305 xtb: 6.7.1 (edcfbbe)
C            2.41781861651894       -0.30030111031996       -0.15412081720395
C            1.02136438592791        0.26886781642347       -0.36982449481014
C            0.06052789254870       -0.14994021807436        0.74072757569794
C           -1.34633032549174        0.39680364045550        0.51485668111874
O           -1.89830194315669       -0.20576943423645       -0.64066269486804
H            2.82871111440985        0.04879690522344        0.79063784199897
H            2.38706499524661       -1.38717495471368       -0.13398046695183
H            3.08323728971054        0.01036570243669       -0.95556095091765
H            1.07366390589651        1.35951833845204       -0.40675364263348
H            0.62248105872415       -0.07956678297192       -1.32416188878791
H            0.00341177731308       -1.23917450116170        0.77833470101958
H            0.42358250241569        0.21160635342367        1.70403336435162
H           -1.97097074226640        0.17117296298559        1.39033459196171
H           -1.30075135760628        1.48713370303905        0.38864848843805
H           -2.77932713401381        0.15571771163418       -0.80164894217086
15
 energy: -17.727909797931 gnorm: 0.000077162963 xtb: 6.7.1 (edcfbbe)
C            2.41751254690184       -0.30104135708984       -0.15451614665371
C            1.02154425598898        0.26949640641859       -0.36948004075366
C            0.06074056018236       -0.14888116583263        0.74125210091407
C           -1.34629526218912        0.39692193835233        0.51455637597090
O           -1.89749358246425       -0.20625146881930       -0.64105989016441
H            2.82824944618139        0.04533204917893        0.79131712075109
H            2.38605590703396       -1.38793077593368       -0.13720152571418
H            3.08349036796982        0.01123345857840       -0.95485469717142
H            1.07484063627708        1.36012242294248       -0.40577746950270
H            0.62202457113818       -0.07799556948245       -1.32392945955076
H            0.00414148149868       -1.23812590814122        0.77960017887456
H            0.42336021956212        0.21347360835649        1.70445404593147
H           -1.97119284060730        0.17121568173835        1.38981268846472
H           -1.30131843631924        1.48726169618564        0.38800888181616
H           -2.77947783497745        0.15322511614350       -0.80132281696940
15
 energy: -17.727910035316 gnorm: 0.000046396993 xtb: 6.7.1 (edcfbbe)
C            2.41733482104437       -0.30156138693359       -0.15481266658832
C            1.02174144312281        0.27010919222213       -0.36908428673675
C            0.06081671581947       -0.14829848995343        0.74151428322381
C           -1.34630317172182        0.39700550834049        0.51436735707713
O           -1.89700765574428       -0.20670224359698       -0.64124750638014
H            2.82816796045714        0.04330943599563        0.79151441207509
H            2.38529598476368       -1.38845777981490       -0.13897305725712
H            3.08356433495163        0.01142800394743       -0.95465828760112
H            1.07571624496067        1.36073402499502       -0.40489953300808
H            0.62178224183451       -0.07670274506475       -1.32359102042192
H            0.00460168130901       -1.23756723959689        0.78030089782232
H            0.42315759394742        0.21454204900792        1.70463566544930
H           -1.97139508755537        0.17131864363223        1.38947398148098
H           -1.30173509721342        1.48734010054786        0.38743000693685
H           -2.77955597379874        0.15155905886740       -0.80111089982927
15
 energy: -17.727910185142 gnorm: 0.000043059266 xtb: 6.7.1 (edcfbbe)
C            2.41720464888933       -0.30186213728636       -0.15498387341763
C            1.02186241653218        0.27054737410966       -0.36881014416585
C            0.06087379698522       -0.14793550089180        0.74169636121676
C           -1.34630971425479        0.39702401734570        0.51423283331953
O           -1.89673594795715       -0.20714253038512       -0.64129667922619
H            2.82836368766142        0.04230080922643        0.79145250339316
H            2.38462932501369       -1.38874388180749       -0.13971194960395
H            3.08345520611710        0.01120965092022       -0.95477209174874
H            1.07634443328846        1.36116380172088       -0.40406813364639
H            0.62162456093020       -0.07560520525367       -1.32344662559292
H            0.00485743693871       -1.23721424077113        0.78052781002220
H            0.42298368303491        0.21503002419260        1.70486193324409
H           -1.97147049219987        0.17146174767758        1.38931506879026
H           -1.30194939557558        1.48733039438582        0.38693450394472
H           -2.77955160922674        0.15049180941225       -0.80107217028630
15
 energy: -17.727910317619 gnorm: 0.000036422204 xtb: 6.7.1 (edcfbbe)
C            2.41710881831522       -0.30212693089008       -0.15514809393252
C            1.02200513866512        0.27104072866966       -0.36851091491465
C            0.06091639577193       -0.14765753934545        0.74183331115501
C           -1.34634112453450        0.39700829170126        0.51410708386156
O           -1.89659002260417       -0.20766299196367       -0.64125448896610
H            2.82871834602341        0.04170657322292        0.79120916317361
H            2.38394421133344       -1.38899592811821       -0.13998810699702
H            3.08329948247437        0.01066631546010       -0.95509556810804
H            1.07694866071181        1.36164907256082       -0.40317123257177
H            0.62155480900161       -0.07442269650281       -1.32330525778063
H            0.00505360197817       -1.23694461130574        0.78055821632388
H            0.42280522382290        0.21527328987869        1.70509359474134
H           -1.97152944534312        0.17164307573045        1.38920822403998
H           -1.30217727321178        1.48726804040570        0.38642888561864
H           -2.77953478622734        0.14961144309191       -0.80110546940052
15
 energy: -17.727910431080 gnorm: 0.000028047669 xtb: 6.7.1 (edcfbbe)
C            2.41700816651022       -0.30237811297420       -0.15529266476619
C            1.02215285225145        0.27157067257356       -0.36820787343868
C            0.06094339258506       -0.14740017691552        0.74193038115666
C           -1.34639633660026        0.39698980389437        0.51399879096353
O           -1.89644804841069       -0.20827944378476       -0.64114611724615
H            2.82918159353157        0.04118672555898        0.79092272504628
H            2.38316298953723       -1.38923098784012       -0.14013352294657
H            3.08309539172956        0.00999199508072       -0.95549289251763
H            1.07761303344850        1.36217270143274       -0.40217399932944
H            0.62146190393015       -0.07312609465941       -1.32318042583784
H            0.00525429219039       -1.23669940308334        0.78049944364016
H            0.42259991841798        0.21547550952887        1.70529086301151
H           -1.97156581577780        0.17184513845935        1.38917259846690
H           -1.30241658914336        1.48720315137192        0.38586773704465
H           -2.77946470802295        0.14873465395241       -0.80119569700446
15
 energy: -17.727910504696 gnorm: 0.000020584359 xtb: 6.7.1 (edcfbbe)
C            2.41691396831750       -0.30263196138548       -0.15545504254672
C            1.02228583781895        0.27204770166346       -0.36793120063555
C            0.06099104096139       -0.14713634273915        0.74206071381652
C           -1.34644164956896        0.39694697399284        0.51388602605235
O           -1.89634400431446       -0.20880533669482       -0.64107093072852
H            2.82949666669663        0.04068404852664        0.79066246011840
H            2.38251850170591       -1.38947097191898       -0.14032491603719
H            3.08294854580673        0.00943720007338       -0.95581753903991
H            1.07816823674194        1.36263909308331       -0.40134523615341
H            0.62141908982430       -0.07201579263063       -1.32304892041111
H            0.00544608802786       -1.23644180816235        0.78050629728315
H            0.42244301873377        0.21569909990809        1.70551073583154
H           -1.97159788969158        0.17199081540614        1.38911257335457
H           -1.30265286862023        1.48711523745533        0.38541225597745
H           -2.77941254626267        0.14799817601781       -0.80129793063886
