----------------------------------------------- 
  Element       SASA      Sigma Z        Total  
     Z         Ang**2 cal/Ang**2/mol   kcal/mol 
----------------------------------------------- 
      H        115.757      48.690       5.636
      C         27.299     129.740       3.542
      O         12.827       0.000       0.000

 Subtotal:     155.883                   9.178
 -----------------------------------------------

  Elements    COT*SASA   Sigma Z,Z'     Total   
    Z,Z'       Ang**2  cal/Ang**2/mol kcal/mol  
 ---------------------------------------------- 
  H   C         78.018     -60.770      -4.741
  H   O          0.000       0.000       0.000
  C   C         16.733     -72.950      -1.221
  O   C          0.002      68.690       0.000

 Subtotal:                              -5.962
 ---------------------------------------------- 

 NONAQUEOUS SOLVENT CONTRIBUTION (kcal/mol):
 (proportional to SASA, atomic number independent)
 ---------------------------------------------- 
 Subtotal:                               0.000
 ---------------------------------------------- 

 CDS TOTAL (kcal/mol):                   3.216
...............................................................................
