15
 energy: -233.605293121872 gnorm: 0.004582448474 xtb: 6.7.1 (edcfbbe)
C            1.96609387798538       -0.64712562879284       -0.20439146692263
C            1.13198765065138        0.30738006296392        0.64989387426562
C            0.01082097740563        1.00515841610101       -0.12618284580430
C           -1.06309760462510        0.06954057158772       -0.66716882432333
O           -1.77203597790025       -0.63416126400410        0.37316952905166
H            2.76809462780770       -1.09901602206318        0.38669765311224
H            1.35913328906054       -1.46233790151856       -0.61271694295168
H            2.42506479318556       -0.11700961950734       -1.04693577667191
H            0.70804035638156       -0.23612979987879        1.50444556083848
H            1.78713981995209        1.07664151695701        1.07592588977696
H           -0.46973954295359        1.75427754591598        0.51438314536177
H            0.44149297702513        1.54064191899429       -0.98264022137889
H           -1.82298068669331        0.65010546297287       -1.19719695123875
H           -0.63643692065768       -0.65065312868105       -1.37889840327846
H           -1.16270981627446       -1.26318303395627        0.77339555014473
15
 energy: -233.605314542373 gnorm: 0.001397151980 xtb: 6.7.1 (edcfbbe)
C            1.96442585863840       -0.64827836729659       -0.20336045734289
C            1.13160537278664        0.30723714705394        0.64965488787207
C            0.00998472319430        1.00530094672129       -0.12566189519019
C           -1.06273876769765        0.07047818322607       -0.66836635578103
O           -1.77104066761552       -0.63498435004167        0.37200104691703
H            2.76992582821193       -1.09780272982949        0.38579781552161
H            1.35882759637971       -1.46598509840219       -0.60813773015937
H            2.42034683950426       -0.12056489638871       -1.04881695331690
H            0.70848401330266       -0.23483540110226        1.50563047681866
H            1.78738943345476        1.07581206164733        1.07547387443347
H           -0.47121484101809        1.75378111247170        0.51595495202317
H            0.44026561157474        1.54417502757201       -0.98096409405768
H           -1.82328550548931        0.65051387295480       -1.19962019557609
H           -0.63510607987083       -0.64829770689096       -1.38062963610959
H           -1.15700152593559       -1.26242047363995        0.77282433102350
15
 energy: -233.605333513841 gnorm: 0.003972227017 xtb: 6.7.1 (edcfbbe)
C            1.95783063947027       -0.65241377738670       -0.20094952435379
C            1.13049883699540        0.30745053040782        0.64960985219744
C            0.00809781078185        1.00703912018631       -0.12342063000044
C           -1.05992046344676        0.07283493929464       -0.67200721185086
O           -1.76617589452673       -0.64119210846422        0.36565066995963
H            2.77402812364795       -1.09141333086913        0.38340764181586
H            1.35454692344267       -1.47932459506581       -0.59025082213171
H            2.40237784317965       -0.13326197048944       -1.05781417358495
H            0.70919975853485       -0.22948876390863        1.51011538220546
H            1.78882814392652        1.07524735712920        1.07231636672107
H           -0.47542723770778        1.75143378826664        0.52253637678220
H            0.43786480833721        1.55535874030664       -0.97437889552058
H           -1.82257586925229        0.65167214785653       -1.20410908574233
H           -0.62878332736352       -0.64043046356835       -1.38743139664841
H           -1.13952194151559       -1.25938134167549        0.76850664470068
15
 energy: -233.605345922270 gnorm: 0.003035198916 xtb: 6.7.1 (edcfbbe)
C            1.95581752443179       -0.65368008033686       -0.20032316561929
C            1.13073272967134        0.30829939419715        0.65024538714966
C            0.00787721685686        1.00781237282285       -0.12225701549137
C           -1.05847778256248        0.07342854463292       -0.67362213513412
O           -1.76394568645221       -0.64375634262054        0.36261733814334
H            2.77467790397633       -1.08918652658401        0.38255553316057
H            1.35184400292679       -1.48289725072654       -0.58380933183668
H            2.39608410810211       -0.13713516028950       -1.06104777963693
H            0.71004723700284       -0.22716835081604        1.51193263041961
H            1.79033814150041        1.07629749307438        1.07075770678351
H           -0.47674909766684        1.75042775290939        0.52471093847475
H            0.43758865397356        1.55746225026216       -0.97203450720728
H           -1.82213327447669        0.65214974433973       -1.20390945052166
H           -0.62652540547012       -0.63835714473406       -1.39011119023960
H           -1.13630802272518       -1.25956609473109        0.76607658294129
15
 energy: -233.605394241040 gnorm: 0.003914806407 xtb: 6.7.1 (edcfbbe)
C            1.93612731275058       -0.66672064917825       -0.19341896971490
C            1.13195026320747        0.31638519799706        0.65535872185703
C            0.00590320014801        1.01639293448085       -0.11257572610798
C           -1.04565143471295        0.07920801428462       -0.68644400932653
O           -1.74332461484977       -0.67132174972615        0.33413578993298
H            2.78166207512015       -1.06913995584530        0.37469988111613
H            1.32574005497701       -1.51783632435251       -0.52098462659516
H            2.33519851272425       -0.17606520530616       -1.09139088649940
H            0.71787803079564       -0.20382512949636        1.52947467412595
H            1.80399545045176        1.08579730131256        1.05452802510837
H           -0.48999978201480        1.74215976827775        0.54396638665016
H            0.43568376759741        1.58072213887520       -0.95094791906773
H           -1.81785747630535        0.65735499266880       -1.20179540162943
H           -0.60327553428201       -0.61370389397564       -1.41583914466293
H           -1.10316056375813       -1.26527345254081        0.74301819081064
15
 energy: -233.605408443020 gnorm: 0.002624268387 xtb: 6.7.1 (edcfbbe)
C            1.93335150960150       -0.66846151647807       -0.19205611500448
C            1.13184821387262        0.31773296515559        0.65586582445666
C            0.00547148526613        1.01741565028915       -0.11181229202946
C           -1.04487610940971        0.07959047877657       -0.68728966421959
O           -1.73957998450088       -0.67523013307619        0.33129437732858
H            2.78074940444705       -1.06934311560187        0.37325365955122
H            1.32278030308856       -1.51959340453652       -0.51504650356837
H            2.32915998536434       -0.18134315618992       -1.09185616654178
H            0.71853680696164       -0.20018308325969        1.53156916426586
H            1.80565800728832        1.08676978982250        1.05231420787192
H           -0.49133450798994        1.74212109070987        0.54505788417626
H            0.43491364499474        1.58321819302047       -0.94949597122233
H           -1.81842133664016        0.65754266504267       -1.20108984489684
H           -0.60051345818983       -0.60911457609973       -1.41926249907809
H           -1.09687455421818       -1.26698727112751        0.74033936108021
15
 energy: -233.605428262397 gnorm: 0.000936568454 xtb: 6.7.1 (edcfbbe)
C            1.92035958787945       -0.67639027298444       -0.18662689986594
C            1.13176139746718        0.32325121206234        0.65842312911152
C            0.00393857063558        1.02262146908149       -0.10738956405158
C           -1.03928015397123        0.08212654450733       -0.69245740929524
O           -1.72306727166274       -0.69315946407946        0.31653290587540
H            2.77969591175885       -1.06470356939476        0.36889425992869
H            1.30657124345588       -1.53420788657851       -0.48197237497173
H            2.29729730455319       -0.20557231908929       -1.10204991815119
H            0.72216848377750       -0.18381757024431        1.54220788324093
H            1.81314433615282        1.09173420281259        1.04230753554361
H           -0.49770791259158        1.74093819644389        0.55285445567540
H            0.43228215216076        1.59631266477023       -0.94067291585787
H           -1.81915214793513        0.65959905137468       -1.19803145488722
H           -0.58775451413995       -0.58986028351643       -1.43573495873533
H           -1.06938685315539       -1.27473479143265        0.72550287541932
15
 energy: -233.605433072203 gnorm: 0.000985424080 xtb: 6.7.1 (edcfbbe)
C            1.91328793297790       -0.68028527830968       -0.18290812099903
C            1.13191161235984        0.32707782105178        0.65922820747814
C            0.00350946850615        1.02604256275828       -0.10598354259772
C           -1.03661208030268        0.08358745251926       -0.69365271677203
O           -1.71179003689960       -0.70357996306339        0.30982709625840
H            2.77635030916989       -1.06546643623421        0.36868830283408
H            1.29636563708923       -1.53932462816807       -0.46550799354371
H            2.28308250152013       -0.21824501208341       -1.10478783689701
H            0.72433245874798       -0.17363925611550        1.54739679819967
H            1.81724534583890        1.09490610740372        1.03639963025719
H           -0.50007141600429        1.74237763294039        0.55517334716101
H            0.43098163259609        1.60241091968387       -0.93814462219558
H           -1.82133512272061        0.66036949430107       -1.19330121137231
H           -0.58310354467703       -0.57835641236718       -1.44438449153422
H           -1.05328405660536       -1.28373613392628        0.71374583262729
15
 energy: -233.605433072203 gnorm: 0.000985424080 xtb: 6.7.1 (edcfbbe)
C            1.91328793297790       -0.68028527830968       -0.18290812099903
C            1.13191161235984        0.32707782105178        0.65922820747814
C            0.00350946850615        1.02604256275828       -0.10598354259772
C           -1.03661208030268        0.08358745251926       -0.69365271677203
O           -1.71179003689960       -0.70357996306339        0.30982709625840
H            2.77635030916989       -1.06546643623421        0.36868830283408
H            1.29636563708923       -1.53932462816807       -0.46550799354371
H            2.28308250152013       -0.21824501208341       -1.10478783689701
H            0.72433245874798       -0.17363925611550        1.54739679819967
H            1.81724534583890        1.09490610740372        1.03639963025719
H           -0.50007141600429        1.74237763294039        0.55517334716101
H            0.43098163259609        1.60241091968387       -0.93814462219558
H           -1.82133512272061        0.66036949430107       -1.19330121137231
H           -0.58310354467703       -0.57835641236718       -1.44438449153422
H           -1.05328405660536       -1.28373613392628        0.71374583262729
