----------------------------------------------- 
  Element       SASA      Sigma Z        Total  
     Z         Ang**2 cal/Ang**2/mol   kcal/mol 
----------------------------------------------- 
      H        115.230      48.690       5.611
      C         28.361     129.740       3.680
      O         12.624       0.000       0.000

 Subtotal:     156.215                   9.290
 -----------------------------------------------

  Elements    COT*SASA   Sigma Z,Z'     Total   
    Z,Z'       Ang**2  cal/Ang**2/mol kcal/mol  
 ---------------------------------------------- 
  H   C         77.668     -60.770      -4.720
  H   O          0.000       0.000       0.000
  C   C         17.380     -72.950      -1.268
  O   C          0.001      68.690       0.000

 Subtotal:                              -5.988
 ---------------------------------------------- 

 NONAQUEOUS SOLVENT CONTRIBUTION (kcal/mol):
 (proportional to SASA, atomic number independent)
 ---------------------------------------------- 
 Subtotal:                               0.000
 ---------------------------------------------- 

 CDS TOTAL (kcal/mol):                   3.302
...............................................................................
