15
 energy: -17.726409179236 gnorm: 0.025816433146 xtb: 6.7.1 (edcfbbe)
C            2.13574494595012       -0.23351189634094       -0.59343418926522
C            1.38498111344583        0.42003836610418        0.56594809355471
C           -0.04478284605382       -0.09650365614185        0.74857481352691
C           -0.93179019033646        0.17862118089168       -0.44991000919150
O           -2.27567508378607       -0.23300290526118       -0.11897199957982
H            2.12425647729573       -1.32576923861466       -0.49984421357081
H            1.69430966666069        0.02333772713876       -1.56169015466889
H            3.18159987117579        0.08977030846963       -0.61392364626802
H            1.93619426357492        0.24357433758475        1.49668843898141
H            1.36090458875334        1.50789433207696        0.42178114115750
H           -0.02667131642149       -1.17737106239134        0.94158187657080
H           -0.49420088218308        0.38222873388836        1.62770989540520
H           -0.91572739513528        1.25222029093540       -0.69159069412257
H           -0.58323285473343       -0.37497036421680       -1.33171240041447
H           -2.82132166770429       -0.09307827295577       -0.90250357682429
15
 energy: -17.727092306594 gnorm: 0.011765691768 xtb: 6.7.1 (edcfbbe)
C            2.13571214803048       -0.23536119849154       -0.58942331677035
C            1.38965788556201        0.42354764952877        0.56356640159216
C           -0.03565406447551       -0.09934618007238        0.74298944660401
C           -0.93446651320469        0.17829999824524       -0.45138247084955
O           -2.26559890920555       -0.22755677450935       -0.12243714493826
H            2.11953481901456       -1.32033922071523       -0.48710576311981
H            1.69144124752391        0.02607120223448       -1.54842760456836
H            3.17460803101237        0.09116431162825       -0.60071963967065
H            1.93841465094890        0.24042228351867        1.49097867534338
H            1.36098208491375        1.50621998537450        0.40804080163715
H           -0.02016317055476       -1.17687149880732        0.92840985082922
H           -0.48721364021402        0.37478444007945        1.61851320490727
H           -0.92604293083063        1.25149602464189       -0.68632376671537
H           -0.59272485685536       -0.38070603882167       -1.32990581771298
H           -2.82389809116295       -0.08834710266660       -0.89806948127690
15
 energy: -17.727234849225 gnorm: 0.003408098671 xtb: 6.7.1 (edcfbbe)
C            2.13919284542198       -0.23688259009019       -0.58789851650576
C            1.38913381310111        0.42555905126039        0.56127405101691
C           -0.03350745058894       -0.10157335172181        0.74066617383829
C           -0.93796950606414        0.17909277796183       -0.45399875253475
O           -2.25823633575045       -0.22418887866030       -0.12114279336833
H            2.12128395323453       -1.31791731054321       -0.47900487508991
H            1.69482905681992        0.02247747439107       -1.54410977420013
H            3.17511941529624        0.09073577614635       -0.59565182445686
H            1.93385351668525        0.24524293979685        1.48956561902037
H            1.35519179440480        1.50478165680972        0.39907261253594
H           -0.01571997624872       -1.17833661791480        0.91649976387378
H           -0.48812492536964        0.36651012702807        1.61595010247035
H           -0.92516866552432        1.25274185586012       -0.68399958796588
H           -0.59421579157270       -0.37959691590596       -1.33146306631259
H           -2.83107305334240       -0.08516811325097       -0.88705575703048
15
 energy: -17.727263053311 gnorm: 0.001500617385 xtb: 6.7.1 (edcfbbe)
C            2.14156284162287       -0.23806392682022       -0.58626131760141
C            1.38803297251803        0.42744358318567        0.56038943113284
C           -0.03302359026952       -0.10432985051692        0.73848243561822
C           -0.94080328354822        0.17957626864867       -0.45523591736446
O           -2.25712232619024       -0.22281135622671       -0.11937430925886
H            2.12486011375676       -1.31878881087169       -0.47343926530937
H            1.69810043333798        0.01771680649148       -1.54393738424163
H            3.17698273911933        0.09135541800603       -0.59294023177403
H            1.93215286797812        0.25244967158713        1.48997849640342
H            1.35104377790994        1.50572781120104        0.39387951940212
H           -0.01269821659935       -1.18186483520986        0.90899819174922
H           -0.48892955151284        0.35926067105567        1.61537763202911
H           -0.92287144587236        1.25398747546270       -0.68368552091969
H           -0.59502105685879       -0.37636237623951       -1.33426319265369
H           -2.83767758488917       -0.08181866858629       -0.87926519192085
15
 energy: -17.727276929306 gnorm: 0.001622086929 xtb: 6.7.1 (edcfbbe)
C            2.14563985717783       -0.23928384442794       -0.58342695412981
C            1.38558523353337        0.42939233287041        0.55830705853521
C           -0.03307572383504       -0.10855852271357        0.73581963590756
C           -0.94381272739299        0.18009263060338       -0.45582925589669
O           -2.25771616778670       -0.22070185257012       -0.11669127447929
H            2.13255846498353       -1.32032577241249       -0.46510483382623
H            1.70355428198328        0.00910914591629       -1.54463605013557
H            3.18073838082122        0.09354816173155       -0.59011052090578
H            1.92959544635617        0.26396757929364        1.49022012663147
H            1.34398181277287        1.50694657399877        0.38547083790162
H           -0.00806103087005       -1.18757479410857        0.89935311743158
H           -0.49035287085378        0.34762932509946        1.61640843699578
H           -0.92059290402728        1.25568487390877       -0.68281580416798
H           -0.59803403187645       -0.37207668798562       -1.33848985026241
H           -2.84541933048347       -0.07437126803678       -0.86977129430854
15
 energy: -17.727283588694 gnorm: 0.000956244693 xtb: 6.7.1 (edcfbbe)
C            2.14708604499669       -0.23971772550256       -0.58196375574352
C            1.38496500223714        0.43002046940673        0.55713210603764
C           -0.03264924263900       -0.11036141771591        0.73419171194373
C           -0.94431506694581        0.18013220810306       -0.45546293070942
O           -2.25902130518609       -0.21996297499948       -0.11574698477948
H            2.13699658878714       -1.32062095376484       -0.46115889498332
H            1.70531423336547        0.00469111875295       -1.54445579714769
H            3.18140600824565        0.09562804632602       -0.58899800796298
H            1.92859398063614        0.26822958934365        1.49001449253836
H            1.34127080852294        1.50724821990272        0.38178334190990
H           -0.00598120232007       -1.18972476698151        0.89559058317521
H           -0.48987593255393        0.34293279940815        1.61632309633831
H           -0.92141559736746        1.25599788881146       -0.68134267225121
H           -0.60091820062259       -0.37142619191026       -1.33952592336596
H           -2.84686742865370       -0.06958842801302       -0.86767698970863
15
 energy: -17.727290556364 gnorm: 0.000425581688 xtb: 6.7.1 (edcfbbe)
C            2.14958672181431       -0.24031083355895       -0.57997609655955
C            1.38397513223341        0.43082556255232        0.55515524741607
C           -0.03220175893128       -0.11314947659897        0.73218267643856
C           -0.94478525922266        0.18022189938947       -0.45513559250126
O           -2.26051825266358       -0.21887502667575       -0.11444943063657
H            2.14462292788924       -1.32044616123439       -0.45384806774092
H            1.70656140918900       -0.00288858984025       -1.54345550295428
H            3.18212527291089        0.09995246451198       -0.58858595496210
H            1.92657527091853        0.27411573929577        1.48936598667541
H            1.33690880858637        1.50714087074877        0.37569829559480
H           -0.00277450599534       -1.19290870674937        0.88954740135285
H           -0.48951071730390        0.33557280400979        1.61654703200747
H           -0.92242750982388        1.25622327186214       -0.67887280091926
H           -0.60506134327011       -0.37083142715596       -1.34068727661678
H           -2.84848750582850       -0.06116450938944       -0.86478254130352
15
 energy: -17.727294182817 gnorm: 0.000447007184 xtb: 6.7.1 (edcfbbe)
C            2.15153970759393       -0.24115100723392       -0.57829216611584
C            1.38342705299222        0.43181347318828        0.55409184123870
C           -0.03160046518355       -0.11573744248263        0.73014448779835
C           -0.94589603203607        0.18035086391230       -0.45515180988160
O           -2.26199444081765       -0.21807528851063       -0.11362458743551
H            2.15233516469787       -1.32065095260673       -0.44699830099066
H            1.70698832234661       -0.01064446387996       -1.54272470271859
H            3.18220535690746        0.10444999754615       -0.58879027936389
H            1.92535406687210        0.27935203512300        1.48936561445160
H            1.33340089334626        1.50738189175760        0.37127479034496
H            0.00000342732636       -1.19587195948136        0.88403967596181
H           -0.48897301573941        0.32930497399670        1.61620350011116
H           -0.92307508650956        1.25659640527118       -0.67685025782477
H           -0.60821145114121       -0.36958678295086       -1.34205691478891
H           -2.85091481015283       -0.05405386248194       -0.86192751549588
15
 energy: -17.727296519102 gnorm: 0.000321036667 xtb: 6.7.1 (edcfbbe)
C            2.15344465804720       -0.24166508119835       -0.57723826042226
C            1.38270088934897        0.43199431842174        0.55306741234697
C           -0.03168685682023       -0.11731326695291        0.72909523325110
C           -0.94682272048335        0.18075017218301       -0.45527962716745
O           -2.26269427116627       -0.21766928073231       -0.11306795618026
H            2.15904326576430       -1.32061230554089       -0.44164386671350
H            1.70704819797283       -0.01691404608875       -1.54215551436518
H            3.18261264468693        0.10847123999235       -0.58982579075369
H            1.92413753746774        0.28206421691971        1.48897055995453
H            1.33121693785970        1.50709530524358        0.36822969722141
H            0.00120974362053       -1.19771864067364        0.88053125053370
H           -0.48915093649586        0.32535738022329        1.61629607948722
H           -0.92365307250095        1.25729800718419       -0.67536195527163
H           -0.61011709801172       -0.36801136504003       -1.34332388540509
H           -2.85270022878730       -0.04964877277381       -0.85959000122495
15
 energy: -17.727298328340 gnorm: 0.000126766649 xtb: 6.7.1 (edcfbbe)
C            2.15491067441146       -0.24236604549868       -0.57633360841458
C            1.38234942848598        0.43201337114430        0.55241858340414
C           -0.03166307106869       -0.11839882995846        0.72788915500762
C           -0.94781870575608        0.18145716777823       -0.45550839432536
O           -2.26301837202915       -0.21784736847785       -0.11277869266732
H            2.16574350198428       -1.32072680814682       -0.43655923968453
H            1.70650835179681       -0.02341074401149       -1.54162861979154
H            3.18240007802591        0.11260402026068       -0.59120878062119
H            1.92315732898827        0.28380632290535        1.48896538495554
H            1.32993366976634        1.50680852568994        0.36612253139238
H            0.00176202598185       -1.19905048628621        0.87731786401695
H           -0.48904002120380        0.32256307712353        1.61598304578551
H           -0.92469591795925        1.25842132518291       -0.67367947965883
H           -0.61143062639788       -0.36549595988811       -1.34484542582442
H           -2.85450965452352       -0.04689968665017       -0.85745094828343
15
 energy: -17.727299558801 gnorm: 0.000112229469 xtb: 6.7.1 (edcfbbe)
C            2.15633914693845       -0.24322505632975       -0.57545842677013
C            1.38212821896842        0.43193841504894        0.55174103978424
C           -0.03172902049156       -0.11910899770936        0.72678408107540
C           -0.94878537357734        0.18260361981496       -0.45553864501828
O           -2.26327356779256       -0.21866079777581       -0.11280084024272
H            2.17228551487353       -1.32100781990440       -0.43165242539167
H            1.70568436378390       -0.02996713445303       -1.54097891995681
H            3.18220025509698        0.11638584846599       -0.59301222302486
H            1.92238840359665        0.28503297396695        1.48882161548164
H            1.32925637053373        1.50654949371015        0.36434894049338
H            0.00186796268820       -1.20001555660534        0.87448700326375
H           -0.48887329673997        0.32038338880727        1.61575261846810
H           -0.92659637003305        1.26008498947357       -0.67141387131555
H           -0.61236968207703       -0.36198289337955       -1.34636354983094
H           -2.85593423526583       -0.04553259196341       -0.85601302172460
15
 energy: -17.727300261824 gnorm: 0.000103484397 xtb: 6.7.1 (edcfbbe)
C            2.15726472015235       -0.24408913560618       -0.57479406201205
C            1.38202178481595        0.43187193280355        0.55117563797044
C           -0.03173462201931       -0.11946069651855        0.72594997504912
C           -0.94947674723472        0.18385467126387       -0.45542319631563
O           -2.26325564039636       -0.21988717166755       -0.11306553668540
H            2.17712566802181       -1.32131519541616       -0.42751897141273
H            1.70497363670970       -0.03555645809902       -1.54057432157091
H            3.18183703301583        0.11901141077437       -0.59447931377722
H            1.92174888526859        0.28620682513805        1.48879358934080
H            1.32879733693978        1.50627600875232        0.36257606645163
H            0.00197036562362       -1.20059124909449        0.87201382331788
H           -0.48847346862303        0.31868798059697        1.61581486996460
H           -0.92874072360978        1.26190495692955       -0.66868069445925
H           -0.61275361606933       -0.35809520195077       -1.34778478784042
H           -2.85671592209257       -0.04534079673880       -0.85529970272995
15
 energy: -17.727300684456 gnorm: 0.000089751890 xtb: 6.7.1 (edcfbbe)
C            2.15797242729676       -0.24494840270745       -0.57422597852938
C            1.38194231263219        0.43198725340366        0.55057936319663
C           -0.03170937195103       -0.11967060419955        0.72537906982110
C           -0.95007558866432        0.18507805891790       -0.45508758474057
O           -2.26326465055590       -0.22120289202220       -0.11343440103815
H            2.18015054257789       -1.32178470033519       -0.42466923015477
H            1.70468149938496       -0.03944609734105       -1.54012932497492
H            3.18175260181564        0.12025281804458       -0.59535427365202
H            1.92142808302968        0.28736509982959        1.48848040281972
H            1.32847660372464        1.50621607907781        0.36098979668736
H            0.00201410812549       -1.20097885415983        0.87016512546192
H           -0.48807615178303        0.31742046689477        1.61593714445215
H           -0.93083329471302        1.26361149447758       -0.66604092918755
H           -0.61278121553914       -0.35445620453865       -1.34867911943525
H           -2.85708921487827       -0.04596563417481       -0.85520668543534
15
 energy: -17.727301000847 gnorm: 0.000059048346 xtb: 6.7.1 (edcfbbe)
C            2.15843104187392       -0.24562561237762       -0.57386459142844
C            1.38191512919925        0.43208851007666        0.55011506662479
C           -0.03166464962606       -0.11973391133315        0.72500979614312
C           -0.95052073203347        0.18608709988042       -0.45475814121804
O           -2.26321684389385       -0.22243823052047       -0.11376188521115
H            2.18172578775158       -1.32219456707747       -0.42265316599814
H            1.70486306459047       -0.04207888460229       -1.54006141352370
H            3.18183798421712        0.12054982287158       -0.59561974901551
H            1.92119905217819        0.28859044632227        1.48831991359123
H            1.32813233320050        1.50610600988320        0.35943618288136
H            0.00214813710178       -1.20117980935486        0.86868850691791
H           -0.48760498535575        0.31642154345064        1.61624565527067
H           -0.93272824904324        1.26504659272003       -0.66359679526347
H           -0.61270873772457       -0.35127453576266       -1.34946194007468
H           -2.85721964193334       -0.04688659300911       -0.85533406440502
15
 energy: -17.727301286323 gnorm: 0.000047521172 xtb: 6.7.1 (edcfbbe)
C            2.15885145501168       -0.24636446906331       -0.57348127990005
C            1.38184429662837        0.43236558909366        0.54953947658548
C           -0.03158916050505       -0.11976863179416        0.72467593933228
C           -0.95097945468228        0.18713369074762       -0.45436334365406
O           -2.26311332660555       -0.22380314141825       -0.11402198303335
H            2.18241902229285       -1.32276468961859       -0.42114421219847
H            1.70553299220820       -0.04397439846492       -1.54002174565342
H            3.18215633551994        0.12008083559656       -0.59532515872359
H            1.92096141785919        0.28999445613181        1.48799569313452
H            1.32774774219876        1.50616363203833        0.35773147305051
H            0.00237125361543       -1.20136016694201        0.86723812205830
H           -0.48711472987140        0.31545720489985        1.61656977521506
H           -0.93469090606017        1.26652520371156       -0.66107183056022
H           -0.61254407155245       -0.34802323089554       -1.35013941722988
H           -2.85726417555500       -0.04818400285544       -0.85547813313216
15
 energy: -17.727301500030 gnorm: 0.000035385688 xtb: 6.7.1 (edcfbbe)
C            2.15934291900645       -0.24710091480170       -0.57310038987589
C            1.38184429631724        0.43264926294629        0.54896146347698
C           -0.03149319614870       -0.11970324349841        0.72431692571727
C           -0.95156034624202        0.18823214800262       -0.45391673489084
O           -2.26305147761006       -0.22540067875285       -0.11430830226011
H            2.18258927158164       -1.32337990594352       -0.41978505161943
H            1.70656719346501       -0.04549930537594       -1.54007753335055
H            3.18275662665872        0.11908942374960       -0.59472328561390
H            1.92083690414024        0.29153874662825        1.48767228469543
H            1.32745551983831        1.50619308645879        0.35590636282510
H            0.00265179571222       -1.20142683890687        0.86574592156026
H           -0.48663203465924        0.31452458397301        1.61688045027437
H           -0.93696521042499        1.26806852176698       -0.65839979931597
H           -0.61238171742183       -0.34450658274197       -1.35083324628209
H           -2.85737185371045       -0.04980042233710       -0.85563569004969
15
 energy: -17.727301576074 gnorm: 0.000042320467 xtb: 6.7.1 (edcfbbe)
C            2.15958404535903       -0.24766589833478       -0.57284234992703
C            1.38179113998908        0.43294325794945        0.54851936063544
C           -0.03142513141023       -0.11963539715050        0.72408784946420
C           -0.95186421050467        0.18900413484943       -0.45367186911341
O           -2.26281391087592       -0.22668066011763       -0.11449370984562
H            2.18249326538184       -1.32389412060675       -0.41896759523569
H            1.70735701236748       -0.04645617510108       -1.54016908960945
H            3.18312003982613        0.11821937335530       -0.59415809789328
H            1.92061354199853        0.29261400423252        1.48743803083944
H            1.32724640545543        1.50633836674020        0.35465243646742
H            0.00284685751672       -1.20146778524923        0.86472472402942
H           -0.48624701062303        0.31393478398021        1.61713404658349
H           -0.93859011865700        1.26917920421060       -0.65649847139571
H           -0.61214240011311       -0.34197055565974       -1.35143725864145
H           -2.85738083520775       -0.05098465193080       -0.85561463106686
