15
 energy: -233.604000842585 gnorm: 0.031462964189 xtb: 6.7.1 (edcfbbe)
C            2.41580876187051       -0.30485554733509       -0.15661037616940
C            1.02336015345348        0.27630883582244       -0.36584853026212
C            0.06191682732744       -0.14108693856252        0.74473950063001
C           -1.34685181379683        0.39740434347610        0.51150580602666
O           -1.89211083993844       -0.21746469019636       -0.64080728808396
H            2.83054168685429        0.03270510231449        0.79063999165035
H            2.37692017115328       -1.39162978531667       -0.14611580576475
H            3.08249815676594        0.00781723250346       -0.95619704412372
H            1.08364393168019        1.36671904900563       -0.39748883237614
H            0.61971761767461       -0.06456413082861       -1.32094983988535
H            0.00924063490409       -1.23040781424523        0.78732069834888
H            0.42090405898651        0.22651012580037        1.70728261725654
H           -1.97281176977421        0.17568853617785        1.38692431361458
H           -1.30674064637905        1.48697243225892        0.37619562906670
H           -2.77985504613183        0.12794292445669       -0.79972956455438
15
 energy: -233.604880265727 gnorm: 0.012544150822 xtb: 6.7.1 (edcfbbe)
C            2.42374124820821       -0.30493363859727       -0.15939374639086
C            1.02727060304774        0.27289315411743       -0.36906020166681
C            0.05109762865752       -0.13703380780248        0.73342905930098
C           -1.35713453359545        0.39755504914768        0.52048000284107
O           -1.90241814483420       -0.22182699617412       -0.64688114138575
H            2.84227743969315        0.03027846288121        0.79403921637591
H            2.39112723212225       -1.39810323130851       -0.14661690127305
H            3.10552680731687        0.00375962712173       -0.95604277942611
H            1.08142393344318        1.36729670690794       -0.40565762449165
H            0.63560591252235       -0.06041436457407       -1.33539983087978
H            0.00518139018213       -1.23109059953423        0.79586672330209
H            0.41022184587268        0.23036115299830        1.70082679859636
H           -1.98145700558751        0.17866730358833        1.39878798691209
H           -1.31872440534634        1.49001486272387        0.39372113439541
H           -2.78755793005680        0.13063627635628       -0.79723752356032
15
 energy: -233.605071850445 gnorm: 0.004163259822 xtb: 6.7.1 (edcfbbe)
C            2.42375559599161       -0.30456891539707       -0.15583405116659
C            1.02728521422519        0.27207818721211       -0.37466374706954
C            0.04984925239240       -0.13740859009560        0.72775901379524
C           -1.35516827229304        0.39612937576824        0.52147021560543
O           -1.91401528756671       -0.22067650911420       -0.65369684430565
H            2.84553881555924        0.02977526795796        0.79988494108209
H            2.39766244309625       -1.40096451287798       -0.14204449878797
H            3.11271567925388        0.00218130550373       -0.95075868547248
H            1.07892910730039        1.36863926284092       -0.41558157753419
H            0.64552528376931       -0.05869431562726       -1.34807481027257
H            0.00743593572070       -1.23358194476081        0.80474895133203
H            0.41110214259417        0.23192804444468        1.69668639415220
H           -1.97833999533279        0.17147060091496        1.39910460128572
H           -1.32783091651970        1.49027866775661        0.39965224263983
H           -2.79826293442854        0.14147406313240       -0.78779124112104
15
 energy: -233.605105493281 gnorm: 0.002038494678 xtb: 6.7.1 (edcfbbe)
C            2.42498512910772       -0.30406058015560       -0.15405521532593
C            1.02869373072274        0.26995293348061       -0.37716081701272
C            0.04956907733280       -0.13712052657911        0.72407619497782
C           -1.35483797490142        0.39540034703681        0.52294261963408
O           -1.91917415379427       -0.21741830973189       -0.65606536379559
H            2.84363153049290        0.03222536447773        0.80208478869534
H            2.39986785566294       -1.40021093443147       -0.13848576559233
H            3.11557636806418        0.00188876567570       -0.94753392314432
H            1.07921940323392        1.36643620175235       -0.42000221177485
H            0.64977568071038       -0.06279350678321       -1.35082904835861
H            0.00846541152028       -1.23277541255851        0.80428323187138
H            0.41279997771700        0.23386395384421        1.69178240577613
H           -1.97791703940595        0.16417766516111        1.39859521735668
H           -1.33128745749807        1.48925205604760        0.40247524068095
H           -2.80318547539737        0.14924186413477       -0.78124664035970
15
 energy: -233.605118096781 gnorm: 0.000873995159 xtb: 6.7.1 (edcfbbe)
C            2.42491644881433       -0.30322315869985       -0.15201050033925
C            1.02869335564781        0.26812746046909       -0.38032184320913
C            0.05021838935610       -0.13795697262900        0.72150395993219
C           -1.35364912689107        0.39533450598641        0.52430145285774
O           -1.92146013515252       -0.21287718082462       -0.65818590964339
H            2.83918853003100        0.03639945717554        0.80419655011018
H            2.40094111205980       -1.39877281894368       -0.13371279248081
H            3.11644740342612        0.00208246651445       -0.94406792065322
H            1.07833142023482        1.36418657631483       -0.42589663707014
H            0.65191263819489       -0.06884950340349       -1.35297830227486
H            0.00929782570310       -1.23289663186923        0.80197184344949
H            0.41514072020117        0.23419183842046        1.68779895034627
H           -1.97609715462607        0.15723705272609        1.39805689112382
H           -1.33217476164255        1.48881258072960        0.40646820351873
H           -2.80552464576126        0.15626396462485       -0.77626343072819
15
 energy: -233.605124349726 gnorm: 0.001130982025 xtb: 6.7.1 (edcfbbe)
C            2.42512696466214       -0.30186324296891       -0.15057743631542
C            1.02800242489915        0.26580439751691       -0.38319401523263
C            0.05067328749748       -0.13923874289158        0.71999696627168
C           -1.35321062719831        0.39520774856346        0.52537343035686
O           -1.92206484435094       -0.20717335263379       -0.66014569332418
H            2.83526165353089        0.04187135002325        0.80557275389880
H            2.40281968175240       -1.39703693423351       -0.12873063265520
H            3.11758626799279        0.00263329928281       -0.94162379967887
H            1.07564014574758        1.36153332775016       -0.43252184786655
H            0.65249220068004       -0.07638579456787       -1.35427740990512
H            0.00900924668090       -1.23382949354621        0.79930226572734
H            0.41742856142383        0.23286712966390        1.68533653928664
H           -1.97496624755802        0.15239111671897        1.39798375422505
H           -1.33135580415403        1.48881620061841        0.41242326709053
H           -2.80626093590545        0.16246224337174       -0.77405780307505
15
 energy: -233.605134066795 gnorm: 0.001477795284 xtb: 6.7.1 (edcfbbe)
C            2.42617636149839       -0.29815738250119       -0.14772627634602
C            1.02602294807486        0.25960829851366       -0.38909399082861
C            0.05075713214753       -0.14328083468998        0.71690566330841
C           -1.35275722401737        0.39530909513552        0.52748391482632
O           -1.92245731946424       -0.19298808189275       -0.66430871694795
H            2.82922681614137        0.05550870573290        0.80779253810865
H            2.40962026369330       -1.39317894367043       -0.11718629948140
H            3.12030923479687        0.00438516519847       -0.93778895590153
H            1.06733731378540        1.35506881945931       -0.44802278779241
H            0.65381425637961       -0.09430023182517       -1.35721220559293
H            0.00707053843955       -1.23779235275101        0.79464382663537
H            0.42128176307624        0.22777749093468        1.68105670869519
H           -1.97387256844192        0.14372512875371        1.39797180364785
H           -1.32889513454409        1.49008310750606        0.42730285042539
H           -2.80745246150063        0.17629025348677       -0.77095811404318
15
 energy: -233.605141259460 gnorm: 0.001025750101 xtb: 6.7.1 (edcfbbe)
C            2.42810273836346       -0.29304817937164       -0.14459756259302
C            1.02373101029448        0.25086755622496       -0.39466259255693
C            0.04978060581589       -0.14911904020133        0.71366100912535
C           -1.35231690053755        0.39549104680044        0.52975473317925
O           -1.92314213860125       -0.17524080252028       -0.66899445959281
H            2.82577061304541        0.07327586574399        0.80866479370091
H            2.42047626441266       -1.38808508579378       -0.10310742744881
H            3.12220350953001        0.00727489748146       -0.93566244420998
H            1.05619891472450        1.34615798934928       -0.46514742575305
H            0.65638337235541       -0.11603837740351       -1.35998123598204
H            0.00263585885783       -1.24369149690306        0.79050337745582
H            0.42443947541046        0.21977408730405        1.67717531804346
H           -1.97418604330310        0.13544362790084        1.39745212233000
H           -1.32455450276543        1.49173749520600        0.44429955225264
H           -2.80934083635465        0.19325730134551       -0.76849823485023
15
 energy: -233.605145225207 gnorm: 0.000568877680 xtb: 6.7.1 (edcfbbe)
C            2.42909502698557       -0.29012902515811       -0.14344313704428
C            1.02246667220486        0.24606360166758       -0.39572784234457
C            0.04848393890393       -0.15332534588574        0.71272457303168
C           -1.35184713364550        0.39606347516364        0.53037408357258
O           -1.92302807153291       -0.16706894679072       -0.67070718633356
H            2.82690614035100        0.08323131744014        0.80707591014888
H            2.42727389422386       -1.38505378110173       -0.09599057584221
H            3.12098244904232        0.00899228958342       -0.93721926872266
H            1.04994408058722        1.34121359979561       -0.47084781806149
H            0.65796243071320       -0.12573481697531       -1.36018067767920
H           -0.00108949481637       -1.24800850148319        0.78941844554783
H            0.42442815074637        0.21373105526969        1.67661724842267
H           -1.97509112030011        0.13435624362364        1.39670284342700
H           -1.32070186927814        1.49274294485406        0.45057153758203
H           -2.80960305800822        0.20098202259258       -0.76850878946196
15
 energy: -233.605145225207 gnorm: 0.000568877680 xtb: 6.7.1 (edcfbbe)
C            2.42909502698557       -0.29012902515811       -0.14344313704428
C            1.02246667220486        0.24606360166758       -0.39572784234457
C            0.04848393890393       -0.15332534588574        0.71272457303168
C           -1.35184713364550        0.39606347516364        0.53037408357258
O           -1.92302807153291       -0.16706894679072       -0.67070718633356
H            2.82690614035100        0.08323131744014        0.80707591014888
H            2.42727389422386       -1.38505378110173       -0.09599057584221
H            3.12098244904232        0.00899228958342       -0.93721926872266
H            1.04994408058722        1.34121359979561       -0.47084781806149
H            0.65796243071320       -0.12573481697531       -1.36018067767920
H           -0.00108949481637       -1.24800850148319        0.78941844554783
H            0.42442815074637        0.21373105526969        1.67661724842267
H           -1.97509112030011        0.13435624362364        1.39670284342700
H           -1.32070186927814        1.49274294485406        0.45057153758203
H           -2.80960305800822        0.20098202259258       -0.76850878946196
