15
 energy: -233.604385296560 gnorm: 0.029225096522 xtb: 6.7.1 (edcfbbe)
C            2.55733972813323       -0.35225547225609        0.00204989350091
C            1.30244752447715        0.51197195762687        0.02993972121327
C            0.03499426801551       -0.33619295454898       -0.01742727380772
C           -1.22693757474369        0.51967906033028        0.02314839571026
O           -2.35622209244410       -0.33120341974676       -0.03502659271552
H            2.58570544894579       -0.95197508272185       -0.90447255440080
H            3.44850394122812        0.26932214151934        0.03274143731451
H            2.57521753764115       -1.02383828365369        0.85701378847977
H            1.29719693267482        1.11701373269498        0.93916967711617
H            1.31088835498089        1.19424429032920       -0.82280595106461
H            0.01668169980739       -0.93472635611420       -0.93009321091215
H            0.01143783990507       -1.02508370105424        0.82904950136737
H           -1.24215316655043        1.10821071419108        0.95098625052141
H           -1.23015846144512        1.21322486653761       -0.82903007286737
H           -3.16249202620138        0.20127744518919       -0.01593460080706
15
 energy: -233.605064949136 gnorm: 0.012045551681 xtb: 6.7.1 (edcfbbe)
C            2.56096896154818       -0.35037943142568        0.00207655056219
C            1.29880329426365        0.50822393314428        0.02990006125703
C            0.02659280213495       -0.33434890740729       -0.01726100921123
C           -1.22942397277501        0.52144662984193        0.02296755364013
O           -2.36819873976295       -0.34034092118045       -0.03502971143407
H            2.59633441853785       -0.95625089463099       -0.90770141048317
H            3.46227991938424        0.26697250318385        0.03323014260064
H            2.58525480476384       -1.02924523123640        0.85913230623932
H            1.29299045511004        1.12169610307074        0.93814521122483
H            1.30642699892932        1.19938113983246       -0.82065701049003
H            0.01603462799346       -0.93738415833996       -0.93295220838690
H            0.01075276993625       -1.02835349576935        0.83150043705210
H           -1.24154555011955        1.11658614878897        0.94836880335410
H           -1.22879800502413        1.21976391071217       -0.82726116829694
H           -3.16602283894461        0.20190155525074       -0.01515013695437
15
 energy: -233.605198493072 gnorm: 0.004066131554 xtb: 6.7.1 (edcfbbe)
C            2.56008132288797       -0.34989905527143        0.00196803265849
C            1.29749104556558        0.50837065589507        0.03021403866951
C            0.02483033529870       -0.33518931927059       -0.01714062106176
C           -1.22594766235962        0.52100784469698        0.02256791036102
O           -2.37364322538610       -0.34437332894001       -0.03477616917068
H            2.60116698370721       -0.95811813760172       -0.90935206489858
H            3.46454448057485        0.26697179827198        0.03389782820792
H            2.58947321819140       -1.03261163827735        0.85933968638483
H            1.29151756242147        1.12577183031053        0.93816768289871
H            1.30468190997093        1.20405099533292       -0.81918547181401
H            0.01685865218301       -0.94093091499260       -0.93360771199454
H            0.01125458106405       -1.03202327024556        0.83204850825540
H           -1.24467143686868        1.11795038494829        0.94702034875353
H           -1.23165900413038        1.21912302934490       -0.82820364000225
H           -3.16352881630969        0.20956793236112       -0.01364997361384
15
 energy: -233.605217363125 gnorm: 0.001689683757 xtb: 6.7.1 (edcfbbe)
C            2.56077535878668       -0.34937728702833        0.00188973404185
C            1.29828187909261        0.50755285254219        0.03046441448104
C            0.02458100104988       -0.33495485625892       -0.01700465008466
C           -1.22471916874411        0.52047645620845        0.02212022456848
O           -2.37675140636117       -0.34546887948539       -0.03461568792654
H            2.60240989783490       -0.95688212676815       -0.90975805833263
H            3.46489316532778        0.26784496203051        0.03447115738495
H            2.59033574386974       -1.03266307792496        0.85867001394443
H            1.29208630131113        1.12485516447185        0.93849741054296
H            1.30507892206804        1.20365289335843       -0.81860963055891
H            0.01702280084001       -0.94112485751581       -0.93307446053125
H            0.01096283727517       -1.03191230609731        0.83194449212386
H           -1.24648966360043        1.11669307343871        0.94646923379456
H           -1.23340444364744        1.21655669677015       -0.82976956635634
H           -3.16261329415643        0.21442003852811       -0.01238626322102
15
 energy: -233.605220166875 gnorm: 0.000647651388 xtb: 6.7.1 (edcfbbe)
C            2.56040243616593       -0.34927248555486        0.00171871865738
C            1.29851899767551        0.50754708400374        0.03084296867725
C            0.02501459392396       -0.33569175405930       -0.01684769758472
C           -1.22328614521510        0.52073380018880        0.02159053800827
O           -2.37722598675039       -0.34581934030339       -0.03442631645699
H            2.60210493545897       -0.95507866386097       -0.91021417418961
H            3.46308533704248        0.26890640491234        0.03519312067317
H            2.58960228783440       -1.03265786616208        0.85754253794550
H            1.29217301254582        1.12355366253368        0.93921549905332
H            1.30496561361589        1.20310939128284       -0.81810192916764
H            0.01745032992988       -0.94162989744254       -0.93246271253243
H            0.01069664963544       -1.03175065892098        0.83216765163307
H           -1.24660032721672        1.11617330264687        0.94571523410659
H           -1.23366184457958        1.21438804833269       -0.83154472824806
H           -3.16078997905177        0.21715767595500       -0.01108034346472
15
 energy: -233.605220166875 gnorm: 0.000647651388 xtb: 6.7.1 (edcfbbe)
C            2.56040243616593       -0.34927248555486        0.00171871865738
C            1.29851899767551        0.50754708400374        0.03084296867725
C            0.02501459392396       -0.33569175405930       -0.01684769758472
C           -1.22328614521510        0.52073380018880        0.02159053800827
O           -2.37722598675039       -0.34581934030339       -0.03442631645699
H            2.60210493545897       -0.95507866386097       -0.91021417418961
H            3.46308533704248        0.26890640491234        0.03519312067317
H            2.58960228783440       -1.03265786616208        0.85754253794550
H            1.29217301254582        1.12355366253368        0.93921549905332
H            1.30496561361589        1.20310939128284       -0.81810192916764
H            0.01745032992988       -0.94162989744254       -0.93246271253243
H            0.01069664963544       -1.03175065892098        0.83216765163307
H           -1.24660032721672        1.11617330264687        0.94571523410659
H           -1.23366184457958        1.21438804833269       -0.83154472824806
H           -3.16078997905177        0.21715767595500       -0.01108034346472
