15
 energy: -233.590671480294 gnorm: 0.030803961946 xtb: 6.7.1 (edcfbbe)
C            2.37929249675433        0.40697892798034        0.00005638040002
C            1.18353731822446       -0.53123828293541       -0.00019013490008
O            0.00000188140000        0.24291635510764        0.00008220810004
C           -1.18354203472446       -0.53122024143540        0.00016941980008
C           -2.37929688965433        0.40697341148034       -0.00011277290005
H            2.34876617544080        1.03970205326072        0.88229321689097
H            3.29890014576183       -0.16942271317508       -0.00047688940021
H            2.34832842904061        1.04069782106116       -0.88145841569060
H            1.19952035893154       -1.17943877272264        0.89020678839447
H            1.19942050913149       -1.17885098642238       -0.89101089739483
H           -1.19941819773149       -1.17922817062255       -0.89037070439455
H           -1.19949547353153       -1.17907228012248        0.89084312019476
H           -2.34860672294073        1.04016024356092        0.88173123339072
H           -2.34846423644067        1.04020521176094       -0.88196466039082
H           -3.29887230206182       -0.16942302187508       -0.00017888680008
15
 energy: -233.591431667447 gnorm: 0.011821659155 xtb: 6.7.1 (edcfbbe)
C            2.37666019423198        0.40519035320904        0.00006560213418
C            1.18446516391290       -0.53141972226019       -0.00019303116921
O            0.00000097243347        0.25852328807055        0.00008504451187
C           -1.18446141053922       -0.53142195044848        0.00010094347066
C           -2.37665333783263        0.40518379534118       -0.00005577076813
H            2.36095807114870        1.04189253049819        0.88804766871988
H            3.30208020636905       -0.17351609188738       -0.00045061648985
H            2.36056232941830        1.04284362736943       -0.88722979952547
H            1.20099048983290       -1.18246526963638        0.88891682343678
H            1.20092224189588       -1.18189149913733       -0.88972343954795
H           -1.20088882792100       -1.18229680140208       -0.88913872183143
H           -1.20100793965966       -1.18207820431984        0.88950096213651
H           -2.36084908127620        1.04240135872629        0.88754638166464
H           -2.36064327739897        1.04231910003138       -0.88771909473836
H           -3.30206395425131       -0.17352503782192       -0.00013411124819
15
 energy: -233.591593940164 gnorm: 0.003506931425 xtb: 6.7.1 (edcfbbe)
C            2.38206855024466        0.40086739080273        0.00006709891270
C            1.18815046231157       -0.52773692207144       -0.00019022419312
O            0.00000392720389        0.26922190761987        0.00009698171709
C           -1.18813907617934       -0.52774272689598        0.00009968323186
C           -2.38205920805932        0.40086026069657       -0.00004989820305
H            2.37687224856214        1.03953760826641        0.89013364646970
H            3.30960174775920       -0.18014861103584       -0.00041462848319
H            2.37652609467370        1.04043486916254       -0.88935536432391
H            1.19894256224689       -1.17912206985703        0.88853919908424
H            1.19888317452880       -1.17855326642681       -0.88933796126533
H           -1.19885457345714       -1.17891878282938       -0.88878323116613
H           -1.19894838123867       -1.17876528862728        0.88909395204666
H           -2.37677943431432        1.04003037173247        0.88966412850876
H           -2.37660103637469        1.03993224147972       -0.88982999777587
H           -3.30959450021437       -0.18015768778075       -0.00011486505233
15
 energy: -233.591621498377 gnorm: 0.001723920631 xtb: 6.7.1 (edcfbbe)
C            2.38538201238580        0.39865845694270        0.00006776406105
C            1.18905441961214       -0.52490514450257       -0.00018585088236
O            0.00000447470111        0.27558508514297        0.00009510040227
C           -1.18904233539394       -0.52491007040975        0.00008742559187
C           -2.38537301714124        0.39865176187152       -0.00004262501744
H            2.38485647623128        1.03726751819449        0.88994170868245
H            3.31041373627393       -0.18664021684041       -0.00038061728990
H            2.38454826820733        1.03812016865632       -0.88919631360859
H            1.19589429029950       -1.17548515392709        0.88880709828259
H            1.19583864275043       -1.17492065964701       -0.88959266002563
H           -1.19580934812113       -1.17526611694452       -0.88906903942104
H           -1.19589738584938       -1.17514556699881        0.88933118745685
H           -2.38477034232115        1.03773805051418        0.88949403740532
H           -2.38462017317874        1.03763918674130       -0.88964811693629
H           -3.31040672932044       -0.18664812864034       -0.00009079342519
15
 energy: -233.591633497281 gnorm: 0.001665111247 xtb: 6.7.1 (edcfbbe)
C            2.39032543791810        0.39579554747376        0.00006864671584
C            1.18871742992490       -0.51996002627315       -0.00018016464246
O            0.00000458584679        0.28498713830480        0.00008522957461
C           -1.18870660403138       -0.51996264406251        0.00006440209129
C           -2.39031714156915        0.39578972003574       -0.00003129506220
H            2.39515376660430        1.03352833801430        0.88940212781108
H            3.30945906312976       -0.19794585382388       -0.00031379788772
H            2.39491672461161        1.03429553156609       -0.88871839426531
H            1.19045781244957       -1.16943325295207        0.88909426055437
H            1.19041102303059       -1.16888734986497       -0.88985302706442
H           -1.19038363509724       -1.16919347664961       -0.88938664201726
H           -1.19045848143001       -1.16913250411577        0.88956075974729
H           -2.39507275234457        1.03394779610597        0.88899657909250
H           -2.39498452205656        1.03386333434071       -0.88912298652395
H           -3.30944909517686       -0.19795331651274       -0.00004771500474
15
 energy: -233.591636292010 gnorm: 0.000485542686 xtb: 6.7.1 (edcfbbe)
C            2.39021468256804        0.39591807909618        0.00006839450728
C            1.18771041325927       -0.51955694033688       -0.00017949282244
O            0.00000449232538        0.28499675354443        0.00007864522068
C           -1.18769973014688       -0.51955969749583        0.00005573058869
C           -2.39020609389407        0.39591217298808       -0.00002679933290
H            2.39495935125540        1.03355074650663        0.88955299102552
H            3.30865484544872       -0.19869365434076       -0.00029585209591
H            2.39474172166507        1.03429420396201       -0.88888590964752
H            1.19018572068145       -1.16932932328873        0.88897436272810
H            1.19014523172229       -1.16879429772046       -0.88972428537439
H           -1.19011793625529       -1.16909079295317       -0.88927429229167
H           -1.19018790777941       -1.16903903694011        0.88942428626323
H           -2.39488088341303        1.03395518550104        0.88916387652036
H           -2.39480598285372        1.03387765802171       -0.88927462004018
H           -3.30864431008178       -0.19870207738541       -0.00003905706861
15
 energy: -233.591636292010 gnorm: 0.000485542686 xtb: 6.7.1 (edcfbbe)
C            2.39021468256804        0.39591807909618        0.00006839450728
C            1.18771041325927       -0.51955694033688       -0.00017949282244
O            0.00000449232538        0.28499675354443        0.00007864522068
C           -1.18769973014688       -0.51955969749583        0.00005573058869
C           -2.39020609389407        0.39591217298808       -0.00002679933290
H            2.39495935125540        1.03355074650663        0.88955299102552
H            3.30865484544872       -0.19869365434076       -0.00029585209591
H            2.39474172166507        1.03429420396201       -0.88888590964752
H            1.19018572068145       -1.16932932328873        0.88897436272810
H            1.19014523172229       -1.16879429772046       -0.88972428537439
H           -1.19011793625529       -1.16909079295317       -0.88927429229167
H           -1.19018790777941       -1.16903903694011        0.88942428626323
H           -2.39488088341303        1.03395518550104        0.88916387652036
H           -2.39480598285372        1.03387765802171       -0.88927462004018
H           -3.30864431008178       -0.19870207738541       -0.00003905706861
