15
 energy: -233.588393214751 gnorm: 0.001349786373 xtb: 6.7.1 (edcfbbe)
C            2.09980847031702        0.41732941803469       -0.35547096558255
C            1.02698515233124       -0.01564730497334        0.62823783255876
O            0.00004062438576       -0.80527876630169        0.00084333821231
C           -1.02701222138140       -0.01693968078685       -0.62797836698002
C           -2.09984764054875        0.41776754144212        0.35495510603843
H            2.57281005759971       -0.45455089525044       -0.81977953607341
H            1.68918757070379        1.05520743206752       -1.14517460246398
H            2.87301206218749        0.98913832437657        0.16997019340168
H            0.58225153607512        0.85564099179355        1.12874756272922
H            1.46214075442458       -0.65552801359945        1.40383227395930
H           -0.58238724291558        0.85346114951134       -1.13012217949481
H           -1.46212848863495       -0.65831750586862       -1.40235657409225
H           -2.87321125156132        0.98833652791240       -0.17160413726989
H           -2.57262995661446       -0.45328766301455        0.82104565150095
H           -1.68932753734814        1.05732446151398        1.14335379694266
15
 energy: -233.588395734058 gnorm: 0.000389543509 xtb: 6.7.1 (edcfbbe)
C            2.09926032096582        0.41738969281149       -0.35544516806237
C            1.02676959369224       -0.01554042097308        0.62831499338022
O            0.00004807554688       -0.80626333597087        0.00085161572815
C           -1.02679196076690       -0.01683802505825       -0.62804848553308
C           -2.09930533290763        0.41782796654899        0.35492068218014
H            2.57175928854204       -0.45415129184377       -0.81899231440822
H            1.68911556847552        1.05424523512061       -1.14521927477565
H            2.87258936095784        0.98890187600674        0.16900013145437
H            0.58132200766446        0.85557652884855        1.12751062394674
H            1.46179566746210       -0.65432532298905        1.40439325591738
H           -0.58146318456347        0.85338920015000       -1.12889832638844
H           -1.46178486890275       -0.65712903370893       -1.40290291763496
H           -2.87279070406414        0.98812583954235       -0.17061397558595
H           -2.57158975406575       -0.45288854376224        0.82022916929052
H           -1.68924214986138        1.05633562372405        1.14339927872020
15
 energy: -233.588395734058 gnorm: 0.000389543509 xtb: 6.7.1 (edcfbbe)
C            2.09926032096582        0.41738969281149       -0.35544516806237
C            1.02676959369224       -0.01554042097308        0.62831499338022
O            0.00004807554688       -0.80626333597087        0.00085161572815
C           -1.02679196076690       -0.01683802505825       -0.62804848553308
C           -2.09930533290763        0.41782796654899        0.35492068218014
H            2.57175928854204       -0.45415129184377       -0.81899231440822
H            1.68911556847552        1.05424523512061       -1.14521927477565
H            2.87258936095784        0.98890187600674        0.16900013145437
H            0.58132200766446        0.85557652884855        1.12751062394674
H            1.46179566746210       -0.65432532298905        1.40439325591738
H           -0.58146318456347        0.85338920015000       -1.12889832638844
H           -1.46178486890275       -0.65712903370893       -1.40290291763496
H           -2.87279070406414        0.98812583954235       -0.17061397558595
H           -2.57158975406575       -0.45288854376224        0.82022916929052
H           -1.68924214986138        1.05633562372405        1.14339927872020
