----------------------------------------------- 
  Element       SASA      Sigma Z        Total  
     Z         Ang**2 cal/Ang**2/mol   kcal/mol 
----------------------------------------------- 
      H        120.500      48.690       5.867
      C         29.361     129.740       3.809
      O         10.742       0.000       0.000

 Subtotal:     160.603                   9.676
 -----------------------------------------------

  Elements    COT*SASA   Sigma Z,Z'     Total   
    Z,Z'       Ang**2  cal/Ang**2/mol kcal/mol  
 ---------------------------------------------- 
  H   C         81.131     -60.770      -4.930
  H   O          0.000       0.000       0.000
  C   C         18.030     -72.950      -1.315
  O   C          0.030      68.690       0.002

 Subtotal:                              -6.244
 ---------------------------------------------- 

 NONAQUEOUS SOLVENT CONTRIBUTION (kcal/mol):
 (proportional to SASA, atomic number independent)
 ---------------------------------------------- 
 Subtotal:                               0.000
 ---------------------------------------------- 

 CDS TOTAL (kcal/mol):                   3.433
...............................................................................
