15
 energy: -233.603395491978 gnorm: 0.027912937820 xtb: 6.7.1 (edcfbbe)
C            2.15907946365675       -0.25282094461203       -0.57232313785361
C            1.38287031011279        0.43066379409084        0.54840739784301
C           -0.03191256941414       -0.11790455225225        0.72376244262072
C           -0.95206485402189        0.19486520268635       -0.45311770660079
O           -2.26228023060248       -0.22489481169966       -0.11645212775160
H            2.17895117086555       -1.32898749598891       -0.41756937088504
H            1.70764878315670       -0.05114124732266       -1.53992930768238
H            3.18363708201075        0.11015318894881       -0.59373551436310
H            1.92099799315125        0.28935432532822        1.48759022195919
H            1.33136687798996        1.50408192186650        0.35392407495683
H           -0.00065991940029       -1.20008121863179        0.86253223308221
H           -0.48529293361505        0.31534596153974        1.61769729841684
H           -0.94065193771683        1.27599756916543       -0.65095302248845
H           -0.61075013037064       -0.33131452874681       -1.35306927879958
H           -2.85634939176572       -0.04983979962209       -0.85805155928023
15
 energy: -233.604088778863 gnorm: 0.011865566463 xtb: 6.7.1 (edcfbbe)
C            2.15968930142281       -0.25042069918796       -0.57568914958149
C            1.37866945158189        0.42698984708151        0.55016360040988
C           -0.04031949572865       -0.11528302109290        0.72831495083573
C           -0.95035108897312        0.19446162412894       -0.45207828207443
O           -2.27330947957455       -0.23040080116162       -0.11307638556344
H            2.18346812358352       -1.33400004831320       -0.42749497689581
H            1.71189775093208       -0.05276652691669       -1.55261295643008
H            3.19158664026823        0.10893923379301       -0.60437590239660
H            1.92019195740669        0.29254613582588        1.49219218715899
H            1.33084286703718        1.50641265210531        0.36522140545695
H           -0.00529007678890       -1.20142683411699        0.87482789285387
H           -0.49167266227966        0.32149615625132        1.62652507881999
H           -0.93229660441533        1.27604530160603       -0.65552864014274
H           -0.60376843060992       -0.32614376515811       -1.35537689849124
H           -2.85474853843881       -0.05297186054459       -0.86230011865420
15
 energy: -233.604234802928 gnorm: 0.003996207734 xtb: 6.7.1 (edcfbbe)
C            2.15713126267409       -0.24906606294558       -0.57767169970198
C            1.37872919598415        0.42605916722196        0.55203155776373
C           -0.04242877146087       -0.11398742442693        0.73062038091706
C           -0.94701003999031        0.19324660938468       -0.44931361470318
O           -2.28045191932125       -0.23393579621006       -0.11375231803814
H            2.18334829466605       -1.33657176552408       -0.43662238325360
H            1.71134144562423       -0.05052122585476       -1.55827368851500
H            3.19212979855200        0.10851338881033       -0.60920452304697
H            1.92294220216122        0.29102088365185        1.49418961276982
H            1.33410992316695        1.50908169999556        0.37445390844045
H           -0.00893879463492       -1.20123989623561        0.88635845568349
H           -0.49116531107515        0.32855296904876        1.62933528432895
H           -0.93353908297450        1.27454912949840       -0.65701656782031
H           -0.60287628860264       -0.32775390931070       -1.35364175444826
H           -2.84873231278156       -0.05447031112681       -0.87278194651642
15
 energy: -233.604263198511 gnorm: 0.001697257082 xtb: 6.7.1 (edcfbbe)
C            2.15554361151116       -0.24778053498924       -0.57939557070074
C            1.37946493307378        0.42457829218645        0.55263206685690
C           -0.04324044365721       -0.11205778995900        0.73284748497477
C           -0.94430225110392        0.19237843098039       -0.44826278717635
O           -2.28217948345054       -0.23574004507655       -0.11472671507740
H            2.18056472277070       -1.33576550296166       -0.44190427541831
H            1.70911801237884       -0.04578534770617       -1.55898014318535
H            3.19099582435063        0.10844541632491       -0.61114435782993
H            1.92448882331044        0.28566985017751        1.49378869526772
H            1.33684207953170        1.50828526930183        0.37844565850017
H           -0.01170869080778       -1.19862832345229        0.89341526610377
H           -0.49081055182691        0.33474008610810        1.63009278458142
H           -0.93500462059823        1.27307437317903       -0.65739708329515
H           -0.60188012769519       -0.33114749286913       -1.35129838494098
H           -2.84330232878140       -0.05678915877580       -0.87940280895238
15
 energy: -233.604277507780 gnorm: 0.001893233411 xtb: 6.7.1 (edcfbbe)
C            2.15151281795572       -0.24601494924739       -0.58217840372426
C            1.38163568130678        0.42322574858037        0.55482524480062
C           -0.04314868467386       -0.10862193206520        0.73578221132509
C           -0.94078351204589        0.19082087266502       -0.44775109779403
O           -2.28250297475178       -0.23820925199643       -0.11678208317167
H            2.17273837757571       -1.33403405421599       -0.45095512814136
H            1.70378267727292       -0.03582655915810       -1.55863358630371
H            3.18721547241949        0.10727182687381       -0.61294100371544
H            1.92734096507260        0.27575051698284        1.49381987246366
H            1.34241270039160        1.50727467323732        0.38590213990913
H           -0.01546412119948       -1.19358571848490        0.90319278752204
H           -0.48954162284265        0.34564919203199        1.62930655673356
H           -0.93600558344340        1.27020188099063       -0.65974823095776
H           -0.59873531612904       -0.33748675662152       -1.34715056288608
H           -2.83586754293694       -0.06293781597719       -0.88798037182787
15
 energy: -233.604285463658 gnorm: 0.001297298103 xtb: 6.7.1 (edcfbbe)
C            2.14982170132188       -0.24492155624679       -0.58349152664402
C            1.38207722814173        0.42280329127435        0.55612921523808
C           -0.04336307901610       -0.10697109323945        0.73753241420972
C           -0.93996441320696        0.18994327038391       -0.44823078077674
O           -2.28093379617837       -0.23843805296660       -0.11750308169582
H            2.16770776095906       -1.33324301376697       -0.45572934463044
H            1.70175664714106       -0.02989646319580       -1.55856402284944
H            3.18638753640036        0.10554787770157       -0.61380676952332
H            1.92822104555930        0.27145737547759        1.49412268286926
H            1.34488934750274        1.50715102969234        0.38988677339427
H           -0.01690150951518       -1.19140920377281        0.90729234834407
H           -0.49022199297821        0.35023172167302        1.62916169252167
H           -0.93443085739152        1.26877018956417       -0.66288878685515
H           -0.59628029201389       -0.34048995810761       -1.34573098448344
H           -2.83417606599383       -0.06705767301976       -0.88947210224583
15
 energy: -233.604301904981 gnorm: 0.000972205511 xtb: 6.7.1 (edcfbbe)
C            2.14099322842561       -0.23950601465106       -0.58946784433348
C            1.38459396531972        0.42133627559259        0.56278181778078
C           -0.04392215533389       -0.09973410592064        0.74424632663099
C           -0.93619651968479        0.18455525507912       -0.44932966370863
O           -2.27676577818449       -0.23874394782825       -0.12034634700895
H            2.14399488085874       -1.33030180050357       -0.47966547979124
H            1.69392166325891       -0.00218560680904       -1.56015614742459
H            3.18229254317240        0.09732772272252       -0.61650693845995
H            1.93374857337691        0.25386091845377        1.49655333674062
H            1.35622617902615        1.50794852275989        0.40964407925369
H           -0.02317107426457       -1.18225294250888        0.92706156671522
H           -0.49217425989396        0.37087564296967        1.62825257122232
H           -0.92625361799673        1.26102547370030       -0.67746131222963
H           -0.58602847705685       -0.35618186055848       -1.33850435283954
H           -2.82667024422949       -0.08454554151276       -0.89839672567337
15
 energy: -233.604306303658 gnorm: 0.001019341954 xtb: 6.7.1 (edcfbbe)
C            2.13700876898349       -0.23564957126295       -0.59263588880574
C            1.38484204152033        0.42010703416118        0.56506670379256
C           -0.04488884655099       -0.09678080060205        0.74813360113537
C           -0.93298952111335        0.18113136218342       -0.44970424226457
O           -2.27501338627686       -0.23663670665010       -0.12034863166484
H            2.13064350816757       -1.32769604287051       -0.49357882244605
H            1.69232318533201        0.01470908131029       -1.56133421916183
H            3.18134688943701        0.09251510378870       -0.61640179504457
H            1.93554136598435        0.24515258683381        1.49659488807271
H            1.36062190661414        1.50785255464997        0.41890779911348
H           -0.02656322506207       -1.17819394879539        0.93859098859685
H           -0.49379147974991        0.38045337192910        1.62845833285909
H           -0.92032310967648        1.25593215297031       -0.68651232985927
H           -0.58232600906876       -0.36728311225376       -1.33405180443594
H           -2.82184335086649       -0.09213505892882       -0.90248103540514
15
 energy: -233.604310722568 gnorm: 0.000509287032 xtb: 6.7.1 (edcfbbe)
C            2.13574494595013       -0.23351189634094       -0.59343418926522
C            1.38498111344583        0.42003836610418        0.56594809355470
C           -0.04478284605382       -0.09650365614186        0.74857481352691
C           -0.93179019033646        0.17862118089168       -0.44991000919150
O           -2.27567508378607       -0.23300290526118       -0.11897199957982
H            2.12425647729573       -1.32576923861467       -0.49984421357080
H            1.69430966666069        0.02333772713876       -1.56169015466889
H            3.18159987117579        0.08977030846963       -0.61392364626802
H            1.93619426357492        0.24357433758475        1.49668843898141
H            1.36090458875334        1.50789433207697        0.42178114115750
H           -0.02667131642149       -1.17737106239133        0.94158187657080
H           -0.49420088218308        0.38222873388836        1.62770989540520
H           -0.91572739513528        1.25222029093540       -0.69159069412257
H           -0.58323285473343       -0.37497036421680       -1.33171240041447
H           -2.82132166770429       -0.09307827295577       -0.90250357682429
15
 energy: -233.604310722568 gnorm: 0.000509287032 xtb: 6.7.1 (edcfbbe)
C            2.13574494595013       -0.23351189634094       -0.59343418926522
C            1.38498111344583        0.42003836610418        0.56594809355470
C           -0.04478284605382       -0.09650365614186        0.74857481352691
C           -0.93179019033646        0.17862118089168       -0.44991000919150
O           -2.27567508378607       -0.23300290526118       -0.11897199957982
H            2.12425647729573       -1.32576923861467       -0.49984421357080
H            1.69430966666069        0.02333772713876       -1.56169015466889
H            3.18159987117579        0.08977030846963       -0.61392364626802
H            1.93619426357492        0.24357433758475        1.49668843898141
H            1.36090458875334        1.50789433207697        0.42178114115750
H           -0.02667131642149       -1.17737106239133        0.94158187657080
H           -0.49420088218308        0.38222873388836        1.62770989540520
H           -0.91572739513528        1.25222029093540       -0.69159069412257
H           -0.58323285473343       -0.37497036421680       -1.33171240041447
H           -2.82132166770429       -0.09307827295577       -0.90250357682429
