----------------------------------------------- 
  Element       SASA      Sigma Z        Total  
     Z         Ang**2 cal/Ang**2/mol   kcal/mol 
----------------------------------------------- 
      H        116.579      48.690       5.676
      C         20.803     129.740       2.699
      O         18.900       0.000       0.000

 Subtotal:     156.282                   8.375
 -----------------------------------------------

  Elements    COT*SASA   Sigma Z,Z'     Total   
    Z,Z'       Ang**2  cal/Ang**2/mol kcal/mol  
 ---------------------------------------------- 
  H   C         71.280     -60.770      -4.332
  H   O          7.642       0.000       0.000
  C   C         16.917     -72.950      -1.234
  O   C          0.051      68.690       0.003

 Subtotal:                              -5.562
 ---------------------------------------------- 

 NONAQUEOUS SOLVENT CONTRIBUTION (kcal/mol):
 (proportional to SASA, atomic number independent)
 ---------------------------------------------- 
 Subtotal:                               0.000
 ---------------------------------------------- 

 CDS TOTAL (kcal/mol):                   2.813
...............................................................................
