15
 energy: -17.725345805372 gnorm: 0.027949108698 xtb: 6.7.1 (edcfbbe)
C            1.93078101927508       -0.56112132017554       -0.41175053286981
C            1.10957622623770        0.03009863677970        0.73220715832033
C           -0.00202933855257        0.97610650255929        0.26705162618572
C           -1.03841544462841        0.34213763661149       -0.64090975541535
O           -1.67508917824195       -0.74549373002356        0.06426813738603
H            2.34075134504797        0.23028619430645       -1.05050149967578
H            2.76999408878687       -1.14957137986650       -0.02693372484562
H            1.32985595528469       -1.22279514519303       -1.04462560596238
H            0.67761394264226       -0.77944652855706        1.33174237569389
H            1.77389178173905        0.58782344353540        1.40275639423521
H           -0.51229220342875        1.40140121672107        1.14053770641194
H            0.44065353588165        1.81660299868142       -0.28325766444193
H           -1.78885459567657        1.09307690793874       -0.92444189664449
H           -0.57299020594653       -0.03239958720234       -1.56347500983530
H           -2.31961781236904       -1.14021369259697       -0.53572366052410
15
 energy: -17.726224622079 gnorm: 0.012774080488 xtb: 6.7.1 (edcfbbe)
C            1.93143146932373       -0.55451652446304       -0.41335722040852
C            1.10795330231234        0.02874182639649        0.72701285119728
C            0.00866581923163        0.98290910354313        0.25974589699630
C           -1.03590533647966        0.33469467831263       -0.63698695386583
O           -1.67492525174688       -0.73721185440951        0.06127946546918
H            2.34019243823750        0.23857361472016       -1.04027599588470
H            2.76004732219882       -1.14016716509421       -0.01753188497702
H            1.32757809504009       -1.21176275147923       -1.03708062473806
H            0.65571444883417       -0.78272210446865        1.30392158786390
H            1.77051834802264        0.58222611968931        1.39861228794905
H           -0.49940533860949        1.38828254012270        1.13921292291477
H            0.45485239215048        1.81909101259537       -0.28766837069012
H           -1.78775185484740        1.08436199491904       -0.91618421116499
H           -0.57109504640311       -0.04816787589944       -1.55340807979141
H           -2.32404169121338       -1.13784046096619       -0.53034762285147
15
 energy: -17.726428486757 gnorm: 0.003615744621 xtb: 6.7.1 (edcfbbe)
C            1.93684780541580       -0.55138423120462       -0.41470316725865
C            1.10503372087738        0.02494750474628        0.72386459522262
C            0.01099120107240        0.98556810700284        0.25638001416102
C           -1.03832533050638        0.33138568839820       -0.63733538751581
O           -1.67264782083511       -0.72505009908994        0.06681283383547
H            2.34467931361888        0.24541819846497       -1.03171177856654
H            2.76123819026523       -1.13491893656576       -0.01427023326791
H            1.33621592801215       -1.20485368842467       -1.03988308136987
H            0.63790579090807       -0.78880391172997        1.28219781835418
H            1.76242370312791        0.56957312130133        1.40514269174779
H           -0.49630416569148        1.38574921833017        1.13596597861963
H            0.45695532317544        1.81555187662843       -0.29426325865800
H           -1.78482982892619        1.08547211853037       -0.92003199938820
H           -0.56930865947845       -0.05553598054175       -1.54905100038082
H           -2.32704605498419       -1.13662683232728       -0.51216997751656
15
 energy: -17.726490022188 gnorm: 0.002101996833 xtb: 6.7.1 (edcfbbe)
C            1.94214841601678       -0.54790800525748       -0.41540618604322
C            1.10127602335053        0.01991029017495        0.72269459124426
C            0.01200339705229        0.98627059175495        0.25343859200242
C           -1.04093001064542        0.32915497114867       -0.63745936857602
O           -1.67558743672782       -0.71591196951293        0.07467263521252
H            2.35110389027822        0.25386181751445       -1.02501980521878
H            2.76568874175548       -1.13079594748584       -0.01257664613681
H            1.34712058465024       -1.19944875000672       -1.04782637476647
H            0.62682199065513       -0.79722806589501        1.26891843402160
H            1.75358789778659        0.55663120392042        1.41457714312030
H           -0.49431741129063        1.38908550803019        1.13170940522098
H            0.45929392758703        1.81237444644781       -0.30046668495097
H           -1.78101267746654        1.08767820025078       -0.92795800420789
H           -0.57010597137232       -0.06191265412504       -1.54704656317825
H           -2.33326224557811       -1.13526948344061       -0.49530711972533
15
 energy: -17.726530780645 gnorm: 0.002465324902 xtb: 6.7.1 (edcfbbe)
C            1.94789549354131       -0.54372043031463       -0.41526133522733
C            1.09742200275475        0.01463042428231        0.72156487603749
C            0.01271167646027        0.98564968262501        0.25059262936848
C           -1.04353254504491        0.32770071888444       -0.63724957080646
O           -1.68182032489254       -0.70673379013431        0.08368778497804
H            2.35847530026502        0.26375612291249       -1.01737648652845
H            2.77137123147374       -1.12704006144570       -0.01149015838384
H            1.35938769074753       -1.19296210364044       -1.05747320952700
H            0.61750375924510       -0.80676974200933        1.25633480303967
H            1.74439818298825        0.54312674433900        1.42499776130411
H           -0.49198689144082        1.39498436443344        1.12704989848029
H            0.46303208324339        1.80777488273112       -0.30700576376324
H           -1.77777772352200        1.08944015348045       -0.93706769893946
H           -0.57255134385104       -0.07061051530830       -1.54460317135425
H           -2.34069947591658       -1.13273429731696       -0.47975631065972
15
 energy: -17.726559604178 gnorm: 0.002070558833 xtb: 6.7.1 (edcfbbe)
C            1.95250364841118       -0.53974563707236       -0.41469521289102
C            1.09450401514562        0.01033200460163        0.72051925991865
C            0.01354597907039        0.98438331860647        0.24802508002268
C           -1.04526670526725        0.32692742310155       -0.63663861515643
O           -1.68903353086879       -0.69946293336107        0.09120379181299
H            2.36490521660677        0.27218452853872       -1.01046980530377
H            2.77560355714133       -1.12420049433712       -0.01071766696473
H            1.36931034835697       -1.18647198458328       -1.06531176611008
H            0.61117792292913       -0.81469959572959        1.24667297376105
H            1.73693382522991        0.53286940425420        1.43275518056062
H           -0.48934329283270        1.40012507379180        1.12302217769634
H            0.46690373841020        1.80330287588302       -0.31263467379399
H           -1.77549366568752        1.09020684863153       -0.94348066671966
H           -0.57550055272286       -0.07957672432651       -1.54160483439676
H           -2.34692138787089       -1.12968195448039       -0.46970117441756
15
 energy: -17.726585547504 gnorm: 0.001476994622 xtb: 6.7.1 (edcfbbe)
C            1.95671622444093       -0.53606657579741       -0.41401710684253
C            1.09240025508675        0.00678908594220        0.71926787691346
C            0.01441765306672        0.98287330879643        0.24552747735991
C           -1.04670309402663        0.32645610215309       -0.63581193954345
O           -1.69689039311735       -0.69305103124539        0.09786984847050
H            2.37141891274771        0.27955604088991       -1.00346220737085
H            2.77864253073038       -1.12230020144190       -0.00980150206357
H            1.37783193588372       -1.17960610402892       -1.07201751340695
H            0.60642733700729       -0.82133156164015        1.23816692582238
H            1.73061534732576        0.52487958791842        1.43849696545765
H           -0.48646270561341        1.40405050338774        1.11947150695373
H            0.47045727622726        1.79892501509953       -0.31778317802728
H           -1.77376392287092        1.09047817737033       -0.94792593628182
H           -0.57891440988383       -0.08884301012439       -1.53793235861906
H           -2.35236383095290       -1.12631718376086       -0.46310481080379
15
 energy: -17.726621002622 gnorm: 0.001433879007 xtb: 6.7.1 (edcfbbe)
C            1.96377067286814       -0.53047161458746       -0.41316789641248
C            1.08980663997399        0.00165631622826        0.71689501696511
C            0.01574270786820        0.98053054187227        0.24138285023247
C           -1.04923471571063        0.32554821626711       -0.63446504364057
O           -1.71034206227294       -0.68271950650200        0.10833603163459
H            2.38382188607346        0.29059141168493       -0.99105806474217
H            2.78200584574134       -1.12085132309680       -0.00771446964518
H            1.39085966568889       -1.16725583221620       -1.08278584522268
H            0.59967510775017       -0.83083991748114        1.22487269972855
H            1.72141576080145        0.51400333170999        1.44578892884336
H           -0.48177472052467        1.40828435893608        1.11423230872691
H            0.47515633552448        1.79220051273267       -0.32586013258884
H           -1.77114989723701        1.09080668738665       -0.95381210154856
H           -0.58494207515336       -0.10436410803777       -1.53116040243564
H           -2.36098203534002       -1.12062692137796       -0.45453983187654
15
 energy: -17.726648241652 gnorm: 0.001276349138 xtb: 6.7.1 (edcfbbe)
C            1.97051415915594       -0.52611449473773       -0.41275593033523
C            1.08811952310692       -0.00233490257745        0.71459296144737
C            0.01640620280680        0.97876342038903        0.23795688833535
C           -1.05207180385765        0.32414498394334       -0.63364686603588
O           -1.72190332336546       -0.67329260658506        0.11716105028654
H            2.39725495310391        0.29949211914283       -0.97883593682888
H            2.78372362001795       -1.12182680932265       -0.00544196611107
H            1.40211210202320       -1.15504393005932       -1.09323455034246
H            0.59465363155695       -0.83815508464482        1.21362781114713
H            1.71436468930021        0.50571698659665        1.45086977018997
H           -0.47859132785422        1.41004524052028        1.11024256148126
H            0.47750008932844        1.78704009697131       -0.33235580577426
H           -1.76871335422563        1.09122903435637       -0.95960766170107
H           -0.59022590225145       -0.11771621472872       -1.52521235167105
H           -2.36931414279442       -1.11545568574540       -0.44641592606941
15
 energy: -17.726673224719 gnorm: 0.000975265688 xtb: 6.7.1 (edcfbbe)
C            1.97686998959269       -0.52202716268756       -0.41250133977562
C            1.08699507617014       -0.00561724990638        0.71253732693310
C            0.01661996437124        0.97685619278145        0.23499464256520
C           -1.05475041745678        0.32201787157093       -0.63329877293687
O           -1.73249501534230       -0.66434862035335        0.12495510591604
H            2.41212805303262        0.30744730312625       -0.96608117097572
H            2.78371740582842       -1.12511098029529       -0.00358142293217
H            1.41200714351400       -1.14142801416353       -1.10433361519125
H            0.59144354086948       -0.84439793854116        1.20419335318269
H            1.70859208985991        0.49918247298473        1.45474624524406
H           -0.47673977443745        1.41024655768708        1.10689163873227
H            0.47838185557762        1.78277172977463       -0.33766288546624
H           -1.76576185655653        1.09123501228357       -0.96635120479195
H           -0.59454357102671       -0.13043361948979       -1.51999531686460
H           -2.37863536794486       -1.10990140125293       -0.43756853562064
15
 energy: -17.726699056400 gnorm: 0.000665797559 xtb: 6.7.1 (edcfbbe)
C            1.98366482516065       -0.51752894999861       -0.41220756660131
C            1.08608814023795       -0.00871951098416        0.71035136616635
C            0.01651678592812        0.97452957010285        0.23204511183619
C           -1.05734590384715        0.31910047587649       -0.63319286087982
O           -1.74330843951975       -0.65489517062610        0.13291762250594
H            2.42975607041860        0.31592374505811       -0.95102838465154
H            2.78249224852822       -1.13074838951352       -0.00251061200859
H            1.42183084297124       -1.12455806470520       -1.11737263352231
H            0.58899217772618       -0.85082095413734        1.19479002673494
H            1.70291240463680        0.49301557066474        1.45863377746889
H           -0.47587065170711        1.40982778589833        1.10342413889028
H            0.47868594692906        1.77860620658307       -0.34260893294197
H           -1.76198263895263        1.09044655042357       -0.97508019814238
H           -0.59828852520443       -0.14470751307626       -1.51454616686772
H           -2.39031416725429       -1.10297919804731       -0.42667063996863
15
 energy: -17.726724718699 gnorm: 0.000493567441 xtb: 6.7.1 (edcfbbe)
C            1.99094140483301       -0.51193666102849       -0.41184660983026
C            1.08503468094489       -0.01229571051671        0.70826034312790
C            0.01644138624357        0.97152229599623        0.22867394952052
C           -1.05968605580392        0.31522802458424       -0.63335971511531
O           -1.75491051253757       -0.64457870752333        0.14158341387470
H            2.44974562229803        0.32557992663331       -0.93353785004897
H            2.78029062333736       -1.13745195436593       -0.00222715574132
H            1.43251794501344       -1.10404874295904       -1.13237410662735
H            0.58692548882194       -0.85815442322757        1.18514960609646
H            1.69653721349129        0.48611450162312        1.46315733714649
H           -0.47516432393813        1.40908432402833        1.09937264812242
H            0.47899264021373        1.77395507659680       -0.34794737934672
H           -1.75709716116317        1.08853389359629       -0.98586639316323
H           -0.60170346610992       -0.16128518564992       -1.50865128874540
H           -2.40503636959307       -1.09377450426866       -0.41344275125165
15
 energy: -17.726746644287 gnorm: 0.000530735900 xtb: 6.7.1 (edcfbbe)
C            1.99889354228597       -0.50629254979331       -0.41119309159458
C            1.08411078734695       -0.01583276904710        0.70571872612220
C            0.01620092153789        0.96831285215856        0.22531444654839
C           -1.06208898607012        0.31110497320622       -0.63339413687324
O           -1.76660231854246       -0.63413538514016        0.15029695089396
H            2.46978771036156        0.33559313763326       -0.91479253106692
H            2.77892540454362       -1.14412613584414       -0.00256312944118
H            1.44420809864223       -1.08270286008560       -1.14728840856234
H            0.58467653342609       -0.86590695249976        1.17406138570659
H            1.68978625438446        0.47873992816754        1.46803907855998
H           -0.47479244084226        1.40874387260629        1.09501328741741
H            0.47956551740544        1.76876415313397       -0.35342811125074
H           -1.75220387837738        1.08583705022197       -0.99722701606629
H           -0.60518019289558       -0.17887158821617       -1.50205569627055
H           -2.42145783715494       -1.08273557298285       -0.39955770610439
15
 energy: -17.726762721227 gnorm: 0.000543781046 xtb: 6.7.1 (edcfbbe)
C            2.00566236029360       -0.50043764224998       -0.41070207809536
C            1.08278505445027       -0.01990450276080        0.70397515307111
C            0.01655160284996        0.96522051815829        0.22172597116675
C           -1.06390364739974        0.30715206812555       -0.63356192009783
O           -1.77674217131544       -0.62490073318981        0.15822333774878
H            2.48661117091384        0.34502364090014       -0.89843912917194
H            2.77786698202983       -1.14804455918523       -0.00285918835982
H            1.45544608669177       -1.06373081098233       -1.16006984847120
H            0.58221633981604       -0.87362455255306        1.16447727780711
H            1.68294906780518        0.47097177360697        1.47296373039752
H           -0.47339603329915        1.40848764131272        1.09058997938287
H            0.48060086534140        1.76374910452895       -0.35922453971297
H           -1.74756740996153        1.08292166232675       -1.00710374477311
H           -0.60832852035627       -0.19488254771553       -1.49616095064030
H           -2.43692263180829       -1.07150890680392       -0.38689000223332
15
 energy: -17.726774999391 gnorm: 0.000487698204 xtb: 6.7.1 (edcfbbe)
C            2.01257659944332       -0.49573297098612       -0.40982049275605
C            1.08186729068182       -0.02326077513620        0.70163470701382
C            0.01654543149567        0.96248013012498        0.21872772591938
C           -1.06592171826334        0.30375156228105       -0.63342794204554
O           -1.78595459539441       -0.61674128766219        0.16522081086796
H            2.50072568362910        0.35349597950215       -0.88329377623815
H            2.77877785344146       -1.15103496099570       -0.00303660117868
H            1.46661761654255       -1.04760656434167       -1.17056877561131
H            0.57972929029202       -0.88051452312392        1.15385365538891
H            1.67661648713946        0.46358914541017        1.47741772146214
H           -0.47232390833940        1.40897461804608        1.08658333130019
H            0.48174879490109        1.75855776782377       -0.36457139679801
H           -1.74404267998139        1.08006079802774       -1.01549861595317
H           -0.61173668753592       -0.20920596456595       -1.49031133318737
H           -2.45139634200052       -1.06032080088547       -0.37596497016583
15
 energy: -17.726783365674 gnorm: 0.000351480697 xtb: 6.7.1 (edcfbbe)
C            2.01811734924086       -0.49118373947508       -0.40919205159845
C            1.08061461029357       -0.02683909704213        0.70002219869026
C            0.01708355404987        0.96024233866858        0.21568826130094
C           -1.06750453696311        0.30093461872902       -0.63325968112621
O           -1.79344456335097       -0.60980169641960        0.17151665574498
H            2.51195361182659        0.36126584780029       -0.87093398606286
H            2.77969668520744       -1.15206476772364       -0.00283351099632
H            1.47653899276539       -1.03440233799877       -1.17921256212517
H            0.57674064866043       -0.88713735833813        1.14459801002001
H            1.67049292228110        0.45621464522921        1.48181696428170
H           -0.47048535975076        1.40971260096588        1.08266439401594
H            0.48327371686493        1.75397108576155       -0.36998269416978
H           -1.74110005549445        1.07763763068552       -1.02220142597089
H           -0.61479235216035       -0.22152289405897       -1.48519458753047
H           -2.46335610741903       -1.05053472326498       -0.36655193645541
15
 energy: -17.726788889694 gnorm: 0.000243268055 xtb: 6.7.1 (edcfbbe)
C            2.02349802352969       -0.48732448928865       -0.40828553923230
C            1.07949485935120       -0.03008211429491        0.69832013083039
C            0.01738553285712        0.95810984126329        0.21306559978484
C           -1.06914610827340        0.29859694489220       -0.63313016781406
O           -1.80029072368376       -0.60362679088412        0.17683387802176
H            2.52089896261411        0.36776579461301       -0.86057728777522
H            2.78193849065886       -1.15197623696509       -0.00246622100429
H            1.48618169852762       -1.02383708396137       -1.18568635245577
H            0.57433388455782       -0.89293148275337        1.13595086091989
H            1.66479747443572        0.44931274833898        1.48558216991981
H           -0.46872812015668        1.41056321626064        1.07927241325390
H            0.48465653825611        1.74949368819754       -0.37480272457192
H           -1.73888265194345        1.07560399648114       -1.02765534078506
H           -0.61808885370738       -0.23167148836355       -1.48091962538580
H           -2.47421989097207       -1.04150439001700       -0.35855774568790
15
 energy: -17.726791498623 gnorm: 0.000305037015 xtb: 6.7.1 (edcfbbe)
C            2.02707251770965       -0.48452478780776       -0.40774514669426
C            1.07865949042783       -0.03247511779793        0.69706872562162
C            0.01787255655339        0.95676351902715        0.21092810309090
C           -1.07031440797549        0.29700794081315       -0.63290016523482
O           -1.80487673156525       -0.59900061853555        0.18108397832389
H            2.52754451485939        0.37331542728788       -0.85236244281511
H            2.78306794945412       -1.15213331486590       -0.00180221738740
H            1.49287484491828       -1.01596731620708       -1.19117785662409
H            0.57189545741350       -0.89756063907996        1.12877309515203
H            1.66043825857445        0.44387417942426        1.48886549249486
H           -0.46716605003184        1.41159539579298        1.07644882014295
H            0.48601716872205        1.74624440304897       -0.37876979029384
H           -1.73734227766405        1.07418469626881       -1.03160372526074
H           -0.62050984676053       -0.23947849237481       -1.47755551144036
H           -2.48140432858400       -1.03535312147544       -0.35230731105734
15
 energy: -17.726793118785 gnorm: 0.000181567711 xtb: 6.7.1 (edcfbbe)
C            2.03127952185353       -0.48155795875890       -0.40696150549795
C            1.07765094708701       -0.03518139164052        0.69575355371926
C            0.01814722625072        0.95515654346048        0.20893860345857
C           -1.07170290025273        0.29549359512625       -0.63271595540808
O           -1.81001161425902       -0.59412953974550        0.18500971626603
H            2.53338878578267        0.37806852083939       -0.84540461473526
H            2.78566357794098       -1.15107597609186       -0.00145374755640
H            1.50064178696217       -1.00900618023748       -1.19510968406461
H            0.56982831579426       -0.90230329840834        1.12193898292042
H            1.65577382586130        0.43827691720049        1.49179769795192
H           -0.46579879037802        1.41237876453785        1.07378589704059
H            0.48724662820065        1.74279217965764       -0.38244080214034
H           -1.73576434342769        1.07308221372175       -1.03556200443096
H           -0.62320201496038       -0.24677960288552       -1.47436880462143
H           -2.48931183640395       -1.02872263325696       -0.34626328488350
15
 energy: -17.726793392648 gnorm: 0.000166263515 xtb: 6.7.1 (edcfbbe)
C            2.03307236044487       -0.48030615200475       -0.40658895605473
C            1.07728330162191       -0.03636124861365        0.69512042766907
C            0.01825913455746        0.95430497208659        0.20795435426606
C           -1.07230140633360        0.29466757068477       -0.63276403636350
O           -1.81246839219513       -0.59174369846624        0.18684600407259
H            2.53643253912268        0.38056450881545       -0.84153387468198
H            2.78650327084180       -1.15095952342889       -0.00102799748748
H            1.50405040027392       -1.00547046827360       -1.19759455356508
H            0.56923509669994       -0.90426104775172        1.11897241562193
H            1.65377986514556        0.43571996952757        1.49303986640530
H           -0.46506247979165        1.41261570213468        1.07258474204560
H            0.48770232719939        1.74114662594885       -0.38417329322357
H           -1.73498316513577        1.07233076535312       -1.03745447551096
H           -0.62460573977661       -0.25011444532995       -1.47310921244117
H           -2.49306799662328       -1.02564137716346       -0.34332736273381
15
 energy: -17.726793454066 gnorm: 0.000077418521 xtb: 6.7.1 (edcfbbe)
C            2.03367660293929       -0.47977729094951       -0.40651983912700
C            1.07719194528430       -0.03673420377000        0.69494748474280
C            0.01831316581011        0.95405163364776        0.20766884436192
C           -1.07250921026798        0.29441483808060       -0.63273628028089
O           -1.81334506006007       -0.59076474618189        0.18752657573496
H            2.53727328884307        0.38136614233432       -0.84050494156279
H            2.78682837262819       -1.15081771350598       -0.00107167233940
H            1.50516154470777       -1.00429773635350       -1.19818803382288
H            0.56886282810362       -0.90515521139901        1.11773730875676
H            1.65309382165124        0.43488411535809        1.49365852810960
H           -0.46493744047162        1.41262791361685        1.07218909428720
H            0.48787295992103        1.74067433903205       -0.38466063563678
H           -1.73454591915417        1.07222623526362       -1.03837987015327
H           -0.62487984069644       -0.25154291813624       -1.47246230210512
H           -2.49422794318686       -1.02466324351839       -0.34226021294683
