15
 energy: -233.603612108668 gnorm: 0.028876073642 xtb: 6.7.1 (edcfbbe)
C            2.14786135915177       -0.30136676293354        0.59101506796189
C            1.39109790351643        0.51334950632748       -0.45273487040062
C           -0.00757607230336       -0.03101501911374       -0.74271832272912
C           -0.96507179462765        0.12079287745353        0.44038047479514
O           -2.30163276001991       -0.19619660498694        0.10422161224618
H            1.65961536503542       -0.24401446950813        1.55998869019127
H            2.20335409687636       -1.34554057699624        0.29188245612934
H            3.16089729940068        0.07790949803452        0.69929996080988
H            1.31136508528110        1.54964353508669       -0.11817844605237
H            1.96064130216881        0.50861789392538       -1.38432952091343
H           -0.43549895739298        0.50939774492573       -1.59021804050467
H            0.06516423392888       -1.08603140188125       -1.01786259755104
H           -0.63831172338285       -0.49894076582109        1.28479301936933
H           -0.99197285563957        1.16341888901554        0.76765409584017
H           -2.34106845023739       -1.11597472699452       -0.19244713148528
15
 energy: -233.604374660707 gnorm: 0.011762989116 xtb: 6.7.1 (edcfbbe)
C            2.15188986535369       -0.29933880976687        0.59505627798871
C            1.39107470454181        0.51057458928664       -0.45457513207501
C           -0.01420980142294       -0.02355951033206       -0.74518982534182
C           -0.96701459096016        0.12065373932889        0.43805945452355
O           -2.31706255820860       -0.20569448804916        0.09925456670660
H            1.66751156608402       -0.24699138704723        1.57298338891858
H            2.20771257241467       -1.35154954589986        0.30102824012561
H            3.17294251367291        0.07356952840786        0.70993889428961
H            1.31623680488039        1.55442755910145       -0.12815843094135
H            1.96255758128554        0.51231600280780       -1.38862260444838
H           -0.44574423415309        0.51745685712762       -1.59497263377869
H            0.04932328484171       -1.08261310325632       -1.02588937616531
H           -0.62962514424560       -0.49364015534383        1.28458848094076
H           -0.98498021637126        1.16454307250295        0.76925208919545
H           -2.34174840544497       -1.12610436793095       -0.19200693944502
15
 energy: -233.604526070853 gnorm: 0.004072151193 xtb: 6.7.1 (edcfbbe)
C            2.15014485940836       -0.29974883014404        0.59668646382311
C            1.39046679484009        0.50931767123677       -0.45534532226661
C           -0.01754189239172       -0.02007551369004       -0.74717286990433
C           -0.96370132422552        0.12335021075052        0.43778521150730
O           -2.32097904487208       -0.21226072077767        0.09755090929037
H            1.66982634527389       -0.24649082510954        1.57941792682388
H            2.20649494244962       -1.35669155362301        0.30921315945212
H            3.17478863170498        0.07025602375648        0.71217163129693
H            1.32050874174440        1.55792196469580       -0.13531050469711
H            1.96326339730489        0.51047852563398       -1.39023208318540
H           -0.44717924357703        0.52668136497594       -1.59614603465286
H            0.03855189556047       -1.07949525230830       -1.03724440156469
H           -0.62771641256093       -0.49122895932351        1.28479853144251
H           -0.98816495198273        1.16696701562726        0.77255779235219
H           -2.32989895641082       -1.13493056634496       -0.18798411774956
15
 energy: -233.604562028403 gnorm: 0.001738846294 xtb: 6.7.1 (edcfbbe)
C            2.14856872465951       -0.30023808209963        0.59766025080451
C            1.39185297639527        0.50783384772680       -0.45628654517351
C           -0.01867630134399       -0.01563316733181       -0.74760530697755
C           -0.96218036901387        0.12438661507092        0.43745795113935
O           -2.32245615257416       -0.21838568585283        0.09765334242422
H            1.66942617492946       -0.24268320276298        1.58084963892333
H            2.20223465770515       -1.35848035001811        0.31400211563034
H            3.17439273489317        0.06726111487890        0.71155614582808
H            1.32516465296136        1.55764090922204       -0.13909177568783
H            1.96518820600442        0.50507922402447       -1.39098977467610
H           -0.44659348942141        0.53650191960578       -1.59410914312367
H            0.03331711433396       -1.07376375505419       -1.04345787535089
H           -0.62685912869994       -0.49037603470058        1.28399149592185
H           -0.99357550486101        1.16756421322482        0.77260704067674
H           -2.32094067625573       -1.14265647089256       -0.18349146494371
15
 energy: -233.604582212459 gnorm: 0.002566663329 xtb: 6.7.1 (edcfbbe)
C            2.14469894435995       -0.30126908427131        0.59949377463135
C            1.39371463124421        0.50670760155472       -0.45729842372396
C           -0.01971851408406       -0.00874643938686       -0.74918301954600
C           -0.95949254837876        0.12556359863418        0.43749676805395
O           -2.32060729537845       -0.22903160099431        0.09791208976486
H            1.66672693559309       -0.23420481683924        1.58184254256363
H            2.19111089275740       -1.36053034032552        0.32137968066443
H            3.17220155597666        0.06066947131432        0.70953110914962
H            1.33334666493320        1.55741281317954       -0.14402660184187
H            1.96670835364641        0.49512136422226       -1.39171990213549
H           -0.44544957586283        0.55269095901137       -1.59022946619732
H            0.02741286501198       -1.06406691451210       -1.05335444302835
H           -0.62291210705841       -0.48875163461286        1.28278310676531
H           -1.00199154995561        1.16795034864354        0.77223919876724
H           -2.30688602030456       -1.15546325979378       -0.17612069143956
15
 energy: -233.604590173877 gnorm: 0.001892039564 xtb: 6.7.1 (edcfbbe)
C            2.14330031890123       -0.30143433863610        0.60012425315057
C            1.39443288429057        0.50716245658373       -0.45793650976093
C           -0.01953852722978       -0.00674838700323       -0.74983689445256
C           -0.95954468533603        0.12516358062068        0.43733225977312
O           -2.31923728447129       -0.23228018308079        0.09857403126851
H            1.66566700517976       -0.23099902678655        1.58221939982887
H            2.18618277423288       -1.36110200900764        0.32364010265172
H            3.17178203999792        0.05760894813589        0.70911306439776
H            1.33576947558826        1.55801585694989       -0.14556397095742
H            1.96755904492067        0.49324483423074       -1.39212778974920
H           -0.44540466258080        0.55664140878570       -1.58929001909826
H            0.02711388724894       -1.06134640577424       -1.05579980060276
H           -0.62042957044628       -0.48832220789665        1.28222057699173
H           -1.00379747335752        1.16734598830114        0.77214674669915
H           -2.30499217414605       -1.15889816270178       -0.17406984253889
15
 energy: -233.604604255679 gnorm: 0.001686881373 xtb: 6.7.1 (edcfbbe)
C            2.13461796008820       -0.30215437172053        0.60442924234117
C            1.39736443349929        0.50927623568407       -0.46103351265358
C           -0.01980469767234        0.00566183825992       -0.75544014501854
C           -0.95865085708047        0.12341201636908        0.43621198505902
O           -2.31050874153749       -0.25231878311809        0.10217043654141
H            1.66078888090189       -0.21057131831507        1.58655136449308
H            2.15479005776796       -1.36558899234172        0.33953656779876
H            3.17039603003924        0.03754421481916        0.70639472006368
H            1.34952098273982        1.56217491956117       -0.15491468229953
H            1.97245798563514        0.48265782079264       -1.39367299156627
H           -0.44618280942620        0.58113775101203       -1.58612025936445
H            0.02293472692923       -1.04511428353594       -1.07387548532582
H           -0.60428046513876       -0.48539077615876        1.27874823561281
H           -1.01395708748910        1.16449286984808        0.77275936518012
H           -2.29062449427966       -1.18116495827706       -0.16099993930895
15
 energy: -233.604607936523 gnorm: 0.000353143082 xtb: 6.7.1 (edcfbbe)
C            2.13521558519678       -0.30184695079946        0.60401705942306
C            1.39682666817195        0.50896241337371       -0.46063746167094
C           -0.01986649273070        0.00421175666920       -0.75502682632365
C           -0.95815859085156        0.12349155254598        0.43593059050437
O           -2.31196761964643       -0.24999956561756        0.10197061624710
H            1.66272901455466       -0.21176074708211        1.58708318911461
H            2.15678756925096       -1.36532404144306        0.33917124528635
H            3.17080788112489        0.03868591855980        0.70565472010609
H            1.34730560932252        1.56184929783012       -0.15376375145517
H            1.97248159223392        0.48512840952198       -1.39313829207570
H           -0.44588365637354        0.57819977733640       -1.58720708686454
H            0.02273426468199       -1.04714195562315       -1.07275736709201
H           -0.60596678341003       -0.48616854218431        1.27852054195005
H           -1.01245418179291        1.16459954984901        0.77308070882106
H           -2.29172887235226       -1.17883288452126       -0.16215291717387
15
 energy: -233.604607936523 gnorm: 0.000353143082 xtb: 6.7.1 (edcfbbe)
C            2.13521558519678       -0.30184695079946        0.60401705942306
C            1.39682666817195        0.50896241337371       -0.46063746167094
C           -0.01986649273070        0.00421175666920       -0.75502682632365
C           -0.95815859085156        0.12349155254598        0.43593059050437
O           -2.31196761964643       -0.24999956561756        0.10197061624710
H            1.66272901455466       -0.21176074708211        1.58708318911461
H            2.15678756925096       -1.36532404144306        0.33917124528635
H            3.17080788112489        0.03868591855980        0.70565472010609
H            1.34730560932252        1.56184929783012       -0.15376375145517
H            1.97248159223392        0.48512840952198       -1.39313829207570
H           -0.44588365637354        0.57819977733640       -1.58720708686454
H            0.02273426468199       -1.04714195562315       -1.07275736709201
H           -0.60596678341003       -0.48616854218431        1.27852054195005
H           -1.01245418179291        1.16459954984901        0.77308070882106
H           -2.29172887235226       -1.17883288452126       -0.16215291717387
