15
 energy: -17.727034463237 gnorm: 0.027728923064 xtb: 6.7.1 (edcfbbe)
C            1.62985336794759       -0.75819976249323       -0.56318329869912
C            1.32177412934347        0.57030503771418        0.12755850031868
C            0.00021341135648        0.61180381945709        0.90088523463908
C           -1.26583158792949        0.51769637880876        0.05863502525631
O           -1.53619928658398       -0.80626036324875       -0.44657528748724
H            0.94911396892011       -0.95018577286967       -1.39653116218316
H            2.65084167247072       -0.76104602763604       -0.95879186364748
H            1.54214723166598       -1.59507756062383        0.13988799811469
H            2.13328471705172        0.80099130288897        0.82903737809836
H            1.32071679421270        1.37824179913789       -0.61665846127583
H           -0.02049618368284       -0.18698411170961        1.65685645722726
H           -0.05234598107991        1.55998751275432        1.45213664770457
H           -2.12721504540466        0.86490348356726        0.64732848101478
H           -1.18493128279508        1.16146212066355       -0.82486545519210
H           -1.62304401119639       -1.38805048773399        0.31989799950929
15
 energy: -17.728100812706 gnorm: 0.013002312772 xtb: 6.7.1 (edcfbbe)
C            1.61012943580695       -0.75464755847248       -0.55340914942320
C            1.32229062158436        0.57670676095013        0.12910319854568
C            0.00800315014085        0.60834897370501        0.90953523035901
C           -1.25120484958878        0.51283321800466        0.05131557598713
O           -1.51695271778224       -0.79402801256287       -0.45509820643368
H            0.90619939772828       -0.94289714176161       -1.36266593977458
H            2.61812348719188       -0.75042055197405       -0.96806120980331
H            1.54002140182726       -1.57750160639096        0.15825336666607
H            2.13475181044087        0.79850054883470        0.82770414738636
H            1.31005726227426        1.37298129531598       -0.62185449809356
H            0.00060220144846       -0.19698366809651        1.65228784627180
H           -0.04205288461182        1.55588335172798        1.45422966898792
H           -2.11909715906486        0.84755522466603        0.63508418261700
H           -1.16798677102945        1.14972925771483       -0.83331042253177
H           -1.61500247206959       -1.38647272298394        0.30250440263721
15
 energy: -17.728447876118 gnorm: 0.003259385037 xtb: 6.7.1 (edcfbbe)
C            1.59541651873193       -0.75359649161563       -0.54655982395889
C            1.32423708215270        0.58281886120562        0.13255848206100
C            0.01218520416402        0.61118745269146        0.91755794920231
C           -1.24141827331041        0.50639649200405        0.04666068413394
O           -1.49385958572544       -0.78731839029669       -0.46487695427357
H            0.85989217807515       -0.94677031788652       -1.32448906984049
H            2.58627683382791       -0.74903595582863       -0.99633975328897
H            1.55100108282536       -1.56389634001077        0.17689385708986
H            2.14011628665859        0.80239514466050        0.82463549497208
H            1.30364982596830        1.37177729728978       -0.62150171547474
H            0.01074318848183       -0.20101522903228        1.64748642524707
H           -0.04472697815531        1.55493745396607        1.46236174532236
H           -2.11383994924891        0.84089591145588        0.62428742619752
H           -1.14655883655267        1.14484661277271       -0.83361997018034
H           -1.60523266359661       -1.39403513269862        0.28056341618893
15
 energy: -17.728540973279 gnorm: 0.003242759496 xtb: 6.7.1 (edcfbbe)
C            1.59018726444437       -0.75409368780342       -0.54243069368662
C            1.32530721033267        0.58585978732106        0.13427931020542
C            0.01324685908295        0.61112239085892        0.92088962642154
C           -1.23816983639924        0.50436327298564        0.04363574418413
O           -1.48471585178718       -0.78489592056087       -0.47165695910337
H            0.83323822657750       -0.95788872026213       -1.29742129599411
H            2.56772049226633       -0.74622320203891       -1.02168607224008
H            1.57237822569237       -1.55879570913472        0.18961028046097
H            2.14377794750745        0.80665686647423        0.82257729089796
H            1.30192267349306        1.37343592939686       -0.62074612790195
H            0.01265910493339       -0.20335735899852        1.64766021394229
H           -0.04824385715694        1.55278192161574        1.46761973665280
H           -2.11175147899411        0.84149441513603        0.61930696818516
H           -1.13751455343733        1.14857043042587       -0.83252812392181
H           -1.60216051225885       -1.39944304673887        0.26650829529577
15
 energy: -17.728599316502 gnorm: 0.003478693245 xtb: 6.7.1 (edcfbbe)
C            1.59086228653244       -0.75521283197730       -0.53961421619683
C            1.32574710310943        0.58599628003363        0.13528297572546
C            0.01301276207011        0.61046431211087        0.92140839642613
C           -1.23842780338896        0.50486396196363        0.04230573722988
O           -1.48412019806638       -0.78206896253299       -0.47730424946804
H            0.81704399039224       -0.97321614140088       -1.27313378834922
H            2.55521151190517       -0.74074858076324       -1.04544605289490
H            1.60226837064719       -1.55588185301664        0.19869821486191
H            2.14538539165898        0.80942005394539        0.82188383695749
H            1.30175996066427        1.37356063446243       -0.62039613718240
H            0.01148662949789       -0.20506510765594        1.64761333337982
H           -0.05078521473565        1.55070970344333        1.47088631290952
H           -2.11203421022430        0.84363778715845        0.61814884525974
H           -1.13543344859060        1.15475457973448       -0.83043531618817
H           -1.60409521717537       -1.40162646682831        0.25572030092771
15
 energy: -17.728645031918 gnorm: 0.003346351542 xtb: 6.7.1 (edcfbbe)
C            1.59462819784474       -0.75679932745693       -0.53688112852531
C            1.32550861411587        0.58460229507532        0.13569828722851
C            0.01229935058102        0.60823719688122        0.92074272871034
C           -1.23969861368349        0.50731549101830        0.04164625994287
O           -1.48804412265577       -0.77777900413256       -0.48314049771786
H            0.80471211193945       -0.99311857781566       -1.24677401898525
H            2.54391211995804       -0.73092612697669       -1.06996826766072
H            1.64073863943095       -1.55287653765830        0.20644441962186
H            2.14486956873621        0.81201990026131        0.82207293300090
H            1.30102677417485        1.37203173139719       -0.62108862704019
H            0.00860114776401       -0.20824080340521        1.64687515407852
H           -0.05151827322760        1.54742691800568        1.47305276533078
H           -2.11272755143135        0.84622169341045        0.61888860951052
H           -1.13599374695627        1.16170179763382       -0.82838209657366
H           -1.61043230229423       -1.40022927756102        0.24643167247678
15
 energy: -17.728672577337 gnorm: 0.002148279477 xtb: 6.7.1 (edcfbbe)
C            1.59929060346760       -0.75822868176530       -0.53495084298245
C            1.32480202796536        0.58288219367168        0.13538256330664
C            0.01148672767745        0.60589499321896        0.91963875530607
C           -1.24114048219785        0.51040594012708        0.04188809831773
O           -1.49309599461949       -0.77377028671768       -0.48716141015372
H            0.80079704001610       -1.00847008863146       -1.22883549093422
H            2.53767111512378       -0.72257161237161       -1.08462007357667
H            1.66940150704694       -1.54997671151321        0.21010811710021
H            2.14306581189119        0.81413599443876        0.82215798496516
H            1.29907496976055        1.36926246477364       -0.62291042898271
H            0.00611719954763       -0.21193550443151        1.64473088751958
H           -0.05038865042359        1.54419676912032        1.47431744891324
H           -2.11345480928242        0.84758083513946        0.62091078176694
H           -1.13816643938367        1.16652747703381       -0.82681705470608
H           -1.61757871229313       -1.39634641341600        0.24177885753839
15
 energy: -17.728684224610 gnorm: 0.000999004672 xtb: 6.7.1 (edcfbbe)
C            1.60237497768898       -0.75942934253759       -0.53308498558123
C            1.32406706633869        0.58201518192769        0.13479032118332
C            0.01107273960983        0.60369239028339        0.91937236930709
C           -1.24152756181399        0.51298481854090        0.04208046990821
O           -1.49580367093635       -0.77023367046330       -0.49048716669829
H            0.79786804755840       -1.01919083423677       -1.21610945504985
H            2.53337056745212       -0.71631485604914       -1.09377806610704
H            1.68863965911267       -1.54653306879092        0.21392888940136
H            2.14166403933141        0.81667774962897        0.82105360248075
H            1.29551165124763        1.36626478220151       -0.62539666570156
H            0.00501063196529       -0.21630437704352        1.64177953944124
H           -0.04873646094045        1.54075105482341        1.47627140373984
H           -2.11358433483259        0.84776032489691        0.62213746834720
H           -1.13887860317048        1.16967394782948       -0.82570705822950
H           -1.62316683431471       -1.39222673233408        0.23876752695656
15
 energy: -17.728687364271 gnorm: 0.000730026641 xtb: 6.7.1 (edcfbbe)
C            1.60435057507788       -0.76037676862407       -0.53132149490955
C            1.32316982838369        0.58225986482921        0.13348958649838
C            0.01088125428655        0.60184452099470        0.91963953635467
C           -1.24166243225402        0.51484979989074        0.04250141823871
O           -1.49711747561721       -0.76764214821870       -0.49265768712734
H            0.79821093046108       -1.02562626641877       -1.20936603149095
H            2.53152305567649       -0.71381552656873       -1.09675062294356
H            1.69873168617119       -1.54363494222909        0.21707639917801
H            2.14079191367723        0.82043675098835        0.81810130490245
H            1.29081368175693        1.36393498741636       -0.62869745317358
H            0.00518638188282       -0.22092753870871        1.63834857115918
H           -0.04746911534038        1.53702143647268        1.47942021353861
H           -2.11351604362905        0.84798502176351        0.62306390064620
H           -1.13864384951911        1.17218921020537       -0.82428656744982
H           -1.62736847671766       -1.38891103311591        0.23705711997669
15
 energy: -17.728688409680 gnorm: 0.000493148893 xtb: 6.7.1 (edcfbbe)
C            1.60505170206395       -0.76072699568243       -0.53021179816017
C            1.32283367267203        0.58266766561614        0.13282158963151
C            0.01102621427444        0.60085003596235        0.92002927813739
C           -1.24162890913634        0.51542126614983        0.04259280987002
O           -1.49741075949255       -0.76618052330117       -0.49407451246595
H            0.79628535875833       -1.02909706823631       -1.20509237618421
H            2.53061899002800       -0.71294314521290       -1.09941471120390
H            1.70402772400010       -1.54204794369369        0.22046378457730
H            2.14098632372022        0.82322510976997        0.81587211118144
H            1.28800897724544        1.36291831189158       -0.63058351672433
H            0.00579871976417       -0.22351908431722        1.63674916589290
H           -0.04730304628601        1.53476142076253        1.48176677881923
H           -2.11343580414089        0.84854080919187        0.62321131971500
H           -1.13788885243418        1.17389070032008       -0.82329661843486
H           -1.62908839674026       -1.38817319054369        0.23478488874672
15
 energy: -17.728689773140 gnorm: 0.000206089742 xtb: 6.7.1 (edcfbbe)
C            1.60538639460586       -0.76064013148023       -0.52986884493539
C            1.32252069511697        0.58340135304040        0.13170044328094
C            0.01132755639197        0.60044765519231        0.92010852858626
C           -1.24194282367406        0.51533493732896        0.04315083005902
O           -1.49775317356762       -0.76589281796308       -0.49382178497934
H            0.79923250674368       -1.02806556056627       -1.20781018371912
H            2.53318349596161       -0.71545398421065       -1.09530465715682
H            1.69988743726420       -1.54186906088111        0.22126011636802
H            2.14120364748021        0.82589070088997        0.81343355424134
H            1.28606855488477        1.36276062164800       -0.63254578254808
H            0.00699896972881       -0.22490933645596        1.63571877677137
H           -0.04730456272552        1.53337891250879        1.48343002357339
H           -2.11343231060991        0.84906158087583        0.62411119127368
H           -1.13808056656539        1.17467813354174       -0.82225030925449
H           -1.62941390673912       -1.38853563479176        0.23430629183732
15
 energy: -17.728690160499 gnorm: 0.000079514054 xtb: 6.7.1 (edcfbbe)
C            1.60615581568197       -0.76085853728963       -0.52938280704920
C            1.32218935611010        0.58350639200730        0.13085534433157
C            0.01150538673850        0.59998202589806        0.91987886204099
C           -1.24229153013113        0.51574829032395        0.04367312404067
O           -1.49856630810141       -0.76498640705405       -0.49433429746505
H            0.80080017864355       -1.02914468698219       -1.20775841603488
H            2.53444346468723       -0.71564308861285       -1.09393769067553
H            1.70030431667423       -1.54165454185381        0.22229960378781
H            2.14088126580755        0.82759198979825        0.81206854321329
H            1.28470908830423        1.36216116366101       -0.63414498302054
H            0.00743546841383       -0.22601979871377        1.63484436760116
H           -0.04673835182992        1.53242844486058        1.48412309897843
H           -2.11340666105204        0.84898813564328        0.62553271167793
H           -1.13904691236267        1.17569315349720       -0.82133211767205
H           -1.63049266328757       -1.38820516650639        0.23323284964349
15
 energy: -17.728690348351 gnorm: 0.000082111985 xtb: 6.7.1 (edcfbbe)
C            1.60667624827445       -0.76105162278838       -0.52909138404480
C            1.32202546450779        0.58345657771675        0.13039319733021
C            0.01158461696262        0.59986901868283        0.91971585366577
C           -1.24260668045320        0.51605441208438        0.04411056023282
O           -1.49875474389786       -0.76427311508453       -0.49493705741672
H            0.80167617247879       -1.02994683581185       -1.20768632248256
H            2.53528664707618       -0.71594148315397       -1.09314050613011
H            1.70054678057844       -1.54140979817901        0.22303944106506
H            2.14075725924840        0.82850523348729        0.81123649806164
H            1.28398517688823        1.36150084038853       -0.63520558613344
H            0.00765483295134       -0.22632876504141        1.63446117400064
H           -0.04637846601821        1.53216150581010        1.48425200319687
H           -2.11350590556353        0.84838636726799        0.62681257395415
H           -1.14014602599377        1.17668524744864       -0.82043438648526
H           -1.63091946274321       -1.38808021415043        0.23209213458382
15
 energy: -17.728690494458 gnorm: 0.000069595049 xtb: 6.7.1 (edcfbbe)
C            1.60679739053342       -0.76133715250119       -0.52879973659651
C            1.32190345304601        0.58345007067095        0.13001235527365
C            0.01166148712888        0.59996164920925        0.91964389842978
C           -1.24280587152553        0.51620869988898        0.04446542985499
O           -1.49849325121499       -0.76375969417695       -0.49565305626702
H            0.80207888705943       -1.03053648432650       -1.20760618481487
H            2.53559984706827       -0.71622786608736       -1.09258890924492
H            1.70062388159413       -1.54146771679297        0.22363668339102
H            2.14065290421500        0.82894623192809        0.81066562675736
H            1.28362061881312        1.36115046887645       -0.63592293753356
H            0.00782742914827       -0.22614347612475        1.63449991083274
H           -0.04607178099687        1.53234994795496        1.48404270205949
H           -2.11358791082906        0.84749752282496        0.62791849470839
H           -1.14113345926646        1.17767080979433       -0.81952662588566
H           -1.63079171047720       -1.38817564246134        0.23083054243322
15
 energy: -17.728690630564 gnorm: 0.000042334827 xtb: 6.7.1 (edcfbbe)
C            1.60680362923513       -0.76165947800379       -0.52853195207721
C            1.32182923515008        0.58339346613024        0.12974124796656
C            0.01172409092273        0.60019598462070        0.91965184473228
C           -1.24300217338906        0.51632446184900        0.04483406434077
O           -1.49789579960085       -0.76324244636181       -0.49658537474702
H            0.80212321214225       -1.03111917665327       -1.20732782859033
H            2.53566644730281       -0.71676040965403       -1.09227002025897
H            1.70057645492867       -1.54143391308901        0.22424669278852
H            2.14068859829951        0.82928257005679        0.81012112358275
H            1.28327820698922        1.36071079605989       -0.63655714397376
H            0.00805304421356       -0.22566677691457        1.63478079262600
H           -0.04586994513514        1.53279583654627        1.48372520116787
H           -2.11380064084709        0.84631552578723        0.62898770977899
H           -1.14214953440917        1.17884916556243       -0.81844547115163
H           -1.63014291150622       -1.38839823725915        0.22924730721330
15
 energy: -17.728690710378 gnorm: 0.000028593320 xtb: 6.7.1 (edcfbbe)
C            1.60673846839843       -0.76194085510420       -0.52826293172898
C            1.32173210763584        0.58337912219890        0.12949510256530
C            0.01176384923239        0.60033143778979        0.91969014699517
C           -1.24313365665958        0.51644647790689        0.04511034115916
O           -1.49740224288884       -0.76275253542410       -0.49742358875505
H            0.80199020835561       -1.03172810146112       -1.20683857939130
H            2.53549331473622       -0.71718776415466       -1.09217211411409
H            1.70074858117146       -1.54136278644704        0.22485878420932
H            2.14071665123273        0.82963216711960        0.80958119948374
H            1.28293068998934        1.36035898239800       -0.63711712563039
H            0.00820045835754       -0.22535288924256        1.63501503492196
H           -0.04574665724779        1.53306512986892        1.48354497622025
H           -2.11394910415512        0.84539455919540        0.62981351221109
H           -1.14285798648179        1.17990468046295       -0.81752945151793
H           -1.62934276738001       -1.38860025642985        0.22785288676984
