----------------------------------------------- 
  Element       SASA      Sigma Z        Total  
     Z         Ang**2 cal/Ang**2/mol   kcal/mol 
----------------------------------------------- 
      H        116.719      48.690       5.683
      C         20.353     129.740       2.641
      O         18.855       0.000       0.000

 Subtotal:     155.927                   8.324
 -----------------------------------------------

  Elements    COT*SASA   Sigma Z,Z'     Total   
    Z,Z'       Ang**2  cal/Ang**2/mol kcal/mol  
 ---------------------------------------------- 
  H   C         69.927     -60.770      -4.249
  H   O          9.175       0.000       0.000
  C   C         16.958     -72.950      -1.237
  O   C          0.034      68.690       0.002

 Subtotal:                              -5.484
 ---------------------------------------------- 

 NONAQUEOUS SOLVENT CONTRIBUTION (kcal/mol):
 (proportional to SASA, atomic number independent)
 ---------------------------------------------- 
 Subtotal:                               0.000
 ---------------------------------------------- 

 CDS TOTAL (kcal/mol):                   2.839
...............................................................................
