15
 energy: -420.718987009134 gnorm: 0.047550480464 xtb: 6.7.1 (edcfbbe)
C           -2.47477311539664        0.37278479106519        0.34088325695105
C           -1.95267335866528       -0.90132360749940        0.48940433211687
C           -0.65055669068828       -1.17066556231875        0.10271315804551
C            0.11429362655065       -0.15012076896652       -0.43616578009328
C           -0.39345486117435        1.12898096490028       -0.58731161786025
C           -1.69688949265194        1.38471087011360       -0.19640539568703
O            1.43071655553399       -0.42904142389012       -0.87303408028686
C            2.42188911657320       -0.26842573361895       -0.02808741751245
O            2.34738685414019        0.10113096884481        1.11400403849364
H           -3.48892156414603        0.57767197645598        0.64515874968589
H           -2.55522958603229       -1.68998284424888        0.91101729580370
H           -0.22557689799996       -2.15583951565531        0.21364991649467
H            0.22863591420131        1.90530893164429       -1.00379444294481
H           -2.09967914023042        2.37860353205402       -0.30973061113725
H            3.36698023789200       -0.52879901073432       -0.52809172193401
15
 energy: -420.720485134297 gnorm: 0.020855809381 xtb: 6.7.1 (edcfbbe)
C           -2.47869486449170        0.37407760861759        0.34371595611939
C           -1.95328286858202       -0.90556269767137        0.49329226123534
C           -0.64576970769567       -1.17678106579135        0.10515061118610
C            0.11172184312856       -0.14825902219788       -0.43102843159061
C           -0.38724121408491        1.13450417319082       -0.58829595949364
C           -1.69644200475414        1.39057118531149       -0.19564963562221
O            1.41996229871155       -0.43241528218912       -0.88576904204899
C            2.42713643216286       -0.26988989342041       -0.02966955266429
O            2.33890742139429        0.10307635529543        1.11895897083157
H           -3.49849612645699        0.57926752189587        0.64738504608686
H           -2.55953564204395       -1.69952916560390        0.91299320759905
H           -0.21722634655739       -2.16643532774207        0.21272607607170
H            0.23913427199862        1.91172185742164       -1.01040852687929
H           -2.10192827405207        2.38847196070536       -0.31336519578590
H            3.37390226393386       -0.52782462838594       -0.52582589091949
15
 energy: -420.720792331205 gnorm: 0.009083543643 xtb: 6.7.1 (edcfbbe)
C           -2.47872049092231        0.37485905805236        0.34636339454587
C           -1.95211818498014       -0.90702623194795        0.49643917770837
C           -0.64264005436367       -1.17960506383141        0.10577083045289
C            0.11021909658032       -0.14809431713344       -0.43145547459621
C           -0.38367210409044        1.13668008887188       -0.58939979805809
C           -1.69490139587575        1.39334217949817       -0.19376086555373
O            1.41458737990447       -0.43508045290175       -0.89692678678348
C            2.42977872773006       -0.26900216305137       -0.02939742272548
O            2.32326360691077        0.10336154237190        1.11831929673304
H           -3.50090946166060        0.57986921976980        0.64893406908547
H           -2.56051047990898       -1.70262313282314        0.91539344192892
H           -0.21237920530460       -2.17052341979107        0.21076702777950
H            0.24448266825230        1.91307072406591       -1.01460118291323
H           -2.10237173632570        2.39250854498101       -0.31315776128190
H            3.37803875110572       -0.52674299714915       -0.51907707702569
15
 energy: -420.720839795801 gnorm: 0.004586741230 xtb: 6.7.1 (edcfbbe)
C           -2.47698207315913        0.37526424479372        0.34767748225525
C           -1.95115437082613       -0.90697221140817        0.49701331958162
C           -0.64238556441921       -1.18048857657532        0.10395164089526
C            0.10986533267532       -0.14951742715932       -0.43502852043000
C           -0.38275419532679        1.13597555138844       -0.59112064637344
C           -1.69340306928102        1.39346363590950       -0.19326806979671
O            1.41353026589540       -0.43790409852651       -0.90202851454715
C            2.42911388291778       -0.27177198574659       -0.02591927443377
O            2.31180607942368        0.10469368418195        1.11771404802574
H           -3.49856714435562        0.58077962531025        0.65154415080531
H           -2.55955125657850       -1.70160550801660        0.91769328364787
H           -0.21187156273027       -2.17110569596546        0.20875720355203
H            0.24585432657785        1.91163974251517       -1.01649503771895
H           -2.10071933707945        2.39287475266654       -0.31086377924223
H            3.37936537862465       -0.52033206935832       -0.51541551528867
15
 energy: -420.720835734660 gnorm: 0.004525487569 xtb: 6.7.1 (edcfbbe)
C           -2.47410534604235        0.37525003317272        0.34977168504834
C           -1.94864455903025       -0.90680891331844        0.49760069374816
C           -0.64130395615163       -1.18057519651447        0.10077077255712
C            0.10989411535992       -0.15047882553397       -0.44144247123480
C           -0.38331841921319        1.13499663794904       -0.59496518044355
C           -1.69224115364072        1.39304161820828       -0.19306495335455
O            1.41373214940538       -0.43633584579593       -0.90895799118689
C            2.42846590034820       -0.26272125497867       -0.02432627306942
O            2.29651759415798        0.10246991292087        1.11904165468191
H           -3.49421881103728        0.58116463523599        0.65677659000151
H           -2.55612284019177       -1.70014534858918        0.92107632418868
H           -0.21029651202084       -2.17048918168173        0.20526409115292
H            0.24493855891071        1.91025760193579       -1.02032654969847
H           -2.09941766991796        2.39245650902541       -0.30750618723653
H            3.37826712386122       -0.52708886488524       -0.50549838219582
15
 energy: -420.720865063731 gnorm: 0.000846456688 xtb: 6.7.1 (edcfbbe)
C           -2.47412861826167        0.37545989269351        0.34969430133799
C           -1.94908612835571       -0.90664956812162        0.49714243986600
C           -0.64216964183496       -1.18060867332091        0.10030117990198
C            0.11015409297939       -0.15092535132726       -0.44121253517104
C           -0.38343633291694        1.13450024978756       -0.59490296020403
C           -1.69207097628750        1.39285368793353       -0.19328290892853
O            1.41441403141567       -0.43749237142082       -0.90612380030337
C            2.42717658423839       -0.26774881069884       -0.02265572446628
O            2.29965427286670        0.10373987840565        1.11951025032975
H           -3.49394190274014        0.58173893477403        0.65728949397674
H           -2.55645150132357       -1.69999922641173        0.92047171661607
H           -0.21172684857363       -2.17079138684103        0.20489885202990
H            0.24464506053716        1.90986016993454       -1.02042345357954
H           -2.09885395117292        2.39227037097555       -0.30812121199361
H            3.37796803203479       -0.52121419555686       -0.50837210816113
15
 energy: -420.720867173551 gnorm: 0.000355143052 xtb: 6.7.1 (edcfbbe)
C           -2.47316391464531        0.37570619219788        0.35083232833658
C           -1.94845223342595       -0.90664650807358        0.49696920683219
C           -0.64226735489445       -1.18080721721085        0.09853111485743
C            0.11034734927679       -0.15139343461800       -0.44320479744327
C           -0.38375366412930        1.13391503460307       -0.59668466251910
C           -1.69164008488315        1.39269387924110       -0.19356646945103
O            1.41511409430518       -0.43735732546998       -0.90611309078736
C            2.42572724719672       -0.26782647571557       -0.02095370041939
O            2.29687357174960        0.10389144983985        1.12095411291548
H           -3.49218026013850        0.58251172268759        0.66066894771405
H           -2.55535433488195       -1.69987490177423        0.92107068526785
H           -0.21211030284928       -2.17120985226632        0.20262776768440
H            0.24394395771978        1.90927808239255       -1.02284252879983
H           -2.09808538062893        2.39226901891242       -0.30775485921648
H            3.37714727467014       -0.52015607105424       -0.50631986074210
15
 energy: -420.720867173551 gnorm: 0.000355143052 xtb: 6.7.1 (edcfbbe)
C           -2.47316391464531        0.37570619219788        0.35083232833658
C           -1.94845223342595       -0.90664650807358        0.49696920683219
C           -0.64226735489445       -1.18080721721085        0.09853111485743
C            0.11034734927679       -0.15139343461800       -0.44320479744327
C           -0.38375366412930        1.13391503460307       -0.59668466251910
C           -1.69164008488315        1.39269387924110       -0.19356646945103
O            1.41511409430518       -0.43735732546998       -0.90611309078736
C            2.42572724719672       -0.26782647571557       -0.02095370041939
O            2.29687357174960        0.10389144983985        1.12095411291548
H           -3.49218026013850        0.58251172268759        0.66066894771405
H           -2.55535433488195       -1.69987490177423        0.92107068526785
H           -0.21211030284928       -2.17120985226632        0.20262776768440
H            0.24394395771978        1.90927808239255       -1.02284252879983
H           -2.09808538062893        2.39226901891242       -0.30775485921648
H            3.37714727467014       -0.52015607105424       -0.50631986074210
