15
 energy: -17.727087852448 gnorm: 0.027763662745 xtb: 6.7.1 (edcfbbe)
C            1.91334407544414       -0.73389501621244       -0.07399647815205
C            1.12784905626076        0.51338687466970       -0.47230734412752
C            0.02055528634659        0.88337345648752        0.51870980000930
C           -1.04639166162272       -0.18415781650871        0.70686565429632
O           -1.70511415200786       -0.54061971797271       -0.52622435288151
H            1.28889651119215       -1.63271641771071       -0.10098721770666
H            2.75522656532066       -0.90016328662488       -0.75369154459155
H            2.31566327606996       -0.63692593743210        0.94108737368401
H            1.81458479672098        1.36415162402849       -0.55394592870237
H            0.69344349072845        0.37212001525531       -1.46939428038433
H            0.46115891920051        1.08597633798705        1.50470829658099
H           -0.46714748180958        1.81303656687546        0.19530980995601
H           -0.61125464627579       -1.11386725470998        1.08639832111125
H           -1.78852735359404        0.15906129685929        1.44147102305682
H           -2.07757514873080        0.27195008360776       -0.89338412075195
15
 energy: -17.727925555971 gnorm: 0.013396262385 xtb: 6.7.1 (edcfbbe)
C            1.91230328524663       -0.72925368726753       -0.06839204125199
C            1.12645208702905        0.51035768154020       -0.47184868470463
C            0.02810387288849        0.88422706016645        0.52444214704048
C           -1.04392068032569       -0.18612629289332        0.70043746750595
O           -1.70137917801215       -0.53538806278919       -0.51709408355792
H            1.28257841950115       -1.61715674122907       -0.09936709253297
H            2.74517484903458       -0.88658380789861       -0.75247256688002
H            2.31205484475115       -0.62283292270675        0.94035950219906
H            1.81333081981266        1.35755957572542       -0.55435503692364
H            0.68312128568440        0.34821696448112       -1.45857907935419
H            0.47245444232498        1.07815383262309        1.50538414849108
H           -0.44891531291096        1.81166115238346        0.19080239310294
H           -0.61256884628493       -1.11919835216179        1.06808030501063
H           -1.79089082946265        0.15473022653614        1.42942614735802
H           -2.08318752603331        0.27234418208942       -0.88620451410606
15
 energy: -17.728132007853 gnorm: 0.003535977111 xtb: 6.7.1 (edcfbbe)
C            1.91685491642774       -0.72771973791482       -0.06412809945549
C            1.12446362069493        0.50706436389478       -0.47295126881906
C            0.03111454986282        0.88480700712072        0.52820142285046
C           -1.04692965574200       -0.18609360077912        0.69348921683024
O           -1.69803627155342       -0.52446084871450       -0.51665956907347
H            1.28826936990017       -1.61272802032255       -0.09159539135605
H            2.74555683863789       -0.88189580073445       -0.74964660970213
H            2.31570924585941       -0.61264729720754        0.94045445534500
H            1.80638137337962        1.35502254813045       -0.56599677555585
H            0.67090455704658        0.32975633171710       -1.45025612042801
H            0.47730180670467        1.06663345034268        1.50705803867545
H           -0.44098307258542        1.81258373440171        0.19587157236655
H           -0.61264116961819       -1.11953223768108        1.05321232041125
H           -1.78957779503979        0.15230184001957        1.42851726808902
H           -2.09367678073159        0.27761907632610       -0.88495144878114
15
 energy: -17.728191081169 gnorm: 0.002088425920 xtb: 6.7.1 (edcfbbe)
C            1.92232053961514       -0.72581538138317       -0.06075432664302
C            1.12224018919526        0.50382217194888       -0.47538102208789
C            0.03286074795757        0.88323260958002        0.53041813598643
C           -1.05043916774665       -0.18634372182704        0.68812272741174
O           -1.70061452885642       -0.51424562110696       -0.52064935602142
H            1.29759118203096       -1.61366270176202       -0.08176895442850
H            2.75007791857812       -0.87939304457015       -0.74744524436643
H            2.32253786217964       -0.60268592180901        0.94228944341672
H            1.79990517618827        1.35356835724744       -0.57991563129409
H            0.66208775273148        0.31659225345530       -1.44741446275831
H            0.48050161577100        1.05653328301538        1.50959172932913
H           -0.43593740397738        1.81413654324345        0.20337926654982
H           -0.61558443042171       -1.12152306341184        1.04364445840778
H           -1.78751960582342        0.15070670071490        1.43057798744526
H           -2.10531631417844        0.28578834526389       -0.88407573955046
15
 energy: -17.728234926980 gnorm: 0.002732179743 xtb: 6.7.1 (edcfbbe)
C            1.92925049376997       -0.72292701224062       -0.05764354836493
C            1.11970099373790        0.49970103330158       -0.47800672766745
C            0.03456927318782        0.88035707113628        0.53211758878743
C           -1.05444892566122       -0.18614170896377        0.68323899910215
O           -1.70532712255904       -0.50291537911966       -0.52635763091337
H            1.31011711037217       -1.61579312283814       -0.06941519362598
H            2.75649946723553       -0.87712029784958       -0.74570107835934
H            2.33203620825351       -0.59034502392896        0.94391890062920
H            1.79236161980830        1.35194377429872       -0.59641624295645
H            0.65291399437755        0.30191879946906       -1.44491318426195
H            0.48404590684382        1.04456545743939        1.51230630122962
H           -0.43049018881554        1.81621206680998        0.21290886087209
H           -0.62118653672119       -1.12458614922970        1.03413825307940
H           -1.78687508141594        0.14937601875103        1.43215071354431
H           -2.11845567917019        0.29646528156348       -0.88170699969796
15
 energy: -17.728266733496 gnorm: 0.002431530755 xtb: 6.7.1 (edcfbbe)
C            1.93518713227898       -0.71992151646902       -0.05528374041621
C            1.11746692284391        0.49575262733480       -0.48001288421698
C            0.03609245509109        0.87714372545420        0.53333480402459
C           -1.05739887526299       -0.18562703469883        0.68005985650945
O           -1.70994027102316       -0.49392217821291       -0.53126683182854
H            1.32117984417018       -1.61715014123523       -0.05835459705844
H            2.76138414189306       -0.87498866751368       -0.74508518468575
H            2.34117598464175       -0.57931080395119        0.94447270005605
H            1.78556786131955        1.35027190816344       -0.60946425984074
H            0.64580231210412        0.28933976999645       -1.44296629759167
H            0.48723198854327        1.03440987298737        1.51434230157020
H           -0.42563386772771        1.81729003174692        0.22070518657383
H           -0.62728305928124       -1.12759119311047        1.02661442809843
H           -1.78770755063275        0.14881271422111        1.43176560529944
H           -2.12841348571462        0.30620169388613       -0.87824207509690
15
 energy: -17.728295577413 gnorm: 0.001603639786 xtb: 6.7.1 (edcfbbe)
C            1.94059339433150       -0.71698514555355       -0.05329703395597
C            1.11549581483104        0.49185393782148       -0.48144896730608
C            0.03731898906987        0.87379268163540        0.53436175788432
C           -1.05975977301154       -0.18504733799828        0.67789160571431
O           -1.71435152977419       -0.48614894185652       -0.53550453400462
H            1.33106610484386       -1.61755645728162       -0.04758449260692
H            2.76471770296790       -0.87307175181635       -0.74561013536566
H            2.35057323308583       -0.56868431559760        0.94393045306631
H            1.77913889267063        1.34848570541414       -0.61990088599002
H            0.63994365504726        0.27761417715432       -1.44088200464116
H            0.49010495690773        1.02540267872123        1.51576165603824
H           -0.42119552023454        1.81741711265470        0.22691250015306
H           -0.63351503520761       -1.13055324918894        1.01979664388758
H           -1.78939860376515        0.14849824359394        1.43019983258083
H           -2.13602074851914        0.31569347089673       -0.87400738405746
15
 energy: -17.728332917345 gnorm: 0.001268026413 xtb: 6.7.1 (edcfbbe)
C            1.94885380827205       -0.71264345884952       -0.05003376668973
C            1.11261474853395        0.48572628244695       -0.48335350835167
C            0.03871199874057        0.86851947097204        0.53597958585698
C           -1.06320723456702       -0.18457902436106        0.67488146388894
O           -1.72166752764052       -0.47405783915323       -0.54139324759188
H            1.34540322751085       -1.61700558769814       -0.02906264680198
H            2.76771708887271       -0.87090351085838       -0.74792806622300
H            2.36687891488631       -0.55130471856644        0.94175922251561
H            1.76923282986592        1.34555614771183       -0.63391090042511
H            0.63169440281683        0.25940468361204       -1.43735520998330
H            0.49405725508688        1.01234774149218        1.51739474289137
H           -0.41496416883888        1.81633630362425        0.23460990168669
H           -0.64288463063326       -1.13555337414917        1.00819748855932
H           -1.79200286601000        0.14720425308305        1.42772393509513
H           -2.14572631365291        0.33166343929269       -0.86688998303061
15
 energy: -17.728360601427 gnorm: 0.001361623915 xtb: 6.7.1 (edcfbbe)
C            1.95547708923647       -0.70959526739584       -0.04717109046669
C            1.11061560110415        0.48106545389732       -0.48472214675529
C            0.03902197563217        0.86455689863169        0.53700606754642
C           -1.06627538133398       -0.18503188725378        0.67216991990236
O           -1.72884835765723       -0.46359532768675       -0.54512375615772
H            1.35595096808910       -1.61586542220813       -0.01172682373105
H            2.76848412334600       -0.87109803520936       -0.75088416024943
H            2.38160584554278       -0.53642457611009        0.93898364780626
H            1.76192786341234        1.34317197217563       -0.64376509728089
H            0.62617920677119        0.24552637250939       -1.43453573666035
H            0.49595954819034        1.00309406810997        1.51819973635648
H           -0.41146208302628        1.81471122776283        0.23904482499408
H           -0.64924870000421       -1.14008543115726        0.99716174746543
H           -1.79275806229495        0.14430471263327        1.42789055937401
H           -2.15191810376443        0.34597604990021       -0.86190868074685
15
 energy: -17.728389438725 gnorm: 0.001209784688 xtb: 6.7.1 (edcfbbe)
C            1.96140368629224       -0.70681577350755       -0.04409828365234
C            1.10905289944316        0.47700826049823       -0.48593268285556
C            0.03874450074255        0.86086474756666        0.53740626878740
C           -1.06916335726298       -0.18630300563619        0.66922371765133
O           -1.73731939079976       -0.45309456893267       -0.54762796401643
H            1.36481989411034       -1.61406558716804        0.00748500754316
H            2.76737500488162       -0.87353575635181       -0.75454271696688
H            2.39715523062263       -0.52153239673013        0.93548901992064
H            1.75572814397900        1.34106625281679       -0.65187540402745
H            0.62233629234931        0.23351624867633       -1.43237017077384
H            0.49634617696103        0.99573783803956        1.51857384598853
H           -0.40962050970140        1.81250205668152        0.24162667862597
H           -0.65400846382894       -1.14518428504504        0.98484802046435
H           -1.79179666260363        0.13942719895649        1.43018672007981
H           -2.15634191194171        0.36111957873496       -0.85777304537193
15
 energy: -17.728423314382 gnorm: 0.000842957057 xtb: 6.7.1 (edcfbbe)
C            1.96826348240056       -0.70351250652150       -0.04027089118482
C            1.10743310192325        0.47242356135522       -0.48711776832996
C            0.03792795925413        0.85658575379238        0.53721446376144
C           -1.07250401526680       -0.18843143490868        0.66541282797879
O           -1.74859553984587       -0.44013051432620       -0.54981755509772
H            1.37458362077818       -1.61129052345905        0.03220371014524
H            2.76513644934825       -0.87847910663386       -0.75902079060562
H            2.41649765004190       -0.50336364003136        0.93074388560725
H            1.74899665887088        1.33879037907575       -0.66092657462110
H            0.61862443398887        0.22000547192494       -1.43019204383927
H            0.49579843427032        0.98811798249313        1.51864487622446
H           -0.40880548175261        1.80970193404816        0.24365815776959
H           -0.65860205375208       -1.15193407183706        0.96858539584309
H           -1.78927590304687        0.13177965642774        1.43452303678399
H           -2.16076726396863        0.38044786719948       -0.85302171903861
15
 energy: -17.728456453879 gnorm: 0.000577402132 xtb: 6.7.1 (edcfbbe)
C            1.97591130852215       -0.69943252386302       -0.03556057356435
C            1.10555000954053        0.46710711166614       -0.48894411034189
C            0.03727660683908        0.85125441717811        0.53678877151486
C           -1.07632403285789       -0.19109300273041        0.66079840564937
O           -1.76251319246919       -0.42485977806088       -0.55179474210398
H            1.38621470965875       -1.60770419801271        0.06071748468370
H            2.76261283106297       -0.88409299063839       -0.76306326557522
H            2.43798219139493       -0.48244343250022        0.92538081528845
H            1.74122223857233        1.33603392102974       -0.67175677897109
H            0.61489297985512        0.20481023984885       -1.42847237719603
H            0.49510640094033        0.97945565507571        1.51872616605626
H           -0.40774532392189        1.80602538266962        0.24580135026910
H           -0.66384030049425       -1.15987747205266        0.94915773049222
H           -1.78559018043723        0.12237710654203        1.43997740581066
H           -2.16604471296225        0.40315037244722       -0.84713727061529
15
 energy: -17.728482236785 gnorm: 0.000713137770 xtb: 6.7.1 (edcfbbe)
C            1.98392436446597       -0.69556025925438       -0.03140118528829
C            1.10387453311949        0.46158297699738       -0.49025443299180
C            0.03628644584917        0.84640406684396        0.53591364015574
C           -1.08014065181964       -0.19344204829844        0.65635780384576
O           -1.77588204822867       -0.40960144121582       -0.55347518940447
H            1.39852463798331       -1.60399281345521        0.08684068204160
H            2.76193308705844       -0.88922185453828       -0.76589607598940
H            2.45738151878203       -0.46229774871225        0.92006150748612
H            1.73359633563089        1.33298279318364       -0.68247489382756
H            0.61116391066748        0.18897209666727       -1.42597993877409
H            0.49452168469062        0.97061546585605        1.51819897811653
H           -0.40686036978161        1.80315106301500        0.24798810116726
H           -0.66921323204906       -1.16731749307890        0.92991620664542
H           -1.78214897758642        0.11329606192380        1.44501335547722
H           -2.17224970553851        0.42513994266532       -0.84018954726326
15
 energy: -17.728501078066 gnorm: 0.000797821929 xtb: 6.7.1 (edcfbbe)
C            1.99030460545000       -0.69180294270166       -0.02717715638213
C            1.10211993632889        0.45665568298883       -0.49245519071532
C            0.03649434647541        0.84160374058919        0.53581553994100
C           -1.08322348860060       -0.19526876804824        0.65225074824632
O           -1.78703323940057       -0.39620689517759       -0.55534007453413
H            1.40972708191721       -1.60078776098115        0.10872046570128
H            2.76149124284410       -0.89193780875599       -0.76695998433194
H            2.47279287002732       -0.44488443699308        0.91627577564230
H            1.72647733104823        1.32999710391827       -0.69315914989710
H            0.60740172451393        0.17499900100225       -1.42454122636804
H            0.49501397346524        0.96227915454556        1.51845640934173
H           -0.40457132338871        1.80001631053656        0.25051030391388
H           -0.67426664092556       -1.17340491970410        0.91311755335383
H           -1.77924600444022        0.10572453169915        1.44841006077369
H           -2.17877088207117        0.44372881568115       -0.83330506328858
15
 energy: -17.728517245365 gnorm: 0.000687913077 xtb: 6.7.1 (edcfbbe)
C            1.99706609900010       -0.68838039900827       -0.02379780893078
C            1.10062449719157        0.45160452806388       -0.49386583281451
C            0.03621651199043        0.83758869701109        0.53529026101717
C           -1.08615874177768       -0.19663891739907        0.64846070969962
O           -1.79686555282207       -0.38326095504306       -0.55734606795930
H            1.42108051283254       -1.59763194620102        0.12762533263373
H            2.76307543161705       -0.89425537941552       -0.76730613883119
H            2.48598271741394       -0.42876748986571        0.91267530120783
H            1.71967245957047        1.32660692345798       -0.70324519808762
H            0.60385494298466        0.16079785693865       -1.42197839676052
H            0.49549694061675        0.95404017049529        1.51800408421527
H           -0.40244981294508        1.79805345958701        0.25315878954207
H           -0.67919286890177       -1.17868264875476        0.89731529001009
H           -1.77703511496680        0.09883679073484        1.45101566260042
H           -2.18665648856058        0.46080011799785       -0.82538697614552
15
 energy: -17.728530538547 gnorm: 0.000598502755 xtb: 6.7.1 (edcfbbe)
C            2.00335548621809       -0.68485629800580       -0.02021693675708
C            1.09911720788174        0.44669115002967       -0.49559516878902
C            0.03661600626344        0.83349959467231        0.53530323323392
C           -1.08887429821738       -0.19765561138648        0.64451471601336
O           -1.80551394629202       -0.37056512541726       -0.56006026699427
H            1.43223308399530       -1.59479437797670        0.14596331625969
H            2.76452189277966       -0.89563446342347       -0.76742871044964
H            2.49860438767775       -0.41270916253779        0.90961317542785
H            1.71272885356609        1.32333514742361       -0.71413905283453
H            0.59957280288330        0.14622203922698       -1.41929688785462
H            0.49670246658388        0.94525465612573        1.51817611697694
H           -0.39933178768294        1.79609900998081        0.25649454741938
H           -0.68431172651965       -1.18353586134824        0.88181794192830
H           -1.77538190506550        0.09250177980866        1.45255965374631
H           -2.19532699082823        0.47685833142715       -0.81708666592982
15
 energy: -17.728541940822 gnorm: 0.000491952383 xtb: 6.7.1 (edcfbbe)
C            2.01161127251489       -0.68034597586196       -0.01610928734737
C            1.09718792457662        0.44037685704169       -0.49788290558007
C            0.03699317898659        0.82850561073993        0.53502870439723
C           -1.09240661561320       -0.19862088771236        0.63985780222785
O           -1.81633629134345       -0.35529368296633       -0.56300404825198
H            1.44694959699569       -1.59091113395029        0.16548532924013
H            2.76826788718625       -0.89641621147112       -0.76605688096550
H            2.51224356484130       -0.39511029806433        0.90632419058418
H            1.70417887495955        1.31861624731228       -0.72711432201976
H            0.59528236714864        0.12899047502444       -1.41641847528871
H            0.49795423124361        0.93466322128781        1.51804236760900
H           -0.39544913773899        1.79379070927302        0.26036506487264
H           -0.69082853872902       -1.18877575629637        0.86388897791195
H           -1.77355935346631        0.08565493936984        1.45436252733770
H           -2.20737742831864        0.49558669487293       -0.80615003333053
15
 energy: -17.728546459529 gnorm: 0.000703530400 xtb: 6.7.1 (edcfbbe)
C            2.01770299478932       -0.67698557437023       -0.01306970307862
C            1.09596635135481        0.43547793015500       -0.49929175112707
C            0.03749609692795        0.82436372771067        0.53513667856261
C           -1.09526380167114       -0.19943176697920        0.63597712039813
O           -1.82410423640594       -0.34289268421123       -0.56573293326787
H            1.45790292337526       -1.58842097605116        0.18324292343275
H            2.76989338800886       -0.89735595877229       -0.76675623129371
H            2.52437238541227       -0.37857103408405        0.90294841733830
H            1.69740333503530        1.31519194069441       -0.73794042368328
H            0.59141212993677        0.11441754203011       -1.41322882445324
H            0.49905839443106        0.92541478020679        1.51839146803497
H           -0.39184982891723        1.79203536744601        0.26410947568937
H           -0.69661814379211       -1.19314789467740        0.84940380143407
H           -1.77261849233054        0.08000411891762        1.45509302321096
H           -2.21604196291112        0.51061129058416       -0.79766402980059
15
 energy: -17.728547878306 gnorm: 0.000228018014 xtb: 6.7.1 (edcfbbe)
C            2.02173959534286       -0.67468635307676       -0.01109122061597
C            1.09517298221729        0.43243505838929       -0.50038875676674
C            0.03769077730073        0.82192576700941        0.53485725558043
C           -1.09708730476152       -0.19978090828760        0.63373255921842
O           -1.82929278793099       -0.33557532056694       -0.56675292222188
H            1.46529524793920       -1.58614862284661        0.19128612267048
H            2.77235314652807       -0.89725253131130       -0.76544167559392
H            2.52992433480347       -0.37088485380300        0.90155966154307
H            1.69318987161567        1.31299098483673       -0.74419151857167
H            0.58941407873162        0.10572497893187       -1.41176938451859
H            0.49970495234840        0.92020617541862        1.51817114009776
H           -0.38994387384115        1.79083485589022        0.26578464981868
H           -0.69997265100444       -1.19540627506646        0.84094395107265
H           -1.77171297104596        0.07699515609308        1.45602851956948
H           -2.22176386499971        0.51933269698865       -0.79210936988541
15
 energy: -17.728547943503 gnorm: 0.000194856547 xtb: 6.7.1 (edcfbbe)
C            2.02213913369408       -0.67448981658724       -0.01098906039105
C            1.09487076692827        0.43188747639084       -0.50057405703306
C            0.03755971171635        0.82165315269180        0.53480378805037
C           -1.09725149562646       -0.19994444233892        0.63350561769134
O           -1.82997851724727       -0.33469345281756       -0.56680469213871
H            1.46603425077685       -1.58598411122252        0.19276381682001
H            2.77247147135495       -0.89747522617124       -0.76552977705536
H            2.53085887624481       -0.36956901833932        0.90110031696182
H            1.69264921730877        1.31225030217200       -0.74457179165904
H            0.58951272233875        0.10529335412999       -1.41179520672203
H            0.49956475614483        0.91978357110869        1.51809969227084
H           -0.38994059721104        1.79065940177281        0.26592629651845
H           -0.70028866576420       -1.19570624767983        0.83999554080246
H           -1.77149997551495        0.07649544917076        1.45617021555332
H           -2.22199012190019        0.52055041631895       -0.79148168827257
