----------------------------------------------- 
  Element       SASA      Sigma Z        Total  
     Z         Ang**2 cal/Ang**2/mol   kcal/mol 
----------------------------------------------- 
      H        120.963      48.690       5.890
      C         20.000     129.740       2.595
      O         18.091       0.000       0.000

 Subtotal:     159.054                   8.485
 -----------------------------------------------

  Elements    COT*SASA   Sigma Z,Z'     Total   
    Z,Z'       Ang**2  cal/Ang**2/mol kcal/mol  
 ---------------------------------------------- 
  H   C         72.103     -60.770      -4.382
  H   O          9.869       0.000       0.000
  C   C         16.252     -72.950      -1.186
  O   C          0.021      68.690       0.001

 Subtotal:                              -5.566
 ---------------------------------------------- 

 NONAQUEOUS SOLVENT CONTRIBUTION (kcal/mol):
 (proportional to SASA, atomic number independent)
 ---------------------------------------------- 
 Subtotal:                               0.000
 ---------------------------------------------- 

 CDS TOTAL (kcal/mol):                   2.919
...............................................................................
