----------------------------------------------- 
  Element       SASA      Sigma Z        Total  
     Z         Ang**2 cal/Ang**2/mol   kcal/mol 
----------------------------------------------- 
      H        115.344      48.690       5.616
      C         25.939     129.740       3.365
      O         13.522       0.000       0.000

 Subtotal:     154.805                   8.981
 -----------------------------------------------

  Elements    COT*SASA   Sigma Z,Z'     Total   
    Z,Z'       Ang**2  cal/Ang**2/mol kcal/mol  
 ---------------------------------------------- 
  H   C         77.509     -60.770      -4.710
  H   O          0.000       0.000       0.000
  C   C         16.005     -72.950      -1.168
  O   C          0.000      68.690       0.000

 Subtotal:                              -5.878
 ---------------------------------------------- 

 NONAQUEOUS SOLVENT CONTRIBUTION (kcal/mol):
 (proportional to SASA, atomic number independent)
 ---------------------------------------------- 
 Subtotal:                               0.000
 ---------------------------------------------- 

 CDS TOTAL (kcal/mol):                   3.104
...............................................................................
