15
 energy: -233.588320515949 gnorm: 0.004717867575 xtb: 6.7.1 (edcfbbe)
C            1.84061613753103        0.64450150542576       -0.28374421687385
C            1.02259269853798       -0.22823676348965        0.65510611982621
O            0.00000713647358       -0.99703224116725       -0.00079668925456
C           -1.02280026555024       -0.22767508523466       -0.65570795505281
C           -1.84027902802101        0.64460760037384        0.28403495390441
H            1.24624143027305        1.44360715538621       -0.73729108336289
H            2.64450489927238        1.11887269181279        0.28795052337505
H            2.29539092270839        0.04649564574516       -1.08305635942387
H            0.58517931820250        0.37858331154285        1.46392677525304
H            1.66938413898021       -0.97823656869939        1.12573880120128
H           -0.58572418947065        0.37957973585521       -1.46438803282254
H           -1.66993158249058       -0.97730733397134       -1.12646145304287
H           -2.64505382050414        1.11851000665699       -0.28687438311454
H           -2.29390986885811        0.04629344111061        1.08384454777785
H           -1.24585130365399        1.44408579379115        0.73698247531248
15
 energy: -233.588376468588 gnorm: 0.001974256493 xtb: 6.7.1 (edcfbbe)
C            1.83902430516411        0.64509007184574       -0.28142113209056
C            1.02197737362900       -0.22825861279345        0.65509244889793
O           -0.00000300513909       -0.99900622065490       -0.00075017020195
C           -1.02216544173689       -0.22770784809525       -0.65567730763769
C           -1.83871083084766        0.64519473647707        0.28169155378418
H            1.24335265675796        1.44584769133721       -0.72929171468404
H            2.64808265624833        1.11454375963562        0.28789653787911
H            2.28597647679986        0.04767516948216       -1.08347678441138
H            0.58370300052249        0.37836538752166        1.46072594144829
H            1.66868561026765       -0.97666896831868        1.12509826548218
H           -0.58418517503292        0.37934130305486       -1.46115834382443
H           -1.66918061789867       -0.97576245724662       -1.12582732236904
H           -2.64857156979979        1.11424334519909       -0.28682664335133
H           -2.28458986583233        0.04750191208460        1.08415392744334
H           -1.24302928676818        1.44624974196758        0.72903356600426
15
 energy: -233.588421047602 gnorm: 0.002969356418 xtb: 6.7.1 (edcfbbe)
C            1.83267698226699        0.64597886038872       -0.27754777708217
C            1.01969014787894       -0.22830523325614        0.65855303540083
O           -0.00002854712868       -1.00179249492104       -0.00062193423463
C           -1.01982988484377       -0.22778340672520       -0.65907569729954
C           -1.83243401288998        0.64607640668158        0.27776521929454
H            1.23765302048526        1.45590489966725       -0.70886893797313
H            2.65462639823265        1.10079520012585        0.28629441357861
H            2.26174639395342        0.05249320724363       -1.09027802709109
H            0.57719628468802        0.37606153386303        1.45998795590651
H            1.66644321651561       -0.97486537432039        1.12744207649621
H           -0.57750338377775        0.37697893083868       -1.46031592909346
H           -1.66680873513039       -0.97400826619905       -1.12818279603506
H           -2.65495263539386        1.10067498436163       -0.28534660742330
H           -2.26067525867188        0.05232020941046        1.09067522711849
H           -1.23743473475761        1.45611988352054        0.70877887446730
15
 energy: -233.588443140447 gnorm: 0.002312720856 xtb: 6.7.1 (edcfbbe)
C            1.83027436987812        0.64718118050255       -0.27563334643568
C            1.01870032592396       -0.22951442217699        0.65980512600964
O           -0.00003503625871       -1.00395897361611       -0.00057141665433
C           -1.01881742366244       -0.22900402214214       -0.66029551390879
C           -1.83006491942462        0.64727431576829        0.27582860632805
H            1.23679480745563        1.46276948900344       -0.69873700320351
H            2.65774029455139        1.09508087237835        0.28545925210511
H            2.25185574803211        0.05633000970207       -1.09478024975323
H            0.57460200686835        0.37327910621409        1.46227418838379
H            1.66632775158567       -0.97594750764353        1.12847847478348
H           -0.57483155742434        0.37417437939195       -1.46254509574214
H           -1.66663877131994       -0.97510579915139       -1.12922394674929
H           -2.65800278722470        1.09504200434396       -0.28461599737172
H           -2.25095102138373        0.05612738202070        1.09507787959638
H           -1.23658913305342        1.46292157016285        0.69873594435780
15
 energy: -233.588471146490 gnorm: 0.001474362057 xtb: 6.7.1 (edcfbbe)
C            1.82352368989470        0.65102967702230       -0.27012544567483
C            1.01617709412191       -0.23354354261890        0.66300474376159
O           -0.00004666569991       -1.00898141211852       -0.00043923651859
C           -1.01622612826281       -0.23306979326346       -0.66341158675868
C           -1.82339534614505        0.65110436785127        0.27025860483070
H            1.23405375386717        1.48196682046095       -0.67009232069737
H            2.66527289232804        1.07914318440704        0.28493207521431
H            2.22565519154765        0.06909756675111       -1.10703054486239
H            0.56926183211508        0.36388976794280        1.46998257505316
H            1.66739538027534       -0.97980546800661        1.12910417543599
H           -0.56929369386989        0.36473235539348       -1.47010502253476
H           -1.66756089352112       -0.97901262064520       -1.12985537923218
H           -2.66534606363508        1.07932800396362       -0.28438186168724
H           -2.22521657513403        0.06882902823203        1.10705862929287
H           -1.23389166424421        1.48194240471714        0.67035072827512
15
 energy: -233.588476420937 gnorm: 0.000651942136 xtb: 6.7.1 (edcfbbe)
C            1.82183603125169        0.65263890480780       -0.26864458679579
C            1.01596736936735       -0.23523457740978        0.66311053855183
O           -0.00004312976851       -1.00972464342669       -0.00042364931321
C           -1.01600221900593       -0.23476903812557       -0.66350071775219
C           -1.82171816421626        0.65270667352737        0.26876941218422
H            1.23280181579742        1.48539276785893       -0.66393750077486
H            2.66492425968039        1.07725516934429        0.28595918938142
H            2.22179963540232        0.07427526183333       -1.10841112004618
H            0.56975188225930        0.35991432175695        1.47251730499110
H            1.66867721192360       -0.98207004679211        1.12657574438263
H           -0.56976255826209        0.36074771095510       -1.47262065815519
H           -1.66881850820900       -0.98129126582675       -1.12731802474520
H           -2.66495522361719        1.07749043350997       -0.28548731236988
H           -2.22146673079313        0.07398308453574        1.10840010700030
H           -1.23262949855455        1.48533580305686        0.66425917294592
15
 energy: -233.588480570290 gnorm: 0.000571612119 xtb: 6.7.1 (edcfbbe)
C            1.81939096429655        0.65485791812520       -0.26663995368775
C            1.01588855925939       -0.23773418958442        0.66281748064660
O           -0.00003649402080       -1.01102683802270       -0.00040334865063
C           -1.01590671514605       -0.23728962399306       -0.66318907221338
C           -1.81928024175897        0.65491383804737        0.26675362757381
H            1.22869255672747        1.48834072030389       -0.65714353103896
H            2.66286670842679        1.07740847613855        0.28871431332069
H            2.21847183400871        0.08057066707466       -1.10914374283012
H            0.57154493207207        0.35442860804819        1.47530097818368
H            1.67088526370999       -0.98500090919391        1.12206481243238
H           -0.57153724347084        0.35523839621834       -1.47539166589105
H           -1.67100044768798       -0.98425533074208       -1.12278722232840
H           -2.66281628502503        1.07772285784488       -0.28832057214261
H           -2.21828066383444        0.08026083489722        1.10905263831727
H           -1.22852147334492        1.48821538255943        0.65755998538361
15
 energy: -233.588480570290 gnorm: 0.000571612119 xtb: 6.7.1 (edcfbbe)
C            1.81939096429655        0.65485791812520       -0.26663995368775
C            1.01588855925939       -0.23773418958442        0.66281748064660
O           -0.00003649402080       -1.01102683802270       -0.00040334865063
C           -1.01590671514605       -0.23728962399306       -0.66318907221338
C           -1.81928024175897        0.65491383804737        0.26675362757381
H            1.22869255672747        1.48834072030389       -0.65714353103896
H            2.66286670842679        1.07740847613855        0.28871431332069
H            2.21847183400871        0.08057066707466       -1.10914374283012
H            0.57154493207207        0.35442860804819        1.47530097818368
H            1.67088526370999       -0.98500090919391        1.12206481243238
H           -0.57153724347084        0.35523839621834       -1.47539166589105
H           -1.67100044768798       -0.98425533074208       -1.12278722232840
H           -2.66281628502503        1.07772285784488       -0.28832057214261
H           -2.21828066383444        0.08026083489722        1.10905263831727
H           -1.22852147334492        1.48821538255943        0.65755998538361
