----------------------------------------------- 
  Element       SASA      Sigma Z        Total  
     Z         Ang**2 cal/Ang**2/mol   kcal/mol 
----------------------------------------------- 
      H        119.409      48.690       5.814
      C         20.165     129.740       2.616
      O         18.964       0.000       0.000

 Subtotal:     158.539                   8.430
 -----------------------------------------------

  Elements    COT*SASA   Sigma Z,Z'     Total   
    Z,Z'       Ang**2  cal/Ang**2/mol kcal/mol  
 ---------------------------------------------- 
  H   C         71.779     -60.770      -4.362
  H   O          9.119       0.000       0.000
  C   C         16.392     -72.950      -1.196
  O   C          0.057      68.690       0.004

 Subtotal:                              -5.554
 ---------------------------------------------- 

 NONAQUEOUS SOLVENT CONTRIBUTION (kcal/mol):
 (proportional to SASA, atomic number independent)
 ---------------------------------------------- 
 Subtotal:                               0.000
 ---------------------------------------------- 

 CDS TOTAL (kcal/mol):                   2.876
...............................................................................
