2025-04-07 03:32:48,644 -     censo.parallel     -  DEBUG   - Free cores decreased 1 -> 0.
2025-04-07 03:32:48,649 -   censo.qm_processor   -  DEBUG   - worker2605675:Running on 1 cores.
2025-04-07 03:32:48,725 -   censo.qm_processor   -   INFO   - worker2605675:Running xtb_gsolv calculation in /srv/scratch/z5358697/.automated/4978/0_PRESCREENING/CONF1/xtb_gsolv.
2025-04-07 03:32:48,740 -   censo.qm_processor   -  DEBUG   - worker2605675:Running ['/srv/scratch/z5358697/.xtb/bin/xtb', 'gas.coord', '--gfn2', '--sp', '--chrg', '0', '--norestart', '--parallel', '1']...
2025-04-07 03:32:48,798 -   censo.qm_processor   -  DEBUG   - worker2605675:Started (PID: 2605680).
2025-04-07 03:32:48,998 -   censo.qm_processor   -  DEBUG   - worker2605675:Done.
2025-04-07 03:32:49,022 -   censo.qm_processor   -  DEBUG   - worker2605675:Running ['/srv/scratch/z5358697/.xtb/bin/xtb', 'solv.coord', '--gfn2', '--sp', '--chrg', '0', '--norestart', '--parallel', '1', '--alpb', 'water', 'reference', '-I', 'xtb_sp-xcontrol-inp']...
2025-04-07 03:32:49,026 -   censo.qm_processor   -  DEBUG   - worker2605675:Started (PID: 2605682).
2025-04-07 03:32:49,095 -   censo.qm_processor   -  DEBUG   - worker2605675:Done.
2025-04-07 03:32:49,097 -     censo.parallel     -  DEBUG   - Free cores increased 0 -> 1.
2025-04-07 03:32:49,104 -     censo.parallel     -  DEBUG   - Checking for failed jobs...
2025-04-07 03:32:49,104 -     censo.parallel     -   INFO   - All jobs executed successfully.
2025-04-07 03:32:49,111 -     censo.parallel     -  DEBUG   - Free cores decreased 1 -> 0.
2025-04-07 03:32:49,116 -   censo.qm_processor   -  DEBUG   - worker2605696:Running on 1 cores.
2025-04-07 03:32:49,121 -   censo.qm_processor   -   INFO   - worker2605696:Running sp calculation in /srv/scratch/z5358697/.automated/4978/0_PRESCREENING/CONF1/sp.
2025-04-07 03:32:49,137 -   censo.qm_processor   -  DEBUG   - worker2605696:Running ['/apps/z_install_tree/linux-rocky8-ivybridge/gcc-12.2.0/orca-6.0.0-srtngmq3qlimg2qxbl6avaaiffipurdx/bin/orca', 'sp.inp']...
2025-04-07 03:32:49,145 -   censo.qm_processor   -  DEBUG   - worker2605696:Started (PID: 2605701).
2025-04-07 03:33:01,232 -   censo.qm_processor   -  DEBUG   - worker2605696:Done.
2025-04-07 03:33:01,239 -     censo.parallel     -  DEBUG   - Free cores increased 0 -> 1.
2025-04-07 03:33:01,246 -     censo.parallel     -  DEBUG   - Checking for failed jobs...
2025-04-07 03:33:01,246 -     censo.parallel     -   INFO   - All jobs executed successfully.
2025-04-07 03:33:01,247 -censo.ensembleopt.prescreening-  DEBUG   - Writing to /srv/scratch/z5358697/.automated/4978/0_PRESCREENING.out.
2025-04-07 03:33:01,316 -     censo.parallel     -  DEBUG   - Free cores decreased 1 -> 0.
2025-04-07 03:33:01,321 -   censo.qm_processor   -  DEBUG   - worker2605947:Running on 1 cores.
2025-04-07 03:33:01,362 -   censo.qm_processor   -   INFO   - worker2605947:Running gsolv calculation in /srv/scratch/z5358697/.automated/4978/1_SCREENING/CONF1/gsolv.
2025-04-07 03:33:01,372 -  censo.orca_processor  -  DEBUG   - worker2605947:Copying .gbw file from /srv/scratch/z5358697/.automated/4978/0_PRESCREENING/CONF1/sp/sp.gbw.
2025-04-07 03:33:01,399 -   censo.qm_processor   -  DEBUG   - worker2605947:Running ['/apps/z_install_tree/linux-rocky8-ivybridge/gcc-12.2.0/orca-6.0.0-srtngmq3qlimg2qxbl6avaaiffipurdx/bin/orca', 'sp_gas.inp']...
2025-04-07 03:33:01,404 -   censo.qm_processor   -  DEBUG   - worker2605947:Started (PID: 2605952).
2025-04-07 03:33:37,499 -   censo.qm_processor   -  DEBUG   - worker2605947:Done.
2025-04-07 03:33:37,516 -  censo.orca_processor  -  DEBUG   - worker2605947:Copying .gbw file from /srv/scratch/z5358697/.automated/4978/0_PRESCREENING/CONF1/sp/sp.gbw.
2025-04-07 03:33:37,547 -   censo.qm_processor   -  DEBUG   - worker2605947:Running ['/apps/z_install_tree/linux-rocky8-ivybridge/gcc-12.2.0/orca-6.0.0-srtngmq3qlimg2qxbl6avaaiffipurdx/bin/orca', 'sp_solv.inp']...
2025-04-07 03:33:37,550 -   censo.qm_processor   -  DEBUG   - worker2605947:Started (PID: 2606006).
2025-04-07 03:34:24,633 -   censo.qm_processor   -  DEBUG   - worker2605947:Done.
2025-04-07 03:34:24,640 -     censo.parallel     -  DEBUG   - Free cores increased 0 -> 1.
2025-04-07 03:34:24,648 -     censo.parallel     -  DEBUG   - Checking for failed jobs...
2025-04-07 03:34:24,648 -     censo.parallel     -   INFO   - All jobs executed successfully.
2025-04-07 03:34:24,708 -     censo.parallel     -  DEBUG   - Free cores decreased 1 -> 0.
2025-04-07 03:34:24,713 -   censo.qm_processor   -  DEBUG   - worker2606051:Running on 1 cores.
2025-04-07 03:34:24,730 -   censo.qm_processor   -   INFO   - worker2606051:Running xtb_opt calculation in /srv/scratch/z5358697/.automated/4978/2_OPTIMIZATION/CONF1/xtb_opt.
2025-04-07 03:34:24,762 -  censo.orca_processor  -  DEBUG   - worker2606051:Copying .gbw file from /srv/scratch/z5358697/.automated/4978/1_SCREENING/CONF1/gsolv/sp_solv.gbw.
2025-04-07 03:34:24,789 -   censo.qm_processor   -  DEBUG   - worker2606051:Running ['/srv/scratch/z5358697/.xtb/bin/xtb', 'xtb_opt.coord', '--opt', 'normal', '--orca', '-I', 'xtb_opt-xcontrol-inp']...
2025-04-07 03:34:24,796 -   censo.qm_processor   -  DEBUG   - worker2606051:Started (PID: 2606056).
2025-04-07 03:40:36,679 -   censo.qm_processor   -  DEBUG   - worker2606051:Done.
2025-04-07 03:40:36,693 -     censo.parallel     -  DEBUG   - Free cores increased 0 -> 1.
2025-04-07 03:40:36,714 -     censo.parallel     -  DEBUG   - Checking for failed jobs...
2025-04-07 03:40:36,714 -     censo.parallel     -   INFO   - All jobs executed successfully.
2025-04-07 03:40:36,722 -     censo.parallel     -  DEBUG   - Free cores decreased 1 -> 0.
2025-04-07 03:40:36,727 -   censo.qm_processor   -  DEBUG   - worker2607163:Running on 1 cores.
2025-04-07 03:40:36,732 -   censo.qm_processor   -   INFO   - worker2607163:Running xtb_rrho calculation in /srv/scratch/z5358697/.automated/4978/2_OPTIMIZATION/CONF1/xtb_rrho.
2025-04-07 03:40:36,754 -   censo.qm_processor   -  DEBUG   - worker2607163:Running ['/srv/scratch/z5358697/.xtb/bin/xtb', 'xtb_rrho.coord', '--gfn2', '--ohess', 'vtight', '--chrg', '0', '--enso', '--norestart', '-I', 'rrho-xcontrol-inp', '--parallel', '1', '--alpb', 'water']...
2025-04-07 03:40:36,762 -   censo.qm_processor   -  DEBUG   - worker2607163:Started (PID: 2607168).
2025-04-07 03:40:38,289 -   censo.qm_processor   -  DEBUG   - worker2607163:Done.
2025-04-07 03:40:38,292 -     censo.parallel     -  DEBUG   - Free cores increased 0 -> 1.
2025-04-07 03:40:38,299 -     censo.parallel     -  DEBUG   - Checking for failed jobs...
2025-04-07 03:40:38,299 -     censo.parallel     -   INFO   - All jobs executed successfully.
2025-04-07 03:40:38,299 -censo.ensembleopt.optimization-  DEBUG   - Writing to /srv/scratch/z5358697/.automated/4978/2_OPTIMIZATION.out.
2025-04-07 03:40:38,311 -censo.ensembleopt.optimization-  DEBUG   - Writing to /srv/scratch/z5358697/.automated/4978/2_OPTIMIZATION.out.
2025-04-07 03:40:38,388 -     censo.parallel     -  DEBUG   - Free cores decreased 1 -> 0.
2025-04-07 03:40:38,394 -   censo.qm_processor   -  DEBUG   - worker2607183:Running on 1 cores.
2025-04-07 03:40:38,408 -   censo.qm_processor   -   INFO   - worker2607183:Running gsolv calculation in /srv/scratch/z5358697/.automated/4978/3_REFINEMENT/CONF1/gsolv.
2025-04-07 03:40:38,460 -  censo.orca_processor  -  DEBUG   - worker2607183:Copying .gbw file from /srv/scratch/z5358697/.automated/4978/2_OPTIMIZATION/CONF1/xtb_opt/xtb_opt.gbw.
2025-04-07 03:40:38,487 -   censo.qm_processor   -  DEBUG   - worker2607183:Running ['/apps/z_install_tree/linux-rocky8-ivybridge/gcc-12.2.0/orca-6.0.0-srtngmq3qlimg2qxbl6avaaiffipurdx/bin/orca', 'sp_gas.inp']...
2025-04-07 03:40:38,492 -   censo.qm_processor   -  DEBUG   - worker2607183:Started (PID: 2607188).
2025-04-07 03:45:36,220 -   censo.qm_processor   -  DEBUG   - worker2607183:Done.
2025-04-07 03:45:36,240 -  censo.orca_processor  -  DEBUG   - worker2607183:Copying .gbw file from /srv/scratch/z5358697/.automated/4978/2_OPTIMIZATION/CONF1/xtb_opt/xtb_opt.gbw.
2025-04-07 03:45:36,265 -   censo.qm_processor   -  DEBUG   - worker2607183:Running ['/apps/z_install_tree/linux-rocky8-ivybridge/gcc-12.2.0/orca-6.0.0-srtngmq3qlimg2qxbl6avaaiffipurdx/bin/orca', 'sp_solv.inp']...
2025-04-07 03:45:36,268 -   censo.qm_processor   -  DEBUG   - worker2607183:Started (PID: 2608112).
2025-04-07 03:50:42,511 -   censo.qm_processor   -  DEBUG   - worker2607183:Done.
2025-04-07 03:50:42,522 -     censo.parallel     -  DEBUG   - Free cores increased 0 -> 1.
2025-04-07 03:50:42,529 -     censo.parallel     -  DEBUG   - Checking for failed jobs...
2025-04-07 03:50:42,529 -     censo.parallel     -   INFO   - All jobs executed successfully.
2025-04-07 03:50:42,530 -censo.ensembleopt.refinement-  DEBUG   - Writing to /srv/scratch/z5358697/.automated/4978/3_REFINEMENT.out.
