15
 energy: -17.728414720645 gnorm: 0.029108824379 xtb: 6.7.1 (edcfbbe)
C            2.45266804326228       -0.03306673410852        0.12036841567696
C            0.99662800614984        0.39433064132918        0.28170359429293
C            0.05464986481128       -0.40822246262379       -0.61366412749578
C           -1.40097390376246        0.01718939992149       -0.51300583758413
O           -1.94600896085385       -0.14799069985005        0.81350446064216
H            2.58046775130630       -1.09169767968763        0.37349868575151
H            2.79100818282242        0.10554393290707       -0.91287433439638
H            3.11453973015639        0.54833970557628        0.77087686082280
H            0.69537156821907        0.27765443093326        1.32926174235119
H            0.89484088351967        1.46107991705628        0.04299710265474
H            0.36159556864810       -0.29758775794081       -1.66314874919457
H            0.13374835982653       -1.47901399139187       -0.37651467963303
H           -1.50260247815982        1.08455237425663       -0.73936417874426
H           -2.01028274032423       -0.54180064967326       -1.23775346530305
H           -1.88508091535855       -1.08784441225730        1.03015537169193
15
 energy: -17.729236212847 gnorm: 0.013373078784 xtb: 6.7.1 (edcfbbe)
C            2.44457833020312       -0.03596892489530        0.11918786795408
C            0.99297990804270        0.39432598828765        0.27864729739530
C            0.06426628369263       -0.41604015445820       -0.62130493707798
C           -1.39162200746948        0.02042718265856       -0.50724462676354
O           -1.93141018659567       -0.14625076562465        0.80364604274079
H            2.56649983018919       -1.08842367470194        0.37507193962427
H            2.77726803534702        0.10481626580676       -0.90917004573729
H            3.09170102824971        0.54996786885525        0.77016229911427
H            0.68491031655504        0.27503779089016        1.32083378070241
H            0.89523136531658        1.45560055641909        0.03159250284181
H            0.37101318735580       -0.29870897507419       -1.66520940516445
H            0.14767145710082       -1.47932349211000       -0.37162807987403
H           -1.49372312155344        1.08799493041171       -0.71966168306882
H           -2.00871943162852       -0.53608340090325       -1.22432636412101
H           -1.88007603454254       -1.08590518111467        1.02544427296722
15
 energy: -17.729414400723 gnorm: 0.003497380055 xtb: 6.7.1 (edcfbbe)
C            2.44468098381956       -0.03655845374138        0.12279890785961
C            0.99215358210064        0.39481052813390        0.27292511290138
C            0.06561407514554       -0.41851155122815       -0.62790342328790
C           -1.39240213815637        0.01923222302092       -0.50230388921670
O           -1.91896603192673       -0.14945999788476        0.80074415521711
H            2.56078035958901       -1.08580146718589        0.38137230428958
H            2.77558287772775        0.10212192973865       -0.90308545119739
H            3.08545060802099        0.55117814762079        0.77384791518025
H            0.67616729747383        0.27730404708627        1.31106293787836
H            0.89689361571443        1.45251618269884        0.01970711513901
H            0.36895272937879       -0.29831844991890       -1.66893270990280
H            0.14986421720760       -1.47722887974357       -0.37242760714520
H           -1.48521440442969        1.08792290182128       -0.70667399884683
H           -2.01240251051098       -0.52907411925217       -1.22350901604612
H           -1.87658630089142       -1.08866702671885        1.02841850871067
15
 energy: -17.729441510116 gnorm: 0.001302011651 xtb: 6.7.1 (edcfbbe)
C            2.44489655620918       -0.03761587250684        0.12487769946522
C            0.99172998892873        0.39683921559319        0.26927733616512
C            0.06547910525004       -0.41864951294509       -0.63105239450256
C           -1.39339817562820        0.01927610188744       -0.49847494213729
O           -1.91516810820044       -0.15430389722564        0.80281130524756
H            2.55874988993030       -1.08632587828907        0.38769601879380
H            2.77951029321731        0.09735725860058       -0.90061597809833
H            3.08392909477577        0.55177494358734        0.77642431364145
H            0.67206175517944        0.28345990215818        1.30679961031034
H            0.89875476040637        1.45378405279946        0.01171685959603
H            0.36538666601574       -0.29797556154340       -1.67273928906942
H            0.15053857196719       -1.47719354407550       -0.37560530311876
H           -1.48342306388725        1.08898566501528       -0.70097071153715
H           -2.01274074262305       -0.52427954580070       -1.22483238966371
H           -1.87573763127816       -1.09366731280826        1.03072872644074
15
 energy: -17.729456605954 gnorm: 0.001656011069 xtb: 6.7.1 (edcfbbe)
C            2.44607030567090       -0.03950613697984        0.12868566415728
C            0.99283558897953        0.40032949876071        0.26299747808374
C            0.06446709544392       -0.41672068905129       -0.63420912434780
C           -1.39571511752231        0.01905227066541       -0.49374192570186
O           -1.91260170756089       -0.16317114159986        0.80641403061317
H            2.55611036189597       -1.08753962527398        0.39919780096858
H            2.78752845146474        0.08763341033264       -0.89652677017381
H            3.08423737989399        0.55242393207240        0.78006688401539
H            0.66842071224637        0.29565488003831        1.30036346311687
H            0.90473823959590        1.45631250157465       -0.00224936195230
H            0.35866830718785       -0.29581850999378       -1.67784497551291
H            0.15201077695574       -1.47594767553128       -0.38034685122595
H           -1.48490366318583        1.09047544792431       -0.69178315336515
H           -2.01523525300199       -0.51832073391306       -1.22607907470759
H           -1.87606251780092       -1.10339141457838        1.03109677756536
15
 energy: -17.729465322847 gnorm: 0.001145695395 xtb: 6.7.1 (edcfbbe)
C            2.44546471813655       -0.04100493319531        0.13001466712384
C            0.99350411992098        0.40285076910924        0.26054327700331
C            0.06460451640554       -0.41493204744210       -0.63491053780588
C           -1.39559400956382        0.01899395020893       -0.49235241049221
O           -1.91220930558232       -0.16737832809866        0.80787448585694
H            2.55317753189888       -1.08830580896748        0.40438868494043
H            2.78948087292382        0.08164914395429       -0.89492002984186
H            3.08400652350742        0.55175249702389        0.78031182068290
H            0.66747958832572        0.30279269114617        1.29795216663876
H            0.90862712465397        1.45822288308199       -0.00850355431286
H            0.35669479573885       -0.29392402073303       -1.67933642988424
H            0.15360190870447       -1.47436481877436       -0.38160637503393
H           -1.48671143441192        1.09091490310059       -0.68691386729322
H           -2.01547158511288       -0.51726174610580       -1.22504014332835
H           -1.87608640528229       -1.10853911986141        1.02853910727941
15
 energy: -17.729475011440 gnorm: 0.000380651937 xtb: 6.7.1 (edcfbbe)
C            2.44472893124602       -0.04296964916461        0.13174224369059
C            0.99447043592337        0.40627232854305        0.25754890015481
C            0.06470817722686       -0.41243035966273       -0.63558416162940
C           -1.39539411443120        0.01897379900818       -0.49110944966933
O           -1.91110811736050       -0.17304743954519        0.80963632383945
H            2.54807944941586       -1.08897718711315        0.41144662975577
H            2.79023404581560        0.07321594639420       -0.89313187297068
H            3.08438030640451        0.55077056011764        0.77972497330480
H            0.66583443488577        0.31216811304437        1.29460927293861
H            0.91393672962977        1.46042376820870       -0.01668328171405
H            0.35498947777805       -0.29120587097966       -1.68039075089060
H            0.15612992276055       -1.47147265915172       -0.38192637118012
H           -1.48886282994178        1.09137830145883       -0.68010944395762
H           -2.01591693013599       -0.51587872413184       -1.22361108406986
H           -1.87564095895389       -1.11575491257912        1.02387893393067
15
 energy: -17.729481071410 gnorm: 0.000457147204 xtb: 6.7.1 (edcfbbe)
C            2.44378807620440       -0.04495421082100        0.13333242069267
C            0.99490246300913        0.40991933685091        0.25479218678143
C            0.06501298323267       -0.41043616757293       -0.63687693557113
C           -1.39512110652336        0.01909424394643       -0.48938000450119
O           -1.90960934664878       -0.17880335625540        0.81149649391854
H            2.54346927835092       -1.08966201095975        0.41890432093675
H            2.79111943622209        0.06465615264333       -0.89159428639599
H            3.08422758809581        0.55024649424587        0.77899850043735
H            0.66393599402652        0.32107488754168        1.29156816516793
H            0.91821774779164        1.46307851602339       -0.02417120972205
H            0.35339160776754       -0.28917574673469       -1.68219506145490
H            0.15807540029235       -1.46918620451230       -0.38285879820058
H           -1.49014633550429        1.09205749833769       -0.67360139344827
H           -2.01603011096555       -0.51369627465280       -1.22270325562896
H           -1.87466471508811       -1.12274714363347        1.02032971852144
15
 energy: -17.729484974413 gnorm: 0.000386193334 xtb: 6.7.1 (edcfbbe)
C            2.44364636929482       -0.04607610802931        0.13478104628603
C            0.99539710456140        0.41190147205845        0.25262385607967
C            0.06477675141468       -0.40896901422397       -0.63789271421832
C           -1.39560523761385        0.01921536876726       -0.48824510349825
O           -1.90848494981110       -0.18290258945713        0.81256789830102
H            2.54071313980108       -1.08973970515695        0.42502211954881
H            2.79219663430244        0.05828778770773       -0.89028202812865
H            3.08467274906560        0.55056981206982        0.77857868946959
H            0.66270124552478        0.32651695565781        1.28910085091289
H            0.92121500658470        1.46436642798524       -0.02945814398522
H            0.35180514281742       -0.28752420431137       -1.68352568138253
H            0.15907750164727       -1.46758305491701       -0.38387560605469
H           -1.49145439119291        1.09265444871440       -0.66923345322868
H           -2.01690557765635       -0.51181348576231       -1.22252752567565
H           -1.87318252847699       -1.12743809665571        1.01840665710703
15
 energy: -17.729487913070 gnorm: 0.000176205933 xtb: 6.7.1 (edcfbbe)
C            2.44325808849194       -0.04711342965547        0.13598893858856
C            0.99550568675419        0.41337349364961        0.25099776853546
C            0.06465596094211       -0.40781272639497       -0.63906974917671
C           -1.39593292522083        0.01932309507016       -0.48725880575820
O           -1.90733102062823       -0.18592860501146        0.81339201201688
H            2.53862879879747       -1.08977786472694        0.43045664423164
H            2.79280543875908        0.05274346232129       -0.88918950564125
H            3.08459250683999        0.55116912628679        0.77801206157237
H            0.66135567764192        0.33036282422684        1.28720219664856
H            0.92316603210321        1.46540061313067       -0.03318402951440
H            0.35054400257290       -0.28587637602284       -1.68494434152674
H            0.15972072909434       -1.46646074297963       -0.38547851609624
H           -1.49232830495018        1.09309845180398       -0.66606637938945
H           -2.01735947956711       -0.51031699980487       -1.22255869171165
H           -1.87071223136782       -1.13071830744622        1.01774125875422
15
 energy: -17.729490210982 gnorm: 0.000129367187 xtb: 6.7.1 (edcfbbe)
C            2.44285037194061       -0.04805367544649        0.13718138715611
C            0.99549783543124        0.41446126349302        0.24974329447931
C            0.06447452678053       -0.40667362307611       -0.64026261278512
C           -1.39631018746133        0.01942357496401       -0.48669865475158
O           -1.90626106834766       -0.18821341169121        0.81400410017217
H            2.53677894547584       -1.08978496848989        0.43552977739177
H            2.79312164875423        0.04763480646839       -0.88818849083546
H            3.08457906018461        0.55175249108514        0.77744951617517
H            0.66004878939735        0.33321920777224        1.28569506083010
H            0.92481081162378        1.46624008810913       -0.03588922555582
H            0.34943158837865       -0.28391355726945       -1.68629899569878
H            0.16031548827141       -1.46547789807637       -0.38750317755789
H           -1.49350019455919        1.09341877442538       -0.66396049632661
H           -2.01799262309014       -0.50948498988674       -1.22239704083929
H           -1.86727603251695       -1.13308206793410        1.01763641967894
15
 energy: -17.729492068888 gnorm: 0.000130908567 xtb: 6.7.1 (edcfbbe)
C            2.44231923474113       -0.04905217660063        0.13833798695247
C            0.99540840615204        0.41539678555613        0.24866837468077
C            0.06435477242699       -0.40547768583908       -0.64152762641206
C           -1.39662525160203        0.01937800956735       -0.48630886654634
O           -1.90522314423976       -0.18992975901591        0.81458752942602
H            2.53498940557054       -1.08990763028725        0.44009413811259
H            2.79322702299123        0.04296654000180       -0.88712935096122
H            3.08434082442484        0.55213102686107        0.77701225527416
H            0.65865498230441        0.33552093430699        1.28430526660425
H            0.92624270574096        1.46697795188356       -0.03806692309061
H            0.34852771273343       -0.28158656826514       -1.68763891225597
H            0.16101425433488       -1.46445571290212       -0.38979430145165
H           -1.49473397276535        1.09347276735721       -0.66244115766670
H           -2.01854966545872       -0.50922691211976       -1.22207906821046
H           -1.86337832709161       -1.13474155605725        1.01802151707781
15
 energy: -17.729493518156 gnorm: 0.000108554703 xtb: 6.7.1 (edcfbbe)
C            2.44174845401263       -0.04995106472110        0.13941335866921
C            0.99525814362967        0.41622436294098        0.24777270222536
C            0.06424416774305       -0.40442065690218       -0.64271226730812
C           -1.39686048016947        0.01936973604160       -0.48608361125810
O           -1.90407721949890       -0.19130034960908        0.81514960155460
H            2.53310665450126       -1.09008118397628        0.44403811193022
H            2.79332028456666        0.03892020529115       -0.88610966702247
H            3.08405793645452        0.55222675015773        0.77685314964886
H            0.65732058413269        0.33762001466510        1.28313785714007
H            0.92762637765899        1.46765321263746       -0.03991054904728
H            0.34760856881779       -0.27930449391854       -1.68888926022888
H            0.16176932545192       -1.46361082481771       -0.39214853617262
H           -1.49605305175162        1.09350362423308       -0.66142000668241
H           -2.01904981264756       -0.50934825249426       -1.22155264710291
H           -1.85945097263862       -1.13603506508099        1.01850262518750
15
 energy: -17.729494579973 gnorm: 0.000089612345 xtb: 6.7.1 (edcfbbe)
C            2.44128225533558       -0.05082327171027        0.14040656600016
C            0.99518986930759        0.41702503070767        0.24686810070210
C            0.06420647674218       -0.40335207453516       -0.64385984563931
C           -1.39708708170589        0.01917306577231       -0.48582701323392
O           -1.90310985984536       -0.19235355835951        0.81576621449104
H            2.53148557956168       -1.09043538040943        0.44708604545205
H            2.79359021591943        0.03575458650487       -0.88503038009968
H            3.08374100404182        0.55197117242647        0.77708590252499
H            0.65611266678803        0.33948528562488        1.28194179414686
H            0.92881136699351        1.46829580265973       -0.04166997101091
H            0.34693054602534       -0.27716588363589       -1.69008199432974
H            0.16252954694735       -1.46268402397962       -0.39423906605138
H           -1.49726526021840        1.09328543641968       -0.66059490766699
H           -2.01957668109533       -0.50971547610837       -1.22092965378410
H           -1.85627168453455       -1.13699469693041        1.01911907003189
15
 energy: -17.729495344891 gnorm: 0.000067077055 xtb: 6.7.1 (edcfbbe)
C            2.44085417215774       -0.05146479940928        0.14117786873297
C            0.99511038055942        0.41770661233878        0.24610670619570
C            0.06415856326768       -0.40261137360322       -0.64472367201655
C           -1.39722500872360        0.01908732684672       -0.48561016033094
O           -1.90205660694322       -0.19325105562366        0.81633805638664
H            2.52986957473196       -1.09074806879420        0.44929823897665
H            2.79399857986885        0.03343858799635       -0.88411230146614
H            3.08337234361255        0.55156664052029        0.77756170723415
H            0.65511312826771        0.34125604776504        1.28096648648592
H            0.92995237230003        1.46882148026030       -0.04327470525347
H            0.34619659015584       -0.27554831536880       -1.69101433953956
H            0.16320097419601       -1.46207332510448       -0.39590421012859
H           -1.49827287401822        1.09319917255635       -0.65993441659687
H           -2.01992142039762       -0.51004755177335       -1.22035191400463
H           -1.85378180877217       -1.13786536415987        1.01951751685777
15
 energy: -17.729495912180 gnorm: 0.000059573702 xtb: 6.7.1 (edcfbbe)
C            2.44058416477583       -0.05201448304327        0.14186112606632
C            0.99512170251385        0.41835933509579        0.24534042976078
C            0.06414670169361       -0.40194181465342       -0.64548427348865
C           -1.39735729325499        0.01894569096600       -0.48533002990767
O           -1.90124378045402       -0.19403708347625        0.81689217919588
H            2.52857328846549       -1.09112736757605        0.45085838106809
H            2.79453301699454        0.03180764112565       -0.88323554219632
H            3.08311782086821        0.55100357293543        0.77824526201275
H            0.65433801089381        0.34290824301156        1.28001800690613
H            0.93090023839036        1.46930332130716       -0.04485828429207
H            0.34562046583123       -0.27432816378039       -1.69185793939989
H            0.16377877014402       -1.46146087280588       -0.39716125719988
H           -1.49911374186166        1.09304403282922       -0.65928203918034
H           -2.02027898168186       -0.51032908693307       -1.21977176085375
H           -1.85215142305542       -1.13866695055554        1.01980660304166
15
 energy: -17.729496354951 gnorm: 0.000050555127 xtb: 6.7.1 (edcfbbe)
C            2.44035281727176       -0.05246317318276        0.14239161285963
C            0.99516010165867        0.41898867661227        0.24462779194337
C            0.06413553245048       -0.40141646583514       -0.64604846683412
C           -1.39746249267933        0.01881563553528       -0.48504179486335
O           -1.90049141906273       -0.19481806815202        0.81740913919432
H            2.52735114430303       -1.09147421130333        0.45204184273618
H            2.79515476591418        0.03053398228442       -0.88248230101736
H            3.08283309068984        0.55043002739210        0.77894762066652
H            0.65367292489132        0.34453086562974        1.27914875168643
H            0.93182316862594        1.46975243309160       -0.04642304776766
H            0.34508629047080       -0.27340350786381       -1.69251011131146
H            0.16426948243243       -1.46096801558714       -0.39805870275949
H           -1.49975004955957        1.09293630012966       -0.65855244926281
H           -2.02055967104550       -0.51046741016751       -1.21933502991053
H           -1.85100672609833       -1.13951105413640        1.01992600617335
15
 energy: -17.729496702655 gnorm: 0.000043814930 xtb: 6.7.1 (edcfbbe)
C            2.44017910946460       -0.05284339546209        0.14289801466934
C            0.99521716818693        0.41956616146715        0.24394060620162
C            0.06412170361228       -0.40097155585063       -0.64655306470473
C           -1.39754148091261        0.01875529695609       -0.48473116158431
O           -1.89988324259038       -0.19561656087418        0.81786337606830
H            2.52627708876857       -1.09178016724660        0.45305740629695
H            2.79569900583953        0.02945028438368       -0.88177928425231
H            3.08265328750063        0.54990006006627        0.77961425788392
H            0.65317195783506        0.34611629055923        1.27834777702163
H            0.93265599608648        1.47013623176675       -0.04795187053941
H            0.34457832486242       -0.27275639640486       -1.69312078369298
H            0.16469665638397       -1.46051975093379       -0.39873460055165
H           -1.50030859090436        1.09290462596663       -0.65778075727085
H           -2.02078087618092       -0.51047605751257       -1.21892383963227
H           -1.85016714768921       -1.14039905243414        1.01989478561979
15
 energy: -17.729496966150 gnorm: 0.000038602762 xtb: 6.7.1 (edcfbbe)
C            2.44003350356997       -0.05317551333037        0.14326501731822
C            0.99529308304681        0.42012414547501        0.24335122744645
C            0.06410994063900       -0.40058661001650       -0.64689142613736
C           -1.39761799316976        0.01867270470066       -0.48446491167526
O           -1.89939908535032       -0.19639540291993        0.81823477329707
H            2.52533954000532       -1.09202109430325        0.45399360492604
H            2.79622968968472        0.02842019172934       -0.88124662719493
H            3.08247848228367        0.54947715214879        0.78009454807344
H            0.65270939485993        0.34755711789611        1.27764807238574
H            0.93342208649205        1.47052008276768       -0.04932217347927
H            0.34416375422875       -0.27221962944607       -1.69354459071098
H            0.16502365582615       -1.46013152370178       -0.39919494988695
H           -1.50070593956852        1.09287613525441       -0.65696982893980
H           -2.02099644437892       -0.51037770473896       -1.21867585025263
H           -1.84951470790588       -1.14127403706819        1.01976397636328
15
 energy: -17.729497164944 gnorm: 0.000032755765 xtb: 6.7.1 (edcfbbe)
C            2.43990166426933       -0.05345142288037        0.14362393868014
C            0.99534532195255        0.42056566782399        0.24284018756599
C            0.06408929357876       -0.40027301139200       -0.64721278457001
C           -1.39767022447504        0.01866589424494       -0.48421518500657
O           -1.89904073864799       -0.19712173394039        0.81853131262599
H            2.52456620683857       -1.09217983961978        0.45490978024855
H            2.79654466513837        0.02743615359627       -0.88077852406199
H            3.08238464357441        0.54921928717891        0.78040516268016
H            0.65238536086903        0.34879770590145        1.27706567477048
H            0.93406649981545        1.47080194093237       -0.05051500793815
H            0.34379769675760       -0.27183197972778       -1.69395090520694
H            0.16529911510299       -1.45980030829448       -0.39955771835253
H           -1.50104193310923        1.09292291002016       -0.65621097394346
H           -2.02112590900663       -0.51019727006229       -1.21848417800468
H           -1.84893270239518       -1.14208797933406        1.01959008204605
15
 energy: -17.729497316817 gnorm: 0.000029227883 xtb: 6.7.1 (edcfbbe)
C            2.43979945966376       -0.05369381233682        0.14389376223809
C            0.99539868872871        0.42095557582380        0.24243851565339
C            0.06406952452003       -0.39999396327461       -0.64743910668280
C           -1.39772286872113        0.01865710207153       -0.48402501491711
O           -1.89878090029042       -0.19777432248890        0.81873428171305
H            2.52395938830248       -1.09227086407838        0.45583545646462
H            2.79679251333785        0.02643818207667       -0.88045195459584
H            3.08233041656261        0.54908673993412        0.78051945440737
H            0.65208478428845        0.34982504428153        1.27659287273205
H            0.93459544907765        1.47106410533612       -0.05146039691392
H            0.34350151997626       -0.27147698441048       -1.69423769086582
H            0.16549954499216       -1.45951585043729       -0.39985767792245
H           -1.50130332652199        1.09296904586102       -0.65552624728990
H           -2.02126431054463       -0.50999335884013       -1.21837026831257
H           -1.84839092310881       -1.14281062507124        1.01939487582488
15
 energy: -17.729497420380 gnorm: 0.000027391164 xtb: 6.7.1 (edcfbbe)
C            2.43968827770652       -0.05388681999929        0.14410672978605
C            0.99540539499892        0.42121867805117        0.24216930195668
C            0.06404797874378       -0.39974222558995       -0.64766750515644
C           -1.39777591525446        0.01866877284473       -0.48392966228251
O           -1.89851254071498       -0.19819975279482        0.81888320411401
H            2.52345550108798       -1.09231847392541        0.45662409917800
H            2.79689024692650        0.02557890478821       -0.88020860436880
H            3.08228774441317        0.54901718607637        0.78054276980600
H            0.65190085590469        0.35044674843795        1.27628519424686
H            0.93490867257540        1.47126908639535       -0.05202509682913
H            0.34334882624669       -0.27113141872996       -1.69449354269661
H            0.16559696233498       -1.45926924009705       -0.40015944802088
H           -1.50158274799068        1.09300317046315       -0.65514575470451
H           -2.02135809537714       -0.50992548747902       -1.21828330820385
H           -1.84773220133838       -1.14326311399449        1.01934248470818
15
 energy: -17.729497518922 gnorm: 0.000023855098 xtb: 6.7.1 (edcfbbe)
C            2.43960044921936       -0.05408033798721        0.14432001876639
C            0.99542305381152        0.42145106962963        0.24193177171268
C            0.06402666420811       -0.39952326544134       -0.64785373613726
C           -1.39782557079201        0.01867181198389       -0.48380969470122
O           -1.89836538136995       -0.19866190025151        0.81900135527062
H            2.52306571138709       -1.09232203106314        0.45754967534476
H            2.79692655343901        0.02460430730510       -0.88001145869368
H            3.08229333080046        0.54909279141200        0.78040598405609
H            0.65163550080528        0.35109088891721        1.27598744337799
H            0.93530934675768        1.47142630661347       -0.05260287570821
H            0.34313199304519       -0.27074689051777       -1.69470616567137
H            0.16576515032892       -1.45907259433501       -0.40049818719357
H           -1.50179539447252        1.09304359997284       -0.65467093782345
H           -2.02144850024204       -0.50975780953202       -1.21824922902317
H           -1.84717394666312       -1.14374993225919        1.01924689795645
