----------------------------------------------- 
  Element       SASA      Sigma Z        Total  
     Z         Ang**2 cal/Ang**2/mol   kcal/mol 
----------------------------------------------- 
      H        115.247      48.690       5.611
      C         28.382     129.740       3.682
      O         12.615       0.000       0.000

 Subtotal:     156.244                   9.294
 -----------------------------------------------

  Elements    COT*SASA   Sigma Z,Z'     Total   
    Z,Z'       Ang**2  cal/Ang**2/mol kcal/mol  
 ---------------------------------------------- 
  H   C         77.680     -60.770      -4.721
  H   O          0.000       0.000       0.000
  C   C         17.393     -72.950      -1.269
  O   C          0.001      68.690       0.000

 Subtotal:                              -5.989
 ---------------------------------------------- 

 NONAQUEOUS SOLVENT CONTRIBUTION (kcal/mol):
 (proportional to SASA, atomic number independent)
 ---------------------------------------------- 
 Subtotal:                               0.000
 ---------------------------------------------- 

 CDS TOTAL (kcal/mol):                   3.304
...............................................................................
